[2026-02-19 21:05:57,149] pydot - DEBUG - pydot initializing
[2026-02-19 21:05:57,149] pydot - DEBUG - pydot 4.0.1
[2026-02-19 21:05:57,149] pydot.core - DEBUG - pydot core module initializing
[2026-02-19 21:06:17,331] tensorflow - Level 1 - Registering Relayout (<function _relayout_gradient at 0x0000024B1752DF80>) in gradient.
[2026-02-19 21:06:17,346] tensorflow - Level 1 - Registering RelayoutLike (<function _relayout_grad_gradient at 0x0000024B1752E0C0>) in gradient.
[2026-02-19 21:06:17,346] tensorflow - Level 1 - Registering CopyToMesh (<function _copy_to_mesh_gradient at 0x0000024B1752E7A0>) in gradient.
[2026-02-19 21:06:17,346] tensorflow - Level 1 - Registering CopyToMeshGrad (<function _copy_to_mesh_grad_gradient at 0x0000024B1752E700>) in gradient.
[2026-02-19 21:06:17,378] tensorflow - Level 1 - Registering FakeQuantWithMinMaxArgs (<function _FakeQuantWithMinMaxArgsGradient at 0x0000024B175DE840>) in gradient.
[2026-02-19 21:06:17,378] tensorflow - Level 1 - Registering FakeQuantWithMinMaxVars (<function _FakeQuantWithMinMaxVarsGradient at 0x0000024B175DEA20>) in gradient.
[2026-02-19 21:06:17,378] tensorflow - Level 1 - Registering FakeQuantWithMinMaxVarsPerChannel (<function _FakeQuantWithMinMaxVarsPerChannelGradient at 0x0000024B175DEFC0>) in gradient.
[2026-02-19 21:06:17,378] tensorflow - Level 1 - Registering QuantizeAndDequantizeV4 (<function _QuantizeAndDequantizeV4Grad at 0x0000024B175DF060>) in gradient.
[2026-02-19 21:06:17,378] tensorflow - Level 1 - Registering QuantizeAndDequantizeV4Grad (<function _QuantizeAndDequantizeV4GradGrad at 0x0000024B175DF100>) in gradient.
[2026-02-19 21:06:17,668] tensorflow - Level 1 - Registering TensorListConcatLists (None) in gradient.
[2026-02-19 21:06:17,684] tensorflow - Level 1 - Registering TensorListElementShape (None) in gradient.
[2026-02-19 21:06:17,684] tensorflow - Level 1 - Registering TensorListLength (None) in gradient.
[2026-02-19 21:06:17,684] tensorflow - Level 1 - Registering TensorListPushBackBatch (None) in gradient.
[2026-02-19 21:06:17,684] tensorflow - Level 1 - Registering TensorListPushBack (<function _PushBackGrad at 0x0000024B1779F740>) in gradient.
[2026-02-19 21:06:17,684] tensorflow - Level 1 - Registering TensorListPopBack (<function _PopBackGrad at 0x0000024B1779F7E0>) in gradient.
[2026-02-19 21:06:17,684] tensorflow - Level 1 - Registering TensorListStack (<function _TensorListStackGrad at 0x0000024B1779F880>) in gradient.
[2026-02-19 21:06:17,684] tensorflow - Level 1 - Registering TensorListConcatV2 (<function _TensorListConcatGrad at 0x0000024B1779F920>) in gradient.
[2026-02-19 21:06:17,684] tensorflow - Level 1 - Registering TensorListConcat (<function _TensorListConcatGrad at 0x0000024B1779F920>) in gradient.
[2026-02-19 21:06:17,684] tensorflow - Level 1 - Registering TensorListSplit (<function _TensorListSplitGrad at 0x0000024B1779F9C0>) in gradient.
[2026-02-19 21:06:17,684] tensorflow - Level 1 - Registering TensorListFromTensor (<function _TensorListFromTensorGrad at 0x0000024B1779FA60>) in gradient.
[2026-02-19 21:06:17,684] tensorflow - Level 1 - Registering TensorListGetItem (<function _TensorListGetItemGrad at 0x0000024B1779FB00>) in gradient.
[2026-02-19 21:06:17,684] tensorflow - Level 1 - Registering TensorListSetItem (<function _TensorListSetItemGrad at 0x0000024B1779FBA0>) in gradient.
[2026-02-19 21:06:17,684] tensorflow - Level 1 - Registering TensorListResize (<function _TensorListResizeGrad at 0x0000024B1779FC40>) in gradient.
[2026-02-19 21:06:17,684] tensorflow - Level 1 - Registering TensorListGather (<function _TensorListGatherGrad at 0x0000024B1779FCE0>) in gradient.
[2026-02-19 21:06:17,684] tensorflow - Level 1 - Registering TensorListScatterV2 (<function _TensorListScatterGrad at 0x0000024B1779FD80>) in gradient.
[2026-02-19 21:06:17,684] tensorflow - Level 1 - Registering TensorListScatter (<function _TensorListScatterGrad at 0x0000024B1779FD80>) in gradient.
[2026-02-19 21:06:17,684] tensorflow - Level 1 - Registering TensorListScatterIntoExistingList (<function _TensorListScatterIntoExistingListGrad at 0x0000024B1779FE20>) in gradient.
[2026-02-19 21:06:17,769] tensorflow - Level 1 - Registering AccumulateNV2 (<function _accumulate_n_grad at 0x0000024B17959080>) in gradient.
[2026-02-19 21:06:17,850] tensorflow - Level 1 - Registering cond_context ((<class 'tensorflow.core.protobuf.control_flow_pb2.CondContextDef'>, <function CondContext.to_proto at 0x0000024B17A640E0>, <function CondContext.from_proto at 0x0000024B17A64180>)) in proto functions.
[2026-02-19 21:06:17,853] tensorflow - Level 1 - Registering while_context ((<class 'tensorflow.core.protobuf.control_flow_pb2.WhileContextDef'>, <function WhileContext.to_proto at 0x0000024B17A64F40>, <function WhileContext.from_proto at 0x0000024B17A65080>)) in proto functions.
[2026-02-19 21:06:17,853] tensorflow - Level 1 - Registering _identity_resolver (<function _identity_resolver at 0x0000024B17A66F20>) in acd_resource_resolvers.
[2026-02-19 21:06:17,948] tensorflow - Level 1 - Registering Assign (None) in gradient.
[2026-02-19 21:06:17,950] tensorflow - Level 1 - Registering AssignAdd (None) in gradient.
[2026-02-19 21:06:17,951] tensorflow - Level 1 - Registering AssignSub (None) in gradient.
[2026-02-19 21:06:17,951] tensorflow - Level 1 - Registering ScatterAdd (None) in gradient.
[2026-02-19 21:06:17,951] tensorflow - Level 1 - Registering ScatterSub (None) in gradient.
[2026-02-19 21:06:17,952] tensorflow - Level 1 - Registering ScatterMul (None) in gradient.
[2026-02-19 21:06:17,952] tensorflow - Level 1 - Registering ScatterDiv (None) in gradient.
[2026-02-19 21:06:17,952] tensorflow - Level 1 - Registering ScatterNdUpdate (None) in gradient.
[2026-02-19 21:06:17,952] tensorflow - Level 1 - Registering ScatterNdAdd (None) in gradient.
[2026-02-19 21:06:17,953] tensorflow - Level 1 - Registering ScatterNdSub (None) in gradient.
[2026-02-19 21:06:17,953] tensorflow - Level 1 - Registering ScatterNdMul (None) in gradient.
[2026-02-19 21:06:17,953] tensorflow - Level 1 - Registering ScatterNdDiv (None) in gradient.
[2026-02-19 21:06:17,979] tensorflow - Level 1 - Registering ReadVariableOp (<function _ReadGrad at 0x0000024B17BE6DE0>) in gradient.
[2026-02-19 21:06:17,982] tensorflow - Level 1 - Registering ResourceGather (<function _GatherGrad at 0x0000024B17BE7E20>) in gradient.
[2026-02-19 21:06:17,983] tensorflow - Level 1 - Registering Assert (None) in gradient.
[2026-02-19 21:06:17,983] tensorflow - Level 1 - Registering VarIsInitializedOp (None) in gradient.
[2026-02-19 21:06:17,983] tensorflow - Level 1 - Registering VariableShape (None) in gradient.
[2026-02-19 21:06:18,039] tensorflow - Level 1 - Registering RandomStandardNormal (None) in gradient.
[2026-02-19 21:06:18,039] tensorflow - Level 1 - Registering ParameterizedTruncatedNormal (None) in gradient.
[2026-02-19 21:06:18,039] tensorflow - Level 1 - Registering TruncatedNormal (None) in gradient.
[2026-02-19 21:06:18,039] tensorflow - Level 1 - Registering RandomUniform (None) in gradient.
[2026-02-19 21:06:18,039] tensorflow - Level 1 - Registering RandomShuffle (None) in gradient.
[2026-02-19 21:06:18,039] tensorflow - Level 1 - Registering Multinomial (None) in gradient.
[2026-02-19 21:06:18,158] tensorflow - Level 1 - Registering If (<function _IfGrad at 0x0000024B17DCB600>) in gradient.
[2026-02-19 21:06:18,158] tensorflow - Level 1 - Registering StatelessIf (<function _IfGrad at 0x0000024B17DCB600>) in gradient.
[2026-02-19 21:06:18,158] tensorflow - Level 1 - Registering StatelessCase (<function _CaseGrad at 0x0000024B17DF0D60>) in gradient.
[2026-02-19 21:06:18,158] tensorflow - Level 1 - Registering Case (<function _CaseGrad at 0x0000024B17DF0D60>) in gradient.
[2026-02-19 21:06:18,203] tensorflow - Level 1 - Registering While (<function _WhileGrad at 0x0000024B17E4B600>) in gradient.
[2026-02-19 21:06:18,207] tensorflow - Level 1 - Registering StatelessWhile (<function _WhileGrad at 0x0000024B17E4B600>) in gradient.
[2026-02-19 21:06:18,539] tensorflow - Level 1 - Registering EnsureShape (<function _ensure_shape_grad at 0x0000024B180B2DE0>) in gradient.
[2026-02-19 21:06:18,565] tensorflow - Level 1 - Registering RaggedTensorToSparse (<function _ragged_tensor_to_sparse_gradient at 0x0000024B18122DE0>) in gradient.
[2026-02-19 21:06:18,615] tensorflow - Level 1 - Registering Conv2DBackpropInput (<function _Conv2DBackpropInputGrad at 0x0000024B1819F240>) in gradient.
[2026-02-19 21:06:18,618] tensorflow - Level 1 - Registering Conv2DBackpropFilter (<function _Conv2DBackpropFilterGrad at 0x0000024B1819F880>) in gradient.
[2026-02-19 21:06:18,619] tensorflow - Level 1 - Registering DepthwiseConv2dNativeBackpropInput (<function _DepthwiseConv2dNativeBackpropInputGrad at 0x0000024B181E4040>) in gradient.
[2026-02-19 21:06:18,619] tensorflow - Level 1 - Registering DepthwiseConv2dNativeBackpropFilter (<function _DepthwiseConv2dNativeBackpropFilterGrad at 0x0000024B181E4680>) in gradient.
[2026-02-19 21:06:18,620] tensorflow - Level 1 - Registering Conv3D (<function _Conv3DGrad at 0x0000024B181E4720>) in gradient.
[2026-02-19 21:06:18,621] tensorflow - Level 1 - Registering Conv3DBackpropInputV2 (<function _Conv3DBackpropInputGrad at 0x0000024B181E47C0>) in gradient.
[2026-02-19 21:06:18,621] tensorflow - Level 1 - Registering Conv3DBackpropFilterV2 (<function _Conv3DBackpropFilterGrad at 0x0000024B181E4860>) in gradient.
[2026-02-19 21:06:18,621] tensorflow - Level 1 - Registering AvgPool3D (<function _AvgPool3DGrad at 0x0000024B181E4900>) in gradient.
[2026-02-19 21:06:18,622] tensorflow - Level 1 - Registering AvgPool3DGrad (<function _AvgPool3DGradGrad at 0x0000024B181E49A0>) in gradient.
[2026-02-19 21:06:18,622] tensorflow - Level 1 - Registering MaxPool3D (<function _MaxPool3DGrad at 0x0000024B181E4A40>) in gradient.
[2026-02-19 21:06:18,623] tensorflow - Level 1 - Registering MaxPool3DGrad (<function _MaxPool3DGradGrad at 0x0000024B181E4AE0>) in gradient.
[2026-02-19 21:06:18,623] tensorflow - Level 1 - Registering MaxPool3DGradGrad (<function _MaxPool3DGradGradGrad at 0x0000024B181E4B80>) in gradient.
[2026-02-19 21:06:18,624] tensorflow - Level 1 - Registering Softmax (<function _SoftmaxGrad at 0x0000024B181E4C20>) in gradient.
[2026-02-19 21:06:18,624] tensorflow - Level 1 - Registering LogSoftmax (<function _LogSoftmaxGrad at 0x0000024B181E4CC0>) in gradient.
[2026-02-19 21:06:18,625] tensorflow - Level 1 - Registering BiasAdd (<function _BiasAddGrad at 0x0000024B181E4D60>) in gradient.
[2026-02-19 21:06:18,626] tensorflow - Level 1 - Registering BiasAddGrad (<function _BiasAddGradGrad at 0x0000024B181E4E00>) in gradient.
[2026-02-19 21:06:18,626] tensorflow - Level 1 - Registering BiasAddV1 (<function _BiasAddGradV1 at 0x0000024B181E4EA0>) in gradient.
[2026-02-19 21:06:18,627] tensorflow - Level 1 - Registering Relu (<function _ReluGrad at 0x0000024B181E4F40>) in gradient.
[2026-02-19 21:06:18,627] tensorflow - Level 1 - Registering EluGrad (<function _EluGradGrad at 0x0000024B181E4FE0>) in gradient.
[2026-02-19 21:06:18,628] tensorflow - Level 1 - Registering SeluGrad (<function _SeluGradGrad at 0x0000024B181E5080>) in gradient.
[2026-02-19 21:06:18,628] tensorflow - Level 1 - Registering Relu6 (<function _Relu6Grad at 0x0000024B181E5120>) in gradient.
[2026-02-19 21:06:18,628] tensorflow - Level 1 - Registering Relu6Grad (<function _Relu6GradGrad at 0x0000024B181E51C0>) in gradient.
[2026-02-19 21:06:18,629] tensorflow - Level 1 - Registering LeakyRelu (<function _LeakyReluGrad at 0x0000024B181E5260>) in gradient.
[2026-02-19 21:06:18,629] tensorflow - Level 1 - Registering LeakyReluGrad (<function _LeakyReluGradGrad at 0x0000024B181E5300>) in gradient.
[2026-02-19 21:06:18,630] tensorflow - Level 1 - Registering Elu (<function _EluGrad at 0x0000024B181E53A0>) in gradient.
[2026-02-19 21:06:18,630] tensorflow - Level 1 - Registering Selu (<function _SeluGrad at 0x0000024B181E5440>) in gradient.
[2026-02-19 21:06:18,630] tensorflow - Level 1 - Registering Softplus (<function _SoftplusGrad at 0x0000024B181E54E0>) in gradient.
[2026-02-19 21:06:18,630] tensorflow - Level 1 - Registering SoftplusGrad (<function _SoftplusGradGrad at 0x0000024B181E5580>) in gradient.
[2026-02-19 21:06:18,630] tensorflow - Level 1 - Registering Softsign (<function _SoftsignGrad at 0x0000024B181E5620>) in gradient.
[2026-02-19 21:06:18,631] tensorflow - Level 1 - Registering ReluGrad (<function _ReluGradGrad at 0x0000024B181E56C0>) in gradient.
[2026-02-19 21:06:18,631] tensorflow - Level 1 - Registering SoftmaxCrossEntropyWithLogits (<function _SoftmaxCrossEntropyWithLogitsGrad at 0x0000024B181E5800>) in gradient.
[2026-02-19 21:06:18,631] tensorflow - Level 1 - Registering SparseSoftmaxCrossEntropyWithLogits (<function _SparseSoftmaxCrossEntropyWithLogitsGrad at 0x0000024B181E58A0>) in gradient.
[2026-02-19 21:06:18,632] tensorflow - Level 1 - Registering Conv2D (<function _Conv2DGrad at 0x0000024B181E5940>) in gradient.
[2026-02-19 21:06:18,632] tensorflow - Level 1 - Registering DepthwiseConv2dNative (<function _DepthwiseConv2dNativeGrad at 0x0000024B181E59E0>) in gradient.
[2026-02-19 21:06:18,632] tensorflow - Level 1 - Registering Dilation2D (<function _Dilation2DGrad at 0x0000024B181E5A80>) in gradient.
[2026-02-19 21:06:18,633] tensorflow - Level 1 - Registering LRN (<function _LRNGrad at 0x0000024B181E5B20>) in gradient.
[2026-02-19 21:06:18,633] tensorflow - Level 1 - Registering AvgPool (<function _AvgPoolGrad at 0x0000024B181E5BC0>) in gradient.
[2026-02-19 21:06:18,633] tensorflow - Level 1 - Registering AvgPoolGrad (<function _AvgPoolGradGrad at 0x0000024B181E5C60>) in gradient.
[2026-02-19 21:06:18,634] tensorflow - Level 1 - Registering MaxPool (<function _MaxPoolGrad at 0x0000024B181E5D00>) in gradient.
[2026-02-19 21:06:18,634] tensorflow - Level 1 - Registering MaxPoolV2 (<function _MaxPoolGradV2 at 0x0000024B181E5DA0>) in gradient.
[2026-02-19 21:06:18,635] tensorflow - Level 1 - Registering MaxPoolWithArgmax (<function _MaxPoolGradWithArgmax at 0x0000024B181E5E40>) in gradient.
[2026-02-19 21:06:18,635] tensorflow - Level 1 - Registering MaxPoolGrad (<function _MaxPoolGradGrad at 0x0000024B181E5EE0>) in gradient.
[2026-02-19 21:06:18,636] tensorflow - Level 1 - Registering MaxPoolGradV2 (<function _MaxPoolGradGradV2 at 0x0000024B181E5F80>) in gradient.
[2026-02-19 21:06:18,636] tensorflow - Level 1 - Registering MaxPoolGradGrad (<function _MaxPoolGradGradGrad at 0x0000024B181E6020>) in gradient.
[2026-02-19 21:06:18,636] tensorflow - Level 1 - Registering FractionalMaxPool (<function _FractionalMaxPoolGrad at 0x0000024B181E60C0>) in gradient.
[2026-02-19 21:06:18,637] tensorflow - Level 1 - Registering FractionalAvgPool (<function _FractionalAvgPoolGrad at 0x0000024B181E6160>) in gradient.
[2026-02-19 21:06:18,637] tensorflow - Level 1 - Registering BatchNormWithGlobalNormalization (<function _BatchNormWithGlobalNormalizationGrad at 0x0000024B181E6200>) in gradient.
[2026-02-19 21:06:18,638] tensorflow - Level 1 - Registering FusedBatchNorm (<function _FusedBatchNormGrad at 0x0000024B181E6340>) in gradient.
[2026-02-19 21:06:18,638] tensorflow - Level 1 - Registering FusedBatchNormV2 (<function _FusedBatchNormV2Grad at 0x0000024B181E63E0>) in gradient.
[2026-02-19 21:06:18,639] tensorflow - Level 1 - Registering FusedBatchNormV3 (<function _FusedBatchNormV3Grad at 0x0000024B181E6480>) in gradient.
[2026-02-19 21:06:18,640] tensorflow - Level 1 - Registering L2Loss (<function _L2LossGrad at 0x0000024B181E6520>) in gradient.
[2026-02-19 21:06:18,640] tensorflow - Level 1 - Registering TopKV2 (<function _TopKGrad at 0x0000024B181E65C0>) in gradient.
[2026-02-19 21:06:18,641] tensorflow - Level 1 - Registering TopK (<function _TopKGrad at 0x0000024B181E65C0>) in gradient.
[2026-02-19 21:06:18,641] tensorflow - Level 1 - Registering ApproxTopK (<function _ApproxTopKGradient at 0x0000024B181E6660>) in gradient.
[2026-02-19 21:06:18,641] tensorflow - Level 1 - Registering NthElement (<function _NthElementGrad at 0x0000024B181E6700>) in gradient.
[2026-02-19 21:06:18,642] tensorflow - Level 1 - Registering IsotonicRegression (<function _IsotonicRegressionGrad at 0x0000024B181E6840>) in gradient.
[2026-02-19 21:06:18,660] tensorflow - Level 1 - Registering BitwiseAnd (None) in gradient.
[2026-02-19 21:06:18,660] tensorflow - Level 1 - Registering BitwiseOr (None) in gradient.
[2026-02-19 21:06:18,660] tensorflow - Level 1 - Registering BitwiseXor (None) in gradient.
[2026-02-19 21:06:18,660] tensorflow - Level 1 - Registering Invert (None) in gradient.
[2026-02-19 21:06:18,660] tensorflow - Level 1 - Registering PopulationCount (None) in gradient.
[2026-02-19 21:06:18,660] tensorflow - Level 1 - Registering LeftShift (None) in gradient.
[2026-02-19 21:06:18,660] tensorflow - Level 1 - Registering RightShift (None) in gradient.
[2026-02-19 21:06:18,660] tensorflow - Level 1 - Registering StatelessMultinomial (None) in gradient.
[2026-02-19 21:06:18,660] tensorflow - Level 1 - Registering StatelessRandomBinomial (None) in gradient.
[2026-02-19 21:06:18,660] tensorflow - Level 1 - Registering StatelessRandomNormal (None) in gradient.
[2026-02-19 21:06:18,660] tensorflow - Level 1 - Registering StatelessRandomPoisson (None) in gradient.
[2026-02-19 21:06:18,660] tensorflow - Level 1 - Registering StatelessRandomUniform (None) in gradient.
[2026-02-19 21:06:18,660] tensorflow - Level 1 - Registering StatelessRandomUniformInt (None) in gradient.
[2026-02-19 21:06:18,660] tensorflow - Level 1 - Registering StatelessRandomUniformFullInt (None) in gradient.
[2026-02-19 21:06:18,660] tensorflow - Level 1 - Registering StatelessTruncatedNormal (None) in gradient.
[2026-02-19 21:06:18,660] tensorflow - Level 1 - Registering StatelessRandomNormalV2 (None) in gradient.
[2026-02-19 21:06:18,660] tensorflow - Level 1 - Registering StatelessRandomUniformV2 (None) in gradient.
[2026-02-19 21:06:18,660] tensorflow - Level 1 - Registering StatelessRandomUniformIntV2 (None) in gradient.
[2026-02-19 21:06:18,660] tensorflow - Level 1 - Registering StatelessRandomUniformFullIntV2 (None) in gradient.
[2026-02-19 21:06:18,660] tensorflow - Level 1 - Registering StatelessTruncatedNormalV2 (None) in gradient.
[2026-02-19 21:06:18,660] tensorflow - Level 1 - Registering StatelessRandomShuffle (None) in gradient.
[2026-02-19 21:06:18,660] tensorflow - Level 1 - Registering RandomIndexShuffle (None) in gradient.
[2026-02-19 21:06:18,708] tensorflow - Level 1 - Registering Conv3D,flops (<function _calc_conv3d_flops at 0x0000024B18298FE0>) in statistical functions.
[2026-02-19 21:06:18,714] tensorflow - Level 1 - Registering Conv2D,flops (<function _calc_conv_flops at 0x0000024B182991C0>) in statistical functions.
[2026-02-19 21:06:18,715] tensorflow - Level 1 - Registering DepthwiseConv2dNative,flops (<function _calc_depthwise_conv_flops at 0x0000024B18299760>) in statistical functions.
[2026-02-19 21:06:18,717] tensorflow - Level 1 - Registering BiasAdd,flops (<function _calc_bias_add_flops at 0x0000024B18299800>) in statistical functions.
[2026-02-19 21:06:18,721] tensorflow - Level 1 - Registering Dilation2D,flops (<function _calc_dilation2d_flops at 0x0000024B1829B2E0>) in statistical functions.
[2026-02-19 21:06:18,754] tensorflow - Level 1 - Registering CompositeTensorVariantFromComponents (<function _composite_tensor_to_variants_grad at 0x0000024B1837C360>) in gradient.
[2026-02-19 21:06:18,754] tensorflow - Level 1 - Registering CompositeTensorVariantToComponents (<function _composite_tensor_from_variant_grad at 0x0000024B1837C400>) in gradient.
[2026-02-19 21:06:18,785] tensorflow - Level 1 - Registering RaggedRange (None) in gradient.
[2026-02-19 21:06:18,801] tensorflow - Level 1 - Registering RaggedFillEmptyRows (<function _ragged_fill_empty_rows_grad at 0x0000024B183DD260>) in gradient.
[2026-02-19 21:06:18,825] tensorflow - Level 1 - Registering RaggedGather (<function _ragged_gather_grad at 0x0000024B183DF100>) in gradient.
[2026-02-19 21:06:18,832] tensorflow - Level 1 - Registering RegexReplace (None) in gradient.
[2026-02-19 21:06:18,832] tensorflow - Level 1 - Registering StringToHashBucket (None) in gradient.
[2026-02-19 21:06:18,832] tensorflow - Level 1 - Registering StringToHashBucketFast (None) in gradient.
[2026-02-19 21:06:18,832] tensorflow - Level 1 - Registering StringToHashBucketStrong (None) in gradient.
[2026-02-19 21:06:18,832] tensorflow - Level 1 - Registering ReduceJoin (None) in gradient.
[2026-02-19 21:06:18,832] tensorflow - Level 1 - Registering StringJoin (None) in gradient.
[2026-02-19 21:06:18,832] tensorflow - Level 1 - Registering StringSplit (None) in gradient.
[2026-02-19 21:06:18,832] tensorflow - Level 1 - Registering AsString (None) in gradient.
[2026-02-19 21:06:18,832] tensorflow - Level 1 - Registering EncodeBase64 (None) in gradient.
[2026-02-19 21:06:18,832] tensorflow - Level 1 - Registering DecodeBase64 (None) in gradient.
[2026-02-19 21:06:18,848] tensorflow - Level 1 - Registering Print (<function _PrintGrad at 0x0000024B1841DDA0>) in gradient.
[2026-02-19 21:06:18,852] tensorflow - Level 1 - Registering HistogramSummary (None) in gradient.
[2026-02-19 21:06:18,852] tensorflow - Level 1 - Registering ImageSummary (None) in gradient.
[2026-02-19 21:06:18,852] tensorflow - Level 1 - Registering AudioSummary (None) in gradient.
[2026-02-19 21:06:18,852] tensorflow - Level 1 - Registering AudioSummaryV2 (None) in gradient.
[2026-02-19 21:06:18,853] tensorflow - Level 1 - Registering MergeSummary (None) in gradient.
[2026-02-19 21:06:18,853] tensorflow - Level 1 - Registering ScalarSummary (None) in gradient.
[2026-02-19 21:06:18,853] tensorflow - Level 1 - Registering TensorSummary (None) in gradient.
[2026-02-19 21:06:18,853] tensorflow - Level 1 - Registering TensorSummaryV2 (None) in gradient.
[2026-02-19 21:06:18,853] tensorflow - Level 1 - Registering Timestamp (None) in gradient.
[2026-02-19 21:06:18,932] tensorflow - Level 1 - Registering XlaEinsum (<function _einsum_grad at 0x0000024B184C0E00>) in gradient.
[2026-02-19 21:06:18,956] tensorflow - Level 1 - Registering RaggedTensorToTensor (<function _ragged_tensor_to_tensor_grad at 0x0000024B184F5DA0>) in gradient.
[2026-02-19 21:06:18,956] tensorflow - Level 1 - Registering RaggedTensorFromVariant (<function _ragged_tensor_from_variant_grad at 0x0000024B184F6020>) in gradient.
[2026-02-19 21:06:18,956] tensorflow - Level 1 - Registering RaggedTensorToVariant (<function _ragged_tensor_to_variant_grad at 0x0000024B184F60C0>) in gradient.
[2026-02-19 21:06:18,956] tensorflow - Level 1 - Registering ClipByValue (<function _clip_by_value_grad at 0x0000024B184F67A0>) in gradient.
[2026-02-19 21:06:18,972] tensorflow - Level 1 - Registering DynamicPartition (<function _DynamicPartitionGrads at 0x0000024B184F71A0>) in gradient.
[2026-02-19 21:06:18,972] tensorflow - Level 1 - Registering ParallelDynamicStitch (<function _DynamicStitchGrads at 0x0000024B184F74C0>) in gradient.
[2026-02-19 21:06:18,972] tensorflow - Level 1 - Registering DynamicStitch (<function _DynamicStitchGrads at 0x0000024B184F74C0>) in gradient.
[2026-02-19 21:06:18,972] tensorflow - Level 1 - Registering Queue (None) in gradient.
[2026-02-19 21:06:18,972] tensorflow - Level 1 - Registering QueueEnqueue (None) in gradient.
[2026-02-19 21:06:18,972] tensorflow - Level 1 - Registering QueueEnqueueMany (None) in gradient.
[2026-02-19 21:06:18,972] tensorflow - Level 1 - Registering QueueDequeue (None) in gradient.
[2026-02-19 21:06:18,988] tensorflow - Level 1 - Registering QueueDequeueMany (None) in gradient.
[2026-02-19 21:06:18,988] tensorflow - Level 1 - Registering QueueDequeueUpTo (None) in gradient.
[2026-02-19 21:06:18,988] tensorflow - Level 1 - Registering QueueClose (None) in gradient.
[2026-02-19 21:06:18,988] tensorflow - Level 1 - Registering QueueSize (None) in gradient.
[2026-02-19 21:06:18,988] tensorflow - Level 1 - Registering Stack (None) in gradient.
[2026-02-19 21:06:18,988] tensorflow - Level 1 - Registering StackPush (None) in gradient.
[2026-02-19 21:06:18,988] tensorflow - Level 1 - Registering StackPop (None) in gradient.
[2026-02-19 21:06:18,988] tensorflow - Level 1 - Registering StackClose (None) in gradient.
[2026-02-19 21:06:18,988] tensorflow - Level 1 - Registering GetSessionHandle (None) in gradient.
[2026-02-19 21:06:18,988] tensorflow - Level 1 - Registering GetSessionHandleV2 (None) in gradient.
[2026-02-19 21:06:18,988] tensorflow - Level 1 - Registering GetSessionTensor (None) in gradient.
[2026-02-19 21:06:18,988] tensorflow - Level 1 - Registering DeleteSessionTensor (None) in gradient.
[2026-02-19 21:06:19,108] tensorflow - Level 1 - Registering TPUReplicatedInput (None) in gradient.
[2026-02-19 21:06:19,108] tensorflow - Level 1 - Registering AllToAll (<function _all_to_all_grad at 0x0000024B18679800>) in gradient.
[2026-02-19 21:06:19,108] tensorflow - Level 1 - Registering CollectivePermute (<function _collective_permute_grad at 0x0000024B186799E0>) in gradient.
[2026-02-19 21:06:19,108] tensorflow - Level 1 - Registering CrossReplicaSum (<function _cross_replica_sum_grad at 0x0000024B18679A80>) in gradient.
[2026-02-19 21:06:19,108] tensorflow - Level 1 - Registering TPUEmbeddingActivations (<function _embedding_activations_grad at 0x0000024B18679B20>) in gradient.
[2026-02-19 21:06:19,169] tensorflow - Level 1 - Registering XlaClusterOutput (<function _XlaClusterOutputGrad at 0x0000024B186E0040>) in gradient.
[2026-02-19 21:06:19,174] tensorflow - Level 1 - Registering Pack (<function _PackGrad at 0x0000024B186E11C0>) in gradient.
[2026-02-19 21:06:19,177] tensorflow - Level 1 - Registering Unpack (<function _UnpackGrad at 0x0000024B186E1300>) in gradient.
[2026-02-19 21:06:19,177] tensorflow - Level 1 - Registering Concat (<function _ConcatGrad at 0x0000024B186E14E0>) in gradient.
[2026-02-19 21:06:19,177] tensorflow - Level 1 - Registering ConcatV2 (<function _ConcatGradV2 at 0x0000024B186E1580>) in gradient.
[2026-02-19 21:06:19,177] tensorflow - Level 1 - Registering ConcatOffset (None) in gradient.
[2026-02-19 21:06:19,178] tensorflow - Level 1 - Registering Slice (<function _SliceGrad at 0x0000024B186E1620>) in gradient.
[2026-02-19 21:06:19,178] tensorflow - Level 1 - Registering StridedSlice (<function _StridedSliceGrad at 0x0000024B186E1800>) in gradient.
[2026-02-19 21:06:19,178] tensorflow - Level 1 - Registering StridedSliceGrad (<function _StridedSliceGradGrad at 0x0000024B186E18A0>) in gradient.
[2026-02-19 21:06:19,178] tensorflow - Level 1 - Registering TensorStridedSliceUpdate (<function _TensorStridedSliceUpdateGrad at 0x0000024B186E1940>) in gradient.
[2026-02-19 21:06:19,178] tensorflow - Level 1 - Registering Split (<function _SplitGrad at 0x0000024B186E19E0>) in gradient.
[2026-02-19 21:06:19,179] tensorflow - Level 1 - Registering SplitV (<function _SplitVGrad at 0x0000024B186E1A80>) in gradient.
[2026-02-19 21:06:19,179] tensorflow - Level 1 - Registering Const (None) in gradient.
[2026-02-19 21:06:19,180] tensorflow - Level 1 - Registering Diag (<function _DiagGrad at 0x0000024B186E1B20>) in gradient.
[2026-02-19 21:06:19,180] tensorflow - Level 1 - Registering DiagPart (<function _DiagPartGrad at 0x0000024B186E1BC0>) in gradient.
[2026-02-19 21:06:19,180] tensorflow - Level 1 - Registering MatrixDiag (<function _MatrixDiagGrad at 0x0000024B186E1C60>) in gradient.
[2026-02-19 21:06:19,180] tensorflow - Level 1 - Registering MatrixDiagV2 (<function _MatrixDiagV2Grad at 0x0000024B186E1D00>) in gradient.
[2026-02-19 21:06:19,181] tensorflow - Level 1 - Registering MatrixDiagV3 (<function _MatrixDiagV3Grad at 0x0000024B186E1DA0>) in gradient.
[2026-02-19 21:06:19,181] tensorflow - Level 1 - Registering MatrixDiagPart (<function _MatrixDiagPartGrad at 0x0000024B186E1E40>) in gradient.
[2026-02-19 21:06:19,181] tensorflow - Level 1 - Registering MatrixDiagPartV2 (<function _MatrixDiagPartV2Grad at 0x0000024B186E1EE0>) in gradient.
[2026-02-19 21:06:19,182] tensorflow - Level 1 - Registering MatrixDiagPartV3 (<function _MatrixDiagPartV3Grad at 0x0000024B186E1F80>) in gradient.
[2026-02-19 21:06:19,182] tensorflow - Level 1 - Registering MatrixSetDiag (<function _MatrixSetDiagGrad at 0x0000024B186E2020>) in gradient.
[2026-02-19 21:06:19,182] tensorflow - Level 1 - Registering MatrixSetDiagV2 (<function _MatrixSetDiagGradV2 at 0x0000024B186E20C0>) in gradient.
[2026-02-19 21:06:19,183] tensorflow - Level 1 - Registering MatrixSetDiagV3 (<function _MatrixSetDiagGradV3 at 0x0000024B186E2160>) in gradient.
[2026-02-19 21:06:19,183] tensorflow - Level 1 - Registering MatrixBandPart (<function _MatrixBandPartGrad at 0x0000024B186E2200>) in gradient.
[2026-02-19 21:06:19,184] tensorflow - Level 1 - Registering EditDistance (None) in gradient.
[2026-02-19 21:06:19,184] tensorflow - Level 1 - Registering Fill (<function _FillGrad at 0x0000024B186E22A0>) in gradient.
[2026-02-19 21:06:19,185] tensorflow - Level 1 - Registering ZerosLike (None) in gradient.
[2026-02-19 21:06:19,185] tensorflow - Level 1 - Registering OnesLike (None) in gradient.
[2026-02-19 21:06:19,185] tensorflow - Level 1 - Registering PreventGradient (<function _PreventGradientGrad at 0x0000024B186E2340>) in gradient.
[2026-02-19 21:06:19,185] tensorflow - Level 1 - Registering Gather (<function _GatherGrad at 0x0000024B186E2480>) in gradient.
[2026-02-19 21:06:19,186] tensorflow - Level 1 - Registering GatherV2 (<function _GatherV2Grad at 0x0000024B186E2660>) in gradient.
[2026-02-19 21:06:19,186] tensorflow - Level 1 - Registering GatherNd (<function _GatherNdGrad at 0x0000024B186E2700>) in gradient.
[2026-02-19 21:06:19,186] tensorflow - Level 1 - Registering ResourceGatherNd (<function _ResourceGatherNdGrad at 0x0000024B186E27A0>) in gradient.
[2026-02-19 21:06:19,186] tensorflow - Level 1 - Registering CheckNumerics (<function _CheckNumericsGrad at 0x0000024B186E2840>) in gradient.
[2026-02-19 21:06:19,187] tensorflow - Level 1 - Registering CheckNumericsV2 (<function _CheckNumericsV2Grad at 0x0000024B186E28E0>) in gradient.
[2026-02-19 21:06:19,187] tensorflow - Level 1 - Registering Identity (<function _IdGrad at 0x0000024B186E2980>) in gradient.
[2026-02-19 21:06:19,187] tensorflow - Level 1 - Registering PlaceholderWithDefault (<function _IdGrad at 0x0000024B186E2980>) in gradient.
[2026-02-19 21:06:19,188] tensorflow - Level 1 - Registering _EagerConst (<function _EagerConstGrad at 0x0000024B186E2A20>) in gradient.
[2026-02-19 21:06:19,188] tensorflow - Level 1 - Registering RefIdentity (<function _RefIdGrad at 0x0000024B186E2AC0>) in gradient.
[2026-02-19 21:06:19,189] tensorflow - Level 1 - Registering IdentityN (<function _IdNGrad at 0x0000024B186E2B60>) in gradient.
[2026-02-19 21:06:19,189] tensorflow - Level 1 - Registering StopGradient (None) in gradient.
[2026-02-19 21:06:19,189] tensorflow - Level 1 - Registering Reshape (<function _ReshapeGrad at 0x0000024B186E2C00>) in gradient.
[2026-02-19 21:06:19,190] tensorflow - Level 1 - Registering InvertPermutation (None) in gradient.
[2026-02-19 21:06:19,190] tensorflow - Level 1 - Registering ExpandDims (<function _ExpandDimsGrad at 0x0000024B186E2D40>) in gradient.
[2026-02-19 21:06:19,190] tensorflow - Level 1 - Registering Squeeze (<function _SqueezeGrad at 0x0000024B186E2DE0>) in gradient.
[2026-02-19 21:06:19,191] tensorflow - Level 1 - Registering Transpose (<function _TransposeGrad at 0x0000024B186E2E80>) in gradient.
[2026-02-19 21:06:19,191] tensorflow - Level 1 - Registering ConjugateTranspose (<function _ConjugateTransposeGrad at 0x0000024B186E2F20>) in gradient.
[2026-02-19 21:06:19,191] tensorflow - Level 1 - Registering Shape (None) in gradient.
[2026-02-19 21:06:19,191] tensorflow - Level 1 - Registering ShapeN (None) in gradient.
[2026-02-19 21:06:19,191] tensorflow - Level 1 - Registering Rank (None) in gradient.
[2026-02-19 21:06:19,191] tensorflow - Level 1 - Registering Size (None) in gradient.
[2026-02-19 21:06:19,192] tensorflow - Level 1 - Registering Tile (<function _TileGrad at 0x0000024B186E2FC0>) in gradient.
[2026-02-19 21:06:19,192] tensorflow - Level 1 - Registering BroadcastGradientArgs (None) in gradient.
[2026-02-19 21:06:19,192] tensorflow - Level 1 - Registering Pad (<function _PadGrad at 0x0000024B186E3060>) in gradient.
[2026-02-19 21:06:19,192] tensorflow - Level 1 - Registering PadV2 (<function _PadGrad at 0x0000024B186E3060>) in gradient.
[2026-02-19 21:06:19,193] tensorflow - Level 1 - Registering ReverseSequence (<function _ReverseSequenceGrad at 0x0000024B186E3100>) in gradient.
[2026-02-19 21:06:19,194] tensorflow - Level 1 - Registering Reverse (<function _ReverseGrad at 0x0000024B186E31A0>) in gradient.
[2026-02-19 21:06:19,195] tensorflow - Level 1 - Registering ReverseV2 (<function _ReverseV2Grad at 0x0000024B186E3240>) in gradient.
[2026-02-19 21:06:19,195] tensorflow - Level 1 - Registering SpaceToBatch (<function _SpaceToBatchGrad at 0x0000024B186E32E0>) in gradient.
[2026-02-19 21:06:19,196] tensorflow - Level 1 - Registering SpaceToBatchND (<function _SpaceToBatchNDGrad at 0x0000024B186E3380>) in gradient.
[2026-02-19 21:06:19,197] tensorflow - Level 1 - Registering BatchToSpace (<function _BatchToSpaceGrad at 0x0000024B186E3420>) in gradient.
[2026-02-19 21:06:19,197] tensorflow - Level 1 - Registering BatchToSpaceND (<function _BatchToSpaceNDGrad at 0x0000024B186E34C0>) in gradient.
[2026-02-19 21:06:19,198] tensorflow - Level 1 - Registering SpaceToDepth (<function _SpaceToDepthGrad at 0x0000024B186E3560>) in gradient.
[2026-02-19 21:06:19,199] tensorflow - Level 1 - Registering DepthToSpace (<function _DepthToSpaceGrad at 0x0000024B186E3600>) in gradient.
[2026-02-19 21:06:19,199] tensorflow - Level 1 - Registering OneHot (None) in gradient.
[2026-02-19 21:06:19,199] tensorflow - Level 1 - Registering MirrorPad (<function _MirrorPadGrad at 0x0000024B186E36A0>) in gradient.
[2026-02-19 21:06:19,199] tensorflow - Level 1 - Registering MirrorPadGrad (<function _MirrorPadGradGrad at 0x0000024B186E3740>) in gradient.
[2026-02-19 21:06:19,199] tensorflow - Level 1 - Registering FakeQuantWithMinMaxArgsGradient (None) in gradient.
[2026-02-19 21:06:19,200] tensorflow - Level 1 - Registering FakeQuantWithMinMaxVarsGradient (None) in gradient.
[2026-02-19 21:06:19,200] tensorflow - Level 1 - Registering FakeQuantWithMinMaxVarsPerChannelGradient (None) in gradient.
[2026-02-19 21:06:19,201] tensorflow - Level 1 - Registering QuantizeAndDequantize (<function _QuantizeAndDequantizeGrad at 0x0000024B186E37E0>) in gradient.
[2026-02-19 21:06:19,201] tensorflow - Level 1 - Registering QuantizeAndDequantizeV2 (<function _QuantizeAndDequantizeV2Grad at 0x0000024B186E3920>) in gradient.
[2026-02-19 21:06:19,202] tensorflow - Level 1 - Registering QuantizeAndDequantizeV3 (<function _QuantizeAndDequantizeV3Grad at 0x0000024B186E39C0>) in gradient.
[2026-02-19 21:06:19,203] tensorflow - Level 1 - Registering ExtractImagePatches (<function _ExtractImagePatchesGrad at 0x0000024B186E3880>) in gradient.
[2026-02-19 21:06:19,203] tensorflow - Level 1 - Registering ExtractVolumePatches (<function _ExtractVolumePatchesGrad at 0x0000024B186E3A60>) in gradient.
[2026-02-19 21:06:19,204] tensorflow - Level 1 - Registering ScatterNd (<function _ScatterNdGrad at 0x0000024B186E3B00>) in gradient.
[2026-02-19 21:06:19,204] tensorflow - Level 1 - Registering TensorScatterUpdate (<function _TensorScatterUpdateGrad at 0x0000024B186E3BA0>) in gradient.
[2026-02-19 21:06:19,205] tensorflow - Level 1 - Registering TensorScatterAdd (<function _TensorScatterAddGrad at 0x0000024B186E3C40>) in gradient.
[2026-02-19 21:06:19,206] tensorflow - Level 1 - Registering TensorScatterMax (<function _TensorScatterMaxGrad at 0x0000024B186E3D80>) in gradient.
[2026-02-19 21:06:19,206] tensorflow - Level 1 - Registering TensorScatterMin (<function _TensorScatterMinGrad at 0x0000024B186E3E20>) in gradient.
[2026-02-19 21:06:19,207] tensorflow - Level 1 - Registering TensorScatterSub (<function _TensorScatterSubGrad at 0x0000024B186E3EC0>) in gradient.
[2026-02-19 21:06:19,208] tensorflow - Level 1 - Registering ScatterNdNonAliasingAdd (<function _ScatterNdNonAliasingAddGrad at 0x0000024B186E3F60>) in gradient.
[2026-02-19 21:06:19,208] tensorflow - Level 1 - Registering BroadcastTo (<function _BroadcastToGrad at 0x0000024B18724040>) in gradient.
[2026-02-19 21:06:19,212] tensorflow - Level 1 - Registering Switch (<function _SwitchGrad at 0x0000024B18724220>) in gradient.
[2026-02-19 21:06:19,215] tensorflow - Level 1 - Registering RefSwitch (<function _SwitchGrad at 0x0000024B18724220>) in gradient.
[2026-02-19 21:06:19,216] tensorflow - Level 1 - Registering Merge (<function _MergeGrad at 0x0000024B187242C0>) in gradient.
[2026-02-19 21:06:19,216] tensorflow - Level 1 - Registering RefMerge (<function _RefMergeGrad at 0x0000024B18724400>) in gradient.
[2026-02-19 21:06:19,216] tensorflow - Level 1 - Registering Exit (<function _ExitGrad at 0x0000024B18724360>) in gradient.
[2026-02-19 21:06:19,217] tensorflow - Level 1 - Registering RefExit (<function _ExitGrad at 0x0000024B18724360>) in gradient.
[2026-02-19 21:06:19,217] tensorflow - Level 1 - Registering NextIteration (<function _NextIterationGrad at 0x0000024B187244A0>) in gradient.
[2026-02-19 21:06:19,218] tensorflow - Level 1 - Registering RefNextIteration (<function _RefNextIterationGrad at 0x0000024B18724540>) in gradient.
[2026-02-19 21:06:19,218] tensorflow - Level 1 - Registering Enter (<function _EnterGrad at 0x0000024B187245E0>) in gradient.
[2026-02-19 21:06:19,218] tensorflow - Level 1 - Registering RefEnter (<function _RefEnterGrad at 0x0000024B18724680>) in gradient.
[2026-02-19 21:06:19,219] tensorflow - Level 1 - Registering LoopCond (<function _LoopCondGrad at 0x0000024B18724720>) in gradient.
[2026-02-19 21:06:19,231] tensorflow - Level 1 - Registering CudnnRNN (<function _cudnn_rnn_backward at 0x0000024B18724860>) in gradient.
[2026-02-19 21:06:19,233] tensorflow - Level 1 - Registering CudnnRNNV2 (<function _cudnn_rnn_backward_v2 at 0x0000024B18724A40>) in gradient.
[2026-02-19 21:06:19,234] tensorflow - Level 1 - Registering CudnnRNNV3 (<function _cudnn_rnn_backwardv3 at 0x0000024B1874CB80>) in gradient.
[2026-02-19 21:06:19,238] tensorflow - Level 1 - Registering ResizeNearestNeighbor (<function _ResizeNearestNeighborGrad at 0x0000024B1874CAE0>) in gradient.
[2026-02-19 21:06:19,241] tensorflow - Level 1 - Registering ResizeBilinear (<function _ResizeBilinearGrad at 0x0000024B1874CC20>) in gradient.
[2026-02-19 21:06:19,242] tensorflow - Level 1 - Registering ResizeBilinearGrad (None) in gradient.
[2026-02-19 21:06:19,243] tensorflow - Level 1 - Registering ScaleAndTranslate (<function _ScaleAndTranslateGrad at 0x0000024B1874CE00>) in gradient.
[2026-02-19 21:06:19,244] tensorflow - Level 1 - Registering ResizeBicubic (<function _ResizeBicubicGrad at 0x0000024B1874CD60>) in gradient.
[2026-02-19 21:06:19,244] tensorflow - Level 1 - Registering CropAndResize (<function _CropAndResizeGrad at 0x0000024B1874CEA0>) in gradient.
[2026-02-19 21:06:19,245] tensorflow - Level 1 - Registering RGBToHSV (<function _RGBToHSVGrad at 0x0000024B1874CFE0>) in gradient.
[2026-02-19 21:06:19,259] tensorflow - Level 1 - Registering ReaderRead (None) in gradient.
[2026-02-19 21:06:19,261] tensorflow - Level 1 - Registering ReaderReadUpTo (None) in gradient.
[2026-02-19 21:06:19,261] tensorflow - Level 1 - Registering ReaderNumRecordsProduced (None) in gradient.
[2026-02-19 21:06:19,261] tensorflow - Level 1 - Registering ReaderNumWorkUnitsCompleted (None) in gradient.
[2026-02-19 21:06:19,262] tensorflow - Level 1 - Registering ReaderSerializeState (None) in gradient.
[2026-02-19 21:06:19,262] tensorflow - Level 1 - Registering ReaderRestoreState (None) in gradient.
[2026-02-19 21:06:19,262] tensorflow - Level 1 - Registering ReaderReset (None) in gradient.
[2026-02-19 21:06:19,263] tensorflow - Level 1 - Registering WholeFileReader (None) in gradient.
[2026-02-19 21:06:19,264] tensorflow - Level 1 - Registering TextLineReader (None) in gradient.
[2026-02-19 21:06:19,265] tensorflow - Level 1 - Registering FixedLengthRecordReader (None) in gradient.
[2026-02-19 21:06:19,266] tensorflow - Level 1 - Registering TFRecordReader (None) in gradient.
[2026-02-19 21:06:19,266] tensorflow - Level 1 - Registering LMDBReader (None) in gradient.
[2026-02-19 21:06:19,267] tensorflow - Level 1 - Registering IdentityReader (None) in gradient.
[2026-02-19 21:06:19,279] tensorflow - Level 1 - Registering MatrixInverse (<function _MatrixInverseGrad at 0x0000024B1879A480>) in gradient.
[2026-02-19 21:06:19,281] tensorflow - Level 1 - Registering Einsum (<function _EinsumGrad at 0x0000024B1879A700>) in gradient.
[2026-02-19 21:06:19,282] tensorflow - Level 1 - Registering MatrixDeterminant (<function _MatrixDeterminantGrad at 0x0000024B187CCB80>) in gradient.
[2026-02-19 21:06:19,282] tensorflow - Level 1 - Registering MatrixSquareRoot (<function _MatrixSquareRootGrad at 0x0000024B187CCCC0>) in gradient.
[2026-02-19 21:06:19,282] tensorflow - Level 1 - Registering LogMatrixDeterminant (<function _LogMatrixDeterminantGrad at 0x0000024B187CCD60>) in gradient.
[2026-02-19 21:06:19,282] tensorflow - Level 1 - Registering Cholesky (<function _CholeskyGrad at 0x0000024B187CCE00>) in gradient.
[2026-02-19 21:06:19,283] tensorflow - Level 1 - Registering Qr (<function _QrGrad at 0x0000024B187CCEA0>) in gradient.
[2026-02-19 21:06:19,283] tensorflow - Level 1 - Registering MatrixSolve (<function _MatrixSolveGrad at 0x0000024B187CCF40>) in gradient.
[2026-02-19 21:06:19,283] tensorflow - Level 1 - Registering MatrixSolveLs (<function _MatrixSolveLsGrad at 0x0000024B187CCFE0>) in gradient.
[2026-02-19 21:06:19,283] tensorflow - Level 1 - Registering BandedTriangularSolve (<function _BandedTriangularSolveGrad at 0x0000024B187CD080>) in gradient.
[2026-02-19 21:06:19,284] tensorflow - Level 1 - Registering MatrixTriangularSolve (<function _MatrixTriangularSolveGrad at 0x0000024B187CD120>) in gradient.
[2026-02-19 21:06:19,284] tensorflow - Level 1 - Registering Eig (<function _EigGrad at 0x0000024B187CD260>) in gradient.
[2026-02-19 21:06:19,284] tensorflow - Level 1 - Registering SelfAdjointEigV2 (<function _SelfAdjointEigV2Grad at 0x0000024B187CD300>) in gradient.
[2026-02-19 21:06:19,284] tensorflow - Level 1 - Registering Svd (<function _SvdGrad at 0x0000024B187CD3A0>) in gradient.
[2026-02-19 21:06:19,284] tensorflow - Level 1 - Registering TridiagonalMatMul (<function _TridiagonalMatMulGrad at 0x0000024B187CD580>) in gradient.
[2026-02-19 21:06:19,285] tensorflow - Level 1 - Registering TridiagonalSolve (<function _TridiagonalSolveGrad at 0x0000024B187CD620>) in gradient.
[2026-02-19 21:06:19,287] tensorflow - Level 1 - Registering LookupTableFind (None) in gradient.
[2026-02-19 21:06:19,290] tensorflow - Level 1 - Registering LookupTableFindV2 (None) in gradient.
[2026-02-19 21:06:19,290] tensorflow - Level 1 - Registering LookupTableInsert (None) in gradient.
[2026-02-19 21:06:19,291] tensorflow - Level 1 - Registering LookupTableInsertV2 (None) in gradient.
[2026-02-19 21:06:19,291] tensorflow - Level 1 - Registering LookupTableSize (None) in gradient.
[2026-02-19 21:06:19,292] tensorflow - Level 1 - Registering LookupTableSizeV2 (None) in gradient.
[2026-02-19 21:06:19,292] tensorflow - Level 1 - Registering HashTable (None) in gradient.
[2026-02-19 21:06:19,293] tensorflow - Level 1 - Registering HashTableV2 (None) in gradient.
[2026-02-19 21:06:19,293] tensorflow - Level 1 - Registering InitializeTable (None) in gradient.
[2026-02-19 21:06:19,294] tensorflow - Level 1 - Registering InitializeTableV2 (None) in gradient.
[2026-02-19 21:06:19,294] tensorflow - Level 1 - Registering InitializeTableFromTextFile (None) in gradient.
[2026-02-19 21:06:19,295] tensorflow - Level 1 - Registering InitializeTableFromTextFileV2 (None) in gradient.
[2026-02-19 21:06:19,295] tensorflow - Level 1 - Registering MutableDenseHashTable (None) in gradient.
[2026-02-19 21:06:19,296] tensorflow - Level 1 - Registering MutableDenseHashTableV2 (None) in gradient.
[2026-02-19 21:06:19,296] tensorflow - Level 1 - Registering MutableHashTable (None) in gradient.
[2026-02-19 21:06:19,297] tensorflow - Level 1 - Registering MutableHashTableV2 (None) in gradient.
[2026-02-19 21:06:19,297] tensorflow - Level 1 - Registering MutableHashTableOfTensors (None) in gradient.
[2026-02-19 21:06:19,298] tensorflow - Level 1 - Registering MutableHashTableOfTensorsV2 (None) in gradient.
[2026-02-19 21:06:19,308] tensorflow - Level 1 - Registering Roll (<function _RollGrad at 0x0000024B187247C0>) in gradient.
[2026-02-19 21:06:19,315] tensorflow - Level 1 - Registering ArgMax (<function _ArgMaxGrad at 0x0000024B187CC9A0>) in gradient.
[2026-02-19 21:06:19,318] tensorflow - Level 1 - Registering ArgMin (<function _ArgMinGrad at 0x0000024B187CE700>) in gradient.
[2026-02-19 21:06:19,318] tensorflow - Level 1 - Registering EuclideanNorm (<function _EuclideanNormGrad at 0x0000024B187CE980>) in gradient.
[2026-02-19 21:06:19,318] tensorflow - Level 1 - Registering Sum (<function _SumGrad at 0x0000024B187CEDE0>) in gradient.
[2026-02-19 21:06:19,318] tensorflow - Level 1 - Registering Max (<function _MaxGrad at 0x0000024B187CEF20>) in gradient.
[2026-02-19 21:06:19,318] tensorflow - Level 1 - Registering Min (<function _MinGrad at 0x0000024B187CEFC0>) in gradient.
[2026-02-19 21:06:19,318] tensorflow - Level 1 - Registering Mean (<function _MeanGrad at 0x0000024B187CF060>) in gradient.
[2026-02-19 21:06:19,319] tensorflow - Level 1 - Registering Prod (<function _ProdGrad at 0x0000024B187CF100>) in gradient.
[2026-02-19 21:06:19,319] tensorflow - Level 1 - Registering SegmentSum (<function _SegmentSumGrad at 0x0000024B187CF1A0>) in gradient.
[2026-02-19 21:06:19,319] tensorflow - Level 1 - Registering SegmentMean (<function _SegmentMeanGrad at 0x0000024B187CF240>) in gradient.
[2026-02-19 21:06:19,319] tensorflow - Level 1 - Registering SparseSegmentSum (<function _SparseSegmentSumGrad at 0x0000024B187CF420>) in gradient.
[2026-02-19 21:06:19,319] tensorflow - Level 1 - Registering SparseSegmentSumWithNumSegments (<function _SparseSegmentSumWithNumSegmentsGrad at 0x0000024B187CF4C0>) in gradient.
[2026-02-19 21:06:19,319] tensorflow - Level 1 - Registering SparseSegmentMean (<function _SparseSegmentMeanGrad at 0x0000024B187CF560>) in gradient.
[2026-02-19 21:06:19,319] tensorflow - Level 1 - Registering SparseSegmentMeanWithNumSegments (<function _SparseSegmentMeanWithNumSegmentsGrad at 0x0000024B187CF600>) in gradient.
[2026-02-19 21:06:19,320] tensorflow - Level 1 - Registering SparseSegmentSqrtN (<function _SparseSegmentSqrtNGrad at 0x0000024B187CF6A0>) in gradient.
[2026-02-19 21:06:19,320] tensorflow - Level 1 - Registering SparseSegmentSqrtNWithNumSegments (<function _SparseSegmentSqrtNWithNumSegmentsGrad at 0x0000024B187CF740>) in gradient.
[2026-02-19 21:06:19,320] tensorflow - Level 1 - Registering SegmentMin (<function _SegmentMinGrad at 0x0000024B187CF880>) in gradient.
[2026-02-19 21:06:19,320] tensorflow - Level 1 - Registering SegmentMax (<function _SegmentMaxGrad at 0x0000024B187CF920>) in gradient.
[2026-02-19 21:06:19,321] tensorflow - Level 1 - Registering SegmentProd (<function _SegmentProdGrad at 0x0000024B187CF9C0>) in gradient.
[2026-02-19 21:06:19,321] tensorflow - Level 1 - Registering UnsortedSegmentSum (<function _UnsortedSegmentSumGrad at 0x0000024B187CFBA0>) in gradient.
[2026-02-19 21:06:19,321] tensorflow - Level 1 - Registering UnsortedSegmentMax (<function _UnsortedSegmentMaxGrad at 0x0000024B187CFC40>) in gradient.
[2026-02-19 21:06:19,321] tensorflow - Level 1 - Registering UnsortedSegmentMin (<function _UnsortedSegmentMinGrad at 0x0000024B187CFCE0>) in gradient.
[2026-02-19 21:06:19,322] tensorflow - Level 1 - Registering UnsortedSegmentProd (<function _UnsortedSegmentProdGrad at 0x0000024B187CFD80>) in gradient.
[2026-02-19 21:06:19,322] tensorflow - Level 1 - Registering Abs (<function _AbsGrad at 0x0000024B187CFE20>) in gradient.
[2026-02-19 21:06:19,322] tensorflow - Level 1 - Registering Neg (<function _NegGrad at 0x0000024B187CFEC0>) in gradient.
[2026-02-19 21:06:19,323] tensorflow - Level 1 - Registering Inv (<function _InvGrad at 0x0000024B187CFF60>) in gradient.
[2026-02-19 21:06:19,323] tensorflow - Level 1 - Registering Reciprocal (<function _ReciprocalGrad at 0x0000024B1883C040>) in gradient.
[2026-02-19 21:06:19,323] tensorflow - Level 1 - Registering InvGrad (<function _InvGradGrad at 0x0000024B1883C0E0>) in gradient.
[2026-02-19 21:06:19,323] tensorflow - Level 1 - Registering ReciprocalGrad (<function _ReciprocalGradGrad at 0x0000024B1883C180>) in gradient.
[2026-02-19 21:06:19,324] tensorflow - Level 1 - Registering Square (<function _SquareGrad at 0x0000024B1883C220>) in gradient.
[2026-02-19 21:06:19,324] tensorflow - Level 1 - Registering Sqrt (<function _SqrtGrad at 0x0000024B1883C2C0>) in gradient.
[2026-02-19 21:06:19,324] tensorflow - Level 1 - Registering SqrtGrad (<function _SqrtGradGrad at 0x0000024B1883C360>) in gradient.
[2026-02-19 21:06:19,324] tensorflow - Level 1 - Registering Rsqrt (<function _RsqrtGrad at 0x0000024B1883C400>) in gradient.
[2026-02-19 21:06:19,324] tensorflow - Level 1 - Registering RsqrtGrad (<function _RsqrtGradGrad at 0x0000024B1883C4A0>) in gradient.
[2026-02-19 21:06:19,325] tensorflow - Level 1 - Registering Exp (<function _ExpGrad at 0x0000024B1883C540>) in gradient.
[2026-02-19 21:06:19,325] tensorflow - Level 1 - Registering Expm1 (<function _Expm1Grad at 0x0000024B1883C5E0>) in gradient.
[2026-02-19 21:06:19,325] tensorflow - Level 1 - Registering Log (<function _LogGrad at 0x0000024B1883C680>) in gradient.
[2026-02-19 21:06:19,325] tensorflow - Level 1 - Registering Log1p (<function _Log1pGrad at 0x0000024B1883C720>) in gradient.
[2026-02-19 21:06:19,326] tensorflow - Level 1 - Registering Xlogy (<function _XLogyGrad at 0x0000024B1883C7C0>) in gradient.
[2026-02-19 21:06:19,326] tensorflow - Level 1 - Registering Xlog1py (<function _XLog1pyGrad at 0x0000024B1883C860>) in gradient.
[2026-02-19 21:06:19,326] tensorflow - Level 1 - Registering Xdivy (<function _XDivyGrad at 0x0000024B1883C900>) in gradient.
[2026-02-19 21:06:19,326] tensorflow - Level 1 - Registering Sinh (<function _SinhGrad at 0x0000024B1883C9A0>) in gradient.
[2026-02-19 21:06:19,326] tensorflow - Level 1 - Registering Cosh (<function _CoshGrad at 0x0000024B1883CA40>) in gradient.
[2026-02-19 21:06:19,327] tensorflow - Level 1 - Registering Tanh (<function _TanhGrad at 0x0000024B1883CAE0>) in gradient.
[2026-02-19 21:06:19,327] tensorflow - Level 1 - Registering Asinh (<function _AsinhGrad at 0x0000024B1883CB80>) in gradient.
[2026-02-19 21:06:19,327] tensorflow - Level 1 - Registering Acosh (<function _AcoshGrad at 0x0000024B1883CC20>) in gradient.
[2026-02-19 21:06:19,327] tensorflow - Level 1 - Registering Atanh (<function _AtanhGrad at 0x0000024B1883CCC0>) in gradient.
[2026-02-19 21:06:19,328] tensorflow - Level 1 - Registering TanhGrad (<function _TanhGradGrad at 0x0000024B1883CD60>) in gradient.
[2026-02-19 21:06:19,328] tensorflow - Level 1 - Registering Erf (<function _ErfGrad at 0x0000024B1883CE00>) in gradient.
[2026-02-19 21:06:19,328] tensorflow - Level 1 - Registering Erfc (<function _ErfcGrad at 0x0000024B1883CEA0>) in gradient.
[2026-02-19 21:06:19,328] tensorflow - Level 1 - Registering Erfinv (<function _ErfinvGrad at 0x0000024B1883CF40>) in gradient.
[2026-02-19 21:06:19,329] tensorflow - Level 1 - Registering Ndtri (<function _NdtriGrad at 0x0000024B1883CFE0>) in gradient.
[2026-02-19 21:06:19,329] tensorflow - Level 1 - Registering Lgamma (<function _LgammaGrad at 0x0000024B1883D080>) in gradient.
[2026-02-19 21:06:19,329] tensorflow - Level 1 - Registering Digamma (<function _DigammaGrad at 0x0000024B1883D120>) in gradient.
[2026-02-19 21:06:19,329] tensorflow - Level 1 - Registering Dawsn (<function _DawsnGrad at 0x0000024B1883D1C0>) in gradient.
[2026-02-19 21:06:19,330] tensorflow - Level 1 - Registering Expint (<function _ExpintGrad at 0x0000024B1883D260>) in gradient.
[2026-02-19 21:06:19,330] tensorflow - Level 1 - Registering FresnelCos (<function _FresnelCosGrad at 0x0000024B1883D300>) in gradient.
[2026-02-19 21:06:19,330] tensorflow - Level 1 - Registering FresnelSin (<function _FresnelSinGrad at 0x0000024B1883D3A0>) in gradient.
[2026-02-19 21:06:19,330] tensorflow - Level 1 - Registering Spence (<function _SpenceGrad at 0x0000024B1883D440>) in gradient.
[2026-02-19 21:06:19,330] tensorflow - Level 1 - Registering BesselI0 (<function _BesselI0Grad at 0x0000024B1883D4E0>) in gradient.
[2026-02-19 21:06:19,331] tensorflow - Level 1 - Registering BesselI0e (<function _BesselI0eGrad at 0x0000024B1883D580>) in gradient.
[2026-02-19 21:06:19,331] tensorflow - Level 1 - Registering BesselI1 (<function _BesselI1Grad at 0x0000024B1883D620>) in gradient.
[2026-02-19 21:06:19,331] tensorflow - Level 1 - Registering BesselI1e (<function _BesselI1eGrad at 0x0000024B1883D6C0>) in gradient.
[2026-02-19 21:06:19,331] tensorflow - Level 1 - Registering BesselK0 (<function _BesselK0Grad at 0x0000024B1883D760>) in gradient.
[2026-02-19 21:06:19,331] tensorflow - Level 1 - Registering BesselK0e (<function _BesselK0eGrad at 0x0000024B1883D800>) in gradient.
[2026-02-19 21:06:19,332] tensorflow - Level 1 - Registering BesselK1 (<function _BesselK1Grad at 0x0000024B1883D8A0>) in gradient.
[2026-02-19 21:06:19,332] tensorflow - Level 1 - Registering BesselK1e (<function _BesselK1eGrad at 0x0000024B1883D940>) in gradient.
[2026-02-19 21:06:19,332] tensorflow - Level 1 - Registering BesselJ0 (<function _BesselJ0Grad at 0x0000024B1883D9E0>) in gradient.
[2026-02-19 21:06:19,332] tensorflow - Level 1 - Registering BesselJ1 (<function _BesselJ1Grad at 0x0000024B1883DA80>) in gradient.
[2026-02-19 21:06:19,332] tensorflow - Level 1 - Registering BesselY0 (<function _BesselY0Grad at 0x0000024B1883DB20>) in gradient.
[2026-02-19 21:06:19,333] tensorflow - Level 1 - Registering BesselY1 (<function _BesselY1Grad at 0x0000024B1883DBC0>) in gradient.
[2026-02-19 21:06:19,333] tensorflow - Level 1 - Registering Igamma (<function _IgammaGrad at 0x0000024B1883DC60>) in gradient.
[2026-02-19 21:06:19,333] tensorflow - Level 1 - Registering Igammac (<function _IgammacGrad at 0x0000024B1883DD00>) in gradient.
[2026-02-19 21:06:19,333] tensorflow - Level 1 - Registering Betainc (<function _BetaincGrad at 0x0000024B1883DDA0>) in gradient.
[2026-02-19 21:06:19,334] tensorflow - Level 1 - Registering Zeta (<function _ZetaGrad at 0x0000024B1883DE40>) in gradient.
[2026-02-19 21:06:19,334] tensorflow - Level 1 - Registering Polygamma (<function _PolygammaGrad at 0x0000024B1883DEE0>) in gradient.
[2026-02-19 21:06:19,334] tensorflow - Level 1 - Registering Sigmoid (<function _SigmoidGrad at 0x0000024B1883DF80>) in gradient.
[2026-02-19 21:06:19,334] tensorflow - Level 1 - Registering SigmoidGrad (<function _SigmoidGradGrad at 0x0000024B1883E020>) in gradient.
[2026-02-19 21:06:19,335] tensorflow - Level 1 - Registering Sign (<function _SignGrad at 0x0000024B1883E0C0>) in gradient.
[2026-02-19 21:06:19,335] tensorflow - Level 1 - Registering Sin (<function _SinGrad at 0x0000024B1883E160>) in gradient.
[2026-02-19 21:06:19,335] tensorflow - Level 1 - Registering Cos (<function _CosGrad at 0x0000024B1883E200>) in gradient.
[2026-02-19 21:06:19,336] tensorflow - Level 1 - Registering Tan (<function _TanGrad at 0x0000024B1883E2A0>) in gradient.
[2026-02-19 21:06:19,336] tensorflow - Level 1 - Registering Asin (<function _AsinGrad at 0x0000024B1883E340>) in gradient.
[2026-02-19 21:06:19,337] tensorflow - Level 1 - Registering Acos (<function _AcosGrad at 0x0000024B1883E3E0>) in gradient.
[2026-02-19 21:06:19,337] tensorflow - Level 1 - Registering Atan (<function _AtanGrad at 0x0000024B1883E480>) in gradient.
[2026-02-19 21:06:19,337] tensorflow - Level 1 - Registering Atan2 (<function _Atan2Grad at 0x0000024B1883E520>) in gradient.
[2026-02-19 21:06:19,337] tensorflow - Level 1 - Registering AddN (<function _AddNGrad at 0x0000024B1883E5C0>) in gradient.
[2026-02-19 21:06:19,337] tensorflow - Level 1 - Registering AddV2 (<function _AddGrad at 0x0000024B1883E700>) in gradient.
[2026-02-19 21:06:19,338] tensorflow - Level 1 - Registering Add (<function _AddGrad at 0x0000024B1883E700>) in gradient.
[2026-02-19 21:06:19,338] tensorflow - Level 1 - Registering Sub (<function _SubGrad at 0x0000024B1883E7A0>) in gradient.
[2026-02-19 21:06:19,338] tensorflow - Level 1 - Registering Mul (<function _MulGrad at 0x0000024B1883E840>) in gradient.
[2026-02-19 21:06:19,338] tensorflow - Level 1 - Registering MulNoNan (<function _MulNoNanGrad at 0x0000024B1883E8E0>) in gradient.
[2026-02-19 21:06:19,338] tensorflow - Level 1 - Registering Div (<function _DivGrad at 0x0000024B1883E980>) in gradient.
[2026-02-19 21:06:19,339] tensorflow - Level 1 - Registering FloorDiv (<function _FloorDivGrad at 0x0000024B1883EA20>) in gradient.
[2026-02-19 21:06:19,339] tensorflow - Level 1 - Registering FloorMod (<function _FloorModGrad at 0x0000024B1883EAC0>) in gradient.
[2026-02-19 21:06:19,339] tensorflow - Level 1 - Registering TruncateDiv (<function _TruncateDivGrad at 0x0000024B1883EB60>) in gradient.
[2026-02-19 21:06:19,339] tensorflow - Level 1 - Registering RealDiv (<function _RealDivGrad at 0x0000024B1883EC00>) in gradient.
[2026-02-19 21:06:19,339] tensorflow - Level 1 - Registering DivNoNan (<function _DivNoNanGrad at 0x0000024B1883ECA0>) in gradient.
[2026-02-19 21:06:19,340] tensorflow - Level 1 - Registering Pow (<function _PowGrad at 0x0000024B1883ED40>) in gradient.
[2026-02-19 21:06:19,340] tensorflow - Level 1 - Registering Maximum (<function _MaximumGrad at 0x0000024B1883EF20>) in gradient.
[2026-02-19 21:06:19,340] tensorflow - Level 1 - Registering Minimum (<function _MinimumGrad at 0x0000024B1883EFC0>) in gradient.
[2026-02-19 21:06:19,340] tensorflow - Level 1 - Registering SquaredDifference (<function _SquaredDifferenceGrad at 0x0000024B1883F060>) in gradient.
[2026-02-19 21:06:19,340] tensorflow - Level 1 - Registering Less (None) in gradient.
[2026-02-19 21:06:19,341] tensorflow - Level 1 - Registering LessEqual (None) in gradient.
[2026-02-19 21:06:19,341] tensorflow - Level 1 - Registering Greater (None) in gradient.
[2026-02-19 21:06:19,341] tensorflow - Level 1 - Registering GreaterEqual (None) in gradient.
[2026-02-19 21:06:19,341] tensorflow - Level 1 - Registering Equal (None) in gradient.
[2026-02-19 21:06:19,341] tensorflow - Level 1 - Registering ApproximateEqual (None) in gradient.
[2026-02-19 21:06:19,342] tensorflow - Level 1 - Registering NotEqual (None) in gradient.
[2026-02-19 21:06:19,342] tensorflow - Level 1 - Registering LogicalAnd (None) in gradient.
[2026-02-19 21:06:19,342] tensorflow - Level 1 - Registering LogicalOr (None) in gradient.
[2026-02-19 21:06:19,342] tensorflow - Level 1 - Registering LogicalNot (None) in gradient.
[2026-02-19 21:06:19,342] tensorflow - Level 1 - Registering Select (<function _SelectGrad at 0x0000024B1883F100>) in gradient.
[2026-02-19 21:06:19,343] tensorflow - Level 1 - Registering SelectV2 (<function _SelectGradV2 at 0x0000024B1883F1A0>) in gradient.
[2026-02-19 21:06:19,343] tensorflow - Level 1 - Registering MatMul (<function _MatMulGrad at 0x0000024B1883F380>) in gradient.
[2026-02-19 21:06:19,343] tensorflow - Level 1 - Registering SparseMatMul (<function _SparseMatMulGrad at 0x0000024B1883F420>) in gradient.
[2026-02-19 21:06:19,343] tensorflow - Level 1 - Registering Floor (<function _FloorGrad at 0x0000024B1883F4C0>) in gradient.
[2026-02-19 21:06:19,343] tensorflow - Level 1 - Registering Ceil (<function _CeilGrad at 0x0000024B1883F560>) in gradient.
[2026-02-19 21:06:19,344] tensorflow - Level 1 - Registering Round (<function _RoundGrad at 0x0000024B1883F600>) in gradient.
[2026-02-19 21:06:19,344] tensorflow - Level 1 - Registering Rint (<function _RintGrad at 0x0000024B1883F6A0>) in gradient.
[2026-02-19 21:06:19,344] tensorflow - Level 1 - Registering BatchMatMul (<function _BatchMatMul at 0x0000024B1883F740>) in gradient.
[2026-02-19 21:06:19,344] tensorflow - Level 1 - Registering BatchMatMulV3 (<function _BatchMatMulV2 at 0x0000024B1883F7E0>) in gradient.
[2026-02-19 21:06:19,344] tensorflow - Level 1 - Registering BatchMatMulV2 (<function _BatchMatMulV2 at 0x0000024B1883F7E0>) in gradient.
[2026-02-19 21:06:19,345] tensorflow - Level 1 - Registering Range (None) in gradient.
[2026-02-19 21:06:19,345] tensorflow - Level 1 - Registering LinSpace (None) in gradient.
[2026-02-19 21:06:19,345] tensorflow - Level 1 - Registering Complex (<function _ComplexGrad at 0x0000024B1883F880>) in gradient.
[2026-02-19 21:06:19,345] tensorflow - Level 1 - Registering Real (<function _RealGrad at 0x0000024B1883F920>) in gradient.
[2026-02-19 21:06:19,346] tensorflow - Level 1 - Registering Imag (<function _ImagGrad at 0x0000024B1883F9C0>) in gradient.
[2026-02-19 21:06:19,346] tensorflow - Level 1 - Registering Angle (<function _AngleGrad at 0x0000024B1883FA60>) in gradient.
[2026-02-19 21:06:19,346] tensorflow - Level 1 - Registering Conj (<function _ConjGrad at 0x0000024B1883FB00>) in gradient.
[2026-02-19 21:06:19,346] tensorflow - Level 1 - Registering ComplexAbs (<function _ComplexAbsGrad at 0x0000024B1883FBA0>) in gradient.
[2026-02-19 21:06:19,346] tensorflow - Level 1 - Registering Cast (<function _CastGrad at 0x0000024B1883FC40>) in gradient.
[2026-02-19 21:06:19,347] tensorflow - Level 1 - Registering Cross (<function _CrossGrad at 0x0000024B1883FCE0>) in gradient.
[2026-02-19 21:06:19,347] tensorflow - Level 1 - Registering Cumsum (<function _CumsumGrad at 0x0000024B1883FD80>) in gradient.
[2026-02-19 21:06:19,347] tensorflow - Level 1 - Registering Cumprod (<function _CumprodGrad at 0x0000024B1883FE20>) in gradient.
[2026-02-19 21:06:19,347] tensorflow - Level 1 - Registering CumulativeLogsumexp (<function _CumulativeLogsumexpGrad at 0x0000024B1883FEC0>) in gradient.
[2026-02-19 21:06:19,348] tensorflow - Level 1 - Registering NextAfter (<function _NextAfterGrad at 0x0000024B1883FF60>) in gradient.
[2026-02-19 21:06:19,353] tensorflow - Level 1 - Registering NcclAllReduce (<function _all_sum_grad at 0x0000024B18850360>) in gradient.
[2026-02-19 21:06:19,357] tensorflow - Level 1 - Registering NcclReduce (<function _reduce_sum_grad at 0x0000024B18850F40>) in gradient.
[2026-02-19 21:06:19,357] tensorflow - Level 1 - Registering NcclBroadcast (<function _broadcast_grad at 0x0000024B18851080>) in gradient.
[2026-02-19 21:06:19,361] tensorflow - Level 1 - Registering OptionalFromValue (<function _OptionalFromValueGrad at 0x0000024B18850CC0>) in gradient.
[2026-02-19 21:06:19,363] tensorflow - Level 1 - Registering OptionalGetValue (<function _OptionalGetValueGrad at 0x0000024B188513A0>) in gradient.
[2026-02-19 21:06:19,367] tensorflow - Level 1 - Registering DecodeRaw (None) in gradient.
[2026-02-19 21:06:19,369] tensorflow - Level 1 - Registering DecodePaddedRaw (None) in gradient.
[2026-02-19 21:06:19,369] tensorflow - Level 1 - Registering ParseTensor (None) in gradient.
[2026-02-19 21:06:19,369] tensorflow - Level 1 - Registering SerializeTensor (None) in gradient.
[2026-02-19 21:06:19,369] tensorflow - Level 1 - Registering StringToNumber (None) in gradient.
[2026-02-19 21:06:19,369] tensorflow - Level 1 - Registering DecodeProtoV2 (None) in gradient.
[2026-02-19 21:06:19,384] tensorflow - Level 1 - Registering EncodeProto (None) in gradient.
[2026-02-19 21:06:19,386] tensorflow - Level 1 - Registering RandomGamma (<function _RandomGammaGrad at 0x0000024B188520C0>) in gradient.
[2026-02-19 21:06:19,388] tensorflow - Level 1 - Registering StatelessRandomGammaV2 (<function _StatelessRandomGammaV2Grad at 0x0000024B18852200>) in gradient.
[2026-02-19 21:06:19,389] tensorflow - Level 1 - Registering StatelessRandomGammaV3 (<function _StatelessRandomGammaV3Grad at 0x0000024B18852340>) in gradient.
[2026-02-19 21:06:19,390] tensorflow - Level 1 - Registering StatelessParameterizedTruncatedNormal (<function _StatelessParameterizedTruncatedNormalGrad at 0x0000024B188525C0>) in gradient.
[2026-02-19 21:06:19,404] tensorflow - Level 1 - Registering BlockLSTM (<function _block_lstm_grad at 0x0000024B188522A0>) in gradient.
[2026-02-19 21:06:19,408] tensorflow - Level 1 - Registering BlockLSTMV2 (<function _block_lstm_grad at 0x0000024B188522A0>) in gradient.
[2026-02-19 21:06:19,418] tensorflow - Level 1 - Registering SdcaFprint (None) in gradient.
[2026-02-19 21:06:19,421] tensorflow - Level 1 - Registering SdcaOptimizer (None) in gradient.
[2026-02-19 21:06:19,421] tensorflow - Level 1 - Registering SdcaOptimizerV2 (None) in gradient.
[2026-02-19 21:06:19,422] tensorflow - Level 1 - Registering SdcaShrinkL1 (None) in gradient.
[2026-02-19 21:06:19,435] tensorflow - Level 1 - Registering SetSize (None) in gradient.
[2026-02-19 21:06:19,435] tensorflow - Level 1 - Registering DenseToDenseSetOperation (None) in gradient.
[2026-02-19 21:06:19,435] tensorflow - Level 1 - Registering DenseToSparseSetOperation (None) in gradient.
[2026-02-19 21:06:19,435] tensorflow - Level 1 - Registering SparseToSparseSetOperation (None) in gradient.
[2026-02-19 21:06:19,435] tensorflow - Level 1 - Registering SparseAddGrad (None) in gradient.
[2026-02-19 21:06:19,435] tensorflow - Level 1 - Registering SparseConcat (None) in gradient.
[2026-02-19 21:06:19,435] tensorflow - Level 1 - Registering SparseReorder (<function _SparseReorderGrad at 0x0000024B188A9620>) in gradient.
[2026-02-19 21:06:19,435] tensorflow - Level 1 - Registering SparseAdd (<function _SparseAddGrad at 0x0000024B188A9800>) in gradient.
[2026-02-19 21:06:19,435] tensorflow - Level 1 - Registering SparseTensorDenseAdd (<function _SparseTensorDenseAddGrad at 0x0000024B188A9760>) in gradient.
[2026-02-19 21:06:19,435] tensorflow - Level 1 - Registering SparseReduceSum (<function _SparseReduceSumGrad at 0x0000024B188A98A0>) in gradient.
[2026-02-19 21:06:19,435] tensorflow - Level 1 - Registering SparseSlice (<function _SparseSliceGrad at 0x0000024B188A9940>) in gradient.
[2026-02-19 21:06:19,451] tensorflow - Level 1 - Registering SparseTensorDenseMatMul (<function _SparseTensorDenseMatMulGrad at 0x0000024B188A99E0>) in gradient.
[2026-02-19 21:06:19,451] tensorflow - Level 1 - Registering SparseDenseCwiseAdd (<function _SparseDenseCwiseAddGrad at 0x0000024B188A9A80>) in gradient.
[2026-02-19 21:06:19,451] tensorflow - Level 1 - Registering SparseDenseCwiseMul (<function _SparseDenseCwiseMulGrad at 0x0000024B188A9BC0>) in gradient.
[2026-02-19 21:06:19,452] tensorflow - Level 1 - Registering SparseDenseCwiseDiv (<function _SparseDenseCwiseDivGrad at 0x0000024B188A9C60>) in gradient.
[2026-02-19 21:06:19,453] tensorflow - Level 1 - Registering SparseSoftmax (<function _SparseSoftmaxGrad at 0x0000024B188A9D00>) in gradient.
[2026-02-19 21:06:19,453] tensorflow - Level 1 - Registering SparseSparseMaximum (<function _SparseSparseMaximumGrad at 0x0000024B188A9DA0>) in gradient.
[2026-02-19 21:06:19,453] tensorflow - Level 1 - Registering SparseSparseMinimum (<function _SparseSparseMinimumGrad at 0x0000024B188A9E40>) in gradient.
[2026-02-19 21:06:19,454] tensorflow - Level 1 - Registering SparseFillEmptyRows (<function _SparseFillEmptyRowsGrad at 0x0000024B188A9EE0>) in gradient.
[2026-02-19 21:06:19,454] tensorflow - Level 1 - Registering SparseToDense (<function _SparseToDenseGrad at 0x0000024B188A9F80>) in gradient.
[2026-02-19 21:06:19,458] tensorflow - Level 1 - Registering TensorArray (None) in gradient.
[2026-02-19 21:06:19,462] tensorflow - Level 1 - Registering TensorArrayGrad (None) in gradient.
[2026-02-19 21:06:19,463] tensorflow - Level 1 - Registering TensorArraySize (None) in gradient.
[2026-02-19 21:06:19,463] tensorflow - Level 1 - Registering TensorArrayClose (None) in gradient.
[2026-02-19 21:06:19,463] tensorflow - Level 1 - Registering TensorArrayV2 (None) in gradient.
[2026-02-19 21:06:19,464] tensorflow - Level 1 - Registering TensorArrayGradV2 (None) in gradient.
[2026-02-19 21:06:19,464] tensorflow - Level 1 - Registering TensorArraySizeV2 (None) in gradient.
[2026-02-19 21:06:19,464] tensorflow - Level 1 - Registering TensorArrayCloseV2 (None) in gradient.
[2026-02-19 21:06:19,464] tensorflow - Level 1 - Registering TensorArrayV3 (None) in gradient.
[2026-02-19 21:06:19,465] tensorflow - Level 1 - Registering TensorArrayGradV3 (None) in gradient.
[2026-02-19 21:06:19,465] tensorflow - Level 1 - Registering TensorArrayGradWithShape (None) in gradient.
[2026-02-19 21:06:19,465] tensorflow - Level 1 - Registering TensorArraySizeV3 (None) in gradient.
[2026-02-19 21:06:19,466] tensorflow - Level 1 - Registering TensorArrayCloseV3 (None) in gradient.
[2026-02-19 21:06:19,466] tensorflow - Level 1 - Registering TensorArrayReadV3 (<function _TensorArrayReadGrad at 0x0000024B188AA160>) in gradient.
[2026-02-19 21:06:19,466] tensorflow - Level 1 - Registering TensorArrayReadV2 (<function _TensorArrayReadGrad at 0x0000024B188AA160>) in gradient.
[2026-02-19 21:06:19,467] tensorflow - Level 1 - Registering TensorArrayRead (<function _TensorArrayReadGrad at 0x0000024B188AA160>) in gradient.
[2026-02-19 21:06:19,467] tensorflow - Level 1 - Registering TensorArrayWriteV3 (<function _TensorArrayWriteGrad at 0x0000024B188AA0C0>) in gradient.
[2026-02-19 21:06:19,468] tensorflow - Level 1 - Registering TensorArrayWriteV2 (<function _TensorArrayWriteGrad at 0x0000024B188AA0C0>) in gradient.
[2026-02-19 21:06:19,468] tensorflow - Level 1 - Registering TensorArrayWrite (<function _TensorArrayWriteGrad at 0x0000024B188AA0C0>) in gradient.
[2026-02-19 21:06:19,469] tensorflow - Level 1 - Registering TensorArrayGatherV3 (<function _TensorArrayGatherGrad at 0x0000024B188AA200>) in gradient.
[2026-02-19 21:06:19,469] tensorflow - Level 1 - Registering TensorArrayGatherV2 (<function _TensorArrayGatherGrad at 0x0000024B188AA200>) in gradient.
[2026-02-19 21:06:19,469] tensorflow - Level 1 - Registering TensorArrayGather (<function _TensorArrayGatherGrad at 0x0000024B188AA200>) in gradient.
[2026-02-19 21:06:19,469] tensorflow - Level 1 - Registering TensorArrayScatterV3 (<function _TensorArrayScatterGrad at 0x0000024B188AA2A0>) in gradient.
[2026-02-19 21:06:19,469] tensorflow - Level 1 - Registering TensorArrayScatterV2 (<function _TensorArrayScatterGrad at 0x0000024B188AA2A0>) in gradient.
[2026-02-19 21:06:19,469] tensorflow - Level 1 - Registering TensorArrayScatter (<function _TensorArrayScatterGrad at 0x0000024B188AA2A0>) in gradient.
[2026-02-19 21:06:19,469] tensorflow - Level 1 - Registering TensorArrayConcatV3 (<function _TensorArrayConcatGrad at 0x0000024B188AA340>) in gradient.
[2026-02-19 21:06:19,470] tensorflow - Level 1 - Registering TensorArrayConcatV2 (<function _TensorArrayConcatGrad at 0x0000024B188AA340>) in gradient.
[2026-02-19 21:06:19,470] tensorflow - Level 1 - Registering TensorArrayConcat (<function _TensorArrayConcatGrad at 0x0000024B188AA340>) in gradient.
[2026-02-19 21:06:19,470] tensorflow - Level 1 - Registering TensorArraySplitV3 (<function _TensorArraySplitGrad at 0x0000024B188AA3E0>) in gradient.
[2026-02-19 21:06:19,470] tensorflow - Level 1 - Registering TensorArraySplitV2 (<function _TensorArraySplitGrad at 0x0000024B188AA3E0>) in gradient.
[2026-02-19 21:06:19,471] tensorflow - Level 1 - Registering TensorArraySplit (<function _TensorArraySplitGrad at 0x0000024B188AA3E0>) in gradient.
[2026-02-19 21:06:19,496] tensorflow - Level 1 - Registering DenseToCSRSparseMatrix (<function _DenseToCSRSparseMatrixGrad at 0x0000024B188AA660>) in gradient.
[2026-02-19 21:06:19,500] tensorflow - Level 1 - Registering CSRSparseMatrixToDense (<function _CSRSparseMatrixToDenseGrad at 0x0000024B188AA7A0>) in gradient.
[2026-02-19 21:06:19,500] tensorflow - Level 1 - Registering SparseTensorToCSRSparseMatrix (<function _SparseTensorToCSRSparseMatrixGrad at 0x0000024B188E31A0>) in gradient.
[2026-02-19 21:06:19,501] tensorflow - Level 1 - Registering CSRSparseMatrixToSparseTensor (<function _CSRSparseMatrixToSparseTensorGrad at 0x0000024B188E3100>) in gradient.
[2026-02-19 21:06:19,502] tensorflow - Level 1 - Registering SparseMatrixNNZ (None) in gradient.
[2026-02-19 21:06:19,502] tensorflow - Level 1 - Registering SparseMatrixZeros (None) in gradient.
[2026-02-19 21:06:19,502] tensorflow - Level 1 - Registering SparseMatrixAdd (<function _SparseMatrixAddGrad at 0x0000024B188E3380>) in gradient.
[2026-02-19 21:06:19,503] tensorflow - Level 1 - Registering SparseMatrixTranspose (<function _SparseMatrixTransposeGrad at 0x0000024B188E34C0>) in gradient.
[2026-02-19 21:06:19,503] tensorflow - Level 1 - Registering SparseMatrixSoftmax (<function _SparseMatrixSoftmaxGrad at 0x0000024B188E3560>) in gradient.
[2026-02-19 21:06:19,503] tensorflow - Level 1 - Registering SparseMatrixMatMul (<function _SparseMatrixMatMulGrad at 0x0000024B188E3600>) in gradient.
[2026-02-19 21:06:19,503] tensorflow - Level 1 - Registering SparseMatrixSparseMatMul (<function _SparseMatrixSparseMatMulGrad at 0x0000024B188E36A0>) in gradient.
[2026-02-19 21:06:19,503] tensorflow - Level 1 - Registering SparseMatrixMul (<function _SparseMatrixMulGrad at 0x0000024B188E3740>) in gradient.
[2026-02-19 21:06:19,522] tensorflow - Level 1 - Registering FFT (<function _fft_grad at 0x0000024B1892D260>) in gradient.
[2026-02-19 21:06:19,524] tensorflow - Level 1 - Registering IFFT (<function _ifft_grad at 0x0000024B1892D300>) in gradient.
[2026-02-19 21:06:19,524] tensorflow - Level 1 - Registering FFT2D (<function _fft2d_grad at 0x0000024B1892D3A0>) in gradient.
[2026-02-19 21:06:19,525] tensorflow - Level 1 - Registering IFFT2D (<function _ifft2d_grad at 0x0000024B1892D4E0>) in gradient.
[2026-02-19 21:06:19,525] tensorflow - Level 1 - Registering FFT3D (<function _fft3d_grad at 0x0000024B1892D580>) in gradient.
[2026-02-19 21:06:19,525] tensorflow - Level 1 - Registering IFFT3D (<function _ifft3d_grad at 0x0000024B1892D620>) in gradient.
[2026-02-19 21:06:19,526] tensorflow - Level 1 - Registering RFFT (<function _rfft_grad_helper.<locals>._grad at 0x0000024B1892DA80>) in gradient.
[2026-02-19 21:06:19,526] tensorflow - Level 1 - Registering IRFFT (<function _irfft_grad_helper.<locals>._grad at 0x0000024B1892DC60>) in gradient.
[2026-02-19 21:06:19,526] tensorflow - Level 1 - Registering RFFT2D (<function _rfft_grad_helper.<locals>._grad at 0x0000024B1892DD00>) in gradient.
[2026-02-19 21:06:19,527] tensorflow - Level 1 - Registering IRFFT2D (<function _irfft_grad_helper.<locals>._grad at 0x0000024B1892DDA0>) in gradient.
[2026-02-19 21:06:19,533] tensorflow - Level 1 - Registering GenerateVocabRemapping (None) in gradient.
[2026-02-19 21:06:19,535] tensorflow - Level 1 - Registering LoadAndRemapMatrix (None) in gradient.
[2026-02-19 21:06:19,574] tensorflow - Level 1 - Registering XlaVariadicReduce (None) in gradient.
[2026-02-19 21:06:19,577] tensorflow - Level 1 - Registering XlaSharding (<function _sharding_grad at 0x0000024B189E07C0>) in gradient.
[2026-02-19 21:06:19,578] tensorflow - Level 1 - Registering XlaSpmdFullToShardShape (<function _spmd_full_to_shard_shape_grad at 0x0000024B189E0860>) in gradient.
[2026-02-19 21:06:19,578] tensorflow - Level 1 - Registering XlaSpmdShardToFullShape (<function _spmd_shard_to_full_shape_grad at 0x0000024B189E0900>) in gradient.
[2026-02-19 21:06:19,601] tensorflow - Level 1 - Registering CTCLoss (<function _CTCLossGrad at 0x0000024B18C34D60>) in gradient.
[2026-02-19 21:06:19,604] tensorflow - Level 1 - Registering CTCLossV2 (<function _CTCLossV2Grad at 0x0000024B18C34E00>) in gradient.
[2026-02-19 21:06:19,607] tensorflow - Level 1 - Registering CTCGreedyDecoder (None) in gradient.
[2026-02-19 21:06:19,608] tensorflow - Level 1 - Registering CTCBeamSearchDecoder (None) in gradient.
[2026-02-19 21:06:19,614] tensorflow - Level 1 - Registering FusedBatchNormGrad (<function _FusedBatchNormGradGrad at 0x0000024B18C36840>) in gradient.
[2026-02-19 21:06:19,616] tensorflow - Level 1 - Registering FusedBatchNormGradV2 (<function _FusedBatchNormGradGradV2 at 0x0000024B18C368E0>) in gradient.
[2026-02-19 21:06:19,616] tensorflow - Level 1 - Registering FusedBatchNormGradV3 (<function _FusedBatchNormGradGradV3 at 0x0000024B18C36AC0>) in gradient.
[2026-02-19 21:06:19,638] tensorflow - Level 1 - Registering variables ((<class 'tensorflow.core.framework.variable_pb2.VariableDef'>, <function _to_proto_fn at 0x0000024B18C76C00>, <function _from_proto_fn at 0x0000024B18C76E80>)) in proto functions.
[2026-02-19 21:06:19,641] tensorflow - Level 1 - Registering trainable_variables ((<class 'tensorflow.core.framework.variable_pb2.VariableDef'>, <function _to_proto_fn at 0x0000024B18C76C00>, <function _from_proto_fn at 0x0000024B18C76E80>)) in proto functions.
[2026-02-19 21:06:19,641] tensorflow - Level 1 - Registering moving_average_variables ((<class 'tensorflow.core.framework.variable_pb2.VariableDef'>, <function _to_proto_fn at 0x0000024B18C76C00>, <function _from_proto_fn at 0x0000024B18C76E80>)) in proto functions.
[2026-02-19 21:06:19,641] tensorflow - Level 1 - Registering local_variables ((<class 'tensorflow.core.framework.variable_pb2.VariableDef'>, <function _to_proto_fn at 0x0000024B18C76C00>, <function _from_proto_fn at 0x0000024B18C76E80>)) in proto functions.
[2026-02-19 21:06:19,642] tensorflow - Level 1 - Registering model_variables ((<class 'tensorflow.core.framework.variable_pb2.VariableDef'>, <function _to_proto_fn at 0x0000024B18C76C00>, <function _from_proto_fn at 0x0000024B18C76E80>)) in proto functions.
[2026-02-19 21:06:19,642] tensorflow - Level 1 - Registering global_step ((<class 'tensorflow.core.framework.variable_pb2.VariableDef'>, <function _to_proto_fn at 0x0000024B18C76C00>, <function _from_proto_fn at 0x0000024B18C76E80>)) in proto functions.
[2026-02-19 21:06:19,642] tensorflow - Level 1 - Registering metric_variables ((<class 'tensorflow.core.framework.variable_pb2.VariableDef'>, <function _to_proto_fn at 0x0000024B18C76C00>, <function _from_proto_fn at 0x0000024B18C76E80>)) in proto functions.
[2026-02-19 21:06:19,645] tensorflow - Level 1 - Registering RandomCrop (None) in gradient.
[2026-02-19 21:06:19,650] tensorflow - Level 1 - Registering HSVToRGB (None) in gradient.
[2026-02-19 21:06:19,650] tensorflow - Level 1 - Registering DrawBoundingBoxes (None) in gradient.
[2026-02-19 21:06:19,650] tensorflow - Level 1 - Registering SampleDistortedBoundingBox (None) in gradient.
[2026-02-19 21:06:19,650] tensorflow - Level 1 - Registering SampleDistortedBoundingBoxV2 (None) in gradient.
[2026-02-19 21:06:19,650] tensorflow - Level 1 - Registering ExtractGlimpse (None) in gradient.
[2026-02-19 21:06:19,650] tensorflow - Level 1 - Registering NonMaxSuppression (None) in gradient.
[2026-02-19 21:06:19,650] tensorflow - Level 1 - Registering NonMaxSuppressionV2 (None) in gradient.
[2026-02-19 21:06:19,651] tensorflow - Level 1 - Registering NonMaxSuppressionWithOverlaps (None) in gradient.
[2026-02-19 21:06:19,651] tensorflow - Level 1 - Registering GenerateBoundingBoxProposals (None) in gradient.
[2026-02-19 21:06:19,667] tensorflow - Level 1 - Registering ImageProjectiveTransformV2 (<function _image_projective_transform_grad at 0x0000024B18D57880>) in gradient.
[2026-02-19 21:06:19,670] tensorflow - Level 1 - Registering ImageProjectiveTransformV3 (<function _image_projective_transform_v3_grad at 0x0000024B18D57A60>) in gradient.
[2026-02-19 21:06:19,951] tensorflow - Level 1 - Registering savers ((<class 'tensorflow.core.protobuf.saver_pb2.SaverDef'>, <function Saver.to_proto at 0x0000024B1902EDE0>, <function Saver.from_proto at 0x0000024B1902EE80>)) in proto functions.
[2026-02-19 21:06:19,989] tensorflow - Level 1 - Registering EagerPyFunc (<function _EagerPyFuncGrad at 0x0000024B1905FA60>) in gradient.
[2026-02-19 21:06:19,995] tensorflow - Level 1 - Registering PyFunc (None) in gradient.
[2026-02-19 21:06:19,996] tensorflow - Level 1 - Registering PyFuncStateless (None) in gradient.
[2026-02-19 21:06:20,030] tensorflow - Level 1 - Registering ReduceDataset (None) in gradient.
[2026-02-19 21:06:20,035] tensorflow - Level 1 - Registering tensorflow.python.data.ops.dataset_ops (<function _tf2_callback at 0x0000024B190B9EE0>) in data_v2_callbacks.
[2026-02-19 21:06:20,050] tensorflow - Level 1 - Registering _resource_resolver (<function _resource_resolver at 0x0000024B19142B60>) in acd_resource_resolvers.
[2026-02-19 21:06:20,078] tensorflow - Level 1 - Registering tensorflow.python.data.experimental.ops.counter (<function _tf2_callback at 0x0000024B19152480>) in data_v2_callbacks.
[2026-02-19 21:06:20,123] tensorflow - Level 1 - Registering tensorflow.python.data.ops.readers (<function _tf2_callback at 0x0000024B19143740>) in data_v2_callbacks.
[2026-02-19 21:06:20,133] tensorflow - Level 1 - Registering tensorflow.python.data.experimental.ops.interleave_ops (<function _tf2_callback at 0x0000024B191537E0>) in data_v2_callbacks.
[2026-02-19 21:06:20,208] tensorflow - Level 1 - Registering tensorflow.python.data.experimental.ops.random_ops (<function _tf2_callback at 0x0000024B191F6C00>) in data_v2_callbacks.
[2026-02-19 21:06:20,221] tensorflow - Level 1 - Registering tensorflow.python.data.experimental.ops.readers (<function _tf2_callback at 0x0000024B19214540>) in data_v2_callbacks.
[2026-02-19 21:06:20,572] tensorflow - Level 1 - Registering tpu_replicated_input_resolver (<function tpu_replicated_input_resolver at 0x0000024B19484540>) in acd_resource_resolvers.
[2026-02-19 21:06:20,581] tensorflow - DEBUG - Falling back to TensorFlow client; we recommended you install the Cloud TPU client directly with pip install cloud-tpu-client.
[2026-02-19 21:06:20,816] tensorflow - Level 1 - Registering queue_runners ((<class 'tensorflow.core.protobuf.queue_runner_pb2.QueueRunnerDef'>, <function QueueRunner.to_proto at 0x0000024B1969EF20>, <function QueueRunner.from_proto at 0x0000024B1969EFC0>)) in proto functions.
[2026-02-19 21:06:21,728] h5py._conv - DEBUG - Creating converter from 7 to 5
[2026-02-19 21:06:21,728] h5py._conv - DEBUG - Creating converter from 5 to 7
[2026-02-19 21:06:21,728] h5py._conv - DEBUG - Creating converter from 7 to 5
[2026-02-19 21:06:21,728] h5py._conv - DEBUG - Creating converter from 5 to 7
[2026-02-19 21:06:22,245] tensorflow - Level 1 - Registering DebugGradientIdentity (<function _identify_gradient_grad at 0x0000024B1B16F920>) in gradient.
[2026-02-19 21:06:22,245] tensorflow - Level 1 - Registering DebugGradientRefIdentity (<function _identify_gradient_grad_ref at 0x0000024B1B16F9C0>) in gradient.
[2026-02-19 21:06:22,346] tensorflow - Level 1 - Registering DebugIdentityV2 (<function _debug_identity_v2_grad at 0x0000024B1B1E6D40>) in gradient.
[2026-02-19 21:06:22,896] tensorflow - Level 1 - Registering AudioMicrofrontend (None) in gradient.
[2026-02-19 21:06:23,057] tensorflow - Level 1 - Registering Reciprocal,flops (<function _reciprocal_flops at 0x0000024B1B7DC680>) in statistical functions.
[2026-02-19 21:06:23,061] tensorflow - Level 1 - Registering Square,flops (<function _square_flops at 0x0000024B1B7DC720>) in statistical functions.
[2026-02-19 21:06:23,061] tensorflow - Level 1 - Registering Rsqrt,flops (<function _rsqrt_flops at 0x0000024B1B7DC860>) in statistical functions.
[2026-02-19 21:06:23,061] tensorflow - Level 1 - Registering Log,flops (<function _log_flops at 0x0000024B1B7DC7C0>) in statistical functions.
[2026-02-19 21:06:23,062] tensorflow - Level 1 - Registering Neg,flops (<function _neg_flops at 0x0000024B1B7DC900>) in statistical functions.
[2026-02-19 21:06:23,062] tensorflow - Level 1 - Registering AssignSub,flops (<function _assign_sub_flops at 0x0000024B1B7DC9A0>) in statistical functions.
[2026-02-19 21:06:23,062] tensorflow - Level 1 - Registering AssignAdd,flops (<function _assign_add_flops at 0x0000024B1B7DCA40>) in statistical functions.
[2026-02-19 21:06:23,062] tensorflow - Level 1 - Registering L2Loss,flops (<function _l2_loss_flops at 0x0000024B1B7DCAE0>) in statistical functions.
[2026-02-19 21:06:23,062] tensorflow - Level 1 - Registering Softmax,flops (<function _softmax_flops at 0x0000024B1B7DCB80>) in statistical functions.
[2026-02-19 21:06:23,062] tensorflow - Level 1 - Registering AddV2,flops (<function _add_flops at 0x0000024B1B7DCCC0>) in statistical functions.
[2026-02-19 21:06:23,062] tensorflow - Level 1 - Registering Add,flops (<function _add_flops at 0x0000024B1B7DCCC0>) in statistical functions.
[2026-02-19 21:06:23,062] tensorflow - Level 1 - Registering Sub,flops (<function _sub_flops at 0x0000024B1B7DCD60>) in statistical functions.
[2026-02-19 21:06:23,062] tensorflow - Level 1 - Registering Mul,flops (<function _mul_flops at 0x0000024B1B7DCE00>) in statistical functions.
[2026-02-19 21:06:23,063] tensorflow - Level 1 - Registering RealDiv,flops (<function _real_div_flops at 0x0000024B1B7DCEA0>) in statistical functions.
[2026-02-19 21:06:23,063] tensorflow - Level 1 - Registering Maximum,flops (<function _maximum_flops at 0x0000024B1B7DCF40>) in statistical functions.
[2026-02-19 21:06:23,063] tensorflow - Level 1 - Registering Minimum,flops (<function _minimum_flops at 0x0000024B1B7DCFE0>) in statistical functions.
[2026-02-19 21:06:23,063] tensorflow - Level 1 - Registering Pow,flops (<function _pow_flops at 0x0000024B1B7DD080>) in statistical functions.
[2026-02-19 21:06:23,064] tensorflow - Level 1 - Registering RsqrtGrad,flops (<function _rsqrt_grad_flops at 0x0000024B1B7DD120>) in statistical functions.
[2026-02-19 21:06:23,064] tensorflow - Level 1 - Registering GreaterEqual,flops (<function _greater_equal_flops at 0x0000024B1B7DD1C0>) in statistical functions.
[2026-02-19 21:06:23,064] tensorflow - Level 1 - Registering Greater,flops (<function _greater_flops at 0x0000024B1B7DD260>) in statistical functions.
[2026-02-19 21:06:23,064] tensorflow - Level 1 - Registering LessEqual,flops (<function _less_equal_flops at 0x0000024B1B7DD300>) in statistical functions.
[2026-02-19 21:06:23,065] tensorflow - Level 1 - Registering Less,flops (<function _less_flops at 0x0000024B1B7DD3A0>) in statistical functions.
[2026-02-19 21:06:23,065] tensorflow - Level 1 - Registering Equal,flops (<function _equal_flops at 0x0000024B1B7DD440>) in statistical functions.
[2026-02-19 21:06:23,065] tensorflow - Level 1 - Registering NotEqual,flops (<function _not_equal_flops at 0x0000024B1B7DD4E0>) in statistical functions.
[2026-02-19 21:06:23,066] tensorflow - Level 1 - Registering SquaredDifference,flops (<function _squared_difference_flops at 0x0000024B1B7DD580>) in statistical functions.
[2026-02-19 21:06:23,066] tensorflow - Level 1 - Registering Mean,flops (<function _mean_flops at 0x0000024B1B7DD6C0>) in statistical functions.
[2026-02-19 21:06:23,066] tensorflow - Level 1 - Registering Sum,flops (<function _sum_flops at 0x0000024B1B7DD760>) in statistical functions.
[2026-02-19 21:06:23,066] tensorflow - Level 1 - Registering ArgMax,flops (<function _arg_max_flops at 0x0000024B1B7DD800>) in statistical functions.
[2026-02-19 21:06:23,067] tensorflow - Level 1 - Registering ArgMin,flops (<function _arg_min_flops at 0x0000024B1B7DD8A0>) in statistical functions.
[2026-02-19 21:06:23,067] tensorflow - Level 1 - Registering BiasAddGrad,flops (<function _bias_add_grad_flops at 0x0000024B1B7DD940>) in statistical functions.
[2026-02-19 21:06:23,067] tensorflow - Level 1 - Registering AvgPool,flops (<function _avg_pool_flops at 0x0000024B1B7DDB20>) in statistical functions.
[2026-02-19 21:06:23,067] tensorflow - Level 1 - Registering MaxPool,flops (<function _max_pool_flops at 0x0000024B1B7DDBC0>) in statistical functions.
[2026-02-19 21:06:23,068] tensorflow - Level 1 - Registering AvgPoolGrad,flops (<function _avg_pool_grad_flops at 0x0000024B1B7DDC60>) in statistical functions.
[2026-02-19 21:06:23,068] tensorflow - Level 1 - Registering MaxPoolGrad,flops (<function _max_pool_grad_flops at 0x0000024B1B7DDD00>) in statistical functions.
[2026-02-19 21:06:23,069] tensorflow - Level 1 - Registering Conv2DBackpropInput,flops (<function _conv_2d_backprop_input_flops at 0x0000024B1B7DDDA0>) in statistical functions.
[2026-02-19 21:06:23,069] tensorflow - Level 1 - Registering Conv2DBackpropFilter,flops (<function _conv_2d_backprop_filter_flops at 0x0000024B1B7DDE40>) in statistical functions.
[2026-02-19 21:06:23,069] tensorflow - Level 1 - Registering AddN,flops (<function _add_n_flops at 0x0000024B1B7DDEE0>) in statistical functions.
[2026-02-19 21:06:23,069] tensorflow - Level 1 - Registering MatMul,flops (<function _calc_mat_mul_flops at 0x0000024B1B7DDF80>) in statistical functions.
[2026-02-19 21:06:23,069] tensorflow - Level 1 - Registering BatchMatMulV3,flops (<function _calc_batch_mat_mul_flops at 0x0000024B1B7DE020>) in statistical functions.
[2026-02-19 21:06:23,069] tensorflow - Level 1 - Registering BatchMatMulV2,flops (<function _calc_batch_mat_mul_flops at 0x0000024B1B7DE020>) in statistical functions.
[2026-02-19 21:06:23,070] tensorflow - Level 1 - Registering BatchMatMul,flops (<function _calc_batch_mat_mul_flops at 0x0000024B1B7DE020>) in statistical functions.
[2026-02-19 21:06:24,892] tensorflow - Level 1 - Enabling eager execution
[2026-02-19 21:06:24,892] tensorflow - Level 1 - Enabling v2 tensorshape
[2026-02-19 21:06:24,892] tensorflow - Level 1 - Enabling resource variables
[2026-02-19 21:06:24,892] tensorflow - Level 1 - Enabling tensor equality
[2026-02-19 21:06:24,892] tensorflow - Level 1 - Enabling control flow v2
[2026-02-19 21:06:26,505] matplotlib - DEBUG - matplotlib data path: C:\Users\BS\anaconda3\Lib\site-packages\matplotlib\mpl-data
[2026-02-19 21:06:26,530] matplotlib - DEBUG - CONFIGDIR=C:\Users\BS\.matplotlib
[2026-02-19 21:06:26,538] matplotlib - DEBUG - interactive is False
[2026-02-19 21:06:26,538] matplotlib - DEBUG - platform is win32
[2026-02-19 21:06:26,812] matplotlib - DEBUG - CACHEDIR=C:\Users\BS\.matplotlib
[2026-02-19 21:06:26,819] matplotlib.font_manager - DEBUG - Using fontManager instance from C:\Users\BS\.matplotlib\fontlist-v390.json
[2026-02-19 21:06:42,516] tensorflow - WARNING - From C:\Users\BS\anaconda3\Lib\site-packages\tf_keras\src\losses.py:2976: The name tf.losses.sparse_softmax_cross_entropy is deprecated. Please use tf.compat.v1.losses.sparse_softmax_cross_entropy instead.

