[2026-02-16 21:04:22,649] pydot - DEBUG - pydot initializing
[2026-02-16 21:04:22,649] pydot - DEBUG - pydot 4.0.1
[2026-02-16 21:04:22,649] pydot.core - DEBUG - pydot core module initializing
[2026-02-16 21:04:35,503] tensorflow - Level 1 - Registering Relayout (<function _relayout_gradient at 0x0000021F2C91E020>) in gradient.
[2026-02-16 21:04:35,506] tensorflow - Level 1 - Registering RelayoutLike (<function _relayout_grad_gradient at 0x0000021F2C91E160>) in gradient.
[2026-02-16 21:04:35,506] tensorflow - Level 1 - Registering CopyToMesh (<function _copy_to_mesh_gradient at 0x0000021F2C91E840>) in gradient.
[2026-02-16 21:04:35,506] tensorflow - Level 1 - Registering CopyToMeshGrad (<function _copy_to_mesh_grad_gradient at 0x0000021F2C91E7A0>) in gradient.
[2026-02-16 21:04:35,520] tensorflow - Level 1 - Registering FakeQuantWithMinMaxArgs (<function _FakeQuantWithMinMaxArgsGradient at 0x0000021F2C9CA8E0>) in gradient.
[2026-02-16 21:04:35,520] tensorflow - Level 1 - Registering FakeQuantWithMinMaxVars (<function _FakeQuantWithMinMaxVarsGradient at 0x0000021F2C9CAAC0>) in gradient.
[2026-02-16 21:04:35,520] tensorflow - Level 1 - Registering FakeQuantWithMinMaxVarsPerChannel (<function _FakeQuantWithMinMaxVarsPerChannelGradient at 0x0000021F2C9CB060>) in gradient.
[2026-02-16 21:04:35,520] tensorflow - Level 1 - Registering QuantizeAndDequantizeV4 (<function _QuantizeAndDequantizeV4Grad at 0x0000021F2C9CB100>) in gradient.
[2026-02-16 21:04:35,520] tensorflow - Level 1 - Registering QuantizeAndDequantizeV4Grad (<function _QuantizeAndDequantizeV4GradGrad at 0x0000021F2C9CB1A0>) in gradient.
[2026-02-16 21:04:35,702] tensorflow - Level 1 - Registering TensorListConcatLists (None) in gradient.
[2026-02-16 21:04:35,702] tensorflow - Level 1 - Registering TensorListElementShape (None) in gradient.
[2026-02-16 21:04:35,702] tensorflow - Level 1 - Registering TensorListLength (None) in gradient.
[2026-02-16 21:04:35,702] tensorflow - Level 1 - Registering TensorListPushBackBatch (None) in gradient.
[2026-02-16 21:04:35,702] tensorflow - Level 1 - Registering TensorListPushBack (<function _PushBackGrad at 0x0000021F2CB8F7E0>) in gradient.
[2026-02-16 21:04:35,702] tensorflow - Level 1 - Registering TensorListPopBack (<function _PopBackGrad at 0x0000021F2CB8F880>) in gradient.
[2026-02-16 21:04:35,702] tensorflow - Level 1 - Registering TensorListStack (<function _TensorListStackGrad at 0x0000021F2CB8F920>) in gradient.
[2026-02-16 21:04:35,702] tensorflow - Level 1 - Registering TensorListConcatV2 (<function _TensorListConcatGrad at 0x0000021F2CB8F9C0>) in gradient.
[2026-02-16 21:04:35,702] tensorflow - Level 1 - Registering TensorListConcat (<function _TensorListConcatGrad at 0x0000021F2CB8F9C0>) in gradient.
[2026-02-16 21:04:35,702] tensorflow - Level 1 - Registering TensorListSplit (<function _TensorListSplitGrad at 0x0000021F2CB8FA60>) in gradient.
[2026-02-16 21:04:35,702] tensorflow - Level 1 - Registering TensorListFromTensor (<function _TensorListFromTensorGrad at 0x0000021F2CB8FB00>) in gradient.
[2026-02-16 21:04:35,702] tensorflow - Level 1 - Registering TensorListGetItem (<function _TensorListGetItemGrad at 0x0000021F2CB8FBA0>) in gradient.
[2026-02-16 21:04:35,702] tensorflow - Level 1 - Registering TensorListSetItem (<function _TensorListSetItemGrad at 0x0000021F2CB8FC40>) in gradient.
[2026-02-16 21:04:35,702] tensorflow - Level 1 - Registering TensorListResize (<function _TensorListResizeGrad at 0x0000021F2CB8FCE0>) in gradient.
[2026-02-16 21:04:35,702] tensorflow - Level 1 - Registering TensorListGather (<function _TensorListGatherGrad at 0x0000021F2CB8FD80>) in gradient.
[2026-02-16 21:04:35,706] tensorflow - Level 1 - Registering TensorListScatterV2 (<function _TensorListScatterGrad at 0x0000021F2CB8FE20>) in gradient.
[2026-02-16 21:04:35,706] tensorflow - Level 1 - Registering TensorListScatter (<function _TensorListScatterGrad at 0x0000021F2CB8FE20>) in gradient.
[2026-02-16 21:04:35,706] tensorflow - Level 1 - Registering TensorListScatterIntoExistingList (<function _TensorListScatterIntoExistingListGrad at 0x0000021F2CB8FEC0>) in gradient.
[2026-02-16 21:04:35,751] tensorflow - Level 1 - Registering AccumulateNV2 (<function _accumulate_n_grad at 0x0000021F2CD45120>) in gradient.
[2026-02-16 21:04:35,786] tensorflow - Level 1 - Registering cond_context ((<class 'tensorflow.core.protobuf.control_flow_pb2.CondContextDef'>, <function CondContext.to_proto at 0x0000021F2CE4C180>, <function CondContext.from_proto at 0x0000021F2CE4C220>)) in proto functions.
[2026-02-16 21:04:35,786] tensorflow - Level 1 - Registering while_context ((<class 'tensorflow.core.protobuf.control_flow_pb2.WhileContextDef'>, <function WhileContext.to_proto at 0x0000021F2CE4CFE0>, <function WhileContext.from_proto at 0x0000021F2CE4D120>)) in proto functions.
[2026-02-16 21:04:35,786] tensorflow - Level 1 - Registering _identity_resolver (<function _identity_resolver at 0x0000021F2CE4EFC0>) in acd_resource_resolvers.
[2026-02-16 21:04:35,838] tensorflow - Level 1 - Registering Assign (None) in gradient.
[2026-02-16 21:04:35,838] tensorflow - Level 1 - Registering AssignAdd (None) in gradient.
[2026-02-16 21:04:35,838] tensorflow - Level 1 - Registering AssignSub (None) in gradient.
[2026-02-16 21:04:35,838] tensorflow - Level 1 - Registering ScatterAdd (None) in gradient.
[2026-02-16 21:04:35,838] tensorflow - Level 1 - Registering ScatterSub (None) in gradient.
[2026-02-16 21:04:35,838] tensorflow - Level 1 - Registering ScatterMul (None) in gradient.
[2026-02-16 21:04:35,838] tensorflow - Level 1 - Registering ScatterDiv (None) in gradient.
[2026-02-16 21:04:35,838] tensorflow - Level 1 - Registering ScatterNdUpdate (None) in gradient.
[2026-02-16 21:04:35,838] tensorflow - Level 1 - Registering ScatterNdAdd (None) in gradient.
[2026-02-16 21:04:35,838] tensorflow - Level 1 - Registering ScatterNdSub (None) in gradient.
[2026-02-16 21:04:35,838] tensorflow - Level 1 - Registering ScatterNdMul (None) in gradient.
[2026-02-16 21:04:35,838] tensorflow - Level 1 - Registering ScatterNdDiv (None) in gradient.
[2026-02-16 21:04:35,853] tensorflow - Level 1 - Registering ReadVariableOp (<function _ReadGrad at 0x0000021F2CFD2E80>) in gradient.
[2026-02-16 21:04:35,853] tensorflow - Level 1 - Registering ResourceGather (<function _GatherGrad at 0x0000021F2CFD3EC0>) in gradient.
[2026-02-16 21:04:35,855] tensorflow - Level 1 - Registering Assert (None) in gradient.
[2026-02-16 21:04:35,855] tensorflow - Level 1 - Registering VarIsInitializedOp (None) in gradient.
[2026-02-16 21:04:35,855] tensorflow - Level 1 - Registering VariableShape (None) in gradient.
[2026-02-16 21:04:35,881] tensorflow - Level 1 - Registering RandomStandardNormal (None) in gradient.
[2026-02-16 21:04:35,881] tensorflow - Level 1 - Registering ParameterizedTruncatedNormal (None) in gradient.
[2026-02-16 21:04:35,881] tensorflow - Level 1 - Registering TruncatedNormal (None) in gradient.
[2026-02-16 21:04:35,881] tensorflow - Level 1 - Registering RandomUniform (None) in gradient.
[2026-02-16 21:04:35,881] tensorflow - Level 1 - Registering RandomShuffle (None) in gradient.
[2026-02-16 21:04:35,881] tensorflow - Level 1 - Registering Multinomial (None) in gradient.
[2026-02-16 21:04:35,944] tensorflow - Level 1 - Registering If (<function _IfGrad at 0x0000021F2D1BB6A0>) in gradient.
[2026-02-16 21:04:35,944] tensorflow - Level 1 - Registering StatelessIf (<function _IfGrad at 0x0000021F2D1BB6A0>) in gradient.
[2026-02-16 21:04:35,944] tensorflow - Level 1 - Registering StatelessCase (<function _CaseGrad at 0x0000021F2D1D8E00>) in gradient.
[2026-02-16 21:04:35,944] tensorflow - Level 1 - Registering Case (<function _CaseGrad at 0x0000021F2D1D8E00>) in gradient.
[2026-02-16 21:04:35,967] tensorflow - Level 1 - Registering While (<function _WhileGrad at 0x0000021F2D23B6A0>) in gradient.
[2026-02-16 21:04:35,967] tensorflow - Level 1 - Registering StatelessWhile (<function _WhileGrad at 0x0000021F2D23B6A0>) in gradient.
[2026-02-16 21:04:36,130] tensorflow - Level 1 - Registering EnsureShape (<function _ensure_shape_grad at 0x0000021F2D496E80>) in gradient.
[2026-02-16 21:04:36,151] tensorflow - Level 1 - Registering RaggedTensorToSparse (<function _ragged_tensor_to_sparse_gradient at 0x0000021F2D50EE80>) in gradient.
[2026-02-16 21:04:36,184] tensorflow - Level 1 - Registering Conv2DBackpropInput (<function _Conv2DBackpropInputGrad at 0x0000021F2D57B2E0>) in gradient.
[2026-02-16 21:04:36,186] tensorflow - Level 1 - Registering Conv2DBackpropFilter (<function _Conv2DBackpropFilterGrad at 0x0000021F2D57B920>) in gradient.
[2026-02-16 21:04:36,186] tensorflow - Level 1 - Registering DepthwiseConv2dNativeBackpropInput (<function _DepthwiseConv2dNativeBackpropInputGrad at 0x0000021F2D5CC0E0>) in gradient.
[2026-02-16 21:04:36,186] tensorflow - Level 1 - Registering DepthwiseConv2dNativeBackpropFilter (<function _DepthwiseConv2dNativeBackpropFilterGrad at 0x0000021F2D5CC720>) in gradient.
[2026-02-16 21:04:36,186] tensorflow - Level 1 - Registering Conv3D (<function _Conv3DGrad at 0x0000021F2D5CC7C0>) in gradient.
[2026-02-16 21:04:36,186] tensorflow - Level 1 - Registering Conv3DBackpropInputV2 (<function _Conv3DBackpropInputGrad at 0x0000021F2D5CC860>) in gradient.
[2026-02-16 21:04:36,186] tensorflow - Level 1 - Registering Conv3DBackpropFilterV2 (<function _Conv3DBackpropFilterGrad at 0x0000021F2D5CC900>) in gradient.
[2026-02-16 21:04:36,186] tensorflow - Level 1 - Registering AvgPool3D (<function _AvgPool3DGrad at 0x0000021F2D5CC9A0>) in gradient.
[2026-02-16 21:04:36,186] tensorflow - Level 1 - Registering AvgPool3DGrad (<function _AvgPool3DGradGrad at 0x0000021F2D5CCA40>) in gradient.
[2026-02-16 21:04:36,186] tensorflow - Level 1 - Registering MaxPool3D (<function _MaxPool3DGrad at 0x0000021F2D5CCAE0>) in gradient.
[2026-02-16 21:04:36,186] tensorflow - Level 1 - Registering MaxPool3DGrad (<function _MaxPool3DGradGrad at 0x0000021F2D5CCB80>) in gradient.
[2026-02-16 21:04:36,186] tensorflow - Level 1 - Registering MaxPool3DGradGrad (<function _MaxPool3DGradGradGrad at 0x0000021F2D5CCC20>) in gradient.
[2026-02-16 21:04:36,186] tensorflow - Level 1 - Registering Softmax (<function _SoftmaxGrad at 0x0000021F2D5CCCC0>) in gradient.
[2026-02-16 21:04:36,186] tensorflow - Level 1 - Registering LogSoftmax (<function _LogSoftmaxGrad at 0x0000021F2D5CCD60>) in gradient.
[2026-02-16 21:04:36,186] tensorflow - Level 1 - Registering BiasAdd (<function _BiasAddGrad at 0x0000021F2D5CCE00>) in gradient.
[2026-02-16 21:04:36,186] tensorflow - Level 1 - Registering BiasAddGrad (<function _BiasAddGradGrad at 0x0000021F2D5CCEA0>) in gradient.
[2026-02-16 21:04:36,189] tensorflow - Level 1 - Registering BiasAddV1 (<function _BiasAddGradV1 at 0x0000021F2D5CCF40>) in gradient.
[2026-02-16 21:04:36,189] tensorflow - Level 1 - Registering Relu (<function _ReluGrad at 0x0000021F2D5CCFE0>) in gradient.
[2026-02-16 21:04:36,189] tensorflow - Level 1 - Registering EluGrad (<function _EluGradGrad at 0x0000021F2D5CD080>) in gradient.
[2026-02-16 21:04:36,189] tensorflow - Level 1 - Registering SeluGrad (<function _SeluGradGrad at 0x0000021F2D5CD120>) in gradient.
[2026-02-16 21:04:36,189] tensorflow - Level 1 - Registering Relu6 (<function _Relu6Grad at 0x0000021F2D5CD1C0>) in gradient.
[2026-02-16 21:04:36,189] tensorflow - Level 1 - Registering Relu6Grad (<function _Relu6GradGrad at 0x0000021F2D5CD260>) in gradient.
[2026-02-16 21:04:36,189] tensorflow - Level 1 - Registering LeakyRelu (<function _LeakyReluGrad at 0x0000021F2D5CD300>) in gradient.
[2026-02-16 21:04:36,189] tensorflow - Level 1 - Registering LeakyReluGrad (<function _LeakyReluGradGrad at 0x0000021F2D5CD3A0>) in gradient.
[2026-02-16 21:04:36,189] tensorflow - Level 1 - Registering Elu (<function _EluGrad at 0x0000021F2D5CD440>) in gradient.
[2026-02-16 21:04:36,189] tensorflow - Level 1 - Registering Selu (<function _SeluGrad at 0x0000021F2D5CD4E0>) in gradient.
[2026-02-16 21:04:36,189] tensorflow - Level 1 - Registering Softplus (<function _SoftplusGrad at 0x0000021F2D5CD580>) in gradient.
[2026-02-16 21:04:36,189] tensorflow - Level 1 - Registering SoftplusGrad (<function _SoftplusGradGrad at 0x0000021F2D5CD620>) in gradient.
[2026-02-16 21:04:36,189] tensorflow - Level 1 - Registering Softsign (<function _SoftsignGrad at 0x0000021F2D5CD6C0>) in gradient.
[2026-02-16 21:04:36,189] tensorflow - Level 1 - Registering ReluGrad (<function _ReluGradGrad at 0x0000021F2D5CD760>) in gradient.
[2026-02-16 21:04:36,189] tensorflow - Level 1 - Registering SoftmaxCrossEntropyWithLogits (<function _SoftmaxCrossEntropyWithLogitsGrad at 0x0000021F2D5CD8A0>) in gradient.
[2026-02-16 21:04:36,189] tensorflow - Level 1 - Registering SparseSoftmaxCrossEntropyWithLogits (<function _SparseSoftmaxCrossEntropyWithLogitsGrad at 0x0000021F2D5CD940>) in gradient.
[2026-02-16 21:04:36,189] tensorflow - Level 1 - Registering Conv2D (<function _Conv2DGrad at 0x0000021F2D5CD9E0>) in gradient.
[2026-02-16 21:04:36,189] tensorflow - Level 1 - Registering DepthwiseConv2dNative (<function _DepthwiseConv2dNativeGrad at 0x0000021F2D5CDA80>) in gradient.
[2026-02-16 21:04:36,189] tensorflow - Level 1 - Registering Dilation2D (<function _Dilation2DGrad at 0x0000021F2D5CDB20>) in gradient.
[2026-02-16 21:04:36,189] tensorflow - Level 1 - Registering LRN (<function _LRNGrad at 0x0000021F2D5CDBC0>) in gradient.
[2026-02-16 21:04:36,189] tensorflow - Level 1 - Registering AvgPool (<function _AvgPoolGrad at 0x0000021F2D5CDC60>) in gradient.
[2026-02-16 21:04:36,189] tensorflow - Level 1 - Registering AvgPoolGrad (<function _AvgPoolGradGrad at 0x0000021F2D5CDD00>) in gradient.
[2026-02-16 21:04:36,189] tensorflow - Level 1 - Registering MaxPool (<function _MaxPoolGrad at 0x0000021F2D5CDDA0>) in gradient.
[2026-02-16 21:04:36,189] tensorflow - Level 1 - Registering MaxPoolV2 (<function _MaxPoolGradV2 at 0x0000021F2D5CDE40>) in gradient.
[2026-02-16 21:04:36,189] tensorflow - Level 1 - Registering MaxPoolWithArgmax (<function _MaxPoolGradWithArgmax at 0x0000021F2D5CDEE0>) in gradient.
[2026-02-16 21:04:36,189] tensorflow - Level 1 - Registering MaxPoolGrad (<function _MaxPoolGradGrad at 0x0000021F2D5CDF80>) in gradient.
[2026-02-16 21:04:36,189] tensorflow - Level 1 - Registering MaxPoolGradV2 (<function _MaxPoolGradGradV2 at 0x0000021F2D5CE020>) in gradient.
[2026-02-16 21:04:36,189] tensorflow - Level 1 - Registering MaxPoolGradGrad (<function _MaxPoolGradGradGrad at 0x0000021F2D5CE0C0>) in gradient.
[2026-02-16 21:04:36,189] tensorflow - Level 1 - Registering FractionalMaxPool (<function _FractionalMaxPoolGrad at 0x0000021F2D5CE160>) in gradient.
[2026-02-16 21:04:36,189] tensorflow - Level 1 - Registering FractionalAvgPool (<function _FractionalAvgPoolGrad at 0x0000021F2D5CE200>) in gradient.
[2026-02-16 21:04:36,189] tensorflow - Level 1 - Registering BatchNormWithGlobalNormalization (<function _BatchNormWithGlobalNormalizationGrad at 0x0000021F2D5CE2A0>) in gradient.
[2026-02-16 21:04:36,189] tensorflow - Level 1 - Registering FusedBatchNorm (<function _FusedBatchNormGrad at 0x0000021F2D5CE3E0>) in gradient.
[2026-02-16 21:04:36,189] tensorflow - Level 1 - Registering FusedBatchNormV2 (<function _FusedBatchNormV2Grad at 0x0000021F2D5CE480>) in gradient.
[2026-02-16 21:04:36,189] tensorflow - Level 1 - Registering FusedBatchNormV3 (<function _FusedBatchNormV3Grad at 0x0000021F2D5CE520>) in gradient.
[2026-02-16 21:04:36,189] tensorflow - Level 1 - Registering L2Loss (<function _L2LossGrad at 0x0000021F2D5CE5C0>) in gradient.
[2026-02-16 21:04:36,189] tensorflow - Level 1 - Registering TopKV2 (<function _TopKGrad at 0x0000021F2D5CE660>) in gradient.
[2026-02-16 21:04:36,189] tensorflow - Level 1 - Registering TopK (<function _TopKGrad at 0x0000021F2D5CE660>) in gradient.
[2026-02-16 21:04:36,189] tensorflow - Level 1 - Registering ApproxTopK (<function _ApproxTopKGradient at 0x0000021F2D5CE700>) in gradient.
[2026-02-16 21:04:36,189] tensorflow - Level 1 - Registering NthElement (<function _NthElementGrad at 0x0000021F2D5CE7A0>) in gradient.
[2026-02-16 21:04:36,189] tensorflow - Level 1 - Registering IsotonicRegression (<function _IsotonicRegressionGrad at 0x0000021F2D5CE8E0>) in gradient.
[2026-02-16 21:04:36,204] tensorflow - Level 1 - Registering BitwiseAnd (None) in gradient.
[2026-02-16 21:04:36,206] tensorflow - Level 1 - Registering BitwiseOr (None) in gradient.
[2026-02-16 21:04:36,206] tensorflow - Level 1 - Registering BitwiseXor (None) in gradient.
[2026-02-16 21:04:36,206] tensorflow - Level 1 - Registering Invert (None) in gradient.
[2026-02-16 21:04:36,206] tensorflow - Level 1 - Registering PopulationCount (None) in gradient.
[2026-02-16 21:04:36,206] tensorflow - Level 1 - Registering LeftShift (None) in gradient.
[2026-02-16 21:04:36,206] tensorflow - Level 1 - Registering RightShift (None) in gradient.
[2026-02-16 21:04:36,207] tensorflow - Level 1 - Registering StatelessMultinomial (None) in gradient.
[2026-02-16 21:04:36,207] tensorflow - Level 1 - Registering StatelessRandomBinomial (None) in gradient.
[2026-02-16 21:04:36,207] tensorflow - Level 1 - Registering StatelessRandomNormal (None) in gradient.
[2026-02-16 21:04:36,207] tensorflow - Level 1 - Registering StatelessRandomPoisson (None) in gradient.
[2026-02-16 21:04:36,207] tensorflow - Level 1 - Registering StatelessRandomUniform (None) in gradient.
[2026-02-16 21:04:36,207] tensorflow - Level 1 - Registering StatelessRandomUniformInt (None) in gradient.
[2026-02-16 21:04:36,210] tensorflow - Level 1 - Registering StatelessRandomUniformFullInt (None) in gradient.
[2026-02-16 21:04:36,210] tensorflow - Level 1 - Registering StatelessTruncatedNormal (None) in gradient.
[2026-02-16 21:04:36,210] tensorflow - Level 1 - Registering StatelessRandomNormalV2 (None) in gradient.
[2026-02-16 21:04:36,210] tensorflow - Level 1 - Registering StatelessRandomUniformV2 (None) in gradient.
[2026-02-16 21:04:36,210] tensorflow - Level 1 - Registering StatelessRandomUniformIntV2 (None) in gradient.
[2026-02-16 21:04:36,210] tensorflow - Level 1 - Registering StatelessRandomUniformFullIntV2 (None) in gradient.
[2026-02-16 21:04:36,210] tensorflow - Level 1 - Registering StatelessTruncatedNormalV2 (None) in gradient.
[2026-02-16 21:04:36,210] tensorflow - Level 1 - Registering StatelessRandomShuffle (None) in gradient.
[2026-02-16 21:04:36,210] tensorflow - Level 1 - Registering RandomIndexShuffle (None) in gradient.
[2026-02-16 21:04:36,220] tensorflow - Level 1 - Registering Conv3D,flops (<function _calc_conv3d_flops at 0x0000021F2D685080>) in statistical functions.
[2026-02-16 21:04:36,223] tensorflow - Level 1 - Registering Conv2D,flops (<function _calc_conv_flops at 0x0000021F2D685260>) in statistical functions.
[2026-02-16 21:04:36,223] tensorflow - Level 1 - Registering DepthwiseConv2dNative,flops (<function _calc_depthwise_conv_flops at 0x0000021F2D685800>) in statistical functions.
[2026-02-16 21:04:36,223] tensorflow - Level 1 - Registering BiasAdd,flops (<function _calc_bias_add_flops at 0x0000021F2D6858A0>) in statistical functions.
[2026-02-16 21:04:36,225] tensorflow - Level 1 - Registering Dilation2D,flops (<function _calc_dilation2d_flops at 0x0000021F2D687380>) in statistical functions.
[2026-02-16 21:04:36,239] tensorflow - Level 1 - Registering CompositeTensorVariantFromComponents (<function _composite_tensor_to_variants_grad at 0x0000021F2D768400>) in gradient.
[2026-02-16 21:04:36,240] tensorflow - Level 1 - Registering CompositeTensorVariantToComponents (<function _composite_tensor_from_variant_grad at 0x0000021F2D7684A0>) in gradient.
[2026-02-16 21:04:36,252] tensorflow - Level 1 - Registering RaggedRange (None) in gradient.
[2026-02-16 21:04:36,259] tensorflow - Level 1 - Registering RaggedFillEmptyRows (<function _ragged_fill_empty_rows_grad at 0x0000021F2D7C9300>) in gradient.
[2026-02-16 21:04:36,267] tensorflow - Level 1 - Registering RaggedGather (<function _ragged_gather_grad at 0x0000021F2D7CB1A0>) in gradient.
[2026-02-16 21:04:36,270] tensorflow - Level 1 - Registering RegexReplace (None) in gradient.
[2026-02-16 21:04:36,276] tensorflow - Level 1 - Registering StringToHashBucket (None) in gradient.
[2026-02-16 21:04:36,276] tensorflow - Level 1 - Registering StringToHashBucketFast (None) in gradient.
[2026-02-16 21:04:36,276] tensorflow - Level 1 - Registering StringToHashBucketStrong (None) in gradient.
[2026-02-16 21:04:36,276] tensorflow - Level 1 - Registering ReduceJoin (None) in gradient.
[2026-02-16 21:04:36,276] tensorflow - Level 1 - Registering StringJoin (None) in gradient.
[2026-02-16 21:04:36,276] tensorflow - Level 1 - Registering StringSplit (None) in gradient.
[2026-02-16 21:04:36,276] tensorflow - Level 1 - Registering AsString (None) in gradient.
[2026-02-16 21:04:36,276] tensorflow - Level 1 - Registering EncodeBase64 (None) in gradient.
[2026-02-16 21:04:36,276] tensorflow - Level 1 - Registering DecodeBase64 (None) in gradient.
[2026-02-16 21:04:36,278] tensorflow - Level 1 - Registering Print (<function _PrintGrad at 0x0000021F2D801E40>) in gradient.
[2026-02-16 21:04:36,278] tensorflow - Level 1 - Registering HistogramSummary (None) in gradient.
[2026-02-16 21:04:36,278] tensorflow - Level 1 - Registering ImageSummary (None) in gradient.
[2026-02-16 21:04:36,278] tensorflow - Level 1 - Registering AudioSummary (None) in gradient.
[2026-02-16 21:04:36,278] tensorflow - Level 1 - Registering AudioSummaryV2 (None) in gradient.
[2026-02-16 21:04:36,278] tensorflow - Level 1 - Registering MergeSummary (None) in gradient.
[2026-02-16 21:04:36,278] tensorflow - Level 1 - Registering ScalarSummary (None) in gradient.
[2026-02-16 21:04:36,278] tensorflow - Level 1 - Registering TensorSummary (None) in gradient.
[2026-02-16 21:04:36,278] tensorflow - Level 1 - Registering TensorSummaryV2 (None) in gradient.
[2026-02-16 21:04:36,278] tensorflow - Level 1 - Registering Timestamp (None) in gradient.
[2026-02-16 21:04:36,312] tensorflow - Level 1 - Registering XlaEinsum (<function _einsum_grad at 0x0000021F2D8B8EA0>) in gradient.
[2026-02-16 21:04:36,321] tensorflow - Level 1 - Registering RaggedTensorToTensor (<function _ragged_tensor_to_tensor_grad at 0x0000021F2D8EDE40>) in gradient.
[2026-02-16 21:04:36,321] tensorflow - Level 1 - Registering RaggedTensorFromVariant (<function _ragged_tensor_from_variant_grad at 0x0000021F2D8EE0C0>) in gradient.
[2026-02-16 21:04:36,321] tensorflow - Level 1 - Registering RaggedTensorToVariant (<function _ragged_tensor_to_variant_grad at 0x0000021F2D8EE160>) in gradient.
[2026-02-16 21:04:36,327] tensorflow - Level 1 - Registering ClipByValue (<function _clip_by_value_grad at 0x0000021F2D8EE840>) in gradient.
[2026-02-16 21:04:36,329] tensorflow - Level 1 - Registering DynamicPartition (<function _DynamicPartitionGrads at 0x0000021F2D8EF240>) in gradient.
[2026-02-16 21:04:36,331] tensorflow - Level 1 - Registering ParallelDynamicStitch (<function _DynamicStitchGrads at 0x0000021F2D8EF560>) in gradient.
[2026-02-16 21:04:36,331] tensorflow - Level 1 - Registering DynamicStitch (<function _DynamicStitchGrads at 0x0000021F2D8EF560>) in gradient.
[2026-02-16 21:04:36,333] tensorflow - Level 1 - Registering Queue (None) in gradient.
[2026-02-16 21:04:36,333] tensorflow - Level 1 - Registering QueueEnqueue (None) in gradient.
[2026-02-16 21:04:36,333] tensorflow - Level 1 - Registering QueueEnqueueMany (None) in gradient.
[2026-02-16 21:04:36,333] tensorflow - Level 1 - Registering QueueDequeue (None) in gradient.
[2026-02-16 21:04:36,333] tensorflow - Level 1 - Registering QueueDequeueMany (None) in gradient.
[2026-02-16 21:04:36,333] tensorflow - Level 1 - Registering QueueDequeueUpTo (None) in gradient.
[2026-02-16 21:04:36,333] tensorflow - Level 1 - Registering QueueClose (None) in gradient.
[2026-02-16 21:04:36,333] tensorflow - Level 1 - Registering QueueSize (None) in gradient.
[2026-02-16 21:04:36,333] tensorflow - Level 1 - Registering Stack (None) in gradient.
[2026-02-16 21:04:36,333] tensorflow - Level 1 - Registering StackPush (None) in gradient.
[2026-02-16 21:04:36,333] tensorflow - Level 1 - Registering StackPop (None) in gradient.
[2026-02-16 21:04:36,333] tensorflow - Level 1 - Registering StackClose (None) in gradient.
[2026-02-16 21:04:36,333] tensorflow - Level 1 - Registering GetSessionHandle (None) in gradient.
[2026-02-16 21:04:36,333] tensorflow - Level 1 - Registering GetSessionHandleV2 (None) in gradient.
[2026-02-16 21:04:36,333] tensorflow - Level 1 - Registering GetSessionTensor (None) in gradient.
[2026-02-16 21:04:36,333] tensorflow - Level 1 - Registering DeleteSessionTensor (None) in gradient.
[2026-02-16 21:04:36,382] tensorflow - Level 1 - Registering TPUReplicatedInput (None) in gradient.
[2026-02-16 21:04:36,382] tensorflow - Level 1 - Registering AllToAll (<function _all_to_all_grad at 0x0000021F2DA658A0>) in gradient.
[2026-02-16 21:04:36,382] tensorflow - Level 1 - Registering CollectivePermute (<function _collective_permute_grad at 0x0000021F2DA65A80>) in gradient.
[2026-02-16 21:04:36,382] tensorflow - Level 1 - Registering CrossReplicaSum (<function _cross_replica_sum_grad at 0x0000021F2DA65B20>) in gradient.
[2026-02-16 21:04:36,382] tensorflow - Level 1 - Registering TPUEmbeddingActivations (<function _embedding_activations_grad at 0x0000021F2DA65BC0>) in gradient.
[2026-02-16 21:04:36,401] tensorflow - Level 1 - Registering XlaClusterOutput (<function _XlaClusterOutputGrad at 0x0000021F2DAC80E0>) in gradient.
[2026-02-16 21:04:36,412] tensorflow - Level 1 - Registering Pack (<function _PackGrad at 0x0000021F2DAC9260>) in gradient.
[2026-02-16 21:04:36,412] tensorflow - Level 1 - Registering Unpack (<function _UnpackGrad at 0x0000021F2DAC93A0>) in gradient.
[2026-02-16 21:04:36,412] tensorflow - Level 1 - Registering Concat (<function _ConcatGrad at 0x0000021F2DAC9580>) in gradient.
[2026-02-16 21:04:36,412] tensorflow - Level 1 - Registering ConcatV2 (<function _ConcatGradV2 at 0x0000021F2DAC9620>) in gradient.
[2026-02-16 21:04:36,412] tensorflow - Level 1 - Registering ConcatOffset (None) in gradient.
[2026-02-16 21:04:36,412] tensorflow - Level 1 - Registering Slice (<function _SliceGrad at 0x0000021F2DAC96C0>) in gradient.
[2026-02-16 21:04:36,412] tensorflow - Level 1 - Registering StridedSlice (<function _StridedSliceGrad at 0x0000021F2DAC98A0>) in gradient.
[2026-02-16 21:04:36,412] tensorflow - Level 1 - Registering StridedSliceGrad (<function _StridedSliceGradGrad at 0x0000021F2DAC9940>) in gradient.
[2026-02-16 21:04:36,412] tensorflow - Level 1 - Registering TensorStridedSliceUpdate (<function _TensorStridedSliceUpdateGrad at 0x0000021F2DAC99E0>) in gradient.
[2026-02-16 21:04:36,412] tensorflow - Level 1 - Registering Split (<function _SplitGrad at 0x0000021F2DAC9A80>) in gradient.
[2026-02-16 21:04:36,412] tensorflow - Level 1 - Registering SplitV (<function _SplitVGrad at 0x0000021F2DAC9B20>) in gradient.
[2026-02-16 21:04:36,412] tensorflow - Level 1 - Registering Const (None) in gradient.
[2026-02-16 21:04:36,412] tensorflow - Level 1 - Registering Diag (<function _DiagGrad at 0x0000021F2DAC9BC0>) in gradient.
[2026-02-16 21:04:36,412] tensorflow - Level 1 - Registering DiagPart (<function _DiagPartGrad at 0x0000021F2DAC9C60>) in gradient.
[2026-02-16 21:04:36,412] tensorflow - Level 1 - Registering MatrixDiag (<function _MatrixDiagGrad at 0x0000021F2DAC9D00>) in gradient.
[2026-02-16 21:04:36,412] tensorflow - Level 1 - Registering MatrixDiagV2 (<function _MatrixDiagV2Grad at 0x0000021F2DAC9DA0>) in gradient.
[2026-02-16 21:04:36,412] tensorflow - Level 1 - Registering MatrixDiagV3 (<function _MatrixDiagV3Grad at 0x0000021F2DAC9E40>) in gradient.
[2026-02-16 21:04:36,412] tensorflow - Level 1 - Registering MatrixDiagPart (<function _MatrixDiagPartGrad at 0x0000021F2DAC9EE0>) in gradient.
[2026-02-16 21:04:36,412] tensorflow - Level 1 - Registering MatrixDiagPartV2 (<function _MatrixDiagPartV2Grad at 0x0000021F2DAC9F80>) in gradient.
[2026-02-16 21:04:36,412] tensorflow - Level 1 - Registering MatrixDiagPartV3 (<function _MatrixDiagPartV3Grad at 0x0000021F2DACA020>) in gradient.
[2026-02-16 21:04:36,412] tensorflow - Level 1 - Registering MatrixSetDiag (<function _MatrixSetDiagGrad at 0x0000021F2DACA0C0>) in gradient.
[2026-02-16 21:04:36,412] tensorflow - Level 1 - Registering MatrixSetDiagV2 (<function _MatrixSetDiagGradV2 at 0x0000021F2DACA160>) in gradient.
[2026-02-16 21:04:36,412] tensorflow - Level 1 - Registering MatrixSetDiagV3 (<function _MatrixSetDiagGradV3 at 0x0000021F2DACA200>) in gradient.
[2026-02-16 21:04:36,412] tensorflow - Level 1 - Registering MatrixBandPart (<function _MatrixBandPartGrad at 0x0000021F2DACA2A0>) in gradient.
[2026-02-16 21:04:36,412] tensorflow - Level 1 - Registering EditDistance (None) in gradient.
[2026-02-16 21:04:36,412] tensorflow - Level 1 - Registering Fill (<function _FillGrad at 0x0000021F2DACA340>) in gradient.
[2026-02-16 21:04:36,412] tensorflow - Level 1 - Registering ZerosLike (None) in gradient.
[2026-02-16 21:04:36,412] tensorflow - Level 1 - Registering OnesLike (None) in gradient.
[2026-02-16 21:04:36,412] tensorflow - Level 1 - Registering PreventGradient (<function _PreventGradientGrad at 0x0000021F2DACA3E0>) in gradient.
[2026-02-16 21:04:36,412] tensorflow - Level 1 - Registering Gather (<function _GatherGrad at 0x0000021F2DACA520>) in gradient.
[2026-02-16 21:04:36,412] tensorflow - Level 1 - Registering GatherV2 (<function _GatherV2Grad at 0x0000021F2DACA700>) in gradient.
[2026-02-16 21:04:36,412] tensorflow - Level 1 - Registering GatherNd (<function _GatherNdGrad at 0x0000021F2DACA7A0>) in gradient.
[2026-02-16 21:04:36,412] tensorflow - Level 1 - Registering ResourceGatherNd (<function _ResourceGatherNdGrad at 0x0000021F2DACA840>) in gradient.
[2026-02-16 21:04:36,412] tensorflow - Level 1 - Registering CheckNumerics (<function _CheckNumericsGrad at 0x0000021F2DACA8E0>) in gradient.
[2026-02-16 21:04:36,412] tensorflow - Level 1 - Registering CheckNumericsV2 (<function _CheckNumericsV2Grad at 0x0000021F2DACA980>) in gradient.
[2026-02-16 21:04:36,412] tensorflow - Level 1 - Registering Identity (<function _IdGrad at 0x0000021F2DACAA20>) in gradient.
[2026-02-16 21:04:36,412] tensorflow - Level 1 - Registering PlaceholderWithDefault (<function _IdGrad at 0x0000021F2DACAA20>) in gradient.
[2026-02-16 21:04:36,412] tensorflow - Level 1 - Registering _EagerConst (<function _EagerConstGrad at 0x0000021F2DACAAC0>) in gradient.
[2026-02-16 21:04:36,412] tensorflow - Level 1 - Registering RefIdentity (<function _RefIdGrad at 0x0000021F2DACAB60>) in gradient.
[2026-02-16 21:04:36,412] tensorflow - Level 1 - Registering IdentityN (<function _IdNGrad at 0x0000021F2DACAC00>) in gradient.
[2026-02-16 21:04:36,412] tensorflow - Level 1 - Registering StopGradient (None) in gradient.
[2026-02-16 21:04:36,412] tensorflow - Level 1 - Registering Reshape (<function _ReshapeGrad at 0x0000021F2DACACA0>) in gradient.
[2026-02-16 21:04:36,412] tensorflow - Level 1 - Registering InvertPermutation (None) in gradient.
[2026-02-16 21:04:36,412] tensorflow - Level 1 - Registering ExpandDims (<function _ExpandDimsGrad at 0x0000021F2DACADE0>) in gradient.
[2026-02-16 21:04:36,412] tensorflow - Level 1 - Registering Squeeze (<function _SqueezeGrad at 0x0000021F2DACAE80>) in gradient.
[2026-02-16 21:04:36,412] tensorflow - Level 1 - Registering Transpose (<function _TransposeGrad at 0x0000021F2DACAF20>) in gradient.
[2026-02-16 21:04:36,412] tensorflow - Level 1 - Registering ConjugateTranspose (<function _ConjugateTransposeGrad at 0x0000021F2DACAFC0>) in gradient.
[2026-02-16 21:04:36,412] tensorflow - Level 1 - Registering Shape (None) in gradient.
[2026-02-16 21:04:36,412] tensorflow - Level 1 - Registering ShapeN (None) in gradient.
[2026-02-16 21:04:36,412] tensorflow - Level 1 - Registering Rank (None) in gradient.
[2026-02-16 21:04:36,412] tensorflow - Level 1 - Registering Size (None) in gradient.
[2026-02-16 21:04:36,412] tensorflow - Level 1 - Registering Tile (<function _TileGrad at 0x0000021F2DACB060>) in gradient.
[2026-02-16 21:04:36,412] tensorflow - Level 1 - Registering BroadcastGradientArgs (None) in gradient.
[2026-02-16 21:04:36,412] tensorflow - Level 1 - Registering Pad (<function _PadGrad at 0x0000021F2DACB100>) in gradient.
[2026-02-16 21:04:36,412] tensorflow - Level 1 - Registering PadV2 (<function _PadGrad at 0x0000021F2DACB100>) in gradient.
[2026-02-16 21:04:36,412] tensorflow - Level 1 - Registering ReverseSequence (<function _ReverseSequenceGrad at 0x0000021F2DACB1A0>) in gradient.
[2026-02-16 21:04:36,412] tensorflow - Level 1 - Registering Reverse (<function _ReverseGrad at 0x0000021F2DACB240>) in gradient.
[2026-02-16 21:04:36,412] tensorflow - Level 1 - Registering ReverseV2 (<function _ReverseV2Grad at 0x0000021F2DACB2E0>) in gradient.
[2026-02-16 21:04:36,412] tensorflow - Level 1 - Registering SpaceToBatch (<function _SpaceToBatchGrad at 0x0000021F2DACB380>) in gradient.
[2026-02-16 21:04:36,412] tensorflow - Level 1 - Registering SpaceToBatchND (<function _SpaceToBatchNDGrad at 0x0000021F2DACB420>) in gradient.
[2026-02-16 21:04:36,412] tensorflow - Level 1 - Registering BatchToSpace (<function _BatchToSpaceGrad at 0x0000021F2DACB4C0>) in gradient.
[2026-02-16 21:04:36,412] tensorflow - Level 1 - Registering BatchToSpaceND (<function _BatchToSpaceNDGrad at 0x0000021F2DACB560>) in gradient.
[2026-02-16 21:04:36,412] tensorflow - Level 1 - Registering SpaceToDepth (<function _SpaceToDepthGrad at 0x0000021F2DACB600>) in gradient.
[2026-02-16 21:04:36,412] tensorflow - Level 1 - Registering DepthToSpace (<function _DepthToSpaceGrad at 0x0000021F2DACB6A0>) in gradient.
[2026-02-16 21:04:36,412] tensorflow - Level 1 - Registering OneHot (None) in gradient.
[2026-02-16 21:04:36,412] tensorflow - Level 1 - Registering MirrorPad (<function _MirrorPadGrad at 0x0000021F2DACB740>) in gradient.
[2026-02-16 21:04:36,412] tensorflow - Level 1 - Registering MirrorPadGrad (<function _MirrorPadGradGrad at 0x0000021F2DACB7E0>) in gradient.
[2026-02-16 21:04:36,412] tensorflow - Level 1 - Registering FakeQuantWithMinMaxArgsGradient (None) in gradient.
[2026-02-16 21:04:36,412] tensorflow - Level 1 - Registering FakeQuantWithMinMaxVarsGradient (None) in gradient.
[2026-02-16 21:04:36,412] tensorflow - Level 1 - Registering FakeQuantWithMinMaxVarsPerChannelGradient (None) in gradient.
[2026-02-16 21:04:36,412] tensorflow - Level 1 - Registering QuantizeAndDequantize (<function _QuantizeAndDequantizeGrad at 0x0000021F2DACB880>) in gradient.
[2026-02-16 21:04:36,412] tensorflow - Level 1 - Registering QuantizeAndDequantizeV2 (<function _QuantizeAndDequantizeV2Grad at 0x0000021F2DACB9C0>) in gradient.
[2026-02-16 21:04:36,412] tensorflow - Level 1 - Registering QuantizeAndDequantizeV3 (<function _QuantizeAndDequantizeV3Grad at 0x0000021F2DACBA60>) in gradient.
[2026-02-16 21:04:36,412] tensorflow - Level 1 - Registering ExtractImagePatches (<function _ExtractImagePatchesGrad at 0x0000021F2DACB920>) in gradient.
[2026-02-16 21:04:36,412] tensorflow - Level 1 - Registering ExtractVolumePatches (<function _ExtractVolumePatchesGrad at 0x0000021F2DACBB00>) in gradient.
[2026-02-16 21:04:36,412] tensorflow - Level 1 - Registering ScatterNd (<function _ScatterNdGrad at 0x0000021F2DACBBA0>) in gradient.
[2026-02-16 21:04:36,412] tensorflow - Level 1 - Registering TensorScatterUpdate (<function _TensorScatterUpdateGrad at 0x0000021F2DACBC40>) in gradient.
[2026-02-16 21:04:36,412] tensorflow - Level 1 - Registering TensorScatterAdd (<function _TensorScatterAddGrad at 0x0000021F2DACBCE0>) in gradient.
[2026-02-16 21:04:36,412] tensorflow - Level 1 - Registering TensorScatterMax (<function _TensorScatterMaxGrad at 0x0000021F2DACBE20>) in gradient.
[2026-02-16 21:04:36,412] tensorflow - Level 1 - Registering TensorScatterMin (<function _TensorScatterMinGrad at 0x0000021F2DACBEC0>) in gradient.
[2026-02-16 21:04:36,412] tensorflow - Level 1 - Registering TensorScatterSub (<function _TensorScatterSubGrad at 0x0000021F2DACBF60>) in gradient.
[2026-02-16 21:04:36,412] tensorflow - Level 1 - Registering ScatterNdNonAliasingAdd (<function _ScatterNdNonAliasingAddGrad at 0x0000021F2DB10040>) in gradient.
[2026-02-16 21:04:36,412] tensorflow - Level 1 - Registering BroadcastTo (<function _BroadcastToGrad at 0x0000021F2DB100E0>) in gradient.
[2026-02-16 21:04:36,412] tensorflow - Level 1 - Registering Switch (<function _SwitchGrad at 0x0000021F2DB102C0>) in gradient.
[2026-02-16 21:04:36,428] tensorflow - Level 1 - Registering RefSwitch (<function _SwitchGrad at 0x0000021F2DB102C0>) in gradient.
[2026-02-16 21:04:36,428] tensorflow - Level 1 - Registering Merge (<function _MergeGrad at 0x0000021F2DB10360>) in gradient.
[2026-02-16 21:04:36,428] tensorflow - Level 1 - Registering RefMerge (<function _RefMergeGrad at 0x0000021F2DB104A0>) in gradient.
[2026-02-16 21:04:36,428] tensorflow - Level 1 - Registering Exit (<function _ExitGrad at 0x0000021F2DB10400>) in gradient.
[2026-02-16 21:04:36,428] tensorflow - Level 1 - Registering RefExit (<function _ExitGrad at 0x0000021F2DB10400>) in gradient.
[2026-02-16 21:04:36,428] tensorflow - Level 1 - Registering NextIteration (<function _NextIterationGrad at 0x0000021F2DB10540>) in gradient.
[2026-02-16 21:04:36,428] tensorflow - Level 1 - Registering RefNextIteration (<function _RefNextIterationGrad at 0x0000021F2DB105E0>) in gradient.
[2026-02-16 21:04:36,428] tensorflow - Level 1 - Registering Enter (<function _EnterGrad at 0x0000021F2DB10680>) in gradient.
[2026-02-16 21:04:36,428] tensorflow - Level 1 - Registering RefEnter (<function _RefEnterGrad at 0x0000021F2DB10720>) in gradient.
[2026-02-16 21:04:36,428] tensorflow - Level 1 - Registering LoopCond (<function _LoopCondGrad at 0x0000021F2DB107C0>) in gradient.
[2026-02-16 21:04:36,434] tensorflow - Level 1 - Registering CudnnRNN (<function _cudnn_rnn_backward at 0x0000021F2DB10900>) in gradient.
[2026-02-16 21:04:36,434] tensorflow - Level 1 - Registering CudnnRNNV2 (<function _cudnn_rnn_backward_v2 at 0x0000021F2DB10AE0>) in gradient.
[2026-02-16 21:04:36,434] tensorflow - Level 1 - Registering CudnnRNNV3 (<function _cudnn_rnn_backwardv3 at 0x0000021F2DB3CC20>) in gradient.
[2026-02-16 21:04:36,434] tensorflow - Level 1 - Registering ResizeNearestNeighbor (<function _ResizeNearestNeighborGrad at 0x0000021F2DB3CB80>) in gradient.
[2026-02-16 21:04:36,434] tensorflow - Level 1 - Registering ResizeBilinear (<function _ResizeBilinearGrad at 0x0000021F2DB3CCC0>) in gradient.
[2026-02-16 21:04:36,434] tensorflow - Level 1 - Registering ResizeBilinearGrad (None) in gradient.
[2026-02-16 21:04:36,434] tensorflow - Level 1 - Registering ScaleAndTranslate (<function _ScaleAndTranslateGrad at 0x0000021F2DB3CEA0>) in gradient.
[2026-02-16 21:04:36,434] tensorflow - Level 1 - Registering ResizeBicubic (<function _ResizeBicubicGrad at 0x0000021F2DB3CE00>) in gradient.
[2026-02-16 21:04:36,434] tensorflow - Level 1 - Registering CropAndResize (<function _CropAndResizeGrad at 0x0000021F2DB3CF40>) in gradient.
[2026-02-16 21:04:36,434] tensorflow - Level 1 - Registering RGBToHSV (<function _RGBToHSVGrad at 0x0000021F2DB3D080>) in gradient.
[2026-02-16 21:04:36,445] tensorflow - Level 1 - Registering ReaderRead (None) in gradient.
[2026-02-16 21:04:36,445] tensorflow - Level 1 - Registering ReaderReadUpTo (None) in gradient.
[2026-02-16 21:04:36,445] tensorflow - Level 1 - Registering ReaderNumRecordsProduced (None) in gradient.
[2026-02-16 21:04:36,445] tensorflow - Level 1 - Registering ReaderNumWorkUnitsCompleted (None) in gradient.
[2026-02-16 21:04:36,445] tensorflow - Level 1 - Registering ReaderSerializeState (None) in gradient.
[2026-02-16 21:04:36,445] tensorflow - Level 1 - Registering ReaderRestoreState (None) in gradient.
[2026-02-16 21:04:36,445] tensorflow - Level 1 - Registering ReaderReset (None) in gradient.
[2026-02-16 21:04:36,445] tensorflow - Level 1 - Registering WholeFileReader (None) in gradient.
[2026-02-16 21:04:36,447] tensorflow - Level 1 - Registering TextLineReader (None) in gradient.
[2026-02-16 21:04:36,447] tensorflow - Level 1 - Registering FixedLengthRecordReader (None) in gradient.
[2026-02-16 21:04:36,447] tensorflow - Level 1 - Registering TFRecordReader (None) in gradient.
[2026-02-16 21:04:36,447] tensorflow - Level 1 - Registering LMDBReader (None) in gradient.
[2026-02-16 21:04:36,447] tensorflow - Level 1 - Registering IdentityReader (None) in gradient.
[2026-02-16 21:04:36,455] tensorflow - Level 1 - Registering MatrixInverse (<function _MatrixInverseGrad at 0x0000021F2DB8A520>) in gradient.
[2026-02-16 21:04:36,455] tensorflow - Level 1 - Registering Einsum (<function _EinsumGrad at 0x0000021F2DB8A7A0>) in gradient.
[2026-02-16 21:04:36,455] tensorflow - Level 1 - Registering MatrixDeterminant (<function _MatrixDeterminantGrad at 0x0000021F2DBBCC20>) in gradient.
[2026-02-16 21:04:36,455] tensorflow - Level 1 - Registering MatrixSquareRoot (<function _MatrixSquareRootGrad at 0x0000021F2DBBCD60>) in gradient.
[2026-02-16 21:04:36,455] tensorflow - Level 1 - Registering LogMatrixDeterminant (<function _LogMatrixDeterminantGrad at 0x0000021F2DBBCE00>) in gradient.
[2026-02-16 21:04:36,455] tensorflow - Level 1 - Registering Cholesky (<function _CholeskyGrad at 0x0000021F2DBBCEA0>) in gradient.
[2026-02-16 21:04:36,455] tensorflow - Level 1 - Registering Qr (<function _QrGrad at 0x0000021F2DBBCF40>) in gradient.
[2026-02-16 21:04:36,455] tensorflow - Level 1 - Registering MatrixSolve (<function _MatrixSolveGrad at 0x0000021F2DBBCFE0>) in gradient.
[2026-02-16 21:04:36,455] tensorflow - Level 1 - Registering MatrixSolveLs (<function _MatrixSolveLsGrad at 0x0000021F2DBBD080>) in gradient.
[2026-02-16 21:04:36,455] tensorflow - Level 1 - Registering BandedTriangularSolve (<function _BandedTriangularSolveGrad at 0x0000021F2DBBD120>) in gradient.
[2026-02-16 21:04:36,455] tensorflow - Level 1 - Registering MatrixTriangularSolve (<function _MatrixTriangularSolveGrad at 0x0000021F2DBBD1C0>) in gradient.
[2026-02-16 21:04:36,455] tensorflow - Level 1 - Registering Eig (<function _EigGrad at 0x0000021F2DBBD300>) in gradient.
[2026-02-16 21:04:36,455] tensorflow - Level 1 - Registering SelfAdjointEigV2 (<function _SelfAdjointEigV2Grad at 0x0000021F2DBBD3A0>) in gradient.
[2026-02-16 21:04:36,455] tensorflow - Level 1 - Registering Svd (<function _SvdGrad at 0x0000021F2DBBD440>) in gradient.
[2026-02-16 21:04:36,455] tensorflow - Level 1 - Registering TridiagonalMatMul (<function _TridiagonalMatMulGrad at 0x0000021F2DBBD620>) in gradient.
[2026-02-16 21:04:36,458] tensorflow - Level 1 - Registering TridiagonalSolve (<function _TridiagonalSolveGrad at 0x0000021F2DBBD6C0>) in gradient.
[2026-02-16 21:04:36,459] tensorflow - Level 1 - Registering LookupTableFind (None) in gradient.
[2026-02-16 21:04:36,459] tensorflow - Level 1 - Registering LookupTableFindV2 (None) in gradient.
[2026-02-16 21:04:36,459] tensorflow - Level 1 - Registering LookupTableInsert (None) in gradient.
[2026-02-16 21:04:36,459] tensorflow - Level 1 - Registering LookupTableInsertV2 (None) in gradient.
[2026-02-16 21:04:36,459] tensorflow - Level 1 - Registering LookupTableSize (None) in gradient.
[2026-02-16 21:04:36,459] tensorflow - Level 1 - Registering LookupTableSizeV2 (None) in gradient.
[2026-02-16 21:04:36,459] tensorflow - Level 1 - Registering HashTable (None) in gradient.
[2026-02-16 21:04:36,459] tensorflow - Level 1 - Registering HashTableV2 (None) in gradient.
[2026-02-16 21:04:36,459] tensorflow - Level 1 - Registering InitializeTable (None) in gradient.
[2026-02-16 21:04:36,459] tensorflow - Level 1 - Registering InitializeTableV2 (None) in gradient.
[2026-02-16 21:04:36,459] tensorflow - Level 1 - Registering InitializeTableFromTextFile (None) in gradient.
[2026-02-16 21:04:36,459] tensorflow - Level 1 - Registering InitializeTableFromTextFileV2 (None) in gradient.
[2026-02-16 21:04:36,459] tensorflow - Level 1 - Registering MutableDenseHashTable (None) in gradient.
[2026-02-16 21:04:36,459] tensorflow - Level 1 - Registering MutableDenseHashTableV2 (None) in gradient.
[2026-02-16 21:04:36,459] tensorflow - Level 1 - Registering MutableHashTable (None) in gradient.
[2026-02-16 21:04:36,459] tensorflow - Level 1 - Registering MutableHashTableV2 (None) in gradient.
[2026-02-16 21:04:36,459] tensorflow - Level 1 - Registering MutableHashTableOfTensors (None) in gradient.
[2026-02-16 21:04:36,459] tensorflow - Level 1 - Registering MutableHashTableOfTensorsV2 (None) in gradient.
[2026-02-16 21:04:36,459] tensorflow - Level 1 - Registering Roll (<function _RollGrad at 0x0000021F2DB10860>) in gradient.
[2026-02-16 21:04:36,459] tensorflow - Level 1 - Registering ArgMax (<function _ArgMaxGrad at 0x0000021F2DBBCA40>) in gradient.
[2026-02-16 21:04:36,459] tensorflow - Level 1 - Registering ArgMin (<function _ArgMinGrad at 0x0000021F2DBBE7A0>) in gradient.
[2026-02-16 21:04:36,459] tensorflow - Level 1 - Registering EuclideanNorm (<function _EuclideanNormGrad at 0x0000021F2DBBEA20>) in gradient.
[2026-02-16 21:04:36,459] tensorflow - Level 1 - Registering Sum (<function _SumGrad at 0x0000021F2DBBEE80>) in gradient.
[2026-02-16 21:04:36,459] tensorflow - Level 1 - Registering Max (<function _MaxGrad at 0x0000021F2DBBEFC0>) in gradient.
[2026-02-16 21:04:36,459] tensorflow - Level 1 - Registering Min (<function _MinGrad at 0x0000021F2DBBF060>) in gradient.
[2026-02-16 21:04:36,459] tensorflow - Level 1 - Registering Mean (<function _MeanGrad at 0x0000021F2DBBF100>) in gradient.
[2026-02-16 21:04:36,459] tensorflow - Level 1 - Registering Prod (<function _ProdGrad at 0x0000021F2DBBF1A0>) in gradient.
[2026-02-16 21:04:36,459] tensorflow - Level 1 - Registering SegmentSum (<function _SegmentSumGrad at 0x0000021F2DBBF240>) in gradient.
[2026-02-16 21:04:36,459] tensorflow - Level 1 - Registering SegmentMean (<function _SegmentMeanGrad at 0x0000021F2DBBF2E0>) in gradient.
[2026-02-16 21:04:36,459] tensorflow - Level 1 - Registering SparseSegmentSum (<function _SparseSegmentSumGrad at 0x0000021F2DBBF4C0>) in gradient.
[2026-02-16 21:04:36,459] tensorflow - Level 1 - Registering SparseSegmentSumWithNumSegments (<function _SparseSegmentSumWithNumSegmentsGrad at 0x0000021F2DBBF560>) in gradient.
[2026-02-16 21:04:36,459] tensorflow - Level 1 - Registering SparseSegmentMean (<function _SparseSegmentMeanGrad at 0x0000021F2DBBF600>) in gradient.
[2026-02-16 21:04:36,473] tensorflow - Level 1 - Registering SparseSegmentMeanWithNumSegments (<function _SparseSegmentMeanWithNumSegmentsGrad at 0x0000021F2DBBF6A0>) in gradient.
[2026-02-16 21:04:36,473] tensorflow - Level 1 - Registering SparseSegmentSqrtN (<function _SparseSegmentSqrtNGrad at 0x0000021F2DBBF740>) in gradient.
[2026-02-16 21:04:36,473] tensorflow - Level 1 - Registering SparseSegmentSqrtNWithNumSegments (<function _SparseSegmentSqrtNWithNumSegmentsGrad at 0x0000021F2DBBF7E0>) in gradient.
[2026-02-16 21:04:36,473] tensorflow - Level 1 - Registering SegmentMin (<function _SegmentMinGrad at 0x0000021F2DBBF920>) in gradient.
[2026-02-16 21:04:36,473] tensorflow - Level 1 - Registering SegmentMax (<function _SegmentMaxGrad at 0x0000021F2DBBF9C0>) in gradient.
[2026-02-16 21:04:36,473] tensorflow - Level 1 - Registering SegmentProd (<function _SegmentProdGrad at 0x0000021F2DBBFA60>) in gradient.
[2026-02-16 21:04:36,473] tensorflow - Level 1 - Registering UnsortedSegmentSum (<function _UnsortedSegmentSumGrad at 0x0000021F2DBBFC40>) in gradient.
[2026-02-16 21:04:36,473] tensorflow - Level 1 - Registering UnsortedSegmentMax (<function _UnsortedSegmentMaxGrad at 0x0000021F2DBBFCE0>) in gradient.
[2026-02-16 21:04:36,473] tensorflow - Level 1 - Registering UnsortedSegmentMin (<function _UnsortedSegmentMinGrad at 0x0000021F2DBBFD80>) in gradient.
[2026-02-16 21:04:36,473] tensorflow - Level 1 - Registering UnsortedSegmentProd (<function _UnsortedSegmentProdGrad at 0x0000021F2DBBFE20>) in gradient.
[2026-02-16 21:04:36,473] tensorflow - Level 1 - Registering Abs (<function _AbsGrad at 0x0000021F2DBBFEC0>) in gradient.
[2026-02-16 21:04:36,473] tensorflow - Level 1 - Registering Neg (<function _NegGrad at 0x0000021F2DBBFF60>) in gradient.
[2026-02-16 21:04:36,473] tensorflow - Level 1 - Registering Inv (<function _InvGrad at 0x0000021F2DC28040>) in gradient.
[2026-02-16 21:04:36,473] tensorflow - Level 1 - Registering Reciprocal (<function _ReciprocalGrad at 0x0000021F2DC280E0>) in gradient.
[2026-02-16 21:04:36,473] tensorflow - Level 1 - Registering InvGrad (<function _InvGradGrad at 0x0000021F2DC28180>) in gradient.
[2026-02-16 21:04:36,473] tensorflow - Level 1 - Registering ReciprocalGrad (<function _ReciprocalGradGrad at 0x0000021F2DC28220>) in gradient.
[2026-02-16 21:04:36,473] tensorflow - Level 1 - Registering Square (<function _SquareGrad at 0x0000021F2DC282C0>) in gradient.
[2026-02-16 21:04:36,473] tensorflow - Level 1 - Registering Sqrt (<function _SqrtGrad at 0x0000021F2DC28360>) in gradient.
[2026-02-16 21:04:36,473] tensorflow - Level 1 - Registering SqrtGrad (<function _SqrtGradGrad at 0x0000021F2DC28400>) in gradient.
[2026-02-16 21:04:36,473] tensorflow - Level 1 - Registering Rsqrt (<function _RsqrtGrad at 0x0000021F2DC284A0>) in gradient.
[2026-02-16 21:04:36,475] tensorflow - Level 1 - Registering RsqrtGrad (<function _RsqrtGradGrad at 0x0000021F2DC28540>) in gradient.
[2026-02-16 21:04:36,475] tensorflow - Level 1 - Registering Exp (<function _ExpGrad at 0x0000021F2DC285E0>) in gradient.
[2026-02-16 21:04:36,475] tensorflow - Level 1 - Registering Expm1 (<function _Expm1Grad at 0x0000021F2DC28680>) in gradient.
[2026-02-16 21:04:36,475] tensorflow - Level 1 - Registering Log (<function _LogGrad at 0x0000021F2DC28720>) in gradient.
[2026-02-16 21:04:36,475] tensorflow - Level 1 - Registering Log1p (<function _Log1pGrad at 0x0000021F2DC287C0>) in gradient.
[2026-02-16 21:04:36,475] tensorflow - Level 1 - Registering Xlogy (<function _XLogyGrad at 0x0000021F2DC28860>) in gradient.
[2026-02-16 21:04:36,475] tensorflow - Level 1 - Registering Xlog1py (<function _XLog1pyGrad at 0x0000021F2DC28900>) in gradient.
[2026-02-16 21:04:36,475] tensorflow - Level 1 - Registering Xdivy (<function _XDivyGrad at 0x0000021F2DC289A0>) in gradient.
[2026-02-16 21:04:36,475] tensorflow - Level 1 - Registering Sinh (<function _SinhGrad at 0x0000021F2DC28A40>) in gradient.
[2026-02-16 21:04:36,475] tensorflow - Level 1 - Registering Cosh (<function _CoshGrad at 0x0000021F2DC28AE0>) in gradient.
[2026-02-16 21:04:36,475] tensorflow - Level 1 - Registering Tanh (<function _TanhGrad at 0x0000021F2DC28B80>) in gradient.
[2026-02-16 21:04:36,475] tensorflow - Level 1 - Registering Asinh (<function _AsinhGrad at 0x0000021F2DC28C20>) in gradient.
[2026-02-16 21:04:36,475] tensorflow - Level 1 - Registering Acosh (<function _AcoshGrad at 0x0000021F2DC28CC0>) in gradient.
[2026-02-16 21:04:36,475] tensorflow - Level 1 - Registering Atanh (<function _AtanhGrad at 0x0000021F2DC28D60>) in gradient.
[2026-02-16 21:04:36,475] tensorflow - Level 1 - Registering TanhGrad (<function _TanhGradGrad at 0x0000021F2DC28E00>) in gradient.
[2026-02-16 21:04:36,475] tensorflow - Level 1 - Registering Erf (<function _ErfGrad at 0x0000021F2DC28EA0>) in gradient.
[2026-02-16 21:04:36,475] tensorflow - Level 1 - Registering Erfc (<function _ErfcGrad at 0x0000021F2DC28F40>) in gradient.
[2026-02-16 21:04:36,475] tensorflow - Level 1 - Registering Erfinv (<function _ErfinvGrad at 0x0000021F2DC28FE0>) in gradient.
[2026-02-16 21:04:36,477] tensorflow - Level 1 - Registering Ndtri (<function _NdtriGrad at 0x0000021F2DC29080>) in gradient.
[2026-02-16 21:04:36,477] tensorflow - Level 1 - Registering Lgamma (<function _LgammaGrad at 0x0000021F2DC29120>) in gradient.
[2026-02-16 21:04:36,477] tensorflow - Level 1 - Registering Digamma (<function _DigammaGrad at 0x0000021F2DC291C0>) in gradient.
[2026-02-16 21:04:36,477] tensorflow - Level 1 - Registering Dawsn (<function _DawsnGrad at 0x0000021F2DC29260>) in gradient.
[2026-02-16 21:04:36,477] tensorflow - Level 1 - Registering Expint (<function _ExpintGrad at 0x0000021F2DC29300>) in gradient.
[2026-02-16 21:04:36,477] tensorflow - Level 1 - Registering FresnelCos (<function _FresnelCosGrad at 0x0000021F2DC293A0>) in gradient.
[2026-02-16 21:04:36,477] tensorflow - Level 1 - Registering FresnelSin (<function _FresnelSinGrad at 0x0000021F2DC29440>) in gradient.
[2026-02-16 21:04:36,477] tensorflow - Level 1 - Registering Spence (<function _SpenceGrad at 0x0000021F2DC294E0>) in gradient.
[2026-02-16 21:04:36,477] tensorflow - Level 1 - Registering BesselI0 (<function _BesselI0Grad at 0x0000021F2DC29580>) in gradient.
[2026-02-16 21:04:36,477] tensorflow - Level 1 - Registering BesselI0e (<function _BesselI0eGrad at 0x0000021F2DC29620>) in gradient.
[2026-02-16 21:04:36,477] tensorflow - Level 1 - Registering BesselI1 (<function _BesselI1Grad at 0x0000021F2DC296C0>) in gradient.
[2026-02-16 21:04:36,477] tensorflow - Level 1 - Registering BesselI1e (<function _BesselI1eGrad at 0x0000021F2DC29760>) in gradient.
[2026-02-16 21:04:36,477] tensorflow - Level 1 - Registering BesselK0 (<function _BesselK0Grad at 0x0000021F2DC29800>) in gradient.
[2026-02-16 21:04:36,477] tensorflow - Level 1 - Registering BesselK0e (<function _BesselK0eGrad at 0x0000021F2DC298A0>) in gradient.
[2026-02-16 21:04:36,477] tensorflow - Level 1 - Registering BesselK1 (<function _BesselK1Grad at 0x0000021F2DC29940>) in gradient.
[2026-02-16 21:04:36,477] tensorflow - Level 1 - Registering BesselK1e (<function _BesselK1eGrad at 0x0000021F2DC299E0>) in gradient.
[2026-02-16 21:04:36,477] tensorflow - Level 1 - Registering BesselJ0 (<function _BesselJ0Grad at 0x0000021F2DC29A80>) in gradient.
[2026-02-16 21:04:36,477] tensorflow - Level 1 - Registering BesselJ1 (<function _BesselJ1Grad at 0x0000021F2DC29B20>) in gradient.
[2026-02-16 21:04:36,477] tensorflow - Level 1 - Registering BesselY0 (<function _BesselY0Grad at 0x0000021F2DC29BC0>) in gradient.
[2026-02-16 21:04:36,477] tensorflow - Level 1 - Registering BesselY1 (<function _BesselY1Grad at 0x0000021F2DC29C60>) in gradient.
[2026-02-16 21:04:36,479] tensorflow - Level 1 - Registering Igamma (<function _IgammaGrad at 0x0000021F2DC29D00>) in gradient.
[2026-02-16 21:04:36,479] tensorflow - Level 1 - Registering Igammac (<function _IgammacGrad at 0x0000021F2DC29DA0>) in gradient.
[2026-02-16 21:04:36,479] tensorflow - Level 1 - Registering Betainc (<function _BetaincGrad at 0x0000021F2DC29E40>) in gradient.
[2026-02-16 21:04:36,479] tensorflow - Level 1 - Registering Zeta (<function _ZetaGrad at 0x0000021F2DC29EE0>) in gradient.
[2026-02-16 21:04:36,479] tensorflow - Level 1 - Registering Polygamma (<function _PolygammaGrad at 0x0000021F2DC29F80>) in gradient.
[2026-02-16 21:04:36,479] tensorflow - Level 1 - Registering Sigmoid (<function _SigmoidGrad at 0x0000021F2DC2A020>) in gradient.
[2026-02-16 21:04:36,479] tensorflow - Level 1 - Registering SigmoidGrad (<function _SigmoidGradGrad at 0x0000021F2DC2A0C0>) in gradient.
[2026-02-16 21:04:36,479] tensorflow - Level 1 - Registering Sign (<function _SignGrad at 0x0000021F2DC2A160>) in gradient.
[2026-02-16 21:04:36,479] tensorflow - Level 1 - Registering Sin (<function _SinGrad at 0x0000021F2DC2A200>) in gradient.
[2026-02-16 21:04:36,479] tensorflow - Level 1 - Registering Cos (<function _CosGrad at 0x0000021F2DC2A2A0>) in gradient.
[2026-02-16 21:04:36,479] tensorflow - Level 1 - Registering Tan (<function _TanGrad at 0x0000021F2DC2A340>) in gradient.
[2026-02-16 21:04:36,479] tensorflow - Level 1 - Registering Asin (<function _AsinGrad at 0x0000021F2DC2A3E0>) in gradient.
[2026-02-16 21:04:36,479] tensorflow - Level 1 - Registering Acos (<function _AcosGrad at 0x0000021F2DC2A480>) in gradient.
[2026-02-16 21:04:36,479] tensorflow - Level 1 - Registering Atan (<function _AtanGrad at 0x0000021F2DC2A520>) in gradient.
[2026-02-16 21:04:36,479] tensorflow - Level 1 - Registering Atan2 (<function _Atan2Grad at 0x0000021F2DC2A5C0>) in gradient.
[2026-02-16 21:04:36,479] tensorflow - Level 1 - Registering AddN (<function _AddNGrad at 0x0000021F2DC2A660>) in gradient.
[2026-02-16 21:04:36,479] tensorflow - Level 1 - Registering AddV2 (<function _AddGrad at 0x0000021F2DC2A7A0>) in gradient.
[2026-02-16 21:04:36,479] tensorflow - Level 1 - Registering Add (<function _AddGrad at 0x0000021F2DC2A7A0>) in gradient.
[2026-02-16 21:04:36,479] tensorflow - Level 1 - Registering Sub (<function _SubGrad at 0x0000021F2DC2A840>) in gradient.
[2026-02-16 21:04:36,481] tensorflow - Level 1 - Registering Mul (<function _MulGrad at 0x0000021F2DC2A8E0>) in gradient.
[2026-02-16 21:04:36,481] tensorflow - Level 1 - Registering MulNoNan (<function _MulNoNanGrad at 0x0000021F2DC2A980>) in gradient.
[2026-02-16 21:04:36,481] tensorflow - Level 1 - Registering Div (<function _DivGrad at 0x0000021F2DC2AA20>) in gradient.
[2026-02-16 21:04:36,481] tensorflow - Level 1 - Registering FloorDiv (<function _FloorDivGrad at 0x0000021F2DC2AAC0>) in gradient.
[2026-02-16 21:04:36,481] tensorflow - Level 1 - Registering FloorMod (<function _FloorModGrad at 0x0000021F2DC2AB60>) in gradient.
[2026-02-16 21:04:36,481] tensorflow - Level 1 - Registering TruncateDiv (<function _TruncateDivGrad at 0x0000021F2DC2AC00>) in gradient.
[2026-02-16 21:04:36,481] tensorflow - Level 1 - Registering RealDiv (<function _RealDivGrad at 0x0000021F2DC2ACA0>) in gradient.
[2026-02-16 21:04:36,481] tensorflow - Level 1 - Registering DivNoNan (<function _DivNoNanGrad at 0x0000021F2DC2AD40>) in gradient.
[2026-02-16 21:04:36,481] tensorflow - Level 1 - Registering Pow (<function _PowGrad at 0x0000021F2DC2ADE0>) in gradient.
[2026-02-16 21:04:36,481] tensorflow - Level 1 - Registering Maximum (<function _MaximumGrad at 0x0000021F2DC2AFC0>) in gradient.
[2026-02-16 21:04:36,481] tensorflow - Level 1 - Registering Minimum (<function _MinimumGrad at 0x0000021F2DC2B060>) in gradient.
[2026-02-16 21:04:36,481] tensorflow - Level 1 - Registering SquaredDifference (<function _SquaredDifferenceGrad at 0x0000021F2DC2B100>) in gradient.
[2026-02-16 21:04:36,481] tensorflow - Level 1 - Registering Less (None) in gradient.
[2026-02-16 21:04:36,481] tensorflow - Level 1 - Registering LessEqual (None) in gradient.
[2026-02-16 21:04:36,481] tensorflow - Level 1 - Registering Greater (None) in gradient.
[2026-02-16 21:04:36,481] tensorflow - Level 1 - Registering GreaterEqual (None) in gradient.
[2026-02-16 21:04:36,481] tensorflow - Level 1 - Registering Equal (None) in gradient.
[2026-02-16 21:04:36,481] tensorflow - Level 1 - Registering ApproximateEqual (None) in gradient.
[2026-02-16 21:04:36,481] tensorflow - Level 1 - Registering NotEqual (None) in gradient.
[2026-02-16 21:04:36,481] tensorflow - Level 1 - Registering LogicalAnd (None) in gradient.
[2026-02-16 21:04:36,483] tensorflow - Level 1 - Registering LogicalOr (None) in gradient.
[2026-02-16 21:04:36,483] tensorflow - Level 1 - Registering LogicalNot (None) in gradient.
[2026-02-16 21:04:36,483] tensorflow - Level 1 - Registering Select (<function _SelectGrad at 0x0000021F2DC2B1A0>) in gradient.
[2026-02-16 21:04:36,483] tensorflow - Level 1 - Registering SelectV2 (<function _SelectGradV2 at 0x0000021F2DC2B240>) in gradient.
[2026-02-16 21:04:36,483] tensorflow - Level 1 - Registering MatMul (<function _MatMulGrad at 0x0000021F2DC2B420>) in gradient.
[2026-02-16 21:04:36,483] tensorflow - Level 1 - Registering SparseMatMul (<function _SparseMatMulGrad at 0x0000021F2DC2B4C0>) in gradient.
[2026-02-16 21:04:36,483] tensorflow - Level 1 - Registering Floor (<function _FloorGrad at 0x0000021F2DC2B560>) in gradient.
[2026-02-16 21:04:36,483] tensorflow - Level 1 - Registering Ceil (<function _CeilGrad at 0x0000021F2DC2B600>) in gradient.
[2026-02-16 21:04:36,483] tensorflow - Level 1 - Registering Round (<function _RoundGrad at 0x0000021F2DC2B6A0>) in gradient.
[2026-02-16 21:04:36,483] tensorflow - Level 1 - Registering Rint (<function _RintGrad at 0x0000021F2DC2B740>) in gradient.
[2026-02-16 21:04:36,483] tensorflow - Level 1 - Registering BatchMatMul (<function _BatchMatMul at 0x0000021F2DC2B7E0>) in gradient.
[2026-02-16 21:04:36,483] tensorflow - Level 1 - Registering BatchMatMulV3 (<function _BatchMatMulV2 at 0x0000021F2DC2B880>) in gradient.
[2026-02-16 21:04:36,483] tensorflow - Level 1 - Registering BatchMatMulV2 (<function _BatchMatMulV2 at 0x0000021F2DC2B880>) in gradient.
[2026-02-16 21:04:36,483] tensorflow - Level 1 - Registering Range (None) in gradient.
[2026-02-16 21:04:36,483] tensorflow - Level 1 - Registering LinSpace (None) in gradient.
[2026-02-16 21:04:36,483] tensorflow - Level 1 - Registering Complex (<function _ComplexGrad at 0x0000021F2DC2B920>) in gradient.
[2026-02-16 21:04:36,483] tensorflow - Level 1 - Registering Real (<function _RealGrad at 0x0000021F2DC2B9C0>) in gradient.
[2026-02-16 21:04:36,483] tensorflow - Level 1 - Registering Imag (<function _ImagGrad at 0x0000021F2DC2BA60>) in gradient.
[2026-02-16 21:04:36,483] tensorflow - Level 1 - Registering Angle (<function _AngleGrad at 0x0000021F2DC2BB00>) in gradient.
[2026-02-16 21:04:36,483] tensorflow - Level 1 - Registering Conj (<function _ConjGrad at 0x0000021F2DC2BBA0>) in gradient.
[2026-02-16 21:04:36,485] tensorflow - Level 1 - Registering ComplexAbs (<function _ComplexAbsGrad at 0x0000021F2DC2BC40>) in gradient.
[2026-02-16 21:04:36,485] tensorflow - Level 1 - Registering Cast (<function _CastGrad at 0x0000021F2DC2BCE0>) in gradient.
[2026-02-16 21:04:36,485] tensorflow - Level 1 - Registering Cross (<function _CrossGrad at 0x0000021F2DC2BD80>) in gradient.
[2026-02-16 21:04:36,485] tensorflow - Level 1 - Registering Cumsum (<function _CumsumGrad at 0x0000021F2DC2BE20>) in gradient.
[2026-02-16 21:04:36,485] tensorflow - Level 1 - Registering Cumprod (<function _CumprodGrad at 0x0000021F2DC2BEC0>) in gradient.
[2026-02-16 21:04:36,485] tensorflow - Level 1 - Registering CumulativeLogsumexp (<function _CumulativeLogsumexpGrad at 0x0000021F2DC2BF60>) in gradient.
[2026-02-16 21:04:36,485] tensorflow - Level 1 - Registering NextAfter (<function _NextAfterGrad at 0x0000021F2DC34040>) in gradient.
[2026-02-16 21:04:36,485] tensorflow - Level 1 - Registering NcclAllReduce (<function _all_sum_grad at 0x0000021F2DC34400>) in gradient.
[2026-02-16 21:04:36,485] tensorflow - Level 1 - Registering NcclReduce (<function _reduce_sum_grad at 0x0000021F2DC34FE0>) in gradient.
[2026-02-16 21:04:36,485] tensorflow - Level 1 - Registering NcclBroadcast (<function _broadcast_grad at 0x0000021F2DC35120>) in gradient.
[2026-02-16 21:04:36,491] tensorflow - Level 1 - Registering OptionalFromValue (<function _OptionalFromValueGrad at 0x0000021F2DC34D60>) in gradient.
[2026-02-16 21:04:36,493] tensorflow - Level 1 - Registering OptionalGetValue (<function _OptionalGetValueGrad at 0x0000021F2DC35440>) in gradient.
[2026-02-16 21:04:36,495] tensorflow - Level 1 - Registering DecodeRaw (None) in gradient.
[2026-02-16 21:04:36,495] tensorflow - Level 1 - Registering DecodePaddedRaw (None) in gradient.
[2026-02-16 21:04:36,495] tensorflow - Level 1 - Registering ParseTensor (None) in gradient.
[2026-02-16 21:04:36,495] tensorflow - Level 1 - Registering SerializeTensor (None) in gradient.
[2026-02-16 21:04:36,495] tensorflow - Level 1 - Registering StringToNumber (None) in gradient.
[2026-02-16 21:04:36,499] tensorflow - Level 1 - Registering DecodeProtoV2 (None) in gradient.
[2026-02-16 21:04:36,501] tensorflow - Level 1 - Registering EncodeProto (None) in gradient.
[2026-02-16 21:04:36,501] tensorflow - Level 1 - Registering RandomGamma (<function _RandomGammaGrad at 0x0000021F2DC36160>) in gradient.
[2026-02-16 21:04:36,503] tensorflow - Level 1 - Registering StatelessRandomGammaV2 (<function _StatelessRandomGammaV2Grad at 0x0000021F2DC362A0>) in gradient.
[2026-02-16 21:04:36,503] tensorflow - Level 1 - Registering StatelessRandomGammaV3 (<function _StatelessRandomGammaV3Grad at 0x0000021F2DC363E0>) in gradient.
[2026-02-16 21:04:36,503] tensorflow - Level 1 - Registering StatelessParameterizedTruncatedNormal (<function _StatelessParameterizedTruncatedNormalGrad at 0x0000021F2DC36660>) in gradient.
[2026-02-16 21:04:36,508] tensorflow - Level 1 - Registering BlockLSTM (<function _block_lstm_grad at 0x0000021F2DC36340>) in gradient.
[2026-02-16 21:04:36,510] tensorflow - Level 1 - Registering BlockLSTMV2 (<function _block_lstm_grad at 0x0000021F2DC36340>) in gradient.
[2026-02-16 21:04:36,512] tensorflow - Level 1 - Registering SdcaFprint (None) in gradient.
[2026-02-16 21:04:36,514] tensorflow - Level 1 - Registering SdcaOptimizer (None) in gradient.
[2026-02-16 21:04:36,514] tensorflow - Level 1 - Registering SdcaOptimizerV2 (None) in gradient.
[2026-02-16 21:04:36,514] tensorflow - Level 1 - Registering SdcaShrinkL1 (None) in gradient.
[2026-02-16 21:04:36,518] tensorflow - Level 1 - Registering SetSize (None) in gradient.
[2026-02-16 21:04:36,520] tensorflow - Level 1 - Registering DenseToDenseSetOperation (None) in gradient.
[2026-02-16 21:04:36,520] tensorflow - Level 1 - Registering DenseToSparseSetOperation (None) in gradient.
[2026-02-16 21:04:36,520] tensorflow - Level 1 - Registering SparseToSparseSetOperation (None) in gradient.
[2026-02-16 21:04:36,522] tensorflow - Level 1 - Registering SparseAddGrad (None) in gradient.
[2026-02-16 21:04:36,524] tensorflow - Level 1 - Registering SparseConcat (None) in gradient.
[2026-02-16 21:04:36,524] tensorflow - Level 1 - Registering SparseReorder (<function _SparseReorderGrad at 0x0000021F2DC956C0>) in gradient.
[2026-02-16 21:04:36,524] tensorflow - Level 1 - Registering SparseAdd (<function _SparseAddGrad at 0x0000021F2DC958A0>) in gradient.
[2026-02-16 21:04:36,524] tensorflow - Level 1 - Registering SparseTensorDenseAdd (<function _SparseTensorDenseAddGrad at 0x0000021F2DC95800>) in gradient.
[2026-02-16 21:04:36,524] tensorflow - Level 1 - Registering SparseReduceSum (<function _SparseReduceSumGrad at 0x0000021F2DC95940>) in gradient.
[2026-02-16 21:04:36,524] tensorflow - Level 1 - Registering SparseSlice (<function _SparseSliceGrad at 0x0000021F2DC959E0>) in gradient.
[2026-02-16 21:04:36,524] tensorflow - Level 1 - Registering SparseTensorDenseMatMul (<function _SparseTensorDenseMatMulGrad at 0x0000021F2DC95A80>) in gradient.
[2026-02-16 21:04:36,526] tensorflow - Level 1 - Registering SparseDenseCwiseAdd (<function _SparseDenseCwiseAddGrad at 0x0000021F2DC95B20>) in gradient.
[2026-02-16 21:04:36,526] tensorflow - Level 1 - Registering SparseDenseCwiseMul (<function _SparseDenseCwiseMulGrad at 0x0000021F2DC95C60>) in gradient.
[2026-02-16 21:04:36,526] tensorflow - Level 1 - Registering SparseDenseCwiseDiv (<function _SparseDenseCwiseDivGrad at 0x0000021F2DC95D00>) in gradient.
[2026-02-16 21:04:36,526] tensorflow - Level 1 - Registering SparseSoftmax (<function _SparseSoftmaxGrad at 0x0000021F2DC95DA0>) in gradient.
[2026-02-16 21:04:36,526] tensorflow - Level 1 - Registering SparseSparseMaximum (<function _SparseSparseMaximumGrad at 0x0000021F2DC95E40>) in gradient.
[2026-02-16 21:04:36,526] tensorflow - Level 1 - Registering SparseSparseMinimum (<function _SparseSparseMinimumGrad at 0x0000021F2DC95EE0>) in gradient.
[2026-02-16 21:04:36,526] tensorflow - Level 1 - Registering SparseFillEmptyRows (<function _SparseFillEmptyRowsGrad at 0x0000021F2DC95F80>) in gradient.
[2026-02-16 21:04:36,526] tensorflow - Level 1 - Registering SparseToDense (<function _SparseToDenseGrad at 0x0000021F2DC96020>) in gradient.
[2026-02-16 21:04:36,528] tensorflow - Level 1 - Registering TensorArray (None) in gradient.
[2026-02-16 21:04:36,528] tensorflow - Level 1 - Registering TensorArrayGrad (None) in gradient.
[2026-02-16 21:04:36,528] tensorflow - Level 1 - Registering TensorArraySize (None) in gradient.
[2026-02-16 21:04:36,528] tensorflow - Level 1 - Registering TensorArrayClose (None) in gradient.
[2026-02-16 21:04:36,528] tensorflow - Level 1 - Registering TensorArrayV2 (None) in gradient.
[2026-02-16 21:04:36,528] tensorflow - Level 1 - Registering TensorArrayGradV2 (None) in gradient.
[2026-02-16 21:04:36,528] tensorflow - Level 1 - Registering TensorArraySizeV2 (None) in gradient.
[2026-02-16 21:04:36,528] tensorflow - Level 1 - Registering TensorArrayCloseV2 (None) in gradient.
[2026-02-16 21:04:36,530] tensorflow - Level 1 - Registering TensorArrayV3 (None) in gradient.
[2026-02-16 21:04:36,530] tensorflow - Level 1 - Registering TensorArrayGradV3 (None) in gradient.
[2026-02-16 21:04:36,530] tensorflow - Level 1 - Registering TensorArrayGradWithShape (None) in gradient.
[2026-02-16 21:04:36,530] tensorflow - Level 1 - Registering TensorArraySizeV3 (None) in gradient.
[2026-02-16 21:04:36,530] tensorflow - Level 1 - Registering TensorArrayCloseV3 (None) in gradient.
[2026-02-16 21:04:36,530] tensorflow - Level 1 - Registering TensorArrayReadV3 (<function _TensorArrayReadGrad at 0x0000021F2DC96200>) in gradient.
[2026-02-16 21:04:36,530] tensorflow - Level 1 - Registering TensorArrayReadV2 (<function _TensorArrayReadGrad at 0x0000021F2DC96200>) in gradient.
[2026-02-16 21:04:36,530] tensorflow - Level 1 - Registering TensorArrayRead (<function _TensorArrayReadGrad at 0x0000021F2DC96200>) in gradient.
[2026-02-16 21:04:36,530] tensorflow - Level 1 - Registering TensorArrayWriteV3 (<function _TensorArrayWriteGrad at 0x0000021F2DC96160>) in gradient.
[2026-02-16 21:04:36,530] tensorflow - Level 1 - Registering TensorArrayWriteV2 (<function _TensorArrayWriteGrad at 0x0000021F2DC96160>) in gradient.
[2026-02-16 21:04:36,530] tensorflow - Level 1 - Registering TensorArrayWrite (<function _TensorArrayWriteGrad at 0x0000021F2DC96160>) in gradient.
[2026-02-16 21:04:36,530] tensorflow - Level 1 - Registering TensorArrayGatherV3 (<function _TensorArrayGatherGrad at 0x0000021F2DC962A0>) in gradient.
[2026-02-16 21:04:36,530] tensorflow - Level 1 - Registering TensorArrayGatherV2 (<function _TensorArrayGatherGrad at 0x0000021F2DC962A0>) in gradient.
[2026-02-16 21:04:36,530] tensorflow - Level 1 - Registering TensorArrayGather (<function _TensorArrayGatherGrad at 0x0000021F2DC962A0>) in gradient.
[2026-02-16 21:04:36,530] tensorflow - Level 1 - Registering TensorArrayScatterV3 (<function _TensorArrayScatterGrad at 0x0000021F2DC96340>) in gradient.
[2026-02-16 21:04:36,530] tensorflow - Level 1 - Registering TensorArrayScatterV2 (<function _TensorArrayScatterGrad at 0x0000021F2DC96340>) in gradient.
[2026-02-16 21:04:36,530] tensorflow - Level 1 - Registering TensorArrayScatter (<function _TensorArrayScatterGrad at 0x0000021F2DC96340>) in gradient.
[2026-02-16 21:04:36,530] tensorflow - Level 1 - Registering TensorArrayConcatV3 (<function _TensorArrayConcatGrad at 0x0000021F2DC963E0>) in gradient.
[2026-02-16 21:04:36,532] tensorflow - Level 1 - Registering TensorArrayConcatV2 (<function _TensorArrayConcatGrad at 0x0000021F2DC963E0>) in gradient.
[2026-02-16 21:04:36,532] tensorflow - Level 1 - Registering TensorArrayConcat (<function _TensorArrayConcatGrad at 0x0000021F2DC963E0>) in gradient.
[2026-02-16 21:04:36,532] tensorflow - Level 1 - Registering TensorArraySplitV3 (<function _TensorArraySplitGrad at 0x0000021F2DC96480>) in gradient.
[2026-02-16 21:04:36,532] tensorflow - Level 1 - Registering TensorArraySplitV2 (<function _TensorArraySplitGrad at 0x0000021F2DC96480>) in gradient.
[2026-02-16 21:04:36,532] tensorflow - Level 1 - Registering TensorArraySplit (<function _TensorArraySplitGrad at 0x0000021F2DC96480>) in gradient.
[2026-02-16 21:04:36,540] tensorflow - Level 1 - Registering DenseToCSRSparseMatrix (<function _DenseToCSRSparseMatrixGrad at 0x0000021F2DC96700>) in gradient.
[2026-02-16 21:04:36,542] tensorflow - Level 1 - Registering CSRSparseMatrixToDense (<function _CSRSparseMatrixToDenseGrad at 0x0000021F2DC96840>) in gradient.
[2026-02-16 21:04:36,542] tensorflow - Level 1 - Registering SparseTensorToCSRSparseMatrix (<function _SparseTensorToCSRSparseMatrixGrad at 0x0000021F2DCCF240>) in gradient.
[2026-02-16 21:04:36,542] tensorflow - Level 1 - Registering CSRSparseMatrixToSparseTensor (<function _CSRSparseMatrixToSparseTensorGrad at 0x0000021F2DCCF1A0>) in gradient.
[2026-02-16 21:04:36,542] tensorflow - Level 1 - Registering SparseMatrixNNZ (None) in gradient.
[2026-02-16 21:04:36,542] tensorflow - Level 1 - Registering SparseMatrixZeros (None) in gradient.
[2026-02-16 21:04:36,542] tensorflow - Level 1 - Registering SparseMatrixAdd (<function _SparseMatrixAddGrad at 0x0000021F2DCCF420>) in gradient.
[2026-02-16 21:04:36,542] tensorflow - Level 1 - Registering SparseMatrixTranspose (<function _SparseMatrixTransposeGrad at 0x0000021F2DCCF560>) in gradient.
[2026-02-16 21:04:36,542] tensorflow - Level 1 - Registering SparseMatrixSoftmax (<function _SparseMatrixSoftmaxGrad at 0x0000021F2DCCF600>) in gradient.
[2026-02-16 21:04:36,542] tensorflow - Level 1 - Registering SparseMatrixMatMul (<function _SparseMatrixMatMulGrad at 0x0000021F2DCCF6A0>) in gradient.
[2026-02-16 21:04:36,542] tensorflow - Level 1 - Registering SparseMatrixSparseMatMul (<function _SparseMatrixSparseMatMulGrad at 0x0000021F2DCCF740>) in gradient.
[2026-02-16 21:04:36,542] tensorflow - Level 1 - Registering SparseMatrixMul (<function _SparseMatrixMulGrad at 0x0000021F2DCCF7E0>) in gradient.
[2026-02-16 21:04:36,550] tensorflow - Level 1 - Registering FFT (<function _fft_grad at 0x0000021F2DD1D300>) in gradient.
[2026-02-16 21:04:36,554] tensorflow - Level 1 - Registering IFFT (<function _ifft_grad at 0x0000021F2DD1D3A0>) in gradient.
[2026-02-16 21:04:36,554] tensorflow - Level 1 - Registering FFT2D (<function _fft2d_grad at 0x0000021F2DD1D440>) in gradient.
[2026-02-16 21:04:36,554] tensorflow - Level 1 - Registering IFFT2D (<function _ifft2d_grad at 0x0000021F2DD1D580>) in gradient.
[2026-02-16 21:04:36,554] tensorflow - Level 1 - Registering FFT3D (<function _fft3d_grad at 0x0000021F2DD1D620>) in gradient.
[2026-02-16 21:04:36,554] tensorflow - Level 1 - Registering IFFT3D (<function _ifft3d_grad at 0x0000021F2DD1D6C0>) in gradient.
[2026-02-16 21:04:36,554] tensorflow - Level 1 - Registering RFFT (<function _rfft_grad_helper.<locals>._grad at 0x0000021F2DD1DB20>) in gradient.
[2026-02-16 21:04:36,554] tensorflow - Level 1 - Registering IRFFT (<function _irfft_grad_helper.<locals>._grad at 0x0000021F2DD1DD00>) in gradient.
[2026-02-16 21:04:36,554] tensorflow - Level 1 - Registering RFFT2D (<function _rfft_grad_helper.<locals>._grad at 0x0000021F2DD1DDA0>) in gradient.
[2026-02-16 21:04:36,554] tensorflow - Level 1 - Registering IRFFT2D (<function _irfft_grad_helper.<locals>._grad at 0x0000021F2DD1DE40>) in gradient.
[2026-02-16 21:04:36,558] tensorflow - Level 1 - Registering GenerateVocabRemapping (None) in gradient.
[2026-02-16 21:04:36,558] tensorflow - Level 1 - Registering LoadAndRemapMatrix (None) in gradient.
[2026-02-16 21:04:36,578] tensorflow - Level 1 - Registering XlaVariadicReduce (None) in gradient.
[2026-02-16 21:04:36,580] tensorflow - Level 1 - Registering XlaSharding (<function _sharding_grad at 0x0000021F2DDCC860>) in gradient.
[2026-02-16 21:04:36,580] tensorflow - Level 1 - Registering XlaSpmdFullToShardShape (<function _spmd_full_to_shard_shape_grad at 0x0000021F2DDCC900>) in gradient.
[2026-02-16 21:04:36,580] tensorflow - Level 1 - Registering XlaSpmdShardToFullShape (<function _spmd_shard_to_full_shape_grad at 0x0000021F2DDCC9A0>) in gradient.
[2026-02-16 21:04:36,591] tensorflow - Level 1 - Registering CTCLoss (<function _CTCLossGrad at 0x0000021F2E024E00>) in gradient.
[2026-02-16 21:04:36,594] tensorflow - Level 1 - Registering CTCLossV2 (<function _CTCLossV2Grad at 0x0000021F2E024EA0>) in gradient.
[2026-02-16 21:04:36,594] tensorflow - Level 1 - Registering CTCGreedyDecoder (None) in gradient.
[2026-02-16 21:04:36,594] tensorflow - Level 1 - Registering CTCBeamSearchDecoder (None) in gradient.
[2026-02-16 21:04:36,596] tensorflow - Level 1 - Registering FusedBatchNormGrad (<function _FusedBatchNormGradGrad at 0x0000021F2E0268E0>) in gradient.
[2026-02-16 21:04:36,596] tensorflow - Level 1 - Registering FusedBatchNormGradV2 (<function _FusedBatchNormGradGradV2 at 0x0000021F2E026980>) in gradient.
[2026-02-16 21:04:36,598] tensorflow - Level 1 - Registering FusedBatchNormGradV3 (<function _FusedBatchNormGradGradV3 at 0x0000021F2E026B60>) in gradient.
[2026-02-16 21:04:36,603] tensorflow - Level 1 - Registering variables ((<class 'tensorflow.core.framework.variable_pb2.VariableDef'>, <function _to_proto_fn at 0x0000021F2E05ACA0>, <function _from_proto_fn at 0x0000021F2E05AF20>)) in proto functions.
[2026-02-16 21:04:36,603] tensorflow - Level 1 - Registering trainable_variables ((<class 'tensorflow.core.framework.variable_pb2.VariableDef'>, <function _to_proto_fn at 0x0000021F2E05ACA0>, <function _from_proto_fn at 0x0000021F2E05AF20>)) in proto functions.
[2026-02-16 21:04:36,605] tensorflow - Level 1 - Registering moving_average_variables ((<class 'tensorflow.core.framework.variable_pb2.VariableDef'>, <function _to_proto_fn at 0x0000021F2E05ACA0>, <function _from_proto_fn at 0x0000021F2E05AF20>)) in proto functions.
[2026-02-16 21:04:36,605] tensorflow - Level 1 - Registering local_variables ((<class 'tensorflow.core.framework.variable_pb2.VariableDef'>, <function _to_proto_fn at 0x0000021F2E05ACA0>, <function _from_proto_fn at 0x0000021F2E05AF20>)) in proto functions.
[2026-02-16 21:04:36,605] tensorflow - Level 1 - Registering model_variables ((<class 'tensorflow.core.framework.variable_pb2.VariableDef'>, <function _to_proto_fn at 0x0000021F2E05ACA0>, <function _from_proto_fn at 0x0000021F2E05AF20>)) in proto functions.
[2026-02-16 21:04:36,605] tensorflow - Level 1 - Registering global_step ((<class 'tensorflow.core.framework.variable_pb2.VariableDef'>, <function _to_proto_fn at 0x0000021F2E05ACA0>, <function _from_proto_fn at 0x0000021F2E05AF20>)) in proto functions.
[2026-02-16 21:04:36,605] tensorflow - Level 1 - Registering metric_variables ((<class 'tensorflow.core.framework.variable_pb2.VariableDef'>, <function _to_proto_fn at 0x0000021F2E05ACA0>, <function _from_proto_fn at 0x0000021F2E05AF20>)) in proto functions.
[2026-02-16 21:04:36,605] tensorflow - Level 1 - Registering RandomCrop (None) in gradient.
[2026-02-16 21:04:36,609] tensorflow - Level 1 - Registering HSVToRGB (None) in gradient.
[2026-02-16 21:04:36,609] tensorflow - Level 1 - Registering DrawBoundingBoxes (None) in gradient.
[2026-02-16 21:04:36,609] tensorflow - Level 1 - Registering SampleDistortedBoundingBox (None) in gradient.
[2026-02-16 21:04:36,609] tensorflow - Level 1 - Registering SampleDistortedBoundingBoxV2 (None) in gradient.
[2026-02-16 21:04:36,609] tensorflow - Level 1 - Registering ExtractGlimpse (None) in gradient.
[2026-02-16 21:04:36,609] tensorflow - Level 1 - Registering NonMaxSuppression (None) in gradient.
[2026-02-16 21:04:36,609] tensorflow - Level 1 - Registering NonMaxSuppressionV2 (None) in gradient.
[2026-02-16 21:04:36,609] tensorflow - Level 1 - Registering NonMaxSuppressionWithOverlaps (None) in gradient.
[2026-02-16 21:04:36,609] tensorflow - Level 1 - Registering GenerateBoundingBoxProposals (None) in gradient.
[2026-02-16 21:04:36,617] tensorflow - Level 1 - Registering ImageProjectiveTransformV2 (<function _image_projective_transform_grad at 0x0000021F2E147920>) in gradient.
[2026-02-16 21:04:36,619] tensorflow - Level 1 - Registering ImageProjectiveTransformV3 (<function _image_projective_transform_v3_grad at 0x0000021F2E147B00>) in gradient.
[2026-02-16 21:04:36,732] tensorflow - Level 1 - Registering savers ((<class 'tensorflow.core.protobuf.saver_pb2.SaverDef'>, <function Saver.to_proto at 0x0000021F2E41AE80>, <function Saver.from_proto at 0x0000021F2E41AF20>)) in proto functions.
[2026-02-16 21:04:36,732] tensorflow - Level 1 - Registering EagerPyFunc (<function _EagerPyFuncGrad at 0x0000021F2E44BB00>) in gradient.
[2026-02-16 21:04:36,748] tensorflow - Level 1 - Registering PyFunc (None) in gradient.
[2026-02-16 21:04:36,748] tensorflow - Level 1 - Registering PyFuncStateless (None) in gradient.
[2026-02-16 21:04:36,764] tensorflow - Level 1 - Registering ReduceDataset (None) in gradient.
[2026-02-16 21:04:36,766] tensorflow - Level 1 - Registering tensorflow.python.data.ops.dataset_ops (<function _tf2_callback at 0x0000021F2E49DF80>) in data_v2_callbacks.
[2026-02-16 21:04:36,780] tensorflow - Level 1 - Registering _resource_resolver (<function _resource_resolver at 0x0000021F2E52AC00>) in acd_resource_resolvers.
[2026-02-16 21:04:36,791] tensorflow - Level 1 - Registering tensorflow.python.data.experimental.ops.counter (<function _tf2_callback at 0x0000021F2E536520>) in data_v2_callbacks.
[2026-02-16 21:04:36,812] tensorflow - Level 1 - Registering tensorflow.python.data.ops.readers (<function _tf2_callback at 0x0000021F2E52B7E0>) in data_v2_callbacks.
[2026-02-16 21:04:36,812] tensorflow - Level 1 - Registering tensorflow.python.data.experimental.ops.interleave_ops (<function _tf2_callback at 0x0000021F2E537880>) in data_v2_callbacks.
[2026-02-16 21:04:36,843] tensorflow - Level 1 - Registering tensorflow.python.data.experimental.ops.random_ops (<function _tf2_callback at 0x0000021F2E5E6CA0>) in data_v2_callbacks.
[2026-02-16 21:04:36,843] tensorflow - Level 1 - Registering tensorflow.python.data.experimental.ops.readers (<function _tf2_callback at 0x0000021F2E6005E0>) in data_v2_callbacks.
[2026-02-16 21:04:37,033] tensorflow - Level 1 - Registering tpu_replicated_input_resolver (<function tpu_replicated_input_resolver at 0x0000021F2E8705E0>) in acd_resource_resolvers.
[2026-02-16 21:04:37,042] tensorflow - DEBUG - Falling back to TensorFlow client; we recommended you install the Cloud TPU client directly with pip install cloud-tpu-client.
[2026-02-16 21:04:37,177] tensorflow - Level 1 - Registering queue_runners ((<class 'tensorflow.core.protobuf.queue_runner_pb2.QueueRunnerDef'>, <function QueueRunner.to_proto at 0x0000021F2EA8AFC0>, <function QueueRunner.from_proto at 0x0000021F2EA8B060>)) in proto functions.
[2026-02-16 21:04:37,635] h5py._conv - DEBUG - Creating converter from 7 to 5
[2026-02-16 21:04:37,635] h5py._conv - DEBUG - Creating converter from 5 to 7
[2026-02-16 21:04:37,635] h5py._conv - DEBUG - Creating converter from 7 to 5
[2026-02-16 21:04:37,635] h5py._conv - DEBUG - Creating converter from 5 to 7
[2026-02-16 21:04:37,864] tensorflow - Level 1 - Registering DebugGradientIdentity (<function _identify_gradient_grad at 0x0000021F3055B9C0>) in gradient.
[2026-02-16 21:04:37,866] tensorflow - Level 1 - Registering DebugGradientRefIdentity (<function _identify_gradient_grad_ref at 0x0000021F3055BA60>) in gradient.
[2026-02-16 21:04:37,898] tensorflow - Level 1 - Registering DebugIdentityV2 (<function _debug_identity_v2_grad at 0x0000021F305D6DE0>) in gradient.
[2026-02-16 21:04:38,215] tensorflow - Level 1 - Registering AudioMicrofrontend (None) in gradient.
[2026-02-16 21:04:38,303] tensorflow - Level 1 - Registering Reciprocal,flops (<function _reciprocal_flops at 0x0000021F30BCC720>) in statistical functions.
[2026-02-16 21:04:38,303] tensorflow - Level 1 - Registering Square,flops (<function _square_flops at 0x0000021F30BCC7C0>) in statistical functions.
[2026-02-16 21:04:38,303] tensorflow - Level 1 - Registering Rsqrt,flops (<function _rsqrt_flops at 0x0000021F30BCC900>) in statistical functions.
[2026-02-16 21:04:38,308] tensorflow - Level 1 - Registering Log,flops (<function _log_flops at 0x0000021F30BCC860>) in statistical functions.
[2026-02-16 21:04:38,308] tensorflow - Level 1 - Registering Neg,flops (<function _neg_flops at 0x0000021F30BCC9A0>) in statistical functions.
[2026-02-16 21:04:38,308] tensorflow - Level 1 - Registering AssignSub,flops (<function _assign_sub_flops at 0x0000021F30BCCA40>) in statistical functions.
[2026-02-16 21:04:38,308] tensorflow - Level 1 - Registering AssignAdd,flops (<function _assign_add_flops at 0x0000021F30BCCAE0>) in statistical functions.
[2026-02-16 21:04:38,308] tensorflow - Level 1 - Registering L2Loss,flops (<function _l2_loss_flops at 0x0000021F30BCCB80>) in statistical functions.
[2026-02-16 21:04:38,308] tensorflow - Level 1 - Registering Softmax,flops (<function _softmax_flops at 0x0000021F30BCCC20>) in statistical functions.
[2026-02-16 21:04:38,308] tensorflow - Level 1 - Registering AddV2,flops (<function _add_flops at 0x0000021F30BCCD60>) in statistical functions.
[2026-02-16 21:04:38,308] tensorflow - Level 1 - Registering Add,flops (<function _add_flops at 0x0000021F30BCCD60>) in statistical functions.
[2026-02-16 21:04:38,308] tensorflow - Level 1 - Registering Sub,flops (<function _sub_flops at 0x0000021F30BCCE00>) in statistical functions.
[2026-02-16 21:04:38,308] tensorflow - Level 1 - Registering Mul,flops (<function _mul_flops at 0x0000021F30BCCEA0>) in statistical functions.
[2026-02-16 21:04:38,308] tensorflow - Level 1 - Registering RealDiv,flops (<function _real_div_flops at 0x0000021F30BCCF40>) in statistical functions.
[2026-02-16 21:04:38,308] tensorflow - Level 1 - Registering Maximum,flops (<function _maximum_flops at 0x0000021F30BCCFE0>) in statistical functions.
[2026-02-16 21:04:38,308] tensorflow - Level 1 - Registering Minimum,flops (<function _minimum_flops at 0x0000021F30BCD080>) in statistical functions.
[2026-02-16 21:04:38,308] tensorflow - Level 1 - Registering Pow,flops (<function _pow_flops at 0x0000021F30BCD120>) in statistical functions.
[2026-02-16 21:04:38,308] tensorflow - Level 1 - Registering RsqrtGrad,flops (<function _rsqrt_grad_flops at 0x0000021F30BCD1C0>) in statistical functions.
[2026-02-16 21:04:38,308] tensorflow - Level 1 - Registering GreaterEqual,flops (<function _greater_equal_flops at 0x0000021F30BCD260>) in statistical functions.
[2026-02-16 21:04:38,308] tensorflow - Level 1 - Registering Greater,flops (<function _greater_flops at 0x0000021F30BCD300>) in statistical functions.
[2026-02-16 21:04:38,308] tensorflow - Level 1 - Registering LessEqual,flops (<function _less_equal_flops at 0x0000021F30BCD3A0>) in statistical functions.
[2026-02-16 21:04:38,308] tensorflow - Level 1 - Registering Less,flops (<function _less_flops at 0x0000021F30BCD440>) in statistical functions.
[2026-02-16 21:04:38,308] tensorflow - Level 1 - Registering Equal,flops (<function _equal_flops at 0x0000021F30BCD4E0>) in statistical functions.
[2026-02-16 21:04:38,308] tensorflow - Level 1 - Registering NotEqual,flops (<function _not_equal_flops at 0x0000021F30BCD580>) in statistical functions.
[2026-02-16 21:04:38,308] tensorflow - Level 1 - Registering SquaredDifference,flops (<function _squared_difference_flops at 0x0000021F30BCD620>) in statistical functions.
[2026-02-16 21:04:38,308] tensorflow - Level 1 - Registering Mean,flops (<function _mean_flops at 0x0000021F30BCD760>) in statistical functions.
[2026-02-16 21:04:38,308] tensorflow - Level 1 - Registering Sum,flops (<function _sum_flops at 0x0000021F30BCD800>) in statistical functions.
[2026-02-16 21:04:38,308] tensorflow - Level 1 - Registering ArgMax,flops (<function _arg_max_flops at 0x0000021F30BCD8A0>) in statistical functions.
[2026-02-16 21:04:38,308] tensorflow - Level 1 - Registering ArgMin,flops (<function _arg_min_flops at 0x0000021F30BCD940>) in statistical functions.
[2026-02-16 21:04:38,308] tensorflow - Level 1 - Registering BiasAddGrad,flops (<function _bias_add_grad_flops at 0x0000021F30BCD9E0>) in statistical functions.
[2026-02-16 21:04:38,308] tensorflow - Level 1 - Registering AvgPool,flops (<function _avg_pool_flops at 0x0000021F30BCDBC0>) in statistical functions.
[2026-02-16 21:04:38,308] tensorflow - Level 1 - Registering MaxPool,flops (<function _max_pool_flops at 0x0000021F30BCDC60>) in statistical functions.
[2026-02-16 21:04:38,308] tensorflow - Level 1 - Registering AvgPoolGrad,flops (<function _avg_pool_grad_flops at 0x0000021F30BCDD00>) in statistical functions.
[2026-02-16 21:04:38,308] tensorflow - Level 1 - Registering MaxPoolGrad,flops (<function _max_pool_grad_flops at 0x0000021F30BCDDA0>) in statistical functions.
[2026-02-16 21:04:38,308] tensorflow - Level 1 - Registering Conv2DBackpropInput,flops (<function _conv_2d_backprop_input_flops at 0x0000021F30BCDE40>) in statistical functions.
[2026-02-16 21:04:38,308] tensorflow - Level 1 - Registering Conv2DBackpropFilter,flops (<function _conv_2d_backprop_filter_flops at 0x0000021F30BCDEE0>) in statistical functions.
[2026-02-16 21:04:38,308] tensorflow - Level 1 - Registering AddN,flops (<function _add_n_flops at 0x0000021F30BCDF80>) in statistical functions.
[2026-02-16 21:04:38,308] tensorflow - Level 1 - Registering MatMul,flops (<function _calc_mat_mul_flops at 0x0000021F30BCE020>) in statistical functions.
[2026-02-16 21:04:38,308] tensorflow - Level 1 - Registering BatchMatMulV3,flops (<function _calc_batch_mat_mul_flops at 0x0000021F30BCE0C0>) in statistical functions.
[2026-02-16 21:04:38,308] tensorflow - Level 1 - Registering BatchMatMulV2,flops (<function _calc_batch_mat_mul_flops at 0x0000021F30BCE0C0>) in statistical functions.
[2026-02-16 21:04:38,308] tensorflow - Level 1 - Registering BatchMatMul,flops (<function _calc_batch_mat_mul_flops at 0x0000021F30BCE0C0>) in statistical functions.
[2026-02-16 21:04:39,257] tensorflow - Level 1 - Enabling eager execution
[2026-02-16 21:04:39,257] tensorflow - Level 1 - Enabling v2 tensorshape
[2026-02-16 21:04:39,257] tensorflow - Level 1 - Enabling resource variables
[2026-02-16 21:04:39,257] tensorflow - Level 1 - Enabling tensor equality
[2026-02-16 21:04:39,257] tensorflow - Level 1 - Enabling control flow v2
[2026-02-16 21:04:40,054] matplotlib - DEBUG - matplotlib data path: C:\Users\BS\anaconda3\Lib\site-packages\matplotlib\mpl-data
[2026-02-16 21:04:40,054] matplotlib - DEBUG - CONFIGDIR=C:\Users\BS\.matplotlib
[2026-02-16 21:04:40,054] matplotlib - DEBUG - interactive is False
[2026-02-16 21:04:40,054] matplotlib - DEBUG - platform is win32
[2026-02-16 21:04:40,150] matplotlib - DEBUG - CACHEDIR=C:\Users\BS\.matplotlib
[2026-02-16 21:04:40,150] matplotlib.font_manager - DEBUG - Using fontManager instance from C:\Users\BS\.matplotlib\fontlist-v390.json
[2026-02-16 21:04:46,931] tensorflow - WARNING - From C:\Users\BS\anaconda3\Lib\site-packages\tf_keras\src\losses.py:2976: The name tf.losses.sparse_softmax_cross_entropy is deprecated. Please use tf.compat.v1.losses.sparse_softmax_cross_entropy instead.

