[2026-02-15 21:27:23,643] pydot - DEBUG - pydot initializing
[2026-02-15 21:27:23,643] pydot - DEBUG - pydot 4.0.1
[2026-02-15 21:27:23,651] pydot.core - DEBUG - pydot core module initializing
[2026-02-15 21:27:36,364] tensorflow - Level 1 - Registering Relayout (<function _relayout_gradient at 0x0000028ABA8B1E40>) in gradient.
[2026-02-15 21:27:36,369] tensorflow - Level 1 - Registering RelayoutLike (<function _relayout_grad_gradient at 0x0000028ABA8B1F80>) in gradient.
[2026-02-15 21:27:36,369] tensorflow - Level 1 - Registering CopyToMesh (<function _copy_to_mesh_gradient at 0x0000028ABA8B2660>) in gradient.
[2026-02-15 21:27:36,370] tensorflow - Level 1 - Registering CopyToMeshGrad (<function _copy_to_mesh_grad_gradient at 0x0000028ABA8B25C0>) in gradient.
[2026-02-15 21:27:36,385] tensorflow - Level 1 - Registering FakeQuantWithMinMaxArgs (<function _FakeQuantWithMinMaxArgsGradient at 0x0000028ABA95E700>) in gradient.
[2026-02-15 21:27:36,387] tensorflow - Level 1 - Registering FakeQuantWithMinMaxVars (<function _FakeQuantWithMinMaxVarsGradient at 0x0000028ABA95E8E0>) in gradient.
[2026-02-15 21:27:36,387] tensorflow - Level 1 - Registering FakeQuantWithMinMaxVarsPerChannel (<function _FakeQuantWithMinMaxVarsPerChannelGradient at 0x0000028ABA95EE80>) in gradient.
[2026-02-15 21:27:36,387] tensorflow - Level 1 - Registering QuantizeAndDequantizeV4 (<function _QuantizeAndDequantizeV4Grad at 0x0000028ABA95EF20>) in gradient.
[2026-02-15 21:27:36,387] tensorflow - Level 1 - Registering QuantizeAndDequantizeV4Grad (<function _QuantizeAndDequantizeV4GradGrad at 0x0000028ABA95EFC0>) in gradient.
[2026-02-15 21:27:36,422] tensorflow - Level 1 - Registering TensorListConcatLists (None) in gradient.
[2026-02-15 21:27:36,425] tensorflow - Level 1 - Registering TensorListElementShape (None) in gradient.
[2026-02-15 21:27:36,425] tensorflow - Level 1 - Registering TensorListLength (None) in gradient.
[2026-02-15 21:27:36,425] tensorflow - Level 1 - Registering TensorListPushBackBatch (None) in gradient.
[2026-02-15 21:27:36,425] tensorflow - Level 1 - Registering TensorListPushBack (<function _PushBackGrad at 0x0000028ABAB1F880>) in gradient.
[2026-02-15 21:27:36,425] tensorflow - Level 1 - Registering TensorListPopBack (<function _PopBackGrad at 0x0000028ABAB1F920>) in gradient.
[2026-02-15 21:27:36,425] tensorflow - Level 1 - Registering TensorListStack (<function _TensorListStackGrad at 0x0000028ABAB1F9C0>) in gradient.
[2026-02-15 21:27:36,425] tensorflow - Level 1 - Registering TensorListConcatV2 (<function _TensorListConcatGrad at 0x0000028ABAB1FA60>) in gradient.
[2026-02-15 21:27:36,425] tensorflow - Level 1 - Registering TensorListConcat (<function _TensorListConcatGrad at 0x0000028ABAB1FA60>) in gradient.
[2026-02-15 21:27:36,426] tensorflow - Level 1 - Registering TensorListSplit (<function _TensorListSplitGrad at 0x0000028ABAB1FB00>) in gradient.
[2026-02-15 21:27:36,426] tensorflow - Level 1 - Registering TensorListFromTensor (<function _TensorListFromTensorGrad at 0x0000028ABAB1FBA0>) in gradient.
[2026-02-15 21:27:36,426] tensorflow - Level 1 - Registering TensorListGetItem (<function _TensorListGetItemGrad at 0x0000028ABAB1FC40>) in gradient.
[2026-02-15 21:27:36,426] tensorflow - Level 1 - Registering TensorListSetItem (<function _TensorListSetItemGrad at 0x0000028ABAB1FCE0>) in gradient.
[2026-02-15 21:27:36,426] tensorflow - Level 1 - Registering TensorListResize (<function _TensorListResizeGrad at 0x0000028ABAB1FD80>) in gradient.
[2026-02-15 21:27:36,426] tensorflow - Level 1 - Registering TensorListGather (<function _TensorListGatherGrad at 0x0000028ABAB1FE20>) in gradient.
[2026-02-15 21:27:36,427] tensorflow - Level 1 - Registering TensorListScatterV2 (<function _TensorListScatterGrad at 0x0000028ABAB1FEC0>) in gradient.
[2026-02-15 21:27:36,427] tensorflow - Level 1 - Registering TensorListScatter (<function _TensorListScatterGrad at 0x0000028ABAB1FEC0>) in gradient.
[2026-02-15 21:27:36,427] tensorflow - Level 1 - Registering TensorListScatterIntoExistingList (<function _TensorListScatterIntoExistingListGrad at 0x0000028ABAB1FF60>) in gradient.
[2026-02-15 21:27:36,485] tensorflow - Level 1 - Registering AccumulateNV2 (<function _accumulate_n_grad at 0x0000028ABACDD1C0>) in gradient.
[2026-02-15 21:27:36,697] tensorflow - Level 1 - Registering cond_context ((<class 'tensorflow.core.protobuf.control_flow_pb2.CondContextDef'>, <function CondContext.to_proto at 0x0000028ABADE40E0>, <function CondContext.from_proto at 0x0000028ABADE4180>)) in proto functions.
[2026-02-15 21:27:36,697] tensorflow - Level 1 - Registering while_context ((<class 'tensorflow.core.protobuf.control_flow_pb2.WhileContextDef'>, <function WhileContext.to_proto at 0x0000028ABADE4F40>, <function WhileContext.from_proto at 0x0000028ABADE5080>)) in proto functions.
[2026-02-15 21:27:36,707] tensorflow - Level 1 - Registering _identity_resolver (<function _identity_resolver at 0x0000028ABADE6F20>) in acd_resource_resolvers.
[2026-02-15 21:27:36,759] tensorflow - Level 1 - Registering Assign (None) in gradient.
[2026-02-15 21:27:36,760] tensorflow - Level 1 - Registering AssignAdd (None) in gradient.
[2026-02-15 21:27:36,761] tensorflow - Level 1 - Registering AssignSub (None) in gradient.
[2026-02-15 21:27:36,761] tensorflow - Level 1 - Registering ScatterAdd (None) in gradient.
[2026-02-15 21:27:36,761] tensorflow - Level 1 - Registering ScatterSub (None) in gradient.
[2026-02-15 21:27:36,761] tensorflow - Level 1 - Registering ScatterMul (None) in gradient.
[2026-02-15 21:27:36,761] tensorflow - Level 1 - Registering ScatterDiv (None) in gradient.
[2026-02-15 21:27:36,762] tensorflow - Level 1 - Registering ScatterNdUpdate (None) in gradient.
[2026-02-15 21:27:36,762] tensorflow - Level 1 - Registering ScatterNdAdd (None) in gradient.
[2026-02-15 21:27:36,763] tensorflow - Level 1 - Registering ScatterNdSub (None) in gradient.
[2026-02-15 21:27:36,763] tensorflow - Level 1 - Registering ScatterNdMul (None) in gradient.
[2026-02-15 21:27:36,763] tensorflow - Level 1 - Registering ScatterNdDiv (None) in gradient.
[2026-02-15 21:27:36,777] tensorflow - Level 1 - Registering ReadVariableOp (<function _ReadGrad at 0x0000028ABAF66DE0>) in gradient.
[2026-02-15 21:27:36,777] tensorflow - Level 1 - Registering ResourceGather (<function _GatherGrad at 0x0000028ABAF67E20>) in gradient.
[2026-02-15 21:27:36,778] tensorflow - Level 1 - Registering Assert (None) in gradient.
[2026-02-15 21:27:36,778] tensorflow - Level 1 - Registering VarIsInitializedOp (None) in gradient.
[2026-02-15 21:27:36,778] tensorflow - Level 1 - Registering VariableShape (None) in gradient.
[2026-02-15 21:27:36,806] tensorflow - Level 1 - Registering RandomStandardNormal (None) in gradient.
[2026-02-15 21:27:36,809] tensorflow - Level 1 - Registering ParameterizedTruncatedNormal (None) in gradient.
[2026-02-15 21:27:36,809] tensorflow - Level 1 - Registering TruncatedNormal (None) in gradient.
[2026-02-15 21:27:36,810] tensorflow - Level 1 - Registering RandomUniform (None) in gradient.
[2026-02-15 21:27:36,810] tensorflow - Level 1 - Registering RandomShuffle (None) in gradient.
[2026-02-15 21:27:36,811] tensorflow - Level 1 - Registering Multinomial (None) in gradient.
[2026-02-15 21:27:36,861] tensorflow - Level 1 - Registering If (<function _IfGrad at 0x0000028ABB14B600>) in gradient.
[2026-02-15 21:27:36,862] tensorflow - Level 1 - Registering StatelessIf (<function _IfGrad at 0x0000028ABB14B600>) in gradient.
[2026-02-15 21:27:36,862] tensorflow - Level 1 - Registering StatelessCase (<function _CaseGrad at 0x0000028ABB168D60>) in gradient.
[2026-02-15 21:27:36,862] tensorflow - Level 1 - Registering Case (<function _CaseGrad at 0x0000028ABB168D60>) in gradient.
[2026-02-15 21:27:36,880] tensorflow - Level 1 - Registering While (<function _WhileGrad at 0x0000028ABB1CB600>) in gradient.
[2026-02-15 21:27:36,881] tensorflow - Level 1 - Registering StatelessWhile (<function _WhileGrad at 0x0000028ABB1CB600>) in gradient.
[2026-02-15 21:27:37,081] tensorflow - Level 1 - Registering EnsureShape (<function _ensure_shape_grad at 0x0000028ABB42EDE0>) in gradient.
[2026-02-15 21:27:37,100] tensorflow - Level 1 - Registering RaggedTensorToSparse (<function _ragged_tensor_to_sparse_gradient at 0x0000028ABB49EDE0>) in gradient.
[2026-02-15 21:27:37,140] tensorflow - Level 1 - Registering Conv2DBackpropInput (<function _Conv2DBackpropInputGrad at 0x0000028ABB50B240>) in gradient.
[2026-02-15 21:27:37,142] tensorflow - Level 1 - Registering Conv2DBackpropFilter (<function _Conv2DBackpropFilterGrad at 0x0000028ABB50B880>) in gradient.
[2026-02-15 21:27:37,142] tensorflow - Level 1 - Registering DepthwiseConv2dNativeBackpropInput (<function _DepthwiseConv2dNativeBackpropInputGrad at 0x0000028ABB55C040>) in gradient.
[2026-02-15 21:27:37,142] tensorflow - Level 1 - Registering DepthwiseConv2dNativeBackpropFilter (<function _DepthwiseConv2dNativeBackpropFilterGrad at 0x0000028ABB55C680>) in gradient.
[2026-02-15 21:27:37,142] tensorflow - Level 1 - Registering Conv3D (<function _Conv3DGrad at 0x0000028ABB55C720>) in gradient.
[2026-02-15 21:27:37,142] tensorflow - Level 1 - Registering Conv3DBackpropInputV2 (<function _Conv3DBackpropInputGrad at 0x0000028ABB55C7C0>) in gradient.
[2026-02-15 21:27:37,142] tensorflow - Level 1 - Registering Conv3DBackpropFilterV2 (<function _Conv3DBackpropFilterGrad at 0x0000028ABB55C860>) in gradient.
[2026-02-15 21:27:37,143] tensorflow - Level 1 - Registering AvgPool3D (<function _AvgPool3DGrad at 0x0000028ABB55C900>) in gradient.
[2026-02-15 21:27:37,143] tensorflow - Level 1 - Registering AvgPool3DGrad (<function _AvgPool3DGradGrad at 0x0000028ABB55C9A0>) in gradient.
[2026-02-15 21:27:37,143] tensorflow - Level 1 - Registering MaxPool3D (<function _MaxPool3DGrad at 0x0000028ABB55CA40>) in gradient.
[2026-02-15 21:27:37,143] tensorflow - Level 1 - Registering MaxPool3DGrad (<function _MaxPool3DGradGrad at 0x0000028ABB55CAE0>) in gradient.
[2026-02-15 21:27:37,143] tensorflow - Level 1 - Registering MaxPool3DGradGrad (<function _MaxPool3DGradGradGrad at 0x0000028ABB55CB80>) in gradient.
[2026-02-15 21:27:37,143] tensorflow - Level 1 - Registering Softmax (<function _SoftmaxGrad at 0x0000028ABB55CC20>) in gradient.
[2026-02-15 21:27:37,143] tensorflow - Level 1 - Registering LogSoftmax (<function _LogSoftmaxGrad at 0x0000028ABB55CCC0>) in gradient.
[2026-02-15 21:27:37,143] tensorflow - Level 1 - Registering BiasAdd (<function _BiasAddGrad at 0x0000028ABB55CD60>) in gradient.
[2026-02-15 21:27:37,143] tensorflow - Level 1 - Registering BiasAddGrad (<function _BiasAddGradGrad at 0x0000028ABB55CE00>) in gradient.
[2026-02-15 21:27:37,143] tensorflow - Level 1 - Registering BiasAddV1 (<function _BiasAddGradV1 at 0x0000028ABB55CEA0>) in gradient.
[2026-02-15 21:27:37,143] tensorflow - Level 1 - Registering Relu (<function _ReluGrad at 0x0000028ABB55CF40>) in gradient.
[2026-02-15 21:27:37,144] tensorflow - Level 1 - Registering EluGrad (<function _EluGradGrad at 0x0000028ABB55CFE0>) in gradient.
[2026-02-15 21:27:37,144] tensorflow - Level 1 - Registering SeluGrad (<function _SeluGradGrad at 0x0000028ABB55D080>) in gradient.
[2026-02-15 21:27:37,144] tensorflow - Level 1 - Registering Relu6 (<function _Relu6Grad at 0x0000028ABB55D120>) in gradient.
[2026-02-15 21:27:37,144] tensorflow - Level 1 - Registering Relu6Grad (<function _Relu6GradGrad at 0x0000028ABB55D1C0>) in gradient.
[2026-02-15 21:27:37,144] tensorflow - Level 1 - Registering LeakyRelu (<function _LeakyReluGrad at 0x0000028ABB55D260>) in gradient.
[2026-02-15 21:27:37,144] tensorflow - Level 1 - Registering LeakyReluGrad (<function _LeakyReluGradGrad at 0x0000028ABB55D300>) in gradient.
[2026-02-15 21:27:37,144] tensorflow - Level 1 - Registering Elu (<function _EluGrad at 0x0000028ABB55D3A0>) in gradient.
[2026-02-15 21:27:37,145] tensorflow - Level 1 - Registering Selu (<function _SeluGrad at 0x0000028ABB55D440>) in gradient.
[2026-02-15 21:27:37,145] tensorflow - Level 1 - Registering Softplus (<function _SoftplusGrad at 0x0000028ABB55D4E0>) in gradient.
[2026-02-15 21:27:37,145] tensorflow - Level 1 - Registering SoftplusGrad (<function _SoftplusGradGrad at 0x0000028ABB55D580>) in gradient.
[2026-02-15 21:27:37,145] tensorflow - Level 1 - Registering Softsign (<function _SoftsignGrad at 0x0000028ABB55D620>) in gradient.
[2026-02-15 21:27:37,145] tensorflow - Level 1 - Registering ReluGrad (<function _ReluGradGrad at 0x0000028ABB55D6C0>) in gradient.
[2026-02-15 21:27:37,145] tensorflow - Level 1 - Registering SoftmaxCrossEntropyWithLogits (<function _SoftmaxCrossEntropyWithLogitsGrad at 0x0000028ABB55D800>) in gradient.
[2026-02-15 21:27:37,145] tensorflow - Level 1 - Registering SparseSoftmaxCrossEntropyWithLogits (<function _SparseSoftmaxCrossEntropyWithLogitsGrad at 0x0000028ABB55D8A0>) in gradient.
[2026-02-15 21:27:37,145] tensorflow - Level 1 - Registering Conv2D (<function _Conv2DGrad at 0x0000028ABB55D940>) in gradient.
[2026-02-15 21:27:37,145] tensorflow - Level 1 - Registering DepthwiseConv2dNative (<function _DepthwiseConv2dNativeGrad at 0x0000028ABB55D9E0>) in gradient.
[2026-02-15 21:27:37,145] tensorflow - Level 1 - Registering Dilation2D (<function _Dilation2DGrad at 0x0000028ABB55DA80>) in gradient.
[2026-02-15 21:27:37,147] tensorflow - Level 1 - Registering LRN (<function _LRNGrad at 0x0000028ABB55DB20>) in gradient.
[2026-02-15 21:27:37,147] tensorflow - Level 1 - Registering AvgPool (<function _AvgPoolGrad at 0x0000028ABB55DBC0>) in gradient.
[2026-02-15 21:27:37,147] tensorflow - Level 1 - Registering AvgPoolGrad (<function _AvgPoolGradGrad at 0x0000028ABB55DC60>) in gradient.
[2026-02-15 21:27:37,147] tensorflow - Level 1 - Registering MaxPool (<function _MaxPoolGrad at 0x0000028ABB55DD00>) in gradient.
[2026-02-15 21:27:37,147] tensorflow - Level 1 - Registering MaxPoolV2 (<function _MaxPoolGradV2 at 0x0000028ABB55DDA0>) in gradient.
[2026-02-15 21:27:37,147] tensorflow - Level 1 - Registering MaxPoolWithArgmax (<function _MaxPoolGradWithArgmax at 0x0000028ABB55DE40>) in gradient.
[2026-02-15 21:27:37,147] tensorflow - Level 1 - Registering MaxPoolGrad (<function _MaxPoolGradGrad at 0x0000028ABB55DEE0>) in gradient.
[2026-02-15 21:27:37,147] tensorflow - Level 1 - Registering MaxPoolGradV2 (<function _MaxPoolGradGradV2 at 0x0000028ABB55DF80>) in gradient.
[2026-02-15 21:27:37,147] tensorflow - Level 1 - Registering MaxPoolGradGrad (<function _MaxPoolGradGradGrad at 0x0000028ABB55E020>) in gradient.
[2026-02-15 21:27:37,147] tensorflow - Level 1 - Registering FractionalMaxPool (<function _FractionalMaxPoolGrad at 0x0000028ABB55E0C0>) in gradient.
[2026-02-15 21:27:37,148] tensorflow - Level 1 - Registering FractionalAvgPool (<function _FractionalAvgPoolGrad at 0x0000028ABB55E160>) in gradient.
[2026-02-15 21:27:37,148] tensorflow - Level 1 - Registering BatchNormWithGlobalNormalization (<function _BatchNormWithGlobalNormalizationGrad at 0x0000028ABB55E200>) in gradient.
[2026-02-15 21:27:37,148] tensorflow - Level 1 - Registering FusedBatchNorm (<function _FusedBatchNormGrad at 0x0000028ABB55E340>) in gradient.
[2026-02-15 21:27:37,148] tensorflow - Level 1 - Registering FusedBatchNormV2 (<function _FusedBatchNormV2Grad at 0x0000028ABB55E3E0>) in gradient.
[2026-02-15 21:27:37,148] tensorflow - Level 1 - Registering FusedBatchNormV3 (<function _FusedBatchNormV3Grad at 0x0000028ABB55E480>) in gradient.
[2026-02-15 21:27:37,148] tensorflow - Level 1 - Registering L2Loss (<function _L2LossGrad at 0x0000028ABB55E520>) in gradient.
[2026-02-15 21:27:37,148] tensorflow - Level 1 - Registering TopKV2 (<function _TopKGrad at 0x0000028ABB55E5C0>) in gradient.
[2026-02-15 21:27:37,148] tensorflow - Level 1 - Registering TopK (<function _TopKGrad at 0x0000028ABB55E5C0>) in gradient.
[2026-02-15 21:27:37,149] tensorflow - Level 1 - Registering ApproxTopK (<function _ApproxTopKGradient at 0x0000028ABB55E660>) in gradient.
[2026-02-15 21:27:37,149] tensorflow - Level 1 - Registering NthElement (<function _NthElementGrad at 0x0000028ABB55E700>) in gradient.
[2026-02-15 21:27:37,149] tensorflow - Level 1 - Registering IsotonicRegression (<function _IsotonicRegressionGrad at 0x0000028ABB55E840>) in gradient.
[2026-02-15 21:27:37,163] tensorflow - Level 1 - Registering BitwiseAnd (None) in gradient.
[2026-02-15 21:27:37,165] tensorflow - Level 1 - Registering BitwiseOr (None) in gradient.
[2026-02-15 21:27:37,165] tensorflow - Level 1 - Registering BitwiseXor (None) in gradient.
[2026-02-15 21:27:37,165] tensorflow - Level 1 - Registering Invert (None) in gradient.
[2026-02-15 21:27:37,165] tensorflow - Level 1 - Registering PopulationCount (None) in gradient.
[2026-02-15 21:27:37,165] tensorflow - Level 1 - Registering LeftShift (None) in gradient.
[2026-02-15 21:27:37,165] tensorflow - Level 1 - Registering RightShift (None) in gradient.
[2026-02-15 21:27:37,166] tensorflow - Level 1 - Registering StatelessMultinomial (None) in gradient.
[2026-02-15 21:27:37,167] tensorflow - Level 1 - Registering StatelessRandomBinomial (None) in gradient.
[2026-02-15 21:27:37,167] tensorflow - Level 1 - Registering StatelessRandomNormal (None) in gradient.
[2026-02-15 21:27:37,167] tensorflow - Level 1 - Registering StatelessRandomPoisson (None) in gradient.
[2026-02-15 21:27:37,168] tensorflow - Level 1 - Registering StatelessRandomUniform (None) in gradient.
[2026-02-15 21:27:37,168] tensorflow - Level 1 - Registering StatelessRandomUniformInt (None) in gradient.
[2026-02-15 21:27:37,168] tensorflow - Level 1 - Registering StatelessRandomUniformFullInt (None) in gradient.
[2026-02-15 21:27:37,168] tensorflow - Level 1 - Registering StatelessTruncatedNormal (None) in gradient.
[2026-02-15 21:27:37,168] tensorflow - Level 1 - Registering StatelessRandomNormalV2 (None) in gradient.
[2026-02-15 21:27:37,168] tensorflow - Level 1 - Registering StatelessRandomUniformV2 (None) in gradient.
[2026-02-15 21:27:37,168] tensorflow - Level 1 - Registering StatelessRandomUniformIntV2 (None) in gradient.
[2026-02-15 21:27:37,169] tensorflow - Level 1 - Registering StatelessRandomUniformFullIntV2 (None) in gradient.
[2026-02-15 21:27:37,169] tensorflow - Level 1 - Registering StatelessTruncatedNormalV2 (None) in gradient.
[2026-02-15 21:27:37,169] tensorflow - Level 1 - Registering StatelessRandomShuffle (None) in gradient.
[2026-02-15 21:27:37,169] tensorflow - Level 1 - Registering RandomIndexShuffle (None) in gradient.
[2026-02-15 21:27:37,186] tensorflow - Level 1 - Registering Conv3D,flops (<function _calc_conv3d_flops at 0x0000028ABB61CFE0>) in statistical functions.
[2026-02-15 21:27:37,189] tensorflow - Level 1 - Registering Conv2D,flops (<function _calc_conv_flops at 0x0000028ABB61D1C0>) in statistical functions.
[2026-02-15 21:27:37,190] tensorflow - Level 1 - Registering DepthwiseConv2dNative,flops (<function _calc_depthwise_conv_flops at 0x0000028ABB61D760>) in statistical functions.
[2026-02-15 21:27:37,190] tensorflow - Level 1 - Registering BiasAdd,flops (<function _calc_bias_add_flops at 0x0000028ABB61D800>) in statistical functions.
[2026-02-15 21:27:37,194] tensorflow - Level 1 - Registering Dilation2D,flops (<function _calc_dilation2d_flops at 0x0000028ABB61F2E0>) in statistical functions.
[2026-02-15 21:27:37,211] tensorflow - Level 1 - Registering CompositeTensorVariantFromComponents (<function _composite_tensor_to_variants_grad at 0x0000028ABB6FC360>) in gradient.
[2026-02-15 21:27:37,212] tensorflow - Level 1 - Registering CompositeTensorVariantToComponents (<function _composite_tensor_from_variant_grad at 0x0000028ABB6FC400>) in gradient.
[2026-02-15 21:27:37,230] tensorflow - Level 1 - Registering RaggedRange (None) in gradient.
[2026-02-15 21:27:37,237] tensorflow - Level 1 - Registering RaggedFillEmptyRows (<function _ragged_fill_empty_rows_grad at 0x0000028ABB759260>) in gradient.
[2026-02-15 21:27:37,247] tensorflow - Level 1 - Registering RaggedGather (<function _ragged_gather_grad at 0x0000028ABB75B100>) in gradient.
[2026-02-15 21:27:37,258] tensorflow - Level 1 - Registering RegexReplace (None) in gradient.
[2026-02-15 21:27:37,259] tensorflow - Level 1 - Registering StringToHashBucket (None) in gradient.
[2026-02-15 21:27:37,259] tensorflow - Level 1 - Registering StringToHashBucketFast (None) in gradient.
[2026-02-15 21:27:37,259] tensorflow - Level 1 - Registering StringToHashBucketStrong (None) in gradient.
[2026-02-15 21:27:37,259] tensorflow - Level 1 - Registering ReduceJoin (None) in gradient.
[2026-02-15 21:27:37,259] tensorflow - Level 1 - Registering StringJoin (None) in gradient.
[2026-02-15 21:27:37,259] tensorflow - Level 1 - Registering StringSplit (None) in gradient.
[2026-02-15 21:27:37,260] tensorflow - Level 1 - Registering AsString (None) in gradient.
[2026-02-15 21:27:37,260] tensorflow - Level 1 - Registering EncodeBase64 (None) in gradient.
[2026-02-15 21:27:37,260] tensorflow - Level 1 - Registering DecodeBase64 (None) in gradient.
[2026-02-15 21:27:37,261] tensorflow - Level 1 - Registering Print (<function _PrintGrad at 0x0000028ABB795DA0>) in gradient.
[2026-02-15 21:27:37,265] tensorflow - Level 1 - Registering HistogramSummary (None) in gradient.
[2026-02-15 21:27:37,265] tensorflow - Level 1 - Registering ImageSummary (None) in gradient.
[2026-02-15 21:27:37,265] tensorflow - Level 1 - Registering AudioSummary (None) in gradient.
[2026-02-15 21:27:37,265] tensorflow - Level 1 - Registering AudioSummaryV2 (None) in gradient.
[2026-02-15 21:27:37,265] tensorflow - Level 1 - Registering MergeSummary (None) in gradient.
[2026-02-15 21:27:37,267] tensorflow - Level 1 - Registering ScalarSummary (None) in gradient.
[2026-02-15 21:27:37,267] tensorflow - Level 1 - Registering TensorSummary (None) in gradient.
[2026-02-15 21:27:37,267] tensorflow - Level 1 - Registering TensorSummaryV2 (None) in gradient.
[2026-02-15 21:27:37,267] tensorflow - Level 1 - Registering Timestamp (None) in gradient.
[2026-02-15 21:27:37,310] tensorflow - Level 1 - Registering XlaEinsum (<function _einsum_grad at 0x0000028ABB844E00>) in gradient.
[2026-02-15 21:27:37,320] tensorflow - Level 1 - Registering RaggedTensorToTensor (<function _ragged_tensor_to_tensor_grad at 0x0000028ABB879DA0>) in gradient.
[2026-02-15 21:27:37,322] tensorflow - Level 1 - Registering RaggedTensorFromVariant (<function _ragged_tensor_from_variant_grad at 0x0000028ABB87A020>) in gradient.
[2026-02-15 21:27:37,323] tensorflow - Level 1 - Registering RaggedTensorToVariant (<function _ragged_tensor_to_variant_grad at 0x0000028ABB87A0C0>) in gradient.
[2026-02-15 21:27:37,328] tensorflow - Level 1 - Registering ClipByValue (<function _clip_by_value_grad at 0x0000028ABB87A7A0>) in gradient.
[2026-02-15 21:27:37,331] tensorflow - Level 1 - Registering DynamicPartition (<function _DynamicPartitionGrads at 0x0000028ABB87B1A0>) in gradient.
[2026-02-15 21:27:37,333] tensorflow - Level 1 - Registering ParallelDynamicStitch (<function _DynamicStitchGrads at 0x0000028ABB87B4C0>) in gradient.
[2026-02-15 21:27:37,333] tensorflow - Level 1 - Registering DynamicStitch (<function _DynamicStitchGrads at 0x0000028ABB87B4C0>) in gradient.
[2026-02-15 21:27:37,333] tensorflow - Level 1 - Registering Queue (None) in gradient.
[2026-02-15 21:27:37,333] tensorflow - Level 1 - Registering QueueEnqueue (None) in gradient.
[2026-02-15 21:27:37,333] tensorflow - Level 1 - Registering QueueEnqueueMany (None) in gradient.
[2026-02-15 21:27:37,333] tensorflow - Level 1 - Registering QueueDequeue (None) in gradient.
[2026-02-15 21:27:37,334] tensorflow - Level 1 - Registering QueueDequeueMany (None) in gradient.
[2026-02-15 21:27:37,334] tensorflow - Level 1 - Registering QueueDequeueUpTo (None) in gradient.
[2026-02-15 21:27:37,334] tensorflow - Level 1 - Registering QueueClose (None) in gradient.
[2026-02-15 21:27:37,334] tensorflow - Level 1 - Registering QueueSize (None) in gradient.
[2026-02-15 21:27:37,334] tensorflow - Level 1 - Registering Stack (None) in gradient.
[2026-02-15 21:27:37,334] tensorflow - Level 1 - Registering StackPush (None) in gradient.
[2026-02-15 21:27:37,334] tensorflow - Level 1 - Registering StackPop (None) in gradient.
[2026-02-15 21:27:37,334] tensorflow - Level 1 - Registering StackClose (None) in gradient.
[2026-02-15 21:27:37,334] tensorflow - Level 1 - Registering GetSessionHandle (None) in gradient.
[2026-02-15 21:27:37,334] tensorflow - Level 1 - Registering GetSessionHandleV2 (None) in gradient.
[2026-02-15 21:27:37,334] tensorflow - Level 1 - Registering GetSessionTensor (None) in gradient.
[2026-02-15 21:27:37,335] tensorflow - Level 1 - Registering DeleteSessionTensor (None) in gradient.
[2026-02-15 21:27:37,399] tensorflow - Level 1 - Registering TPUReplicatedInput (None) in gradient.
[2026-02-15 21:27:37,401] tensorflow - Level 1 - Registering AllToAll (<function _all_to_all_grad at 0x0000028ABB9F5800>) in gradient.
[2026-02-15 21:27:37,401] tensorflow - Level 1 - Registering CollectivePermute (<function _collective_permute_grad at 0x0000028ABB9F59E0>) in gradient.
[2026-02-15 21:27:37,402] tensorflow - Level 1 - Registering CrossReplicaSum (<function _cross_replica_sum_grad at 0x0000028ABB9F5A80>) in gradient.
[2026-02-15 21:27:37,402] tensorflow - Level 1 - Registering TPUEmbeddingActivations (<function _embedding_activations_grad at 0x0000028ABB9F5B20>) in gradient.
[2026-02-15 21:27:37,436] tensorflow - Level 1 - Registering XlaClusterOutput (<function _XlaClusterOutputGrad at 0x0000028ABBA60040>) in gradient.
[2026-02-15 21:27:37,440] tensorflow - Level 1 - Registering Pack (<function _PackGrad at 0x0000028ABBA611C0>) in gradient.
[2026-02-15 21:27:37,442] tensorflow - Level 1 - Registering Unpack (<function _UnpackGrad at 0x0000028ABBA61300>) in gradient.
[2026-02-15 21:27:37,442] tensorflow - Level 1 - Registering Concat (<function _ConcatGrad at 0x0000028ABBA614E0>) in gradient.
[2026-02-15 21:27:37,442] tensorflow - Level 1 - Registering ConcatV2 (<function _ConcatGradV2 at 0x0000028ABBA61580>) in gradient.
[2026-02-15 21:27:37,442] tensorflow - Level 1 - Registering ConcatOffset (None) in gradient.
[2026-02-15 21:27:37,442] tensorflow - Level 1 - Registering Slice (<function _SliceGrad at 0x0000028ABBA61620>) in gradient.
[2026-02-15 21:27:37,442] tensorflow - Level 1 - Registering StridedSlice (<function _StridedSliceGrad at 0x0000028ABBA61800>) in gradient.
[2026-02-15 21:27:37,443] tensorflow - Level 1 - Registering StridedSliceGrad (<function _StridedSliceGradGrad at 0x0000028ABBA618A0>) in gradient.
[2026-02-15 21:27:37,443] tensorflow - Level 1 - Registering TensorStridedSliceUpdate (<function _TensorStridedSliceUpdateGrad at 0x0000028ABBA61940>) in gradient.
[2026-02-15 21:27:37,443] tensorflow - Level 1 - Registering Split (<function _SplitGrad at 0x0000028ABBA619E0>) in gradient.
[2026-02-15 21:27:37,443] tensorflow - Level 1 - Registering SplitV (<function _SplitVGrad at 0x0000028ABBA61A80>) in gradient.
[2026-02-15 21:27:37,443] tensorflow - Level 1 - Registering Const (None) in gradient.
[2026-02-15 21:27:37,443] tensorflow - Level 1 - Registering Diag (<function _DiagGrad at 0x0000028ABBA61B20>) in gradient.
[2026-02-15 21:27:37,443] tensorflow - Level 1 - Registering DiagPart (<function _DiagPartGrad at 0x0000028ABBA61BC0>) in gradient.
[2026-02-15 21:27:37,443] tensorflow - Level 1 - Registering MatrixDiag (<function _MatrixDiagGrad at 0x0000028ABBA61C60>) in gradient.
[2026-02-15 21:27:37,443] tensorflow - Level 1 - Registering MatrixDiagV2 (<function _MatrixDiagV2Grad at 0x0000028ABBA61D00>) in gradient.
[2026-02-15 21:27:37,443] tensorflow - Level 1 - Registering MatrixDiagV3 (<function _MatrixDiagV3Grad at 0x0000028ABBA61DA0>) in gradient.
[2026-02-15 21:27:37,444] tensorflow - Level 1 - Registering MatrixDiagPart (<function _MatrixDiagPartGrad at 0x0000028ABBA61E40>) in gradient.
[2026-02-15 21:27:37,444] tensorflow - Level 1 - Registering MatrixDiagPartV2 (<function _MatrixDiagPartV2Grad at 0x0000028ABBA61EE0>) in gradient.
[2026-02-15 21:27:37,444] tensorflow - Level 1 - Registering MatrixDiagPartV3 (<function _MatrixDiagPartV3Grad at 0x0000028ABBA61F80>) in gradient.
[2026-02-15 21:27:37,444] tensorflow - Level 1 - Registering MatrixSetDiag (<function _MatrixSetDiagGrad at 0x0000028ABBA62020>) in gradient.
[2026-02-15 21:27:37,444] tensorflow - Level 1 - Registering MatrixSetDiagV2 (<function _MatrixSetDiagGradV2 at 0x0000028ABBA620C0>) in gradient.
[2026-02-15 21:27:37,444] tensorflow - Level 1 - Registering MatrixSetDiagV3 (<function _MatrixSetDiagGradV3 at 0x0000028ABBA62160>) in gradient.
[2026-02-15 21:27:37,444] tensorflow - Level 1 - Registering MatrixBandPart (<function _MatrixBandPartGrad at 0x0000028ABBA62200>) in gradient.
[2026-02-15 21:27:37,444] tensorflow - Level 1 - Registering EditDistance (None) in gradient.
[2026-02-15 21:27:37,444] tensorflow - Level 1 - Registering Fill (<function _FillGrad at 0x0000028ABBA622A0>) in gradient.
[2026-02-15 21:27:37,444] tensorflow - Level 1 - Registering ZerosLike (None) in gradient.
[2026-02-15 21:27:37,445] tensorflow - Level 1 - Registering OnesLike (None) in gradient.
[2026-02-15 21:27:37,445] tensorflow - Level 1 - Registering PreventGradient (<function _PreventGradientGrad at 0x0000028ABBA62340>) in gradient.
[2026-02-15 21:27:37,445] tensorflow - Level 1 - Registering Gather (<function _GatherGrad at 0x0000028ABBA62480>) in gradient.
[2026-02-15 21:27:37,445] tensorflow - Level 1 - Registering GatherV2 (<function _GatherV2Grad at 0x0000028ABBA62660>) in gradient.
[2026-02-15 21:27:37,445] tensorflow - Level 1 - Registering GatherNd (<function _GatherNdGrad at 0x0000028ABBA62700>) in gradient.
[2026-02-15 21:27:37,445] tensorflow - Level 1 - Registering ResourceGatherNd (<function _ResourceGatherNdGrad at 0x0000028ABBA627A0>) in gradient.
[2026-02-15 21:27:37,445] tensorflow - Level 1 - Registering CheckNumerics (<function _CheckNumericsGrad at 0x0000028ABBA62840>) in gradient.
[2026-02-15 21:27:37,445] tensorflow - Level 1 - Registering CheckNumericsV2 (<function _CheckNumericsV2Grad at 0x0000028ABBA628E0>) in gradient.
[2026-02-15 21:27:37,445] tensorflow - Level 1 - Registering Identity (<function _IdGrad at 0x0000028ABBA62980>) in gradient.
[2026-02-15 21:27:37,445] tensorflow - Level 1 - Registering PlaceholderWithDefault (<function _IdGrad at 0x0000028ABBA62980>) in gradient.
[2026-02-15 21:27:37,447] tensorflow - Level 1 - Registering _EagerConst (<function _EagerConstGrad at 0x0000028ABBA62A20>) in gradient.
[2026-02-15 21:27:37,447] tensorflow - Level 1 - Registering RefIdentity (<function _RefIdGrad at 0x0000028ABBA62AC0>) in gradient.
[2026-02-15 21:27:37,447] tensorflow - Level 1 - Registering IdentityN (<function _IdNGrad at 0x0000028ABBA62B60>) in gradient.
[2026-02-15 21:27:37,447] tensorflow - Level 1 - Registering StopGradient (None) in gradient.
[2026-02-15 21:27:37,447] tensorflow - Level 1 - Registering Reshape (<function _ReshapeGrad at 0x0000028ABBA62C00>) in gradient.
[2026-02-15 21:27:37,448] tensorflow - Level 1 - Registering InvertPermutation (None) in gradient.
[2026-02-15 21:27:37,448] tensorflow - Level 1 - Registering ExpandDims (<function _ExpandDimsGrad at 0x0000028ABBA62D40>) in gradient.
[2026-02-15 21:27:37,448] tensorflow - Level 1 - Registering Squeeze (<function _SqueezeGrad at 0x0000028ABBA62DE0>) in gradient.
[2026-02-15 21:27:37,448] tensorflow - Level 1 - Registering Transpose (<function _TransposeGrad at 0x0000028ABBA62E80>) in gradient.
[2026-02-15 21:27:37,448] tensorflow - Level 1 - Registering ConjugateTranspose (<function _ConjugateTransposeGrad at 0x0000028ABBA62F20>) in gradient.
[2026-02-15 21:27:37,448] tensorflow - Level 1 - Registering Shape (None) in gradient.
[2026-02-15 21:27:37,448] tensorflow - Level 1 - Registering ShapeN (None) in gradient.
[2026-02-15 21:27:37,449] tensorflow - Level 1 - Registering Rank (None) in gradient.
[2026-02-15 21:27:37,449] tensorflow - Level 1 - Registering Size (None) in gradient.
[2026-02-15 21:27:37,449] tensorflow - Level 1 - Registering Tile (<function _TileGrad at 0x0000028ABBA62FC0>) in gradient.
[2026-02-15 21:27:37,449] tensorflow - Level 1 - Registering BroadcastGradientArgs (None) in gradient.
[2026-02-15 21:27:37,449] tensorflow - Level 1 - Registering Pad (<function _PadGrad at 0x0000028ABBA63060>) in gradient.
[2026-02-15 21:27:37,449] tensorflow - Level 1 - Registering PadV2 (<function _PadGrad at 0x0000028ABBA63060>) in gradient.
[2026-02-15 21:27:37,450] tensorflow - Level 1 - Registering ReverseSequence (<function _ReverseSequenceGrad at 0x0000028ABBA63100>) in gradient.
[2026-02-15 21:27:37,450] tensorflow - Level 1 - Registering Reverse (<function _ReverseGrad at 0x0000028ABBA631A0>) in gradient.
[2026-02-15 21:27:37,450] tensorflow - Level 1 - Registering ReverseV2 (<function _ReverseV2Grad at 0x0000028ABBA63240>) in gradient.
[2026-02-15 21:27:37,450] tensorflow - Level 1 - Registering SpaceToBatch (<function _SpaceToBatchGrad at 0x0000028ABBA632E0>) in gradient.
[2026-02-15 21:27:37,450] tensorflow - Level 1 - Registering SpaceToBatchND (<function _SpaceToBatchNDGrad at 0x0000028ABBA63380>) in gradient.
[2026-02-15 21:27:37,451] tensorflow - Level 1 - Registering BatchToSpace (<function _BatchToSpaceGrad at 0x0000028ABBA63420>) in gradient.
[2026-02-15 21:27:37,451] tensorflow - Level 1 - Registering BatchToSpaceND (<function _BatchToSpaceNDGrad at 0x0000028ABBA634C0>) in gradient.
[2026-02-15 21:27:37,451] tensorflow - Level 1 - Registering SpaceToDepth (<function _SpaceToDepthGrad at 0x0000028ABBA63560>) in gradient.
[2026-02-15 21:27:37,451] tensorflow - Level 1 - Registering DepthToSpace (<function _DepthToSpaceGrad at 0x0000028ABBA63600>) in gradient.
[2026-02-15 21:27:37,451] tensorflow - Level 1 - Registering OneHot (None) in gradient.
[2026-02-15 21:27:37,451] tensorflow - Level 1 - Registering MirrorPad (<function _MirrorPadGrad at 0x0000028ABBA636A0>) in gradient.
[2026-02-15 21:27:37,452] tensorflow - Level 1 - Registering MirrorPadGrad (<function _MirrorPadGradGrad at 0x0000028ABBA63740>) in gradient.
[2026-02-15 21:27:37,452] tensorflow - Level 1 - Registering FakeQuantWithMinMaxArgsGradient (None) in gradient.
[2026-02-15 21:27:37,452] tensorflow - Level 1 - Registering FakeQuantWithMinMaxVarsGradient (None) in gradient.
[2026-02-15 21:27:37,452] tensorflow - Level 1 - Registering FakeQuantWithMinMaxVarsPerChannelGradient (None) in gradient.
[2026-02-15 21:27:37,453] tensorflow - Level 1 - Registering QuantizeAndDequantize (<function _QuantizeAndDequantizeGrad at 0x0000028ABBA637E0>) in gradient.
[2026-02-15 21:27:37,453] tensorflow - Level 1 - Registering QuantizeAndDequantizeV2 (<function _QuantizeAndDequantizeV2Grad at 0x0000028ABBA63920>) in gradient.
[2026-02-15 21:27:37,453] tensorflow - Level 1 - Registering QuantizeAndDequantizeV3 (<function _QuantizeAndDequantizeV3Grad at 0x0000028ABBA639C0>) in gradient.
[2026-02-15 21:27:37,453] tensorflow - Level 1 - Registering ExtractImagePatches (<function _ExtractImagePatchesGrad at 0x0000028ABBA63880>) in gradient.
[2026-02-15 21:27:37,453] tensorflow - Level 1 - Registering ExtractVolumePatches (<function _ExtractVolumePatchesGrad at 0x0000028ABBA63A60>) in gradient.
[2026-02-15 21:27:37,453] tensorflow - Level 1 - Registering ScatterNd (<function _ScatterNdGrad at 0x0000028ABBA63B00>) in gradient.
[2026-02-15 21:27:37,453] tensorflow - Level 1 - Registering TensorScatterUpdate (<function _TensorScatterUpdateGrad at 0x0000028ABBA63BA0>) in gradient.
[2026-02-15 21:27:37,454] tensorflow - Level 1 - Registering TensorScatterAdd (<function _TensorScatterAddGrad at 0x0000028ABBA63C40>) in gradient.
[2026-02-15 21:27:37,454] tensorflow - Level 1 - Registering TensorScatterMax (<function _TensorScatterMaxGrad at 0x0000028ABBA63D80>) in gradient.
[2026-02-15 21:27:37,454] tensorflow - Level 1 - Registering TensorScatterMin (<function _TensorScatterMinGrad at 0x0000028ABBA63E20>) in gradient.
[2026-02-15 21:27:37,454] tensorflow - Level 1 - Registering TensorScatterSub (<function _TensorScatterSubGrad at 0x0000028ABBA63EC0>) in gradient.
[2026-02-15 21:27:37,454] tensorflow - Level 1 - Registering ScatterNdNonAliasingAdd (<function _ScatterNdNonAliasingAddGrad at 0x0000028ABBA63F60>) in gradient.
[2026-02-15 21:27:37,454] tensorflow - Level 1 - Registering BroadcastTo (<function _BroadcastToGrad at 0x0000028ABBA98040>) in gradient.
[2026-02-15 21:27:37,457] tensorflow - Level 1 - Registering Switch (<function _SwitchGrad at 0x0000028ABBA98220>) in gradient.
[2026-02-15 21:27:37,459] tensorflow - Level 1 - Registering RefSwitch (<function _SwitchGrad at 0x0000028ABBA98220>) in gradient.
[2026-02-15 21:27:37,459] tensorflow - Level 1 - Registering Merge (<function _MergeGrad at 0x0000028ABBA982C0>) in gradient.
[2026-02-15 21:27:37,459] tensorflow - Level 1 - Registering RefMerge (<function _RefMergeGrad at 0x0000028ABBA98400>) in gradient.
[2026-02-15 21:27:37,459] tensorflow - Level 1 - Registering Exit (<function _ExitGrad at 0x0000028ABBA98360>) in gradient.
[2026-02-15 21:27:37,459] tensorflow - Level 1 - Registering RefExit (<function _ExitGrad at 0x0000028ABBA98360>) in gradient.
[2026-02-15 21:27:37,460] tensorflow - Level 1 - Registering NextIteration (<function _NextIterationGrad at 0x0000028ABBA984A0>) in gradient.
[2026-02-15 21:27:37,460] tensorflow - Level 1 - Registering RefNextIteration (<function _RefNextIterationGrad at 0x0000028ABBA98540>) in gradient.
[2026-02-15 21:27:37,460] tensorflow - Level 1 - Registering Enter (<function _EnterGrad at 0x0000028ABBA985E0>) in gradient.
[2026-02-15 21:27:37,460] tensorflow - Level 1 - Registering RefEnter (<function _RefEnterGrad at 0x0000028ABBA98680>) in gradient.
[2026-02-15 21:27:37,460] tensorflow - Level 1 - Registering LoopCond (<function _LoopCondGrad at 0x0000028ABBA98720>) in gradient.
[2026-02-15 21:27:37,467] tensorflow - Level 1 - Registering CudnnRNN (<function _cudnn_rnn_backward at 0x0000028ABBA98860>) in gradient.
[2026-02-15 21:27:37,468] tensorflow - Level 1 - Registering CudnnRNNV2 (<function _cudnn_rnn_backward_v2 at 0x0000028ABBA98A40>) in gradient.
[2026-02-15 21:27:37,469] tensorflow - Level 1 - Registering CudnnRNNV3 (<function _cudnn_rnn_backwardv3 at 0x0000028ABBACCB80>) in gradient.
[2026-02-15 21:27:37,471] tensorflow - Level 1 - Registering ResizeNearestNeighbor (<function _ResizeNearestNeighborGrad at 0x0000028ABBACCAE0>) in gradient.
[2026-02-15 21:27:37,473] tensorflow - Level 1 - Registering ResizeBilinear (<function _ResizeBilinearGrad at 0x0000028ABBACCC20>) in gradient.
[2026-02-15 21:27:37,473] tensorflow - Level 1 - Registering ResizeBilinearGrad (None) in gradient.
[2026-02-15 21:27:37,474] tensorflow - Level 1 - Registering ScaleAndTranslate (<function _ScaleAndTranslateGrad at 0x0000028ABBACCE00>) in gradient.
[2026-02-15 21:27:37,474] tensorflow - Level 1 - Registering ResizeBicubic (<function _ResizeBicubicGrad at 0x0000028ABBACCD60>) in gradient.
[2026-02-15 21:27:37,474] tensorflow - Level 1 - Registering CropAndResize (<function _CropAndResizeGrad at 0x0000028ABBACCEA0>) in gradient.
[2026-02-15 21:27:37,474] tensorflow - Level 1 - Registering RGBToHSV (<function _RGBToHSVGrad at 0x0000028ABBACCFE0>) in gradient.
[2026-02-15 21:27:37,483] tensorflow - Level 1 - Registering ReaderRead (None) in gradient.
[2026-02-15 21:27:37,484] tensorflow - Level 1 - Registering ReaderReadUpTo (None) in gradient.
[2026-02-15 21:27:37,484] tensorflow - Level 1 - Registering ReaderNumRecordsProduced (None) in gradient.
[2026-02-15 21:27:37,484] tensorflow - Level 1 - Registering ReaderNumWorkUnitsCompleted (None) in gradient.
[2026-02-15 21:27:37,484] tensorflow - Level 1 - Registering ReaderSerializeState (None) in gradient.
[2026-02-15 21:27:37,484] tensorflow - Level 1 - Registering ReaderRestoreState (None) in gradient.
[2026-02-15 21:27:37,484] tensorflow - Level 1 - Registering ReaderReset (None) in gradient.
[2026-02-15 21:27:37,486] tensorflow - Level 1 - Registering WholeFileReader (None) in gradient.
[2026-02-15 21:27:37,486] tensorflow - Level 1 - Registering TextLineReader (None) in gradient.
[2026-02-15 21:27:37,487] tensorflow - Level 1 - Registering FixedLengthRecordReader (None) in gradient.
[2026-02-15 21:27:37,487] tensorflow - Level 1 - Registering TFRecordReader (None) in gradient.
[2026-02-15 21:27:37,487] tensorflow - Level 1 - Registering LMDBReader (None) in gradient.
[2026-02-15 21:27:37,488] tensorflow - Level 1 - Registering IdentityReader (None) in gradient.
[2026-02-15 21:27:37,495] tensorflow - Level 1 - Registering MatrixInverse (<function _MatrixInverseGrad at 0x0000028ABBB1A480>) in gradient.
[2026-02-15 21:27:37,498] tensorflow - Level 1 - Registering Einsum (<function _EinsumGrad at 0x0000028ABBB1A700>) in gradient.
[2026-02-15 21:27:37,498] tensorflow - Level 1 - Registering MatrixDeterminant (<function _MatrixDeterminantGrad at 0x0000028ABBB4CB80>) in gradient.
[2026-02-15 21:27:37,498] tensorflow - Level 1 - Registering MatrixSquareRoot (<function _MatrixSquareRootGrad at 0x0000028ABBB4CCC0>) in gradient.
[2026-02-15 21:27:37,499] tensorflow - Level 1 - Registering LogMatrixDeterminant (<function _LogMatrixDeterminantGrad at 0x0000028ABBB4CD60>) in gradient.
[2026-02-15 21:27:37,499] tensorflow - Level 1 - Registering Cholesky (<function _CholeskyGrad at 0x0000028ABBB4CE00>) in gradient.
[2026-02-15 21:27:37,499] tensorflow - Level 1 - Registering Qr (<function _QrGrad at 0x0000028ABBB4CEA0>) in gradient.
[2026-02-15 21:27:37,499] tensorflow - Level 1 - Registering MatrixSolve (<function _MatrixSolveGrad at 0x0000028ABBB4CF40>) in gradient.
[2026-02-15 21:27:37,499] tensorflow - Level 1 - Registering MatrixSolveLs (<function _MatrixSolveLsGrad at 0x0000028ABBB4CFE0>) in gradient.
[2026-02-15 21:27:37,499] tensorflow - Level 1 - Registering BandedTriangularSolve (<function _BandedTriangularSolveGrad at 0x0000028ABBB4D080>) in gradient.
[2026-02-15 21:27:37,499] tensorflow - Level 1 - Registering MatrixTriangularSolve (<function _MatrixTriangularSolveGrad at 0x0000028ABBB4D120>) in gradient.
[2026-02-15 21:27:37,500] tensorflow - Level 1 - Registering Eig (<function _EigGrad at 0x0000028ABBB4D260>) in gradient.
[2026-02-15 21:27:37,500] tensorflow - Level 1 - Registering SelfAdjointEigV2 (<function _SelfAdjointEigV2Grad at 0x0000028ABBB4D300>) in gradient.
[2026-02-15 21:27:37,500] tensorflow - Level 1 - Registering Svd (<function _SvdGrad at 0x0000028ABBB4D3A0>) in gradient.
[2026-02-15 21:27:37,500] tensorflow - Level 1 - Registering TridiagonalMatMul (<function _TridiagonalMatMulGrad at 0x0000028ABBB4D580>) in gradient.
[2026-02-15 21:27:37,500] tensorflow - Level 1 - Registering TridiagonalSolve (<function _TridiagonalSolveGrad at 0x0000028ABBB4D620>) in gradient.
[2026-02-15 21:27:37,502] tensorflow - Level 1 - Registering LookupTableFind (None) in gradient.
[2026-02-15 21:27:37,504] tensorflow - Level 1 - Registering LookupTableFindV2 (None) in gradient.
[2026-02-15 21:27:37,504] tensorflow - Level 1 - Registering LookupTableInsert (None) in gradient.
[2026-02-15 21:27:37,504] tensorflow - Level 1 - Registering LookupTableInsertV2 (None) in gradient.
[2026-02-15 21:27:37,505] tensorflow - Level 1 - Registering LookupTableSize (None) in gradient.
[2026-02-15 21:27:37,505] tensorflow - Level 1 - Registering LookupTableSizeV2 (None) in gradient.
[2026-02-15 21:27:37,505] tensorflow - Level 1 - Registering HashTable (None) in gradient.
[2026-02-15 21:27:37,505] tensorflow - Level 1 - Registering HashTableV2 (None) in gradient.
[2026-02-15 21:27:37,505] tensorflow - Level 1 - Registering InitializeTable (None) in gradient.
[2026-02-15 21:27:37,505] tensorflow - Level 1 - Registering InitializeTableV2 (None) in gradient.
[2026-02-15 21:27:37,506] tensorflow - Level 1 - Registering InitializeTableFromTextFile (None) in gradient.
[2026-02-15 21:27:37,506] tensorflow - Level 1 - Registering InitializeTableFromTextFileV2 (None) in gradient.
[2026-02-15 21:27:37,506] tensorflow - Level 1 - Registering MutableDenseHashTable (None) in gradient.
[2026-02-15 21:27:37,506] tensorflow - Level 1 - Registering MutableDenseHashTableV2 (None) in gradient.
[2026-02-15 21:27:37,506] tensorflow - Level 1 - Registering MutableHashTable (None) in gradient.
[2026-02-15 21:27:37,506] tensorflow - Level 1 - Registering MutableHashTableV2 (None) in gradient.
[2026-02-15 21:27:37,507] tensorflow - Level 1 - Registering MutableHashTableOfTensors (None) in gradient.
[2026-02-15 21:27:37,507] tensorflow - Level 1 - Registering MutableHashTableOfTensorsV2 (None) in gradient.
[2026-02-15 21:27:37,511] tensorflow - Level 1 - Registering Roll (<function _RollGrad at 0x0000028ABBA987C0>) in gradient.
[2026-02-15 21:27:37,515] tensorflow - Level 1 - Registering ArgMax (<function _ArgMaxGrad at 0x0000028ABBB4C9A0>) in gradient.
[2026-02-15 21:27:37,518] tensorflow - Level 1 - Registering ArgMin (<function _ArgMinGrad at 0x0000028ABBB4E700>) in gradient.
[2026-02-15 21:27:37,518] tensorflow - Level 1 - Registering EuclideanNorm (<function _EuclideanNormGrad at 0x0000028ABBB4E980>) in gradient.
[2026-02-15 21:27:37,519] tensorflow - Level 1 - Registering Sum (<function _SumGrad at 0x0000028ABBB4EDE0>) in gradient.
[2026-02-15 21:27:37,519] tensorflow - Level 1 - Registering Max (<function _MaxGrad at 0x0000028ABBB4EF20>) in gradient.
[2026-02-15 21:27:37,519] tensorflow - Level 1 - Registering Min (<function _MinGrad at 0x0000028ABBB4EFC0>) in gradient.
[2026-02-15 21:27:37,520] tensorflow - Level 1 - Registering Mean (<function _MeanGrad at 0x0000028ABBB4F060>) in gradient.
[2026-02-15 21:27:37,520] tensorflow - Level 1 - Registering Prod (<function _ProdGrad at 0x0000028ABBB4F100>) in gradient.
[2026-02-15 21:27:37,520] tensorflow - Level 1 - Registering SegmentSum (<function _SegmentSumGrad at 0x0000028ABBB4F1A0>) in gradient.
[2026-02-15 21:27:37,520] tensorflow - Level 1 - Registering SegmentMean (<function _SegmentMeanGrad at 0x0000028ABBB4F240>) in gradient.
[2026-02-15 21:27:37,520] tensorflow - Level 1 - Registering SparseSegmentSum (<function _SparseSegmentSumGrad at 0x0000028ABBB4F420>) in gradient.
[2026-02-15 21:27:37,520] tensorflow - Level 1 - Registering SparseSegmentSumWithNumSegments (<function _SparseSegmentSumWithNumSegmentsGrad at 0x0000028ABBB4F4C0>) in gradient.
[2026-02-15 21:27:37,521] tensorflow - Level 1 - Registering SparseSegmentMean (<function _SparseSegmentMeanGrad at 0x0000028ABBB4F560>) in gradient.
[2026-02-15 21:27:37,521] tensorflow - Level 1 - Registering SparseSegmentMeanWithNumSegments (<function _SparseSegmentMeanWithNumSegmentsGrad at 0x0000028ABBB4F600>) in gradient.
[2026-02-15 21:27:37,521] tensorflow - Level 1 - Registering SparseSegmentSqrtN (<function _SparseSegmentSqrtNGrad at 0x0000028ABBB4F6A0>) in gradient.
[2026-02-15 21:27:37,521] tensorflow - Level 1 - Registering SparseSegmentSqrtNWithNumSegments (<function _SparseSegmentSqrtNWithNumSegmentsGrad at 0x0000028ABBB4F740>) in gradient.
[2026-02-15 21:27:37,521] tensorflow - Level 1 - Registering SegmentMin (<function _SegmentMinGrad at 0x0000028ABBB4F880>) in gradient.
[2026-02-15 21:27:37,521] tensorflow - Level 1 - Registering SegmentMax (<function _SegmentMaxGrad at 0x0000028ABBB4F920>) in gradient.
[2026-02-15 21:27:37,521] tensorflow - Level 1 - Registering SegmentProd (<function _SegmentProdGrad at 0x0000028ABBB4F9C0>) in gradient.
[2026-02-15 21:27:37,522] tensorflow - Level 1 - Registering UnsortedSegmentSum (<function _UnsortedSegmentSumGrad at 0x0000028ABBB4FBA0>) in gradient.
[2026-02-15 21:27:37,522] tensorflow - Level 1 - Registering UnsortedSegmentMax (<function _UnsortedSegmentMaxGrad at 0x0000028ABBB4FC40>) in gradient.
[2026-02-15 21:27:37,522] tensorflow - Level 1 - Registering UnsortedSegmentMin (<function _UnsortedSegmentMinGrad at 0x0000028ABBB4FCE0>) in gradient.
[2026-02-15 21:27:37,522] tensorflow - Level 1 - Registering UnsortedSegmentProd (<function _UnsortedSegmentProdGrad at 0x0000028ABBB4FD80>) in gradient.
[2026-02-15 21:27:37,522] tensorflow - Level 1 - Registering Abs (<function _AbsGrad at 0x0000028ABBB4FE20>) in gradient.
[2026-02-15 21:27:37,523] tensorflow - Level 1 - Registering Neg (<function _NegGrad at 0x0000028ABBB4FEC0>) in gradient.
[2026-02-15 21:27:37,523] tensorflow - Level 1 - Registering Inv (<function _InvGrad at 0x0000028ABBB4FF60>) in gradient.
[2026-02-15 21:27:37,523] tensorflow - Level 1 - Registering Reciprocal (<function _ReciprocalGrad at 0x0000028ABBBC4040>) in gradient.
[2026-02-15 21:27:37,523] tensorflow - Level 1 - Registering InvGrad (<function _InvGradGrad at 0x0000028ABBBC40E0>) in gradient.
[2026-02-15 21:27:37,523] tensorflow - Level 1 - Registering ReciprocalGrad (<function _ReciprocalGradGrad at 0x0000028ABBBC4180>) in gradient.
[2026-02-15 21:27:37,524] tensorflow - Level 1 - Registering Square (<function _SquareGrad at 0x0000028ABBBC4220>) in gradient.
[2026-02-15 21:27:37,524] tensorflow - Level 1 - Registering Sqrt (<function _SqrtGrad at 0x0000028ABBBC42C0>) in gradient.
[2026-02-15 21:27:37,524] tensorflow - Level 1 - Registering SqrtGrad (<function _SqrtGradGrad at 0x0000028ABBBC4360>) in gradient.
[2026-02-15 21:27:37,524] tensorflow - Level 1 - Registering Rsqrt (<function _RsqrtGrad at 0x0000028ABBBC4400>) in gradient.
[2026-02-15 21:27:37,524] tensorflow - Level 1 - Registering RsqrtGrad (<function _RsqrtGradGrad at 0x0000028ABBBC44A0>) in gradient.
[2026-02-15 21:27:37,524] tensorflow - Level 1 - Registering Exp (<function _ExpGrad at 0x0000028ABBBC4540>) in gradient.
[2026-02-15 21:27:37,525] tensorflow - Level 1 - Registering Expm1 (<function _Expm1Grad at 0x0000028ABBBC45E0>) in gradient.
[2026-02-15 21:27:37,525] tensorflow - Level 1 - Registering Log (<function _LogGrad at 0x0000028ABBBC4680>) in gradient.
[2026-02-15 21:27:37,525] tensorflow - Level 1 - Registering Log1p (<function _Log1pGrad at 0x0000028ABBBC4720>) in gradient.
[2026-02-15 21:27:37,525] tensorflow - Level 1 - Registering Xlogy (<function _XLogyGrad at 0x0000028ABBBC47C0>) in gradient.
[2026-02-15 21:27:37,525] tensorflow - Level 1 - Registering Xlog1py (<function _XLog1pyGrad at 0x0000028ABBBC4860>) in gradient.
[2026-02-15 21:27:37,525] tensorflow - Level 1 - Registering Xdivy (<function _XDivyGrad at 0x0000028ABBBC4900>) in gradient.
[2026-02-15 21:27:37,525] tensorflow - Level 1 - Registering Sinh (<function _SinhGrad at 0x0000028ABBBC49A0>) in gradient.
[2026-02-15 21:27:37,525] tensorflow - Level 1 - Registering Cosh (<function _CoshGrad at 0x0000028ABBBC4A40>) in gradient.
[2026-02-15 21:27:37,527] tensorflow - Level 1 - Registering Tanh (<function _TanhGrad at 0x0000028ABBBC4AE0>) in gradient.
[2026-02-15 21:27:37,527] tensorflow - Level 1 - Registering Asinh (<function _AsinhGrad at 0x0000028ABBBC4B80>) in gradient.
[2026-02-15 21:27:37,527] tensorflow - Level 1 - Registering Acosh (<function _AcoshGrad at 0x0000028ABBBC4C20>) in gradient.
[2026-02-15 21:27:37,527] tensorflow - Level 1 - Registering Atanh (<function _AtanhGrad at 0x0000028ABBBC4CC0>) in gradient.
[2026-02-15 21:27:37,527] tensorflow - Level 1 - Registering TanhGrad (<function _TanhGradGrad at 0x0000028ABBBC4D60>) in gradient.
[2026-02-15 21:27:37,527] tensorflow - Level 1 - Registering Erf (<function _ErfGrad at 0x0000028ABBBC4E00>) in gradient.
[2026-02-15 21:27:37,528] tensorflow - Level 1 - Registering Erfc (<function _ErfcGrad at 0x0000028ABBBC4EA0>) in gradient.
[2026-02-15 21:27:37,528] tensorflow - Level 1 - Registering Erfinv (<function _ErfinvGrad at 0x0000028ABBBC4F40>) in gradient.
[2026-02-15 21:27:37,528] tensorflow - Level 1 - Registering Ndtri (<function _NdtriGrad at 0x0000028ABBBC4FE0>) in gradient.
[2026-02-15 21:27:37,528] tensorflow - Level 1 - Registering Lgamma (<function _LgammaGrad at 0x0000028ABBBC5080>) in gradient.
[2026-02-15 21:27:37,528] tensorflow - Level 1 - Registering Digamma (<function _DigammaGrad at 0x0000028ABBBC5120>) in gradient.
[2026-02-15 21:27:37,529] tensorflow - Level 1 - Registering Dawsn (<function _DawsnGrad at 0x0000028ABBBC51C0>) in gradient.
[2026-02-15 21:27:37,529] tensorflow - Level 1 - Registering Expint (<function _ExpintGrad at 0x0000028ABBBC5260>) in gradient.
[2026-02-15 21:27:37,529] tensorflow - Level 1 - Registering FresnelCos (<function _FresnelCosGrad at 0x0000028ABBBC5300>) in gradient.
[2026-02-15 21:27:37,529] tensorflow - Level 1 - Registering FresnelSin (<function _FresnelSinGrad at 0x0000028ABBBC53A0>) in gradient.
[2026-02-15 21:27:37,530] tensorflow - Level 1 - Registering Spence (<function _SpenceGrad at 0x0000028ABBBC5440>) in gradient.
[2026-02-15 21:27:37,530] tensorflow - Level 1 - Registering BesselI0 (<function _BesselI0Grad at 0x0000028ABBBC54E0>) in gradient.
[2026-02-15 21:27:37,530] tensorflow - Level 1 - Registering BesselI0e (<function _BesselI0eGrad at 0x0000028ABBBC5580>) in gradient.
[2026-02-15 21:27:37,530] tensorflow - Level 1 - Registering BesselI1 (<function _BesselI1Grad at 0x0000028ABBBC5620>) in gradient.
[2026-02-15 21:27:37,531] tensorflow - Level 1 - Registering BesselI1e (<function _BesselI1eGrad at 0x0000028ABBBC56C0>) in gradient.
[2026-02-15 21:27:37,531] tensorflow - Level 1 - Registering BesselK0 (<function _BesselK0Grad at 0x0000028ABBBC5760>) in gradient.
[2026-02-15 21:27:37,531] tensorflow - Level 1 - Registering BesselK0e (<function _BesselK0eGrad at 0x0000028ABBBC5800>) in gradient.
[2026-02-15 21:27:37,531] tensorflow - Level 1 - Registering BesselK1 (<function _BesselK1Grad at 0x0000028ABBBC58A0>) in gradient.
[2026-02-15 21:27:37,531] tensorflow - Level 1 - Registering BesselK1e (<function _BesselK1eGrad at 0x0000028ABBBC5940>) in gradient.
[2026-02-15 21:27:37,531] tensorflow - Level 1 - Registering BesselJ0 (<function _BesselJ0Grad at 0x0000028ABBBC59E0>) in gradient.
[2026-02-15 21:27:37,532] tensorflow - Level 1 - Registering BesselJ1 (<function _BesselJ1Grad at 0x0000028ABBBC5A80>) in gradient.
[2026-02-15 21:27:37,532] tensorflow - Level 1 - Registering BesselY0 (<function _BesselY0Grad at 0x0000028ABBBC5B20>) in gradient.
[2026-02-15 21:27:37,532] tensorflow - Level 1 - Registering BesselY1 (<function _BesselY1Grad at 0x0000028ABBBC5BC0>) in gradient.
[2026-02-15 21:27:37,532] tensorflow - Level 1 - Registering Igamma (<function _IgammaGrad at 0x0000028ABBBC5C60>) in gradient.
[2026-02-15 21:27:37,532] tensorflow - Level 1 - Registering Igammac (<function _IgammacGrad at 0x0000028ABBBC5D00>) in gradient.
[2026-02-15 21:27:37,532] tensorflow - Level 1 - Registering Betainc (<function _BetaincGrad at 0x0000028ABBBC5DA0>) in gradient.
[2026-02-15 21:27:37,532] tensorflow - Level 1 - Registering Zeta (<function _ZetaGrad at 0x0000028ABBBC5E40>) in gradient.
[2026-02-15 21:27:37,533] tensorflow - Level 1 - Registering Polygamma (<function _PolygammaGrad at 0x0000028ABBBC5EE0>) in gradient.
[2026-02-15 21:27:37,533] tensorflow - Level 1 - Registering Sigmoid (<function _SigmoidGrad at 0x0000028ABBBC5F80>) in gradient.
[2026-02-15 21:27:37,533] tensorflow - Level 1 - Registering SigmoidGrad (<function _SigmoidGradGrad at 0x0000028ABBBC6020>) in gradient.
[2026-02-15 21:27:37,533] tensorflow - Level 1 - Registering Sign (<function _SignGrad at 0x0000028ABBBC60C0>) in gradient.
[2026-02-15 21:27:37,533] tensorflow - Level 1 - Registering Sin (<function _SinGrad at 0x0000028ABBBC6160>) in gradient.
[2026-02-15 21:27:37,533] tensorflow - Level 1 - Registering Cos (<function _CosGrad at 0x0000028ABBBC6200>) in gradient.
[2026-02-15 21:27:37,533] tensorflow - Level 1 - Registering Tan (<function _TanGrad at 0x0000028ABBBC62A0>) in gradient.
[2026-02-15 21:27:37,533] tensorflow - Level 1 - Registering Asin (<function _AsinGrad at 0x0000028ABBBC6340>) in gradient.
[2026-02-15 21:27:37,534] tensorflow - Level 1 - Registering Acos (<function _AcosGrad at 0x0000028ABBBC63E0>) in gradient.
[2026-02-15 21:27:37,534] tensorflow - Level 1 - Registering Atan (<function _AtanGrad at 0x0000028ABBBC6480>) in gradient.
[2026-02-15 21:27:37,534] tensorflow - Level 1 - Registering Atan2 (<function _Atan2Grad at 0x0000028ABBBC6520>) in gradient.
[2026-02-15 21:27:37,534] tensorflow - Level 1 - Registering AddN (<function _AddNGrad at 0x0000028ABBBC65C0>) in gradient.
[2026-02-15 21:27:37,534] tensorflow - Level 1 - Registering AddV2 (<function _AddGrad at 0x0000028ABBBC6700>) in gradient.
[2026-02-15 21:27:37,534] tensorflow - Level 1 - Registering Add (<function _AddGrad at 0x0000028ABBBC6700>) in gradient.
[2026-02-15 21:27:37,534] tensorflow - Level 1 - Registering Sub (<function _SubGrad at 0x0000028ABBBC67A0>) in gradient.
[2026-02-15 21:27:37,535] tensorflow - Level 1 - Registering Mul (<function _MulGrad at 0x0000028ABBBC6840>) in gradient.
[2026-02-15 21:27:37,535] tensorflow - Level 1 - Registering MulNoNan (<function _MulNoNanGrad at 0x0000028ABBBC68E0>) in gradient.
[2026-02-15 21:27:37,535] tensorflow - Level 1 - Registering Div (<function _DivGrad at 0x0000028ABBBC6980>) in gradient.
[2026-02-15 21:27:37,535] tensorflow - Level 1 - Registering FloorDiv (<function _FloorDivGrad at 0x0000028ABBBC6A20>) in gradient.
[2026-02-15 21:27:37,535] tensorflow - Level 1 - Registering FloorMod (<function _FloorModGrad at 0x0000028ABBBC6AC0>) in gradient.
[2026-02-15 21:27:37,535] tensorflow - Level 1 - Registering TruncateDiv (<function _TruncateDivGrad at 0x0000028ABBBC6B60>) in gradient.
[2026-02-15 21:27:37,535] tensorflow - Level 1 - Registering RealDiv (<function _RealDivGrad at 0x0000028ABBBC6C00>) in gradient.
[2026-02-15 21:27:37,535] tensorflow - Level 1 - Registering DivNoNan (<function _DivNoNanGrad at 0x0000028ABBBC6CA0>) in gradient.
[2026-02-15 21:27:37,536] tensorflow - Level 1 - Registering Pow (<function _PowGrad at 0x0000028ABBBC6D40>) in gradient.
[2026-02-15 21:27:37,536] tensorflow - Level 1 - Registering Maximum (<function _MaximumGrad at 0x0000028ABBBC6F20>) in gradient.
[2026-02-15 21:27:37,536] tensorflow - Level 1 - Registering Minimum (<function _MinimumGrad at 0x0000028ABBBC6FC0>) in gradient.
[2026-02-15 21:27:37,536] tensorflow - Level 1 - Registering SquaredDifference (<function _SquaredDifferenceGrad at 0x0000028ABBBC7060>) in gradient.
[2026-02-15 21:27:37,536] tensorflow - Level 1 - Registering Less (None) in gradient.
[2026-02-15 21:27:37,536] tensorflow - Level 1 - Registering LessEqual (None) in gradient.
[2026-02-15 21:27:37,536] tensorflow - Level 1 - Registering Greater (None) in gradient.
[2026-02-15 21:27:37,536] tensorflow - Level 1 - Registering GreaterEqual (None) in gradient.
[2026-02-15 21:27:37,536] tensorflow - Level 1 - Registering Equal (None) in gradient.
[2026-02-15 21:27:37,537] tensorflow - Level 1 - Registering ApproximateEqual (None) in gradient.
[2026-02-15 21:27:37,537] tensorflow - Level 1 - Registering NotEqual (None) in gradient.
[2026-02-15 21:27:37,537] tensorflow - Level 1 - Registering LogicalAnd (None) in gradient.
[2026-02-15 21:27:37,537] tensorflow - Level 1 - Registering LogicalOr (None) in gradient.
[2026-02-15 21:27:37,537] tensorflow - Level 1 - Registering LogicalNot (None) in gradient.
[2026-02-15 21:27:37,537] tensorflow - Level 1 - Registering Select (<function _SelectGrad at 0x0000028ABBBC7100>) in gradient.
[2026-02-15 21:27:37,537] tensorflow - Level 1 - Registering SelectV2 (<function _SelectGradV2 at 0x0000028ABBBC71A0>) in gradient.
[2026-02-15 21:27:37,537] tensorflow - Level 1 - Registering MatMul (<function _MatMulGrad at 0x0000028ABBBC7380>) in gradient.
[2026-02-15 21:27:37,537] tensorflow - Level 1 - Registering SparseMatMul (<function _SparseMatMulGrad at 0x0000028ABBBC7420>) in gradient.
[2026-02-15 21:27:37,537] tensorflow - Level 1 - Registering Floor (<function _FloorGrad at 0x0000028ABBBC74C0>) in gradient.
[2026-02-15 21:27:37,537] tensorflow - Level 1 - Registering Ceil (<function _CeilGrad at 0x0000028ABBBC7560>) in gradient.
[2026-02-15 21:27:37,537] tensorflow - Level 1 - Registering Round (<function _RoundGrad at 0x0000028ABBBC7600>) in gradient.
[2026-02-15 21:27:37,538] tensorflow - Level 1 - Registering Rint (<function _RintGrad at 0x0000028ABBBC76A0>) in gradient.
[2026-02-15 21:27:37,538] tensorflow - Level 1 - Registering BatchMatMul (<function _BatchMatMul at 0x0000028ABBBC7740>) in gradient.
[2026-02-15 21:27:37,538] tensorflow - Level 1 - Registering BatchMatMulV3 (<function _BatchMatMulV2 at 0x0000028ABBBC77E0>) in gradient.
[2026-02-15 21:27:37,538] tensorflow - Level 1 - Registering BatchMatMulV2 (<function _BatchMatMulV2 at 0x0000028ABBBC77E0>) in gradient.
[2026-02-15 21:27:37,538] tensorflow - Level 1 - Registering Range (None) in gradient.
[2026-02-15 21:27:37,539] tensorflow - Level 1 - Registering LinSpace (None) in gradient.
[2026-02-15 21:27:37,539] tensorflow - Level 1 - Registering Complex (<function _ComplexGrad at 0x0000028ABBBC7880>) in gradient.
[2026-02-15 21:27:37,539] tensorflow - Level 1 - Registering Real (<function _RealGrad at 0x0000028ABBBC7920>) in gradient.
[2026-02-15 21:27:37,539] tensorflow - Level 1 - Registering Imag (<function _ImagGrad at 0x0000028ABBBC79C0>) in gradient.
[2026-02-15 21:27:37,540] tensorflow - Level 1 - Registering Angle (<function _AngleGrad at 0x0000028ABBBC7A60>) in gradient.
[2026-02-15 21:27:37,540] tensorflow - Level 1 - Registering Conj (<function _ConjGrad at 0x0000028ABBBC7B00>) in gradient.
[2026-02-15 21:27:37,540] tensorflow - Level 1 - Registering ComplexAbs (<function _ComplexAbsGrad at 0x0000028ABBBC7BA0>) in gradient.
[2026-02-15 21:27:37,540] tensorflow - Level 1 - Registering Cast (<function _CastGrad at 0x0000028ABBBC7C40>) in gradient.
[2026-02-15 21:27:37,540] tensorflow - Level 1 - Registering Cross (<function _CrossGrad at 0x0000028ABBBC7CE0>) in gradient.
[2026-02-15 21:27:37,541] tensorflow - Level 1 - Registering Cumsum (<function _CumsumGrad at 0x0000028ABBBC7D80>) in gradient.
[2026-02-15 21:27:37,541] tensorflow - Level 1 - Registering Cumprod (<function _CumprodGrad at 0x0000028ABBBC7E20>) in gradient.
[2026-02-15 21:27:37,541] tensorflow - Level 1 - Registering CumulativeLogsumexp (<function _CumulativeLogsumexpGrad at 0x0000028ABBBC7EC0>) in gradient.
[2026-02-15 21:27:37,541] tensorflow - Level 1 - Registering NextAfter (<function _NextAfterGrad at 0x0000028ABBBC7F60>) in gradient.
[2026-02-15 21:27:37,545] tensorflow - Level 1 - Registering NcclAllReduce (<function _all_sum_grad at 0x0000028ABBBD4360>) in gradient.
[2026-02-15 21:27:37,548] tensorflow - Level 1 - Registering NcclReduce (<function _reduce_sum_grad at 0x0000028ABBBD4F40>) in gradient.
[2026-02-15 21:27:37,548] tensorflow - Level 1 - Registering NcclBroadcast (<function _broadcast_grad at 0x0000028ABBBD5080>) in gradient.
[2026-02-15 21:27:37,550] tensorflow - Level 1 - Registering OptionalFromValue (<function _OptionalFromValueGrad at 0x0000028ABBBD4CC0>) in gradient.
[2026-02-15 21:27:37,551] tensorflow - Level 1 - Registering OptionalGetValue (<function _OptionalGetValueGrad at 0x0000028ABBBD53A0>) in gradient.
[2026-02-15 21:27:37,553] tensorflow - Level 1 - Registering DecodeRaw (None) in gradient.
[2026-02-15 21:27:37,555] tensorflow - Level 1 - Registering DecodePaddedRaw (None) in gradient.
[2026-02-15 21:27:37,555] tensorflow - Level 1 - Registering ParseTensor (None) in gradient.
[2026-02-15 21:27:37,555] tensorflow - Level 1 - Registering SerializeTensor (None) in gradient.
[2026-02-15 21:27:37,555] tensorflow - Level 1 - Registering StringToNumber (None) in gradient.
[2026-02-15 21:27:37,561] tensorflow - Level 1 - Registering DecodeProtoV2 (None) in gradient.
[2026-02-15 21:27:37,562] tensorflow - Level 1 - Registering EncodeProto (None) in gradient.
[2026-02-15 21:27:37,564] tensorflow - Level 1 - Registering RandomGamma (<function _RandomGammaGrad at 0x0000028ABBBD60C0>) in gradient.
[2026-02-15 21:27:37,566] tensorflow - Level 1 - Registering StatelessRandomGammaV2 (<function _StatelessRandomGammaV2Grad at 0x0000028ABBBD6200>) in gradient.
[2026-02-15 21:27:37,566] tensorflow - Level 1 - Registering StatelessRandomGammaV3 (<function _StatelessRandomGammaV3Grad at 0x0000028ABBBD6340>) in gradient.
[2026-02-15 21:27:37,566] tensorflow - Level 1 - Registering StatelessParameterizedTruncatedNormal (<function _StatelessParameterizedTruncatedNormalGrad at 0x0000028ABBBD65C0>) in gradient.
[2026-02-15 21:27:37,572] tensorflow - Level 1 - Registering BlockLSTM (<function _block_lstm_grad at 0x0000028ABBBD62A0>) in gradient.
[2026-02-15 21:27:37,574] tensorflow - Level 1 - Registering BlockLSTMV2 (<function _block_lstm_grad at 0x0000028ABBBD62A0>) in gradient.
[2026-02-15 21:27:37,580] tensorflow - Level 1 - Registering SdcaFprint (None) in gradient.
[2026-02-15 21:27:37,582] tensorflow - Level 1 - Registering SdcaOptimizer (None) in gradient.
[2026-02-15 21:27:37,582] tensorflow - Level 1 - Registering SdcaOptimizerV2 (None) in gradient.
[2026-02-15 21:27:37,582] tensorflow - Level 1 - Registering SdcaShrinkL1 (None) in gradient.
[2026-02-15 21:27:37,589] tensorflow - Level 1 - Registering SetSize (None) in gradient.
[2026-02-15 21:27:37,591] tensorflow - Level 1 - Registering DenseToDenseSetOperation (None) in gradient.
[2026-02-15 21:27:37,591] tensorflow - Level 1 - Registering DenseToSparseSetOperation (None) in gradient.
[2026-02-15 21:27:37,591] tensorflow - Level 1 - Registering SparseToSparseSetOperation (None) in gradient.
[2026-02-15 21:27:37,594] tensorflow - Level 1 - Registering SparseAddGrad (None) in gradient.
[2026-02-15 21:27:37,595] tensorflow - Level 1 - Registering SparseConcat (None) in gradient.
[2026-02-15 21:27:37,595] tensorflow - Level 1 - Registering SparseReorder (<function _SparseReorderGrad at 0x0000028ABBC25620>) in gradient.
[2026-02-15 21:27:37,595] tensorflow - Level 1 - Registering SparseAdd (<function _SparseAddGrad at 0x0000028ABBC25800>) in gradient.
[2026-02-15 21:27:37,597] tensorflow - Level 1 - Registering SparseTensorDenseAdd (<function _SparseTensorDenseAddGrad at 0x0000028ABBC25760>) in gradient.
[2026-02-15 21:27:37,597] tensorflow - Level 1 - Registering SparseReduceSum (<function _SparseReduceSumGrad at 0x0000028ABBC258A0>) in gradient.
[2026-02-15 21:27:37,597] tensorflow - Level 1 - Registering SparseSlice (<function _SparseSliceGrad at 0x0000028ABBC25940>) in gradient.
[2026-02-15 21:27:37,597] tensorflow - Level 1 - Registering SparseTensorDenseMatMul (<function _SparseTensorDenseMatMulGrad at 0x0000028ABBC259E0>) in gradient.
[2026-02-15 21:27:37,597] tensorflow - Level 1 - Registering SparseDenseCwiseAdd (<function _SparseDenseCwiseAddGrad at 0x0000028ABBC25A80>) in gradient.
[2026-02-15 21:27:37,597] tensorflow - Level 1 - Registering SparseDenseCwiseMul (<function _SparseDenseCwiseMulGrad at 0x0000028ABBC25BC0>) in gradient.
[2026-02-15 21:27:37,597] tensorflow - Level 1 - Registering SparseDenseCwiseDiv (<function _SparseDenseCwiseDivGrad at 0x0000028ABBC25C60>) in gradient.
[2026-02-15 21:27:37,598] tensorflow - Level 1 - Registering SparseSoftmax (<function _SparseSoftmaxGrad at 0x0000028ABBC25D00>) in gradient.
[2026-02-15 21:27:37,598] tensorflow - Level 1 - Registering SparseSparseMaximum (<function _SparseSparseMaximumGrad at 0x0000028ABBC25DA0>) in gradient.
[2026-02-15 21:27:37,598] tensorflow - Level 1 - Registering SparseSparseMinimum (<function _SparseSparseMinimumGrad at 0x0000028ABBC25E40>) in gradient.
[2026-02-15 21:27:37,598] tensorflow - Level 1 - Registering SparseFillEmptyRows (<function _SparseFillEmptyRowsGrad at 0x0000028ABBC25EE0>) in gradient.
[2026-02-15 21:27:37,598] tensorflow - Level 1 - Registering SparseToDense (<function _SparseToDenseGrad at 0x0000028ABBC25F80>) in gradient.
[2026-02-15 21:27:37,600] tensorflow - Level 1 - Registering TensorArray (None) in gradient.
[2026-02-15 21:27:37,602] tensorflow - Level 1 - Registering TensorArrayGrad (None) in gradient.
[2026-02-15 21:27:37,602] tensorflow - Level 1 - Registering TensorArraySize (None) in gradient.
[2026-02-15 21:27:37,602] tensorflow - Level 1 - Registering TensorArrayClose (None) in gradient.
[2026-02-15 21:27:37,603] tensorflow - Level 1 - Registering TensorArrayV2 (None) in gradient.
[2026-02-15 21:27:37,603] tensorflow - Level 1 - Registering TensorArrayGradV2 (None) in gradient.
[2026-02-15 21:27:37,603] tensorflow - Level 1 - Registering TensorArraySizeV2 (None) in gradient.
[2026-02-15 21:27:37,603] tensorflow - Level 1 - Registering TensorArrayCloseV2 (None) in gradient.
[2026-02-15 21:27:37,604] tensorflow - Level 1 - Registering TensorArrayV3 (None) in gradient.
[2026-02-15 21:27:37,604] tensorflow - Level 1 - Registering TensorArrayGradV3 (None) in gradient.
[2026-02-15 21:27:37,604] tensorflow - Level 1 - Registering TensorArrayGradWithShape (None) in gradient.
[2026-02-15 21:27:37,604] tensorflow - Level 1 - Registering TensorArraySizeV3 (None) in gradient.
[2026-02-15 21:27:37,604] tensorflow - Level 1 - Registering TensorArrayCloseV3 (None) in gradient.
[2026-02-15 21:27:37,604] tensorflow - Level 1 - Registering TensorArrayReadV3 (<function _TensorArrayReadGrad at 0x0000028ABBC26160>) in gradient.
[2026-02-15 21:27:37,605] tensorflow - Level 1 - Registering TensorArrayReadV2 (<function _TensorArrayReadGrad at 0x0000028ABBC26160>) in gradient.
[2026-02-15 21:27:37,605] tensorflow - Level 1 - Registering TensorArrayRead (<function _TensorArrayReadGrad at 0x0000028ABBC26160>) in gradient.
[2026-02-15 21:27:37,605] tensorflow - Level 1 - Registering TensorArrayWriteV3 (<function _TensorArrayWriteGrad at 0x0000028ABBC260C0>) in gradient.
[2026-02-15 21:27:37,605] tensorflow - Level 1 - Registering TensorArrayWriteV2 (<function _TensorArrayWriteGrad at 0x0000028ABBC260C0>) in gradient.
[2026-02-15 21:27:37,606] tensorflow - Level 1 - Registering TensorArrayWrite (<function _TensorArrayWriteGrad at 0x0000028ABBC260C0>) in gradient.
[2026-02-15 21:27:37,606] tensorflow - Level 1 - Registering TensorArrayGatherV3 (<function _TensorArrayGatherGrad at 0x0000028ABBC26200>) in gradient.
[2026-02-15 21:27:37,606] tensorflow - Level 1 - Registering TensorArrayGatherV2 (<function _TensorArrayGatherGrad at 0x0000028ABBC26200>) in gradient.
[2026-02-15 21:27:37,606] tensorflow - Level 1 - Registering TensorArrayGather (<function _TensorArrayGatherGrad at 0x0000028ABBC26200>) in gradient.
[2026-02-15 21:27:37,607] tensorflow - Level 1 - Registering TensorArrayScatterV3 (<function _TensorArrayScatterGrad at 0x0000028ABBC262A0>) in gradient.
[2026-02-15 21:27:37,607] tensorflow - Level 1 - Registering TensorArrayScatterV2 (<function _TensorArrayScatterGrad at 0x0000028ABBC262A0>) in gradient.
[2026-02-15 21:27:37,607] tensorflow - Level 1 - Registering TensorArrayScatter (<function _TensorArrayScatterGrad at 0x0000028ABBC262A0>) in gradient.
[2026-02-15 21:27:37,607] tensorflow - Level 1 - Registering TensorArrayConcatV3 (<function _TensorArrayConcatGrad at 0x0000028ABBC26340>) in gradient.
[2026-02-15 21:27:37,607] tensorflow - Level 1 - Registering TensorArrayConcatV2 (<function _TensorArrayConcatGrad at 0x0000028ABBC26340>) in gradient.
[2026-02-15 21:27:37,607] tensorflow - Level 1 - Registering TensorArrayConcat (<function _TensorArrayConcatGrad at 0x0000028ABBC26340>) in gradient.
[2026-02-15 21:27:37,607] tensorflow - Level 1 - Registering TensorArraySplitV3 (<function _TensorArraySplitGrad at 0x0000028ABBC263E0>) in gradient.
[2026-02-15 21:27:37,608] tensorflow - Level 1 - Registering TensorArraySplitV2 (<function _TensorArraySplitGrad at 0x0000028ABBC263E0>) in gradient.
[2026-02-15 21:27:37,608] tensorflow - Level 1 - Registering TensorArraySplit (<function _TensorArraySplitGrad at 0x0000028ABBC263E0>) in gradient.
[2026-02-15 21:27:37,619] tensorflow - Level 1 - Registering DenseToCSRSparseMatrix (<function _DenseToCSRSparseMatrixGrad at 0x0000028ABBC26660>) in gradient.
[2026-02-15 21:27:37,621] tensorflow - Level 1 - Registering CSRSparseMatrixToDense (<function _CSRSparseMatrixToDenseGrad at 0x0000028ABBC267A0>) in gradient.
[2026-02-15 21:27:37,621] tensorflow - Level 1 - Registering SparseTensorToCSRSparseMatrix (<function _SparseTensorToCSRSparseMatrixGrad at 0x0000028ABBC5F1A0>) in gradient.
[2026-02-15 21:27:37,622] tensorflow - Level 1 - Registering CSRSparseMatrixToSparseTensor (<function _CSRSparseMatrixToSparseTensorGrad at 0x0000028ABBC5F100>) in gradient.
[2026-02-15 21:27:37,622] tensorflow - Level 1 - Registering SparseMatrixNNZ (None) in gradient.
[2026-02-15 21:27:37,622] tensorflow - Level 1 - Registering SparseMatrixZeros (None) in gradient.
[2026-02-15 21:27:37,622] tensorflow - Level 1 - Registering SparseMatrixAdd (<function _SparseMatrixAddGrad at 0x0000028ABBC5F380>) in gradient.
[2026-02-15 21:27:37,622] tensorflow - Level 1 - Registering SparseMatrixTranspose (<function _SparseMatrixTransposeGrad at 0x0000028ABBC5F4C0>) in gradient.
[2026-02-15 21:27:37,623] tensorflow - Level 1 - Registering SparseMatrixSoftmax (<function _SparseMatrixSoftmaxGrad at 0x0000028ABBC5F560>) in gradient.
[2026-02-15 21:27:37,623] tensorflow - Level 1 - Registering SparseMatrixMatMul (<function _SparseMatrixMatMulGrad at 0x0000028ABBC5F600>) in gradient.
[2026-02-15 21:27:37,623] tensorflow - Level 1 - Registering SparseMatrixSparseMatMul (<function _SparseMatrixSparseMatMulGrad at 0x0000028ABBC5F6A0>) in gradient.
[2026-02-15 21:27:37,623] tensorflow - Level 1 - Registering SparseMatrixMul (<function _SparseMatrixMulGrad at 0x0000028ABBC5F740>) in gradient.
[2026-02-15 21:27:37,636] tensorflow - Level 1 - Registering FFT (<function _fft_grad at 0x0000028ABBCB1260>) in gradient.
[2026-02-15 21:27:37,638] tensorflow - Level 1 - Registering IFFT (<function _ifft_grad at 0x0000028ABBCB1300>) in gradient.
[2026-02-15 21:27:37,638] tensorflow - Level 1 - Registering FFT2D (<function _fft2d_grad at 0x0000028ABBCB13A0>) in gradient.
[2026-02-15 21:27:37,638] tensorflow - Level 1 - Registering IFFT2D (<function _ifft2d_grad at 0x0000028ABBCB14E0>) in gradient.
[2026-02-15 21:27:37,639] tensorflow - Level 1 - Registering FFT3D (<function _fft3d_grad at 0x0000028ABBCB1580>) in gradient.
[2026-02-15 21:27:37,639] tensorflow - Level 1 - Registering IFFT3D (<function _ifft3d_grad at 0x0000028ABBCB1620>) in gradient.
[2026-02-15 21:27:37,640] tensorflow - Level 1 - Registering RFFT (<function _rfft_grad_helper.<locals>._grad at 0x0000028ABBCB1A80>) in gradient.
[2026-02-15 21:27:37,640] tensorflow - Level 1 - Registering IRFFT (<function _irfft_grad_helper.<locals>._grad at 0x0000028ABBCB1C60>) in gradient.
[2026-02-15 21:27:37,640] tensorflow - Level 1 - Registering RFFT2D (<function _rfft_grad_helper.<locals>._grad at 0x0000028ABBCB1D00>) in gradient.
[2026-02-15 21:27:37,640] tensorflow - Level 1 - Registering IRFFT2D (<function _irfft_grad_helper.<locals>._grad at 0x0000028ABBCB1DA0>) in gradient.
[2026-02-15 21:27:37,646] tensorflow - Level 1 - Registering GenerateVocabRemapping (None) in gradient.
[2026-02-15 21:27:37,647] tensorflow - Level 1 - Registering LoadAndRemapMatrix (None) in gradient.
[2026-02-15 21:27:37,675] tensorflow - Level 1 - Registering XlaVariadicReduce (None) in gradient.
[2026-02-15 21:27:37,678] tensorflow - Level 1 - Registering XlaSharding (<function _sharding_grad at 0x0000028ABBD607C0>) in gradient.
[2026-02-15 21:27:37,678] tensorflow - Level 1 - Registering XlaSpmdFullToShardShape (<function _spmd_full_to_shard_shape_grad at 0x0000028ABBD60860>) in gradient.
[2026-02-15 21:27:37,678] tensorflow - Level 1 - Registering XlaSpmdShardToFullShape (<function _spmd_shard_to_full_shape_grad at 0x0000028ABBD60900>) in gradient.
[2026-02-15 21:27:37,695] tensorflow - Level 1 - Registering CTCLoss (<function _CTCLossGrad at 0x0000028ABBFB4D60>) in gradient.
[2026-02-15 21:27:37,698] tensorflow - Level 1 - Registering CTCLossV2 (<function _CTCLossV2Grad at 0x0000028ABBFB4E00>) in gradient.
[2026-02-15 21:27:37,699] tensorflow - Level 1 - Registering CTCGreedyDecoder (None) in gradient.
[2026-02-15 21:27:37,699] tensorflow - Level 1 - Registering CTCBeamSearchDecoder (None) in gradient.
[2026-02-15 21:27:37,701] tensorflow - Level 1 - Registering FusedBatchNormGrad (<function _FusedBatchNormGradGrad at 0x0000028ABBFB6840>) in gradient.
[2026-02-15 21:27:37,703] tensorflow - Level 1 - Registering FusedBatchNormGradV2 (<function _FusedBatchNormGradGradV2 at 0x0000028ABBFB68E0>) in gradient.
[2026-02-15 21:27:37,703] tensorflow - Level 1 - Registering FusedBatchNormGradV3 (<function _FusedBatchNormGradGradV3 at 0x0000028ABBFB6AC0>) in gradient.
[2026-02-15 21:27:37,714] tensorflow - Level 1 - Registering variables ((<class 'tensorflow.core.framework.variable_pb2.VariableDef'>, <function _to_proto_fn at 0x0000028ABBFEEC00>, <function _from_proto_fn at 0x0000028ABBFEEE80>)) in proto functions.
[2026-02-15 21:27:37,715] tensorflow - Level 1 - Registering trainable_variables ((<class 'tensorflow.core.framework.variable_pb2.VariableDef'>, <function _to_proto_fn at 0x0000028ABBFEEC00>, <function _from_proto_fn at 0x0000028ABBFEEE80>)) in proto functions.
[2026-02-15 21:27:37,715] tensorflow - Level 1 - Registering moving_average_variables ((<class 'tensorflow.core.framework.variable_pb2.VariableDef'>, <function _to_proto_fn at 0x0000028ABBFEEC00>, <function _from_proto_fn at 0x0000028ABBFEEE80>)) in proto functions.
[2026-02-15 21:27:37,715] tensorflow - Level 1 - Registering local_variables ((<class 'tensorflow.core.framework.variable_pb2.VariableDef'>, <function _to_proto_fn at 0x0000028ABBFEEC00>, <function _from_proto_fn at 0x0000028ABBFEEE80>)) in proto functions.
[2026-02-15 21:27:37,715] tensorflow - Level 1 - Registering model_variables ((<class 'tensorflow.core.framework.variable_pb2.VariableDef'>, <function _to_proto_fn at 0x0000028ABBFEEC00>, <function _from_proto_fn at 0x0000028ABBFEEE80>)) in proto functions.
[2026-02-15 21:27:37,715] tensorflow - Level 1 - Registering global_step ((<class 'tensorflow.core.framework.variable_pb2.VariableDef'>, <function _to_proto_fn at 0x0000028ABBFEEC00>, <function _from_proto_fn at 0x0000028ABBFEEE80>)) in proto functions.
[2026-02-15 21:27:37,715] tensorflow - Level 1 - Registering metric_variables ((<class 'tensorflow.core.framework.variable_pb2.VariableDef'>, <function _to_proto_fn at 0x0000028ABBFEEC00>, <function _from_proto_fn at 0x0000028ABBFEEE80>)) in proto functions.
[2026-02-15 21:27:37,718] tensorflow - Level 1 - Registering RandomCrop (None) in gradient.
[2026-02-15 21:27:37,721] tensorflow - Level 1 - Registering HSVToRGB (None) in gradient.
[2026-02-15 21:27:37,721] tensorflow - Level 1 - Registering DrawBoundingBoxes (None) in gradient.
[2026-02-15 21:27:37,721] tensorflow - Level 1 - Registering SampleDistortedBoundingBox (None) in gradient.
[2026-02-15 21:27:37,722] tensorflow - Level 1 - Registering SampleDistortedBoundingBoxV2 (None) in gradient.
[2026-02-15 21:27:37,722] tensorflow - Level 1 - Registering ExtractGlimpse (None) in gradient.
[2026-02-15 21:27:37,722] tensorflow - Level 1 - Registering NonMaxSuppression (None) in gradient.
[2026-02-15 21:27:37,722] tensorflow - Level 1 - Registering NonMaxSuppressionV2 (None) in gradient.
[2026-02-15 21:27:37,722] tensorflow - Level 1 - Registering NonMaxSuppressionWithOverlaps (None) in gradient.
[2026-02-15 21:27:37,723] tensorflow - Level 1 - Registering GenerateBoundingBoxProposals (None) in gradient.
[2026-02-15 21:27:37,737] tensorflow - Level 1 - Registering ImageProjectiveTransformV2 (<function _image_projective_transform_grad at 0x0000028ABC0D7880>) in gradient.
[2026-02-15 21:27:37,740] tensorflow - Level 1 - Registering ImageProjectiveTransformV3 (<function _image_projective_transform_v3_grad at 0x0000028ABC0D7A60>) in gradient.
[2026-02-15 21:27:37,912] tensorflow - Level 1 - Registering savers ((<class 'tensorflow.core.protobuf.saver_pb2.SaverDef'>, <function Saver.to_proto at 0x0000028ABC3AEDE0>, <function Saver.from_proto at 0x0000028ABC3AEE80>)) in proto functions.
[2026-02-15 21:27:37,927] tensorflow - Level 1 - Registering EagerPyFunc (<function _EagerPyFuncGrad at 0x0000028ABC3DBA60>) in gradient.
[2026-02-15 21:27:37,930] tensorflow - Level 1 - Registering PyFunc (None) in gradient.
[2026-02-15 21:27:37,931] tensorflow - Level 1 - Registering PyFuncStateless (None) in gradient.
[2026-02-15 21:27:37,949] tensorflow - Level 1 - Registering ReduceDataset (None) in gradient.
[2026-02-15 21:27:37,954] tensorflow - Level 1 - Registering tensorflow.python.data.ops.dataset_ops (<function _tf2_callback at 0x0000028ABC429EE0>) in data_v2_callbacks.
[2026-02-15 21:27:37,965] tensorflow - Level 1 - Registering _resource_resolver (<function _resource_resolver at 0x0000028ABC4BAB60>) in acd_resource_resolvers.
[2026-02-15 21:27:37,981] tensorflow - Level 1 - Registering tensorflow.python.data.experimental.ops.counter (<function _tf2_callback at 0x0000028ABC4CA480>) in data_v2_callbacks.
[2026-02-15 21:27:38,005] tensorflow - Level 1 - Registering tensorflow.python.data.ops.readers (<function _tf2_callback at 0x0000028ABC4BB740>) in data_v2_callbacks.
[2026-02-15 21:27:38,010] tensorflow - Level 1 - Registering tensorflow.python.data.experimental.ops.interleave_ops (<function _tf2_callback at 0x0000028ABC4CB7E0>) in data_v2_callbacks.
[2026-02-15 21:27:38,043] tensorflow - Level 1 - Registering tensorflow.python.data.experimental.ops.random_ops (<function _tf2_callback at 0x0000028ABC576C00>) in data_v2_callbacks.
[2026-02-15 21:27:38,047] tensorflow - Level 1 - Registering tensorflow.python.data.experimental.ops.readers (<function _tf2_callback at 0x0000028ABC59C540>) in data_v2_callbacks.
[2026-02-15 21:27:38,238] tensorflow - Level 1 - Registering tpu_replicated_input_resolver (<function tpu_replicated_input_resolver at 0x0000028ABC804540>) in acd_resource_resolvers.
[2026-02-15 21:27:38,246] tensorflow - DEBUG - Falling back to TensorFlow client; we recommended you install the Cloud TPU client directly with pip install cloud-tpu-client.
[2026-02-15 21:27:38,391] tensorflow - Level 1 - Registering queue_runners ((<class 'tensorflow.core.protobuf.queue_runner_pb2.QueueRunnerDef'>, <function QueueRunner.to_proto at 0x0000028ABCA1AF20>, <function QueueRunner.from_proto at 0x0000028ABCA1AFC0>)) in proto functions.
[2026-02-15 21:27:38,901] h5py._conv - DEBUG - Creating converter from 7 to 5
[2026-02-15 21:27:38,901] h5py._conv - DEBUG - Creating converter from 5 to 7
[2026-02-15 21:27:38,901] h5py._conv - DEBUG - Creating converter from 7 to 5
[2026-02-15 21:27:38,901] h5py._conv - DEBUG - Creating converter from 5 to 7
[2026-02-15 21:27:39,127] tensorflow - Level 1 - Registering DebugGradientIdentity (<function _identify_gradient_grad at 0x0000028ABE4EF920>) in gradient.
[2026-02-15 21:27:39,127] tensorflow - Level 1 - Registering DebugGradientRefIdentity (<function _identify_gradient_grad_ref at 0x0000028ABE4EF9C0>) in gradient.
[2026-02-15 21:27:39,177] tensorflow - Level 1 - Registering DebugIdentityV2 (<function _debug_identity_v2_grad at 0x0000028ABE566D40>) in gradient.
[2026-02-15 21:27:39,545] tensorflow - Level 1 - Registering AudioMicrofrontend (None) in gradient.
[2026-02-15 21:27:39,652] tensorflow - Level 1 - Registering Reciprocal,flops (<function _reciprocal_flops at 0x0000028ABEB5C680>) in statistical functions.
[2026-02-15 21:27:39,654] tensorflow - Level 1 - Registering Square,flops (<function _square_flops at 0x0000028ABEB5C720>) in statistical functions.
[2026-02-15 21:27:39,654] tensorflow - Level 1 - Registering Rsqrt,flops (<function _rsqrt_flops at 0x0000028ABEB5C860>) in statistical functions.
[2026-02-15 21:27:39,654] tensorflow - Level 1 - Registering Log,flops (<function _log_flops at 0x0000028ABEB5C7C0>) in statistical functions.
[2026-02-15 21:27:39,654] tensorflow - Level 1 - Registering Neg,flops (<function _neg_flops at 0x0000028ABEB5C900>) in statistical functions.
[2026-02-15 21:27:39,655] tensorflow - Level 1 - Registering AssignSub,flops (<function _assign_sub_flops at 0x0000028ABEB5C9A0>) in statistical functions.
[2026-02-15 21:27:39,655] tensorflow - Level 1 - Registering AssignAdd,flops (<function _assign_add_flops at 0x0000028ABEB5CA40>) in statistical functions.
[2026-02-15 21:27:39,655] tensorflow - Level 1 - Registering L2Loss,flops (<function _l2_loss_flops at 0x0000028ABEB5CAE0>) in statistical functions.
[2026-02-15 21:27:39,655] tensorflow - Level 1 - Registering Softmax,flops (<function _softmax_flops at 0x0000028ABEB5CB80>) in statistical functions.
[2026-02-15 21:27:39,655] tensorflow - Level 1 - Registering AddV2,flops (<function _add_flops at 0x0000028ABEB5CCC0>) in statistical functions.
[2026-02-15 21:27:39,655] tensorflow - Level 1 - Registering Add,flops (<function _add_flops at 0x0000028ABEB5CCC0>) in statistical functions.
[2026-02-15 21:27:39,656] tensorflow - Level 1 - Registering Sub,flops (<function _sub_flops at 0x0000028ABEB5CD60>) in statistical functions.
[2026-02-15 21:27:39,656] tensorflow - Level 1 - Registering Mul,flops (<function _mul_flops at 0x0000028ABEB5CE00>) in statistical functions.
[2026-02-15 21:27:39,656] tensorflow - Level 1 - Registering RealDiv,flops (<function _real_div_flops at 0x0000028ABEB5CEA0>) in statistical functions.
[2026-02-15 21:27:39,656] tensorflow - Level 1 - Registering Maximum,flops (<function _maximum_flops at 0x0000028ABEB5CF40>) in statistical functions.
[2026-02-15 21:27:39,656] tensorflow - Level 1 - Registering Minimum,flops (<function _minimum_flops at 0x0000028ABEB5CFE0>) in statistical functions.
[2026-02-15 21:27:39,657] tensorflow - Level 1 - Registering Pow,flops (<function _pow_flops at 0x0000028ABEB5D080>) in statistical functions.
[2026-02-15 21:27:39,657] tensorflow - Level 1 - Registering RsqrtGrad,flops (<function _rsqrt_grad_flops at 0x0000028ABEB5D120>) in statistical functions.
[2026-02-15 21:27:39,657] tensorflow - Level 1 - Registering GreaterEqual,flops (<function _greater_equal_flops at 0x0000028ABEB5D1C0>) in statistical functions.
[2026-02-15 21:27:39,657] tensorflow - Level 1 - Registering Greater,flops (<function _greater_flops at 0x0000028ABEB5D260>) in statistical functions.
[2026-02-15 21:27:39,657] tensorflow - Level 1 - Registering LessEqual,flops (<function _less_equal_flops at 0x0000028ABEB5D300>) in statistical functions.
[2026-02-15 21:27:39,657] tensorflow - Level 1 - Registering Less,flops (<function _less_flops at 0x0000028ABEB5D3A0>) in statistical functions.
[2026-02-15 21:27:39,658] tensorflow - Level 1 - Registering Equal,flops (<function _equal_flops at 0x0000028ABEB5D440>) in statistical functions.
[2026-02-15 21:27:39,658] tensorflow - Level 1 - Registering NotEqual,flops (<function _not_equal_flops at 0x0000028ABEB5D4E0>) in statistical functions.
[2026-02-15 21:27:39,658] tensorflow - Level 1 - Registering SquaredDifference,flops (<function _squared_difference_flops at 0x0000028ABEB5D580>) in statistical functions.
[2026-02-15 21:27:39,658] tensorflow - Level 1 - Registering Mean,flops (<function _mean_flops at 0x0000028ABEB5D6C0>) in statistical functions.
[2026-02-15 21:27:39,659] tensorflow - Level 1 - Registering Sum,flops (<function _sum_flops at 0x0000028ABEB5D760>) in statistical functions.
[2026-02-15 21:27:39,659] tensorflow - Level 1 - Registering ArgMax,flops (<function _arg_max_flops at 0x0000028ABEB5D800>) in statistical functions.
[2026-02-15 21:27:39,659] tensorflow - Level 1 - Registering ArgMin,flops (<function _arg_min_flops at 0x0000028ABEB5D8A0>) in statistical functions.
[2026-02-15 21:27:39,659] tensorflow - Level 1 - Registering BiasAddGrad,flops (<function _bias_add_grad_flops at 0x0000028ABEB5D940>) in statistical functions.
[2026-02-15 21:27:39,659] tensorflow - Level 1 - Registering AvgPool,flops (<function _avg_pool_flops at 0x0000028ABEB5DB20>) in statistical functions.
[2026-02-15 21:27:39,660] tensorflow - Level 1 - Registering MaxPool,flops (<function _max_pool_flops at 0x0000028ABEB5DBC0>) in statistical functions.
[2026-02-15 21:27:39,660] tensorflow - Level 1 - Registering AvgPoolGrad,flops (<function _avg_pool_grad_flops at 0x0000028ABEB5DC60>) in statistical functions.
[2026-02-15 21:27:39,660] tensorflow - Level 1 - Registering MaxPoolGrad,flops (<function _max_pool_grad_flops at 0x0000028ABEB5DD00>) in statistical functions.
[2026-02-15 21:27:39,660] tensorflow - Level 1 - Registering Conv2DBackpropInput,flops (<function _conv_2d_backprop_input_flops at 0x0000028ABEB5DDA0>) in statistical functions.
[2026-02-15 21:27:39,660] tensorflow - Level 1 - Registering Conv2DBackpropFilter,flops (<function _conv_2d_backprop_filter_flops at 0x0000028ABEB5DE40>) in statistical functions.
[2026-02-15 21:27:39,661] tensorflow - Level 1 - Registering AddN,flops (<function _add_n_flops at 0x0000028ABEB5DEE0>) in statistical functions.
[2026-02-15 21:27:39,661] tensorflow - Level 1 - Registering MatMul,flops (<function _calc_mat_mul_flops at 0x0000028ABEB5DF80>) in statistical functions.
[2026-02-15 21:27:39,661] tensorflow - Level 1 - Registering BatchMatMulV3,flops (<function _calc_batch_mat_mul_flops at 0x0000028ABEB5E020>) in statistical functions.
[2026-02-15 21:27:39,661] tensorflow - Level 1 - Registering BatchMatMulV2,flops (<function _calc_batch_mat_mul_flops at 0x0000028ABEB5E020>) in statistical functions.
[2026-02-15 21:27:39,662] tensorflow - Level 1 - Registering BatchMatMul,flops (<function _calc_batch_mat_mul_flops at 0x0000028ABEB5E020>) in statistical functions.
[2026-02-15 21:27:40,496] tensorflow - Level 1 - Enabling eager execution
[2026-02-15 21:27:40,497] tensorflow - Level 1 - Enabling v2 tensorshape
[2026-02-15 21:27:40,497] tensorflow - Level 1 - Enabling resource variables
[2026-02-15 21:27:40,497] tensorflow - Level 1 - Enabling tensor equality
[2026-02-15 21:27:40,497] tensorflow - Level 1 - Enabling control flow v2
[2026-02-15 21:27:41,588] matplotlib - DEBUG - matplotlib data path: C:\Users\BS\anaconda3\Lib\site-packages\matplotlib\mpl-data
[2026-02-15 21:27:41,598] matplotlib - DEBUG - CONFIGDIR=C:\Users\BS\.matplotlib
[2026-02-15 21:27:41,601] matplotlib - DEBUG - interactive is False
[2026-02-15 21:27:41,601] matplotlib - DEBUG - platform is win32
[2026-02-15 21:27:41,725] matplotlib - DEBUG - CACHEDIR=C:\Users\BS\.matplotlib
[2026-02-15 21:27:41,729] matplotlib.font_manager - DEBUG - Using fontManager instance from C:\Users\BS\.matplotlib\fontlist-v390.json
[2026-02-15 21:27:49,085] tensorflow - WARNING - From C:\Users\BS\anaconda3\Lib\site-packages\tf_keras\src\losses.py:2976: The name tf.losses.sparse_softmax_cross_entropy is deprecated. Please use tf.compat.v1.losses.sparse_softmax_cross_entropy instead.

