[2026-02-23 23:41:05,369] book_recommender - INFO - Logging initialized successfully
[2026-02-23 23:41:05,369] book_recommender - INFO - ******************** Data Ingestion log started.********************
[2026-02-23 23:41:05,369] root - INFO - Data Ingestion Config: DatasetConfig(artifacts_dir='artifacts', dataset_dir='artifacts\\dataset', raw_data_dir='artifacts\\dataset\\raw_data', ingested_data_dir='artifacts\\dataset\\ingested_data', support_ratings_dir='artifacts\\dataset\\raw_data\\Support Ratings', Amazon_data_dir='artifacts\\dataset\\raw_data\\Amazon', download_data_dir='artifacts\\dataset\\raw_data\\download_data', Openlibrary_data_dir='artifacts\\dataset\\raw_data\\Openlibrary', Amazon_books_data='artifacts\\dataset\\raw_data\\Amazon\\books_data.csv', Amazon_books_rating='artifacts\\dataset\\raw_data\\Amazon\\books_rating.csv', Openlibrary_books='artifacts\\dataset\\raw_data\\Openlibrary\\openlibrary_books.csv', Current_books='artifacts\\dataset\\ingested_data\\current_books.csv', Current_reviews='artifacts\\dataset\\ingested_data\\current_reviews.csv')
[2026-02-23 23:41:05,369] root - INFO - Data Ingestion Config: DatasetConfig(artifacts_dir='artifacts', dataset_dir='artifacts\\dataset', raw_data_dir='artifacts\\dataset\\raw_data', ingested_data_dir='artifacts\\dataset\\ingested_data', support_ratings_dir='artifacts\\dataset\\raw_data\\Support Ratings', Amazon_data_dir='artifacts\\dataset\\raw_data\\Amazon', download_data_dir='artifacts\\dataset\\raw_data\\download_data', Openlibrary_data_dir='artifacts\\dataset\\raw_data\\Openlibrary', Amazon_books_data='artifacts\\dataset\\raw_data\\Amazon\\books_data.csv', Amazon_books_rating='artifacts\\dataset\\raw_data\\Amazon\\books_rating.csv', Openlibrary_books='artifacts\\dataset\\raw_data\\Openlibrary\\openlibrary_books.csv', Current_books='artifacts\\dataset\\ingested_data\\current_books.csv', Current_reviews='artifacts\\dataset\\ingested_data\\current_reviews.csv')
[2026-02-23 23:41:05,369] root - INFO - Data Ingestion Config: DatasetConfig(artifacts_dir='artifacts', dataset_dir='artifacts\\dataset', raw_data_dir='artifacts\\dataset\\raw_data', ingested_data_dir='artifacts\\dataset\\ingested_data', support_ratings_dir='artifacts\\dataset\\raw_data\\Support Ratings', Amazon_data_dir='artifacts\\dataset\\raw_data\\Amazon', download_data_dir='artifacts\\dataset\\raw_data\\download_data', Openlibrary_data_dir='artifacts\\dataset\\raw_data\\Openlibrary', Amazon_books_data='artifacts\\dataset\\raw_data\\Amazon\\books_data.csv', Amazon_books_rating='artifacts\\dataset\\raw_data\\Amazon\\books_rating.csv', Openlibrary_books='artifacts\\dataset\\raw_data\\Openlibrary\\openlibrary_books.csv', Current_books='artifacts\\dataset\\ingested_data\\current_books.csv', Current_reviews='artifacts\\dataset\\ingested_data\\current_reviews.csv')
[2026-02-23 23:41:05,369] book_recommender - INFO - Dataset already exists. Skipping download.
[2026-02-23 23:41:34,977] book_recommender - INFO - Amazon books are ready for merging
[2026-02-23 23:41:38,631] book_recommender - INFO - ******************** Data Validation log started.********************
[2026-02-23 23:41:38,631] root - INFO - Data Validation Config: DataValidationConfig(clean_data_dir='artifacts\\dataset\\clean_data', current_books_csv='artifacts\\dataset\\ingested_data\\current_books.csv', current_reviews_csv='artifacts\\dataset\\ingested_data\\current_reviews.csv', serialized_objects_dir='artifacts\\serialized_objects')
[2026-02-23 23:41:38,631] root - INFO - Data Transformation Config: DataTransformationConfig(current_books_csv='artifacts\\dataset\\clean_data\\current_books_cleaned.csv', current_reviews_csv='artifacts\\dataset\\clean_data\\current_reviews_cleaned.csv', transformed_data_dir='artifacts\\dataset\\transformed_data', vectorstores_dir='artifacts\\vectorstores', chroma_dir='artifacts\\vectorstores\\chroma_db', train_data_csv='artifacts\\dataset\\transformed_data\\train_data.csv', test_data_csv='artifacts\\dataset\\transformed_data\\test_data.csv')
[2026-02-23 23:41:38,631] root - INFO - Data Validation Config: DataValidationConfig(clean_data_dir='artifacts\\dataset\\clean_data', current_books_csv='artifacts\\dataset\\ingested_data\\current_books.csv', current_reviews_csv='artifacts\\dataset\\ingested_data\\current_reviews.csv', serialized_objects_dir='artifacts\\serialized_objects')
[2026-02-23 23:41:38,631] root - INFO - Model Trainer Config: ModelTrainerConfig(trained_model_dir='artifacts\\trained_model', trained_model_name='lightgcn_model', train_csv_file='artifacts\\dataset\\transformed_data\\train_data.csv', test_csv_file='artifacts\\dataset\\transformed_data\\test_data.csv')
[2026-02-23 23:41:38,631] root - INFO - Data Validation Config: DataValidationConfig(clean_data_dir='artifacts\\dataset\\clean_data', current_books_csv='artifacts\\dataset\\ingested_data\\current_books.csv', current_reviews_csv='artifacts\\dataset\\ingested_data\\current_reviews.csv', serialized_objects_dir='artifacts\\serialized_objects')
[2026-02-23 23:41:41,823] book_recommender - INFO - ====================Data Ingestion log completed.==================== 


[2026-02-23 23:41:41,823] book_recommender - INFO - ====================Data Validation log started.==================== 
[2026-02-23 23:41:43,763] book_recommender - INFO -  Shape of ratings data file: (18516, 8)
[2026-02-23 23:41:43,763] book_recommender - INFO -  Shape of books data file: (737020, 4)
[2026-02-23 23:41:44,125] book_recommender - INFO - Current books           ISBN  ...                                              Image
1   0826414346  ...  http://books.google.com/books/content?id=IjvHQ...
3   0595344550  ...  http://books.google.com/books/content?id=aRSIg...
5   0802841899  ...  http://books.google.com/books/content?id=kVqRa...
8   0895554224  ...  http://books.google.com/books/content?id=lmLqA...
10  0854968350  ...  http://books.google.com/books/content?id=o7izA...

[5 rows x 8 columns]
[2026-02-23 23:41:44,125] book_recommender - INFO - ****************************************
[2026-02-23 23:41:44,133] book_recommender - INFO - Current reviews          ISBN         User_id  rating                                             review
0  0826414346  A30TK6U7DNS82R     5.0  I don't care much for Dr. Seuss but after read...
1  0826414346  A3UH4UZ4RSVO82     5.0  If people become the books they read and if "t...
2  0826414346  A2MVUWT453QH61     4.0  Theodore Seuss Geisel (1904-1991), aka &quot;D...
3  0826414346  A22X4XUPKF66MR     4.0  Philip Nel - Dr. Seuss: American IconThis is b...
4  0826414346  A2F6NONFUDB6UK     4.0  "Dr. Seuss: American Icon" by Philip Nel is a ...
[2026-02-23 23:41:46,551] book_recommender - INFO - Saved cleaned data to artifacts\dataset\clean_data
[2026-02-23 23:41:46,567] book_recommender - INFO - ====================Data Validation log completed.==================== 


[2026-02-23 23:41:46,567] book_recommender - INFO - ====================Data Transformation log started.==================== 
[2026-02-23 23:41:46,567] book_recommender - INFO - ====================Transforming data.====================


[2026-02-23 23:41:48,091] book_recommender - INFO - ====================Making most popular books list.====================
[2026-02-23 23:41:48,105] book_recommender - INFO - Most popular books :             ISBN  ... rating
0     B000L3AP9C  ...    4.6
1     B000NW7OEA  ...    4.6
2     0007140029  ...    4.6
3     B000NWU3I4  ...    4.6
4     0764229893  ...    4.5
...          ...  ...    ...
5874  B000O2VAPI  ...    2.9
5875  0786280670  ...    2.9
5876  B000PKPEWY  ...    2.8
5877  B000KIT9U4  ...    2.7
5878  B000O2LX3W  ...    2.7

[5879 rows x 9 columns]
[2026-02-23 23:41:48,121] book_recommender - INFO - Save most popular book : artifacts\serialized_objects
[2026-02-23 23:41:48,121] book_recommender - INFO - ====================Making pivot table====================
[2026-02-23 23:42:02,599] book_recommender - INFO -  Shape of book pivot table: (67739, 5928)
[2026-02-23 23:42:35,640] book_recommender - INFO - Saved pivot table sparse data to artifacts\dataset\transformed_data
[2026-02-23 23:42:35,670] book_recommender - INFO - Saved book_ISBNs serialization object to artifacts\serialized_objects
[2026-02-23 23:43:46,555] book_recommender - INFO - Saved book_pivot serialization object to artifacts\serialized_objects
[2026-02-23 23:43:47,802] sentence_transformers.SentenceTransformer - INFO - Use pytorch device_name: cpu
[2026-02-23 23:43:47,802] sentence_transformers.SentenceTransformer - INFO - Load pretrained SentenceTransformer: sentence-transformers/all-MiniLM-L6-v2
[2026-02-23 23:43:47,887] urllib3.connectionpool - DEBUG - Starting new HTTPS connection (1): huggingface.co:443
[2026-02-23 23:43:50,445] urllib3.connectionpool - DEBUG - https://huggingface.co:443 "HEAD /sentence-transformers/all-MiniLM-L6-v2/resolve/main/modules.json HTTP/1.1" 307 0
[2026-02-23 23:43:50,866] urllib3.connectionpool - DEBUG - https://huggingface.co:443 "HEAD /api/resolve-cache/models/sentence-transformers/all-MiniLM-L6-v2/c9745ed1d9f207416be6d2e6f8de32d1f16199bf/modules.json HTTP/1.1" 200 0
[2026-02-23 23:43:56,288] urllib3.connectionpool - DEBUG - https://huggingface.co:443 "HEAD /sentence-transformers/all-MiniLM-L6-v2/resolve/main/config_sentence_transformers.json HTTP/1.1" 307 0
[2026-02-23 23:43:56,600] urllib3.connectionpool - DEBUG - https://huggingface.co:443 "HEAD /api/resolve-cache/models/sentence-transformers/all-MiniLM-L6-v2/c9745ed1d9f207416be6d2e6f8de32d1f16199bf/config_sentence_transformers.json HTTP/1.1" 200 0
[2026-02-23 23:43:57,086] urllib3.connectionpool - DEBUG - https://huggingface.co:443 "HEAD /sentence-transformers/all-MiniLM-L6-v2/resolve/main/config_sentence_transformers.json HTTP/1.1" 307 0
[2026-02-23 23:43:57,395] urllib3.connectionpool - DEBUG - https://huggingface.co:443 "HEAD /api/resolve-cache/models/sentence-transformers/all-MiniLM-L6-v2/c9745ed1d9f207416be6d2e6f8de32d1f16199bf/config_sentence_transformers.json HTTP/1.1" 200 0
[2026-02-23 23:43:57,895] urllib3.connectionpool - DEBUG - https://huggingface.co:443 "HEAD /sentence-transformers/all-MiniLM-L6-v2/resolve/main/README.md HTTP/1.1" 307 0
[2026-02-23 23:43:58,595] urllib3.connectionpool - DEBUG - https://huggingface.co:443 "HEAD /api/resolve-cache/models/sentence-transformers/all-MiniLM-L6-v2/c9745ed1d9f207416be6d2e6f8de32d1f16199bf/README.md HTTP/1.1" 200 0
[2026-02-23 23:43:59,089] urllib3.connectionpool - DEBUG - https://huggingface.co:443 "HEAD /sentence-transformers/all-MiniLM-L6-v2/resolve/main/modules.json HTTP/1.1" 307 0
[2026-02-23 23:43:59,401] urllib3.connectionpool - DEBUG - https://huggingface.co:443 "HEAD /api/resolve-cache/models/sentence-transformers/all-MiniLM-L6-v2/c9745ed1d9f207416be6d2e6f8de32d1f16199bf/modules.json HTTP/1.1" 200 0
[2026-02-23 23:43:59,890] urllib3.connectionpool - DEBUG - https://huggingface.co:443 "HEAD /sentence-transformers/all-MiniLM-L6-v2/resolve/main/sentence_bert_config.json HTTP/1.1" 307 0
[2026-02-23 23:44:00,202] urllib3.connectionpool - DEBUG - https://huggingface.co:443 "HEAD /api/resolve-cache/models/sentence-transformers/all-MiniLM-L6-v2/c9745ed1d9f207416be6d2e6f8de32d1f16199bf/sentence_bert_config.json HTTP/1.1" 200 0
[2026-02-23 23:44:00,773] urllib3.connectionpool - DEBUG - https://huggingface.co:443 "HEAD /sentence-transformers/all-MiniLM-L6-v2/resolve/main/adapter_config.json HTTP/1.1" 404 0
[2026-02-23 23:44:02,233] urllib3.connectionpool - DEBUG - https://huggingface.co:443 "HEAD /sentence-transformers/all-MiniLM-L6-v2/resolve/main/config.json HTTP/1.1" 307 0
[2026-02-23 23:44:02,544] urllib3.connectionpool - DEBUG - https://huggingface.co:443 "HEAD /api/resolve-cache/models/sentence-transformers/all-MiniLM-L6-v2/c9745ed1d9f207416be6d2e6f8de32d1f16199bf/config.json HTTP/1.1" 200 0
[2026-02-23 23:44:03,623] urllib3.connectionpool - DEBUG - https://huggingface.co:443 "HEAD /sentence-transformers/all-MiniLM-L6-v2/resolve/main/tokenizer_config.json HTTP/1.1" 307 0
[2026-02-23 23:44:03,931] urllib3.connectionpool - DEBUG - https://huggingface.co:443 "HEAD /api/resolve-cache/models/sentence-transformers/all-MiniLM-L6-v2/c9745ed1d9f207416be6d2e6f8de32d1f16199bf/tokenizer_config.json HTTP/1.1" 200 0
[2026-02-23 23:44:04,444] urllib3.connectionpool - DEBUG - https://huggingface.co:443 "GET /api/models/sentence-transformers/all-MiniLM-L6-v2/tree/main/additional_chat_templates?recursive=False&expand=False HTTP/1.1" 404 64
[2026-02-23 23:44:05,253] urllib3.connectionpool - DEBUG - https://huggingface.co:443 "GET /api/models/sentence-transformers/all-MiniLM-L6-v2/tree/main?recursive=True&expand=False HTTP/1.1" 200 6465
[2026-02-23 23:44:05,851] urllib3.connectionpool - DEBUG - https://huggingface.co:443 "HEAD /sentence-transformers/all-MiniLM-L6-v2/resolve/main/1_Pooling/config.json HTTP/1.1" 307 0
[2026-02-23 23:44:06,162] urllib3.connectionpool - DEBUG - https://huggingface.co:443 "HEAD /api/resolve-cache/models/sentence-transformers/all-MiniLM-L6-v2/c9745ed1d9f207416be6d2e6f8de32d1f16199bf/1_Pooling%2Fconfig.json HTTP/1.1" 200 0
[2026-02-23 23:44:06,679] urllib3.connectionpool - DEBUG - https://huggingface.co:443 "GET /api/models/sentence-transformers/all-MiniLM-L6-v2 HTTP/1.1" 200 6921
[2026-02-23 23:44:06,949] chromadb.telemetry.product.posthog - INFO - Anonymized telemetry enabled. See                     https://docs.trychroma.com/telemetry for more information.
[2026-02-23 23:44:07,078] chromadb.config - DEBUG - Starting component System
[2026-02-23 23:44:07,078] chromadb.config - DEBUG - Starting component Posthog
[2026-02-23 23:44:07,842] urllib3.connectionpool - DEBUG - Starting new HTTPS connection (1): us.i.posthog.com:443
[2026-02-23 23:44:11,692] urllib3.connectionpool - DEBUG - https://us.i.posthog.com:443 "POST /batch/ HTTP/1.1" 200 15
[2026-02-23 23:46:49,882] book_recommender - INFO - Start splitting data.

[2026-02-23 23:47:05,194] book_recommender - INFO - ====================Data Transformation log completed.==================== 


[2026-02-23 23:47:05,194] book_recommender - INFO - ====================Model Trainer log started.==================== 
[2026-02-23 23:47:20,796] git.cmd - DEBUG - Popen(['git', 'version'], cwd=C:\Users\BS\OneDrive\Desktop\Book Recommender System, stdin=None, shell=False, universal_newlines=False)
[2026-02-23 23:47:20,850] git.cmd - DEBUG - Popen(['git', 'version'], cwd=C:\Users\BS\OneDrive\Desktop\Book Recommender System, stdin=None, shell=False, universal_newlines=False)
[2026-02-23 23:47:20,891] git.util - DEBUG - sys.platform='win32', git_executable='git'
[2026-02-23 23:47:20,891] git.cmd - DEBUG - Popen(['git', 'check-ignore', 'C:\\Users\\BS\\OneDrive\\Desktop\\Book Recommender System'], cwd=C:\Users\BS\OneDrive\Desktop\Book Recommender System, stdin=None, shell=False, universal_newlines=False)
[2026-02-23 23:47:20,946] git.cmd - DEBUG - Popen(['git', 'cat-file', '--batch-check'], cwd=C:\Users\BS\OneDrive\Desktop\Book Recommender System, stdin=<valid stream>, shell=False, universal_newlines=False)
[2026-02-23 23:47:21,009] urllib3.connectionpool - DEBUG - Starting new HTTPS connection (1): config.mlflow-telemetry.io:443
[2026-02-23 23:47:21,633] book_recommender - INFO - Filtered test set: 134987 -> 134987 pairs (removed 0 invalid pairs)
[2026-02-23 23:47:21,633] book_recommender - INFO - Train shape:" (536392, 3) , columns:" ['itemID', 'userID', 'rating']
[2026-02-23 23:47:21,643] book_recommender - INFO - Train head:
"       itemID                 userID  rating
0  B000NWU3I4  A00540411RKGTDNU543WS     5.0
1  B000JD9SC4  A00540411RKGTDNU543WS     5.0
2  8483101351  A00540411RKGTDNU543WS     5.0
3  0596005733  A00540411RKGTDNU543WS     3.0
4  1930624271  A00540411RKGTDNU543WS     3.0
[2026-02-23 23:47:21,643] book_recommender - INFO - 
Test shape:" (134987, 3), "| columns:" ['itemID', 'userID', 'rating']
[2026-02-23 23:47:22,769] urllib3.connectionpool - DEBUG - https://config.mlflow-telemetry.io:443 "GET /3.8.1.json HTTP/1.1" 200 306
[2026-02-23 23:47:23,979] urllib3.connectionpool - DEBUG - Starting new HTTPS connection (1): api.mlflow-telemetry.io:443
[2026-02-23 23:47:56,453] tensorflow - WARNING - From C:\Users\BS\OneDrive\Desktop\Book Recommender System\src\steps\stage_03_model_trainer\recommenders_microsoft\recommenders\models\deeprec\models\graphrec\lightgcn.py:110: The name tf.train.AdamOptimizer is deprecated. Please use tf.compat.v1.train.AdamOptimizer instead.

[2026-02-23 23:47:57,047] book_recommender - INFO - ==================== Model Start Training. ====================
[2026-02-23 23:48:05,515] urllib3.connectionpool - DEBUG - Starting new HTTPS connection (1): api.mlflow-telemetry.io:443
[2026-02-23 23:48:07,080] urllib3.connectionpool - DEBUG - https://api.mlflow-telemetry.io:443 "POST /log HTTP/1.1" 200 30
[2026-02-23 23:53:02,070] tensorflow - WARNING - From C:\Users\BS\anaconda3\Lib\site-packages\tensorflow\python\training\saver.py:1068: remove_checkpoint (from tensorflow.python.checkpoint.checkpoint_management) is deprecated and will be removed in a future version.
Instructions for updating:
Use standard file APIs to delete files with this prefix.
[2026-02-24 00:59:14,651] book_recommender - INFO - None
[2026-02-24 00:59:35,183] book_recommender - INFO - Saving final model to artifacts\trained_model\lightgcn_model
[2026-02-24 00:59:36,147] urllib3.connectionpool - DEBUG - Starting new HTTPS connection (1): api.mlflow-telemetry.io:443
[2026-02-24 00:59:45,138] book_recommender - INFO - Saving model metadata to artifacts\trained_model\model_metadata.pkl
[2026-02-24 00:59:45,344] book_recommender - INFO - ====================Model Trainer log completed.==================== 


