[2026-02-15 20:27:36,559] pydot - DEBUG - pydot initializing
[2026-02-15 20:27:36,559] pydot - DEBUG - pydot 4.0.1
[2026-02-15 20:27:36,565] pydot.core - DEBUG - pydot core module initializing
[2026-02-15 20:27:58,257] tensorflow - Level 1 - Registering Relayout (<function _relayout_gradient at 0x0000024E567B1E40>) in gradient.
[2026-02-15 20:27:58,261] tensorflow - Level 1 - Registering RelayoutLike (<function _relayout_grad_gradient at 0x0000024E567B1F80>) in gradient.
[2026-02-15 20:27:58,261] tensorflow - Level 1 - Registering CopyToMesh (<function _copy_to_mesh_gradient at 0x0000024E567B2660>) in gradient.
[2026-02-15 20:27:58,262] tensorflow - Level 1 - Registering CopyToMeshGrad (<function _copy_to_mesh_grad_gradient at 0x0000024E567B25C0>) in gradient.
[2026-02-15 20:27:58,291] tensorflow - Level 1 - Registering FakeQuantWithMinMaxArgs (<function _FakeQuantWithMinMaxArgsGradient at 0x0000024E5685E700>) in gradient.
[2026-02-15 20:27:58,293] tensorflow - Level 1 - Registering FakeQuantWithMinMaxVars (<function _FakeQuantWithMinMaxVarsGradient at 0x0000024E5685E8E0>) in gradient.
[2026-02-15 20:27:58,293] tensorflow - Level 1 - Registering FakeQuantWithMinMaxVarsPerChannel (<function _FakeQuantWithMinMaxVarsPerChannelGradient at 0x0000024E5685EE80>) in gradient.
[2026-02-15 20:27:58,293] tensorflow - Level 1 - Registering QuantizeAndDequantizeV4 (<function _QuantizeAndDequantizeV4Grad at 0x0000024E5685EF20>) in gradient.
[2026-02-15 20:27:58,293] tensorflow - Level 1 - Registering QuantizeAndDequantizeV4Grad (<function _QuantizeAndDequantizeV4GradGrad at 0x0000024E5685EFC0>) in gradient.
[2026-02-15 20:27:58,383] tensorflow - Level 1 - Registering TensorListConcatLists (None) in gradient.
[2026-02-15 20:27:58,388] tensorflow - Level 1 - Registering TensorListElementShape (None) in gradient.
[2026-02-15 20:27:58,388] tensorflow - Level 1 - Registering TensorListLength (None) in gradient.
[2026-02-15 20:27:58,389] tensorflow - Level 1 - Registering TensorListPushBackBatch (None) in gradient.
[2026-02-15 20:27:58,389] tensorflow - Level 1 - Registering TensorListPushBack (<function _PushBackGrad at 0x0000024E56A27880>) in gradient.
[2026-02-15 20:27:58,389] tensorflow - Level 1 - Registering TensorListPopBack (<function _PopBackGrad at 0x0000024E56A27920>) in gradient.
[2026-02-15 20:27:58,390] tensorflow - Level 1 - Registering TensorListStack (<function _TensorListStackGrad at 0x0000024E56A279C0>) in gradient.
[2026-02-15 20:27:58,392] tensorflow - Level 1 - Registering TensorListConcatV2 (<function _TensorListConcatGrad at 0x0000024E56A27A60>) in gradient.
[2026-02-15 20:27:58,392] tensorflow - Level 1 - Registering TensorListConcat (<function _TensorListConcatGrad at 0x0000024E56A27A60>) in gradient.
[2026-02-15 20:27:58,393] tensorflow - Level 1 - Registering TensorListSplit (<function _TensorListSplitGrad at 0x0000024E56A27B00>) in gradient.
[2026-02-15 20:27:58,394] tensorflow - Level 1 - Registering TensorListFromTensor (<function _TensorListFromTensorGrad at 0x0000024E56A27BA0>) in gradient.
[2026-02-15 20:27:58,395] tensorflow - Level 1 - Registering TensorListGetItem (<function _TensorListGetItemGrad at 0x0000024E56A27C40>) in gradient.
[2026-02-15 20:27:58,395] tensorflow - Level 1 - Registering TensorListSetItem (<function _TensorListSetItemGrad at 0x0000024E56A27CE0>) in gradient.
[2026-02-15 20:27:58,396] tensorflow - Level 1 - Registering TensorListResize (<function _TensorListResizeGrad at 0x0000024E56A27D80>) in gradient.
[2026-02-15 20:27:58,397] tensorflow - Level 1 - Registering TensorListGather (<function _TensorListGatherGrad at 0x0000024E56A27E20>) in gradient.
[2026-02-15 20:27:58,398] tensorflow - Level 1 - Registering TensorListScatterV2 (<function _TensorListScatterGrad at 0x0000024E56A27EC0>) in gradient.
[2026-02-15 20:27:58,399] tensorflow - Level 1 - Registering TensorListScatter (<function _TensorListScatterGrad at 0x0000024E56A27EC0>) in gradient.
[2026-02-15 20:27:58,399] tensorflow - Level 1 - Registering TensorListScatterIntoExistingList (<function _TensorListScatterIntoExistingListGrad at 0x0000024E56A27F60>) in gradient.
[2026-02-15 20:27:58,536] tensorflow - Level 1 - Registering AccumulateNV2 (<function _accumulate_n_grad at 0x0000024E56BD91C0>) in gradient.
[2026-02-15 20:27:59,044] tensorflow - Level 1 - Registering cond_context ((<class 'tensorflow.core.protobuf.control_flow_pb2.CondContextDef'>, <function CondContext.to_proto at 0x0000024E56CE40E0>, <function CondContext.from_proto at 0x0000024E56CE4180>)) in proto functions.
[2026-02-15 20:27:59,047] tensorflow - Level 1 - Registering while_context ((<class 'tensorflow.core.protobuf.control_flow_pb2.WhileContextDef'>, <function WhileContext.to_proto at 0x0000024E56CE4F40>, <function WhileContext.from_proto at 0x0000024E56CE5080>)) in proto functions.
[2026-02-15 20:27:59,049] tensorflow - Level 1 - Registering _identity_resolver (<function _identity_resolver at 0x0000024E56CE6F20>) in acd_resource_resolvers.
[2026-02-15 20:27:59,176] tensorflow - Level 1 - Registering Assign (None) in gradient.
[2026-02-15 20:27:59,179] tensorflow - Level 1 - Registering AssignAdd (None) in gradient.
[2026-02-15 20:27:59,181] tensorflow - Level 1 - Registering AssignSub (None) in gradient.
[2026-02-15 20:27:59,181] tensorflow - Level 1 - Registering ScatterAdd (None) in gradient.
[2026-02-15 20:27:59,182] tensorflow - Level 1 - Registering ScatterSub (None) in gradient.
[2026-02-15 20:27:59,182] tensorflow - Level 1 - Registering ScatterMul (None) in gradient.
[2026-02-15 20:27:59,183] tensorflow - Level 1 - Registering ScatterDiv (None) in gradient.
[2026-02-15 20:27:59,183] tensorflow - Level 1 - Registering ScatterNdUpdate (None) in gradient.
[2026-02-15 20:27:59,184] tensorflow - Level 1 - Registering ScatterNdAdd (None) in gradient.
[2026-02-15 20:27:59,184] tensorflow - Level 1 - Registering ScatterNdSub (None) in gradient.
[2026-02-15 20:27:59,184] tensorflow - Level 1 - Registering ScatterNdMul (None) in gradient.
[2026-02-15 20:27:59,185] tensorflow - Level 1 - Registering ScatterNdDiv (None) in gradient.
[2026-02-15 20:27:59,217] tensorflow - Level 1 - Registering ReadVariableOp (<function _ReadGrad at 0x0000024E56E66DE0>) in gradient.
[2026-02-15 20:27:59,219] tensorflow - Level 1 - Registering ResourceGather (<function _GatherGrad at 0x0000024E56E67E20>) in gradient.
[2026-02-15 20:27:59,219] tensorflow - Level 1 - Registering Assert (None) in gradient.
[2026-02-15 20:27:59,219] tensorflow - Level 1 - Registering VarIsInitializedOp (None) in gradient.
[2026-02-15 20:27:59,220] tensorflow - Level 1 - Registering VariableShape (None) in gradient.
[2026-02-15 20:27:59,306] tensorflow - Level 1 - Registering RandomStandardNormal (None) in gradient.
[2026-02-15 20:27:59,313] tensorflow - Level 1 - Registering ParameterizedTruncatedNormal (None) in gradient.
[2026-02-15 20:27:59,313] tensorflow - Level 1 - Registering TruncatedNormal (None) in gradient.
[2026-02-15 20:27:59,316] tensorflow - Level 1 - Registering RandomUniform (None) in gradient.
[2026-02-15 20:27:59,317] tensorflow - Level 1 - Registering RandomShuffle (None) in gradient.
[2026-02-15 20:27:59,320] tensorflow - Level 1 - Registering Multinomial (None) in gradient.
[2026-02-15 20:27:59,463] tensorflow - Level 1 - Registering If (<function _IfGrad at 0x0000024E5704B600>) in gradient.
[2026-02-15 20:27:59,467] tensorflow - Level 1 - Registering StatelessIf (<function _IfGrad at 0x0000024E5704B600>) in gradient.
[2026-02-15 20:27:59,467] tensorflow - Level 1 - Registering StatelessCase (<function _CaseGrad at 0x0000024E5706CD60>) in gradient.
[2026-02-15 20:27:59,468] tensorflow - Level 1 - Registering Case (<function _CaseGrad at 0x0000024E5706CD60>) in gradient.
[2026-02-15 20:27:59,518] tensorflow - Level 1 - Registering While (<function _WhileGrad at 0x0000024E570CB600>) in gradient.
[2026-02-15 20:27:59,523] tensorflow - Level 1 - Registering StatelessWhile (<function _WhileGrad at 0x0000024E570CB600>) in gradient.
[2026-02-15 20:27:59,912] tensorflow - Level 1 - Registering EnsureShape (<function _ensure_shape_grad at 0x0000024E5732ADE0>) in gradient.
[2026-02-15 20:27:59,953] tensorflow - Level 1 - Registering RaggedTensorToSparse (<function _ragged_tensor_to_sparse_gradient at 0x0000024E573A6DE0>) in gradient.
[2026-02-15 20:28:00,030] tensorflow - Level 1 - Registering Conv2DBackpropInput (<function _Conv2DBackpropInputGrad at 0x0000024E57413240>) in gradient.
[2026-02-15 20:28:00,033] tensorflow - Level 1 - Registering Conv2DBackpropFilter (<function _Conv2DBackpropFilterGrad at 0x0000024E57413880>) in gradient.
[2026-02-15 20:28:00,035] tensorflow - Level 1 - Registering DepthwiseConv2dNativeBackpropInput (<function _DepthwiseConv2dNativeBackpropInputGrad at 0x0000024E5745C040>) in gradient.
[2026-02-15 20:28:00,036] tensorflow - Level 1 - Registering DepthwiseConv2dNativeBackpropFilter (<function _DepthwiseConv2dNativeBackpropFilterGrad at 0x0000024E5745C680>) in gradient.
[2026-02-15 20:28:00,037] tensorflow - Level 1 - Registering Conv3D (<function _Conv3DGrad at 0x0000024E5745C720>) in gradient.
[2026-02-15 20:28:00,039] tensorflow - Level 1 - Registering Conv3DBackpropInputV2 (<function _Conv3DBackpropInputGrad at 0x0000024E5745C7C0>) in gradient.
[2026-02-15 20:28:00,041] tensorflow - Level 1 - Registering Conv3DBackpropFilterV2 (<function _Conv3DBackpropFilterGrad at 0x0000024E5745C860>) in gradient.
[2026-02-15 20:28:00,042] tensorflow - Level 1 - Registering AvgPool3D (<function _AvgPool3DGrad at 0x0000024E5745C900>) in gradient.
[2026-02-15 20:28:00,043] tensorflow - Level 1 - Registering AvgPool3DGrad (<function _AvgPool3DGradGrad at 0x0000024E5745C9A0>) in gradient.
[2026-02-15 20:28:00,044] tensorflow - Level 1 - Registering MaxPool3D (<function _MaxPool3DGrad at 0x0000024E5745CA40>) in gradient.
[2026-02-15 20:28:00,046] tensorflow - Level 1 - Registering MaxPool3DGrad (<function _MaxPool3DGradGrad at 0x0000024E5745CAE0>) in gradient.
[2026-02-15 20:28:00,047] tensorflow - Level 1 - Registering MaxPool3DGradGrad (<function _MaxPool3DGradGradGrad at 0x0000024E5745CB80>) in gradient.
[2026-02-15 20:28:00,048] tensorflow - Level 1 - Registering Softmax (<function _SoftmaxGrad at 0x0000024E5745CC20>) in gradient.
[2026-02-15 20:28:00,049] tensorflow - Level 1 - Registering LogSoftmax (<function _LogSoftmaxGrad at 0x0000024E5745CCC0>) in gradient.
[2026-02-15 20:28:00,050] tensorflow - Level 1 - Registering BiasAdd (<function _BiasAddGrad at 0x0000024E5745CD60>) in gradient.
[2026-02-15 20:28:00,052] tensorflow - Level 1 - Registering BiasAddGrad (<function _BiasAddGradGrad at 0x0000024E5745CE00>) in gradient.
[2026-02-15 20:28:00,052] tensorflow - Level 1 - Registering BiasAddV1 (<function _BiasAddGradV1 at 0x0000024E5745CEA0>) in gradient.
[2026-02-15 20:28:00,052] tensorflow - Level 1 - Registering Relu (<function _ReluGrad at 0x0000024E5745CF40>) in gradient.
[2026-02-15 20:28:00,052] tensorflow - Level 1 - Registering EluGrad (<function _EluGradGrad at 0x0000024E5745CFE0>) in gradient.
[2026-02-15 20:28:00,052] tensorflow - Level 1 - Registering SeluGrad (<function _SeluGradGrad at 0x0000024E5745D080>) in gradient.
[2026-02-15 20:28:00,052] tensorflow - Level 1 - Registering Relu6 (<function _Relu6Grad at 0x0000024E5745D120>) in gradient.
[2026-02-15 20:28:00,052] tensorflow - Level 1 - Registering Relu6Grad (<function _Relu6GradGrad at 0x0000024E5745D1C0>) in gradient.
[2026-02-15 20:28:00,053] tensorflow - Level 1 - Registering LeakyRelu (<function _LeakyReluGrad at 0x0000024E5745D260>) in gradient.
[2026-02-15 20:28:00,053] tensorflow - Level 1 - Registering LeakyReluGrad (<function _LeakyReluGradGrad at 0x0000024E5745D300>) in gradient.
[2026-02-15 20:28:00,053] tensorflow - Level 1 - Registering Elu (<function _EluGrad at 0x0000024E5745D3A0>) in gradient.
[2026-02-15 20:28:00,053] tensorflow - Level 1 - Registering Selu (<function _SeluGrad at 0x0000024E5745D440>) in gradient.
[2026-02-15 20:28:00,053] tensorflow - Level 1 - Registering Softplus (<function _SoftplusGrad at 0x0000024E5745D4E0>) in gradient.
[2026-02-15 20:28:00,053] tensorflow - Level 1 - Registering SoftplusGrad (<function _SoftplusGradGrad at 0x0000024E5745D580>) in gradient.
[2026-02-15 20:28:00,053] tensorflow - Level 1 - Registering Softsign (<function _SoftsignGrad at 0x0000024E5745D620>) in gradient.
[2026-02-15 20:28:00,053] tensorflow - Level 1 - Registering ReluGrad (<function _ReluGradGrad at 0x0000024E5745D6C0>) in gradient.
[2026-02-15 20:28:00,053] tensorflow - Level 1 - Registering SoftmaxCrossEntropyWithLogits (<function _SoftmaxCrossEntropyWithLogitsGrad at 0x0000024E5745D800>) in gradient.
[2026-02-15 20:28:00,053] tensorflow - Level 1 - Registering SparseSoftmaxCrossEntropyWithLogits (<function _SparseSoftmaxCrossEntropyWithLogitsGrad at 0x0000024E5745D8A0>) in gradient.
[2026-02-15 20:28:00,054] tensorflow - Level 1 - Registering Conv2D (<function _Conv2DGrad at 0x0000024E5745D940>) in gradient.
[2026-02-15 20:28:00,054] tensorflow - Level 1 - Registering DepthwiseConv2dNative (<function _DepthwiseConv2dNativeGrad at 0x0000024E5745D9E0>) in gradient.
[2026-02-15 20:28:00,054] tensorflow - Level 1 - Registering Dilation2D (<function _Dilation2DGrad at 0x0000024E5745DA80>) in gradient.
[2026-02-15 20:28:00,054] tensorflow - Level 1 - Registering LRN (<function _LRNGrad at 0x0000024E5745DB20>) in gradient.
[2026-02-15 20:28:00,054] tensorflow - Level 1 - Registering AvgPool (<function _AvgPoolGrad at 0x0000024E5745DBC0>) in gradient.
[2026-02-15 20:28:00,055] tensorflow - Level 1 - Registering AvgPoolGrad (<function _AvgPoolGradGrad at 0x0000024E5745DC60>) in gradient.
[2026-02-15 20:28:00,055] tensorflow - Level 1 - Registering MaxPool (<function _MaxPoolGrad at 0x0000024E5745DD00>) in gradient.
[2026-02-15 20:28:00,055] tensorflow - Level 1 - Registering MaxPoolV2 (<function _MaxPoolGradV2 at 0x0000024E5745DDA0>) in gradient.
[2026-02-15 20:28:00,055] tensorflow - Level 1 - Registering MaxPoolWithArgmax (<function _MaxPoolGradWithArgmax at 0x0000024E5745DE40>) in gradient.
[2026-02-15 20:28:00,055] tensorflow - Level 1 - Registering MaxPoolGrad (<function _MaxPoolGradGrad at 0x0000024E5745DEE0>) in gradient.
[2026-02-15 20:28:00,055] tensorflow - Level 1 - Registering MaxPoolGradV2 (<function _MaxPoolGradGradV2 at 0x0000024E5745DF80>) in gradient.
[2026-02-15 20:28:00,056] tensorflow - Level 1 - Registering MaxPoolGradGrad (<function _MaxPoolGradGradGrad at 0x0000024E5745E020>) in gradient.
[2026-02-15 20:28:00,056] tensorflow - Level 1 - Registering FractionalMaxPool (<function _FractionalMaxPoolGrad at 0x0000024E5745E0C0>) in gradient.
[2026-02-15 20:28:00,056] tensorflow - Level 1 - Registering FractionalAvgPool (<function _FractionalAvgPoolGrad at 0x0000024E5745E160>) in gradient.
[2026-02-15 20:28:00,056] tensorflow - Level 1 - Registering BatchNormWithGlobalNormalization (<function _BatchNormWithGlobalNormalizationGrad at 0x0000024E5745E200>) in gradient.
[2026-02-15 20:28:00,056] tensorflow - Level 1 - Registering FusedBatchNorm (<function _FusedBatchNormGrad at 0x0000024E5745E340>) in gradient.
[2026-02-15 20:28:00,056] tensorflow - Level 1 - Registering FusedBatchNormV2 (<function _FusedBatchNormV2Grad at 0x0000024E5745E3E0>) in gradient.
[2026-02-15 20:28:00,056] tensorflow - Level 1 - Registering FusedBatchNormV3 (<function _FusedBatchNormV3Grad at 0x0000024E5745E480>) in gradient.
[2026-02-15 20:28:00,056] tensorflow - Level 1 - Registering L2Loss (<function _L2LossGrad at 0x0000024E5745E520>) in gradient.
[2026-02-15 20:28:00,057] tensorflow - Level 1 - Registering TopKV2 (<function _TopKGrad at 0x0000024E5745E5C0>) in gradient.
[2026-02-15 20:28:00,057] tensorflow - Level 1 - Registering TopK (<function _TopKGrad at 0x0000024E5745E5C0>) in gradient.
[2026-02-15 20:28:00,057] tensorflow - Level 1 - Registering ApproxTopK (<function _ApproxTopKGradient at 0x0000024E5745E660>) in gradient.
[2026-02-15 20:28:00,057] tensorflow - Level 1 - Registering NthElement (<function _NthElementGrad at 0x0000024E5745E700>) in gradient.
[2026-02-15 20:28:00,057] tensorflow - Level 1 - Registering IsotonicRegression (<function _IsotonicRegressionGrad at 0x0000024E5745E840>) in gradient.
[2026-02-15 20:28:00,090] tensorflow - Level 1 - Registering BitwiseAnd (None) in gradient.
[2026-02-15 20:28:00,093] tensorflow - Level 1 - Registering BitwiseOr (None) in gradient.
[2026-02-15 20:28:00,093] tensorflow - Level 1 - Registering BitwiseXor (None) in gradient.
[2026-02-15 20:28:00,093] tensorflow - Level 1 - Registering Invert (None) in gradient.
[2026-02-15 20:28:00,093] tensorflow - Level 1 - Registering PopulationCount (None) in gradient.
[2026-02-15 20:28:00,093] tensorflow - Level 1 - Registering LeftShift (None) in gradient.
[2026-02-15 20:28:00,093] tensorflow - Level 1 - Registering RightShift (None) in gradient.
[2026-02-15 20:28:00,095] tensorflow - Level 1 - Registering StatelessMultinomial (None) in gradient.
[2026-02-15 20:28:00,098] tensorflow - Level 1 - Registering StatelessRandomBinomial (None) in gradient.
[2026-02-15 20:28:00,099] tensorflow - Level 1 - Registering StatelessRandomNormal (None) in gradient.
[2026-02-15 20:28:00,099] tensorflow - Level 1 - Registering StatelessRandomPoisson (None) in gradient.
[2026-02-15 20:28:00,099] tensorflow - Level 1 - Registering StatelessRandomUniform (None) in gradient.
[2026-02-15 20:28:00,100] tensorflow - Level 1 - Registering StatelessRandomUniformInt (None) in gradient.
[2026-02-15 20:28:00,101] tensorflow - Level 1 - Registering StatelessRandomUniformFullInt (None) in gradient.
[2026-02-15 20:28:00,101] tensorflow - Level 1 - Registering StatelessTruncatedNormal (None) in gradient.
[2026-02-15 20:28:00,102] tensorflow - Level 1 - Registering StatelessRandomNormalV2 (None) in gradient.
[2026-02-15 20:28:00,102] tensorflow - Level 1 - Registering StatelessRandomUniformV2 (None) in gradient.
[2026-02-15 20:28:00,103] tensorflow - Level 1 - Registering StatelessRandomUniformIntV2 (None) in gradient.
[2026-02-15 20:28:00,103] tensorflow - Level 1 - Registering StatelessRandomUniformFullIntV2 (None) in gradient.
[2026-02-15 20:28:00,104] tensorflow - Level 1 - Registering StatelessTruncatedNormalV2 (None) in gradient.
[2026-02-15 20:28:00,104] tensorflow - Level 1 - Registering StatelessRandomShuffle (None) in gradient.
[2026-02-15 20:28:00,104] tensorflow - Level 1 - Registering RandomIndexShuffle (None) in gradient.
[2026-02-15 20:28:00,139] tensorflow - Level 1 - Registering Conv3D,flops (<function _calc_conv3d_flops at 0x0000024E5751CFE0>) in statistical functions.
[2026-02-15 20:28:00,143] tensorflow - Level 1 - Registering Conv2D,flops (<function _calc_conv_flops at 0x0000024E5751D1C0>) in statistical functions.
[2026-02-15 20:28:00,143] tensorflow - Level 1 - Registering DepthwiseConv2dNative,flops (<function _calc_depthwise_conv_flops at 0x0000024E5751D760>) in statistical functions.
[2026-02-15 20:28:00,143] tensorflow - Level 1 - Registering BiasAdd,flops (<function _calc_bias_add_flops at 0x0000024E5751D800>) in statistical functions.
[2026-02-15 20:28:00,152] tensorflow - Level 1 - Registering Dilation2D,flops (<function _calc_dilation2d_flops at 0x0000024E5751F2E0>) in statistical functions.
[2026-02-15 20:28:00,186] tensorflow - Level 1 - Registering CompositeTensorVariantFromComponents (<function _composite_tensor_to_variants_grad at 0x0000024E575FC360>) in gradient.
[2026-02-15 20:28:00,188] tensorflow - Level 1 - Registering CompositeTensorVariantToComponents (<function _composite_tensor_from_variant_grad at 0x0000024E575FC400>) in gradient.
[2026-02-15 20:28:00,226] tensorflow - Level 1 - Registering RaggedRange (None) in gradient.
[2026-02-15 20:28:00,248] tensorflow - Level 1 - Registering RaggedFillEmptyRows (<function _ragged_fill_empty_rows_grad at 0x0000024E57655260>) in gradient.
[2026-02-15 20:28:00,271] tensorflow - Level 1 - Registering RaggedGather (<function _ragged_gather_grad at 0x0000024E57657100>) in gradient.
[2026-02-15 20:28:00,293] tensorflow - Level 1 - Registering RegexReplace (None) in gradient.
[2026-02-15 20:28:00,295] tensorflow - Level 1 - Registering StringToHashBucket (None) in gradient.
[2026-02-15 20:28:00,295] tensorflow - Level 1 - Registering StringToHashBucketFast (None) in gradient.
[2026-02-15 20:28:00,295] tensorflow - Level 1 - Registering StringToHashBucketStrong (None) in gradient.
[2026-02-15 20:28:00,296] tensorflow - Level 1 - Registering ReduceJoin (None) in gradient.
[2026-02-15 20:28:00,296] tensorflow - Level 1 - Registering StringJoin (None) in gradient.
[2026-02-15 20:28:00,296] tensorflow - Level 1 - Registering StringSplit (None) in gradient.
[2026-02-15 20:28:00,296] tensorflow - Level 1 - Registering AsString (None) in gradient.
[2026-02-15 20:28:00,296] tensorflow - Level 1 - Registering EncodeBase64 (None) in gradient.
[2026-02-15 20:28:00,296] tensorflow - Level 1 - Registering DecodeBase64 (None) in gradient.
[2026-02-15 20:28:00,300] tensorflow - Level 1 - Registering Print (<function _PrintGrad at 0x0000024E57691DA0>) in gradient.
[2026-02-15 20:28:00,304] tensorflow - Level 1 - Registering HistogramSummary (None) in gradient.
[2026-02-15 20:28:00,304] tensorflow - Level 1 - Registering ImageSummary (None) in gradient.
[2026-02-15 20:28:00,304] tensorflow - Level 1 - Registering AudioSummary (None) in gradient.
[2026-02-15 20:28:00,304] tensorflow - Level 1 - Registering AudioSummaryV2 (None) in gradient.
[2026-02-15 20:28:00,304] tensorflow - Level 1 - Registering MergeSummary (None) in gradient.
[2026-02-15 20:28:00,306] tensorflow - Level 1 - Registering ScalarSummary (None) in gradient.
[2026-02-15 20:28:00,307] tensorflow - Level 1 - Registering TensorSummary (None) in gradient.
[2026-02-15 20:28:00,308] tensorflow - Level 1 - Registering TensorSummaryV2 (None) in gradient.
[2026-02-15 20:28:00,308] tensorflow - Level 1 - Registering Timestamp (None) in gradient.
[2026-02-15 20:28:00,403] tensorflow - Level 1 - Registering XlaEinsum (<function _einsum_grad at 0x0000024E57744E00>) in gradient.
[2026-02-15 20:28:00,422] tensorflow - Level 1 - Registering RaggedTensorToTensor (<function _ragged_tensor_to_tensor_grad at 0x0000024E57779DA0>) in gradient.
[2026-02-15 20:28:00,427] tensorflow - Level 1 - Registering RaggedTensorFromVariant (<function _ragged_tensor_from_variant_grad at 0x0000024E5777A020>) in gradient.
[2026-02-15 20:28:00,427] tensorflow - Level 1 - Registering RaggedTensorToVariant (<function _ragged_tensor_to_variant_grad at 0x0000024E5777A0C0>) in gradient.
[2026-02-15 20:28:00,442] tensorflow - Level 1 - Registering ClipByValue (<function _clip_by_value_grad at 0x0000024E5777A7A0>) in gradient.
[2026-02-15 20:28:00,453] tensorflow - Level 1 - Registering DynamicPartition (<function _DynamicPartitionGrads at 0x0000024E5777B1A0>) in gradient.
[2026-02-15 20:28:00,456] tensorflow - Level 1 - Registering ParallelDynamicStitch (<function _DynamicStitchGrads at 0x0000024E5777B4C0>) in gradient.
[2026-02-15 20:28:00,456] tensorflow - Level 1 - Registering DynamicStitch (<function _DynamicStitchGrads at 0x0000024E5777B4C0>) in gradient.
[2026-02-15 20:28:00,457] tensorflow - Level 1 - Registering Queue (None) in gradient.
[2026-02-15 20:28:00,457] tensorflow - Level 1 - Registering QueueEnqueue (None) in gradient.
[2026-02-15 20:28:00,457] tensorflow - Level 1 - Registering QueueEnqueueMany (None) in gradient.
[2026-02-15 20:28:00,457] tensorflow - Level 1 - Registering QueueDequeue (None) in gradient.
[2026-02-15 20:28:00,457] tensorflow - Level 1 - Registering QueueDequeueMany (None) in gradient.
[2026-02-15 20:28:00,457] tensorflow - Level 1 - Registering QueueDequeueUpTo (None) in gradient.
[2026-02-15 20:28:00,457] tensorflow - Level 1 - Registering QueueClose (None) in gradient.
[2026-02-15 20:28:00,457] tensorflow - Level 1 - Registering QueueSize (None) in gradient.
[2026-02-15 20:28:00,457] tensorflow - Level 1 - Registering Stack (None) in gradient.
[2026-02-15 20:28:00,458] tensorflow - Level 1 - Registering StackPush (None) in gradient.
[2026-02-15 20:28:00,458] tensorflow - Level 1 - Registering StackPop (None) in gradient.
[2026-02-15 20:28:00,458] tensorflow - Level 1 - Registering StackClose (None) in gradient.
[2026-02-15 20:28:00,458] tensorflow - Level 1 - Registering GetSessionHandle (None) in gradient.
[2026-02-15 20:28:00,458] tensorflow - Level 1 - Registering GetSessionHandleV2 (None) in gradient.
[2026-02-15 20:28:00,458] tensorflow - Level 1 - Registering GetSessionTensor (None) in gradient.
[2026-02-15 20:28:00,459] tensorflow - Level 1 - Registering DeleteSessionTensor (None) in gradient.
[2026-02-15 20:28:00,585] tensorflow - Level 1 - Registering TPUReplicatedInput (None) in gradient.
[2026-02-15 20:28:00,587] tensorflow - Level 1 - Registering AllToAll (<function _all_to_all_grad at 0x0000024E578F5800>) in gradient.
[2026-02-15 20:28:00,588] tensorflow - Level 1 - Registering CollectivePermute (<function _collective_permute_grad at 0x0000024E578F59E0>) in gradient.
[2026-02-15 20:28:00,588] tensorflow - Level 1 - Registering CrossReplicaSum (<function _cross_replica_sum_grad at 0x0000024E578F5A80>) in gradient.
[2026-02-15 20:28:00,588] tensorflow - Level 1 - Registering TPUEmbeddingActivations (<function _embedding_activations_grad at 0x0000024E578F5B20>) in gradient.
[2026-02-15 20:28:00,666] tensorflow - Level 1 - Registering XlaClusterOutput (<function _XlaClusterOutputGrad at 0x0000024E5795C040>) in gradient.
[2026-02-15 20:28:00,671] tensorflow - Level 1 - Registering Pack (<function _PackGrad at 0x0000024E5795D1C0>) in gradient.
[2026-02-15 20:28:00,673] tensorflow - Level 1 - Registering Unpack (<function _UnpackGrad at 0x0000024E5795D300>) in gradient.
[2026-02-15 20:28:00,674] tensorflow - Level 1 - Registering Concat (<function _ConcatGrad at 0x0000024E5795D4E0>) in gradient.
[2026-02-15 20:28:00,674] tensorflow - Level 1 - Registering ConcatV2 (<function _ConcatGradV2 at 0x0000024E5795D580>) in gradient.
[2026-02-15 20:28:00,674] tensorflow - Level 1 - Registering ConcatOffset (None) in gradient.
[2026-02-15 20:28:00,674] tensorflow - Level 1 - Registering Slice (<function _SliceGrad at 0x0000024E5795D620>) in gradient.
[2026-02-15 20:28:00,674] tensorflow - Level 1 - Registering StridedSlice (<function _StridedSliceGrad at 0x0000024E5795D800>) in gradient.
[2026-02-15 20:28:00,674] tensorflow - Level 1 - Registering StridedSliceGrad (<function _StridedSliceGradGrad at 0x0000024E5795D8A0>) in gradient.
[2026-02-15 20:28:00,674] tensorflow - Level 1 - Registering TensorStridedSliceUpdate (<function _TensorStridedSliceUpdateGrad at 0x0000024E5795D940>) in gradient.
[2026-02-15 20:28:00,675] tensorflow - Level 1 - Registering Split (<function _SplitGrad at 0x0000024E5795D9E0>) in gradient.
[2026-02-15 20:28:00,675] tensorflow - Level 1 - Registering SplitV (<function _SplitVGrad at 0x0000024E5795DA80>) in gradient.
[2026-02-15 20:28:00,675] tensorflow - Level 1 - Registering Const (None) in gradient.
[2026-02-15 20:28:00,675] tensorflow - Level 1 - Registering Diag (<function _DiagGrad at 0x0000024E5795DB20>) in gradient.
[2026-02-15 20:28:00,676] tensorflow - Level 1 - Registering DiagPart (<function _DiagPartGrad at 0x0000024E5795DBC0>) in gradient.
[2026-02-15 20:28:00,676] tensorflow - Level 1 - Registering MatrixDiag (<function _MatrixDiagGrad at 0x0000024E5795DC60>) in gradient.
[2026-02-15 20:28:00,676] tensorflow - Level 1 - Registering MatrixDiagV2 (<function _MatrixDiagV2Grad at 0x0000024E5795DD00>) in gradient.
[2026-02-15 20:28:00,676] tensorflow - Level 1 - Registering MatrixDiagV3 (<function _MatrixDiagV3Grad at 0x0000024E5795DDA0>) in gradient.
[2026-02-15 20:28:00,676] tensorflow - Level 1 - Registering MatrixDiagPart (<function _MatrixDiagPartGrad at 0x0000024E5795DE40>) in gradient.
[2026-02-15 20:28:00,676] tensorflow - Level 1 - Registering MatrixDiagPartV2 (<function _MatrixDiagPartV2Grad at 0x0000024E5795DEE0>) in gradient.
[2026-02-15 20:28:00,676] tensorflow - Level 1 - Registering MatrixDiagPartV3 (<function _MatrixDiagPartV3Grad at 0x0000024E5795DF80>) in gradient.
[2026-02-15 20:28:00,677] tensorflow - Level 1 - Registering MatrixSetDiag (<function _MatrixSetDiagGrad at 0x0000024E5795E020>) in gradient.
[2026-02-15 20:28:00,677] tensorflow - Level 1 - Registering MatrixSetDiagV2 (<function _MatrixSetDiagGradV2 at 0x0000024E5795E0C0>) in gradient.
[2026-02-15 20:28:00,677] tensorflow - Level 1 - Registering MatrixSetDiagV3 (<function _MatrixSetDiagGradV3 at 0x0000024E5795E160>) in gradient.
[2026-02-15 20:28:00,677] tensorflow - Level 1 - Registering MatrixBandPart (<function _MatrixBandPartGrad at 0x0000024E5795E200>) in gradient.
[2026-02-15 20:28:00,677] tensorflow - Level 1 - Registering EditDistance (None) in gradient.
[2026-02-15 20:28:00,678] tensorflow - Level 1 - Registering Fill (<function _FillGrad at 0x0000024E5795E2A0>) in gradient.
[2026-02-15 20:28:00,679] tensorflow - Level 1 - Registering ZerosLike (None) in gradient.
[2026-02-15 20:28:00,680] tensorflow - Level 1 - Registering OnesLike (None) in gradient.
[2026-02-15 20:28:00,681] tensorflow - Level 1 - Registering PreventGradient (<function _PreventGradientGrad at 0x0000024E5795E340>) in gradient.
[2026-02-15 20:28:00,682] tensorflow - Level 1 - Registering Gather (<function _GatherGrad at 0x0000024E5795E480>) in gradient.
[2026-02-15 20:28:00,683] tensorflow - Level 1 - Registering GatherV2 (<function _GatherV2Grad at 0x0000024E5795E660>) in gradient.
[2026-02-15 20:28:00,683] tensorflow - Level 1 - Registering GatherNd (<function _GatherNdGrad at 0x0000024E5795E700>) in gradient.
[2026-02-15 20:28:00,684] tensorflow - Level 1 - Registering ResourceGatherNd (<function _ResourceGatherNdGrad at 0x0000024E5795E7A0>) in gradient.
[2026-02-15 20:28:00,685] tensorflow - Level 1 - Registering CheckNumerics (<function _CheckNumericsGrad at 0x0000024E5795E840>) in gradient.
[2026-02-15 20:28:00,686] tensorflow - Level 1 - Registering CheckNumericsV2 (<function _CheckNumericsV2Grad at 0x0000024E5795E8E0>) in gradient.
[2026-02-15 20:28:00,686] tensorflow - Level 1 - Registering Identity (<function _IdGrad at 0x0000024E5795E980>) in gradient.
[2026-02-15 20:28:00,687] tensorflow - Level 1 - Registering PlaceholderWithDefault (<function _IdGrad at 0x0000024E5795E980>) in gradient.
[2026-02-15 20:28:00,687] tensorflow - Level 1 - Registering _EagerConst (<function _EagerConstGrad at 0x0000024E5795EA20>) in gradient.
[2026-02-15 20:28:00,687] tensorflow - Level 1 - Registering RefIdentity (<function _RefIdGrad at 0x0000024E5795EAC0>) in gradient.
[2026-02-15 20:28:00,687] tensorflow - Level 1 - Registering IdentityN (<function _IdNGrad at 0x0000024E5795EB60>) in gradient.
[2026-02-15 20:28:00,687] tensorflow - Level 1 - Registering StopGradient (None) in gradient.
[2026-02-15 20:28:00,687] tensorflow - Level 1 - Registering Reshape (<function _ReshapeGrad at 0x0000024E5795EC00>) in gradient.
[2026-02-15 20:28:00,688] tensorflow - Level 1 - Registering InvertPermutation (None) in gradient.
[2026-02-15 20:28:00,689] tensorflow - Level 1 - Registering ExpandDims (<function _ExpandDimsGrad at 0x0000024E5795ED40>) in gradient.
[2026-02-15 20:28:00,690] tensorflow - Level 1 - Registering Squeeze (<function _SqueezeGrad at 0x0000024E5795EDE0>) in gradient.
[2026-02-15 20:28:00,691] tensorflow - Level 1 - Registering Transpose (<function _TransposeGrad at 0x0000024E5795EE80>) in gradient.
[2026-02-15 20:28:00,692] tensorflow - Level 1 - Registering ConjugateTranspose (<function _ConjugateTransposeGrad at 0x0000024E5795EF20>) in gradient.
[2026-02-15 20:28:00,693] tensorflow - Level 1 - Registering Shape (None) in gradient.
[2026-02-15 20:28:00,693] tensorflow - Level 1 - Registering ShapeN (None) in gradient.
[2026-02-15 20:28:00,693] tensorflow - Level 1 - Registering Rank (None) in gradient.
[2026-02-15 20:28:00,693] tensorflow - Level 1 - Registering Size (None) in gradient.
[2026-02-15 20:28:00,693] tensorflow - Level 1 - Registering Tile (<function _TileGrad at 0x0000024E5795EFC0>) in gradient.
[2026-02-15 20:28:00,693] tensorflow - Level 1 - Registering BroadcastGradientArgs (None) in gradient.
[2026-02-15 20:28:00,695] tensorflow - Level 1 - Registering Pad (<function _PadGrad at 0x0000024E5795F060>) in gradient.
[2026-02-15 20:28:00,696] tensorflow - Level 1 - Registering PadV2 (<function _PadGrad at 0x0000024E5795F060>) in gradient.
[2026-02-15 20:28:00,697] tensorflow - Level 1 - Registering ReverseSequence (<function _ReverseSequenceGrad at 0x0000024E5795F100>) in gradient.
[2026-02-15 20:28:00,698] tensorflow - Level 1 - Registering Reverse (<function _ReverseGrad at 0x0000024E5795F1A0>) in gradient.
[2026-02-15 20:28:00,699] tensorflow - Level 1 - Registering ReverseV2 (<function _ReverseV2Grad at 0x0000024E5795F240>) in gradient.
[2026-02-15 20:28:00,699] tensorflow - Level 1 - Registering SpaceToBatch (<function _SpaceToBatchGrad at 0x0000024E5795F2E0>) in gradient.
[2026-02-15 20:28:00,699] tensorflow - Level 1 - Registering SpaceToBatchND (<function _SpaceToBatchNDGrad at 0x0000024E5795F380>) in gradient.
[2026-02-15 20:28:00,700] tensorflow - Level 1 - Registering BatchToSpace (<function _BatchToSpaceGrad at 0x0000024E5795F420>) in gradient.
[2026-02-15 20:28:00,700] tensorflow - Level 1 - Registering BatchToSpaceND (<function _BatchToSpaceNDGrad at 0x0000024E5795F4C0>) in gradient.
[2026-02-15 20:28:00,700] tensorflow - Level 1 - Registering SpaceToDepth (<function _SpaceToDepthGrad at 0x0000024E5795F560>) in gradient.
[2026-02-15 20:28:00,700] tensorflow - Level 1 - Registering DepthToSpace (<function _DepthToSpaceGrad at 0x0000024E5795F600>) in gradient.
[2026-02-15 20:28:00,700] tensorflow - Level 1 - Registering OneHot (None) in gradient.
[2026-02-15 20:28:00,700] tensorflow - Level 1 - Registering MirrorPad (<function _MirrorPadGrad at 0x0000024E5795F6A0>) in gradient.
[2026-02-15 20:28:00,700] tensorflow - Level 1 - Registering MirrorPadGrad (<function _MirrorPadGradGrad at 0x0000024E5795F740>) in gradient.
[2026-02-15 20:28:00,701] tensorflow - Level 1 - Registering FakeQuantWithMinMaxArgsGradient (None) in gradient.
[2026-02-15 20:28:00,701] tensorflow - Level 1 - Registering FakeQuantWithMinMaxVarsGradient (None) in gradient.
[2026-02-15 20:28:00,701] tensorflow - Level 1 - Registering FakeQuantWithMinMaxVarsPerChannelGradient (None) in gradient.
[2026-02-15 20:28:00,703] tensorflow - Level 1 - Registering QuantizeAndDequantize (<function _QuantizeAndDequantizeGrad at 0x0000024E5795F7E0>) in gradient.
[2026-02-15 20:28:00,703] tensorflow - Level 1 - Registering QuantizeAndDequantizeV2 (<function _QuantizeAndDequantizeV2Grad at 0x0000024E5795F920>) in gradient.
[2026-02-15 20:28:00,704] tensorflow - Level 1 - Registering QuantizeAndDequantizeV3 (<function _QuantizeAndDequantizeV3Grad at 0x0000024E5795F9C0>) in gradient.
[2026-02-15 20:28:00,705] tensorflow - Level 1 - Registering ExtractImagePatches (<function _ExtractImagePatchesGrad at 0x0000024E5795F880>) in gradient.
[2026-02-15 20:28:00,706] tensorflow - Level 1 - Registering ExtractVolumePatches (<function _ExtractVolumePatchesGrad at 0x0000024E5795FA60>) in gradient.
[2026-02-15 20:28:00,707] tensorflow - Level 1 - Registering ScatterNd (<function _ScatterNdGrad at 0x0000024E5795FB00>) in gradient.
[2026-02-15 20:28:00,708] tensorflow - Level 1 - Registering TensorScatterUpdate (<function _TensorScatterUpdateGrad at 0x0000024E5795FBA0>) in gradient.
[2026-02-15 20:28:00,709] tensorflow - Level 1 - Registering TensorScatterAdd (<function _TensorScatterAddGrad at 0x0000024E5795FC40>) in gradient.
[2026-02-15 20:28:00,709] tensorflow - Level 1 - Registering TensorScatterMax (<function _TensorScatterMaxGrad at 0x0000024E5795FD80>) in gradient.
[2026-02-15 20:28:00,709] tensorflow - Level 1 - Registering TensorScatterMin (<function _TensorScatterMinGrad at 0x0000024E5795FE20>) in gradient.
[2026-02-15 20:28:00,709] tensorflow - Level 1 - Registering TensorScatterSub (<function _TensorScatterSubGrad at 0x0000024E5795FEC0>) in gradient.
[2026-02-15 20:28:00,709] tensorflow - Level 1 - Registering ScatterNdNonAliasingAdd (<function _ScatterNdNonAliasingAddGrad at 0x0000024E5795FF60>) in gradient.
[2026-02-15 20:28:00,709] tensorflow - Level 1 - Registering BroadcastTo (<function _BroadcastToGrad at 0x0000024E579A0040>) in gradient.
[2026-02-15 20:28:00,711] tensorflow - Level 1 - Registering Switch (<function _SwitchGrad at 0x0000024E579A0220>) in gradient.
[2026-02-15 20:28:00,712] tensorflow - Level 1 - Registering RefSwitch (<function _SwitchGrad at 0x0000024E579A0220>) in gradient.
[2026-02-15 20:28:00,714] tensorflow - Level 1 - Registering Merge (<function _MergeGrad at 0x0000024E579A02C0>) in gradient.
[2026-02-15 20:28:00,715] tensorflow - Level 1 - Registering RefMerge (<function _RefMergeGrad at 0x0000024E579A0400>) in gradient.
[2026-02-15 20:28:00,715] tensorflow - Level 1 - Registering Exit (<function _ExitGrad at 0x0000024E579A0360>) in gradient.
[2026-02-15 20:28:00,716] tensorflow - Level 1 - Registering RefExit (<function _ExitGrad at 0x0000024E579A0360>) in gradient.
[2026-02-15 20:28:00,716] tensorflow - Level 1 - Registering NextIteration (<function _NextIterationGrad at 0x0000024E579A04A0>) in gradient.
[2026-02-15 20:28:00,717] tensorflow - Level 1 - Registering RefNextIteration (<function _RefNextIterationGrad at 0x0000024E579A0540>) in gradient.
[2026-02-15 20:28:00,718] tensorflow - Level 1 - Registering Enter (<function _EnterGrad at 0x0000024E579A05E0>) in gradient.
[2026-02-15 20:28:00,718] tensorflow - Level 1 - Registering RefEnter (<function _RefEnterGrad at 0x0000024E579A0680>) in gradient.
[2026-02-15 20:28:00,719] tensorflow - Level 1 - Registering LoopCond (<function _LoopCondGrad at 0x0000024E579A0720>) in gradient.
[2026-02-15 20:28:00,736] tensorflow - Level 1 - Registering CudnnRNN (<function _cudnn_rnn_backward at 0x0000024E579A0860>) in gradient.
[2026-02-15 20:28:00,740] tensorflow - Level 1 - Registering CudnnRNNV2 (<function _cudnn_rnn_backward_v2 at 0x0000024E579A0A40>) in gradient.
[2026-02-15 20:28:00,741] tensorflow - Level 1 - Registering CudnnRNNV3 (<function _cudnn_rnn_backwardv3 at 0x0000024E579C8B80>) in gradient.
[2026-02-15 20:28:00,747] tensorflow - Level 1 - Registering ResizeNearestNeighbor (<function _ResizeNearestNeighborGrad at 0x0000024E579C8AE0>) in gradient.
[2026-02-15 20:28:00,750] tensorflow - Level 1 - Registering ResizeBilinear (<function _ResizeBilinearGrad at 0x0000024E579C8C20>) in gradient.
[2026-02-15 20:28:00,751] tensorflow - Level 1 - Registering ResizeBilinearGrad (None) in gradient.
[2026-02-15 20:28:00,751] tensorflow - Level 1 - Registering ScaleAndTranslate (<function _ScaleAndTranslateGrad at 0x0000024E579C8E00>) in gradient.
[2026-02-15 20:28:00,752] tensorflow - Level 1 - Registering ResizeBicubic (<function _ResizeBicubicGrad at 0x0000024E579C8D60>) in gradient.
[2026-02-15 20:28:00,753] tensorflow - Level 1 - Registering CropAndResize (<function _CropAndResizeGrad at 0x0000024E579C8EA0>) in gradient.
[2026-02-15 20:28:00,753] tensorflow - Level 1 - Registering RGBToHSV (<function _RGBToHSVGrad at 0x0000024E579C8FE0>) in gradient.
[2026-02-15 20:28:00,765] tensorflow - Level 1 - Registering ReaderRead (None) in gradient.
[2026-02-15 20:28:00,767] tensorflow - Level 1 - Registering ReaderReadUpTo (None) in gradient.
[2026-02-15 20:28:00,768] tensorflow - Level 1 - Registering ReaderNumRecordsProduced (None) in gradient.
[2026-02-15 20:28:00,768] tensorflow - Level 1 - Registering ReaderNumWorkUnitsCompleted (None) in gradient.
[2026-02-15 20:28:00,769] tensorflow - Level 1 - Registering ReaderSerializeState (None) in gradient.
[2026-02-15 20:28:00,770] tensorflow - Level 1 - Registering ReaderRestoreState (None) in gradient.
[2026-02-15 20:28:00,771] tensorflow - Level 1 - Registering ReaderReset (None) in gradient.
[2026-02-15 20:28:00,771] tensorflow - Level 1 - Registering WholeFileReader (None) in gradient.
[2026-02-15 20:28:00,772] tensorflow - Level 1 - Registering TextLineReader (None) in gradient.
[2026-02-15 20:28:00,773] tensorflow - Level 1 - Registering FixedLengthRecordReader (None) in gradient.
[2026-02-15 20:28:00,777] tensorflow - Level 1 - Registering TFRecordReader (None) in gradient.
[2026-02-15 20:28:00,777] tensorflow - Level 1 - Registering LMDBReader (None) in gradient.
[2026-02-15 20:28:00,779] tensorflow - Level 1 - Registering IdentityReader (None) in gradient.
[2026-02-15 20:28:00,798] tensorflow - Level 1 - Registering MatrixInverse (<function _MatrixInverseGrad at 0x0000024E57A1A480>) in gradient.
[2026-02-15 20:28:00,802] tensorflow - Level 1 - Registering Einsum (<function _EinsumGrad at 0x0000024E57A1A700>) in gradient.
[2026-02-15 20:28:00,803] tensorflow - Level 1 - Registering MatrixDeterminant (<function _MatrixDeterminantGrad at 0x0000024E57A4CB80>) in gradient.
[2026-02-15 20:28:00,803] tensorflow - Level 1 - Registering MatrixSquareRoot (<function _MatrixSquareRootGrad at 0x0000024E57A4CCC0>) in gradient.
[2026-02-15 20:28:00,803] tensorflow - Level 1 - Registering LogMatrixDeterminant (<function _LogMatrixDeterminantGrad at 0x0000024E57A4CD60>) in gradient.
[2026-02-15 20:28:00,804] tensorflow - Level 1 - Registering Cholesky (<function _CholeskyGrad at 0x0000024E57A4CE00>) in gradient.
[2026-02-15 20:28:00,804] tensorflow - Level 1 - Registering Qr (<function _QrGrad at 0x0000024E57A4CEA0>) in gradient.
[2026-02-15 20:28:00,804] tensorflow - Level 1 - Registering MatrixSolve (<function _MatrixSolveGrad at 0x0000024E57A4CF40>) in gradient.
[2026-02-15 20:28:00,804] tensorflow - Level 1 - Registering MatrixSolveLs (<function _MatrixSolveLsGrad at 0x0000024E57A4CFE0>) in gradient.
[2026-02-15 20:28:00,804] tensorflow - Level 1 - Registering BandedTriangularSolve (<function _BandedTriangularSolveGrad at 0x0000024E57A4D080>) in gradient.
[2026-02-15 20:28:00,804] tensorflow - Level 1 - Registering MatrixTriangularSolve (<function _MatrixTriangularSolveGrad at 0x0000024E57A4D120>) in gradient.
[2026-02-15 20:28:00,804] tensorflow - Level 1 - Registering Eig (<function _EigGrad at 0x0000024E57A4D260>) in gradient.
[2026-02-15 20:28:00,805] tensorflow - Level 1 - Registering SelfAdjointEigV2 (<function _SelfAdjointEigV2Grad at 0x0000024E57A4D300>) in gradient.
[2026-02-15 20:28:00,805] tensorflow - Level 1 - Registering Svd (<function _SvdGrad at 0x0000024E57A4D3A0>) in gradient.
[2026-02-15 20:28:00,805] tensorflow - Level 1 - Registering TridiagonalMatMul (<function _TridiagonalMatMulGrad at 0x0000024E57A4D580>) in gradient.
[2026-02-15 20:28:00,805] tensorflow - Level 1 - Registering TridiagonalSolve (<function _TridiagonalSolveGrad at 0x0000024E57A4D620>) in gradient.
[2026-02-15 20:28:00,810] tensorflow - Level 1 - Registering LookupTableFind (None) in gradient.
[2026-02-15 20:28:00,814] tensorflow - Level 1 - Registering LookupTableFindV2 (None) in gradient.
[2026-02-15 20:28:00,815] tensorflow - Level 1 - Registering LookupTableInsert (None) in gradient.
[2026-02-15 20:28:00,815] tensorflow - Level 1 - Registering LookupTableInsertV2 (None) in gradient.
[2026-02-15 20:28:00,816] tensorflow - Level 1 - Registering LookupTableSize (None) in gradient.
[2026-02-15 20:28:00,817] tensorflow - Level 1 - Registering LookupTableSizeV2 (None) in gradient.
[2026-02-15 20:28:00,817] tensorflow - Level 1 - Registering HashTable (None) in gradient.
[2026-02-15 20:28:00,818] tensorflow - Level 1 - Registering HashTableV2 (None) in gradient.
[2026-02-15 20:28:00,819] tensorflow - Level 1 - Registering InitializeTable (None) in gradient.
[2026-02-15 20:28:00,819] tensorflow - Level 1 - Registering InitializeTableV2 (None) in gradient.
[2026-02-15 20:28:00,820] tensorflow - Level 1 - Registering InitializeTableFromTextFile (None) in gradient.
[2026-02-15 20:28:00,821] tensorflow - Level 1 - Registering InitializeTableFromTextFileV2 (None) in gradient.
[2026-02-15 20:28:00,821] tensorflow - Level 1 - Registering MutableDenseHashTable (None) in gradient.
[2026-02-15 20:28:00,821] tensorflow - Level 1 - Registering MutableDenseHashTableV2 (None) in gradient.
[2026-02-15 20:28:00,821] tensorflow - Level 1 - Registering MutableHashTable (None) in gradient.
[2026-02-15 20:28:00,821] tensorflow - Level 1 - Registering MutableHashTableV2 (None) in gradient.
[2026-02-15 20:28:00,822] tensorflow - Level 1 - Registering MutableHashTableOfTensors (None) in gradient.
[2026-02-15 20:28:00,823] tensorflow - Level 1 - Registering MutableHashTableOfTensorsV2 (None) in gradient.
[2026-02-15 20:28:00,833] tensorflow - Level 1 - Registering Roll (<function _RollGrad at 0x0000024E579A07C0>) in gradient.
[2026-02-15 20:28:00,843] tensorflow - Level 1 - Registering ArgMax (<function _ArgMaxGrad at 0x0000024E57A4C9A0>) in gradient.
[2026-02-15 20:28:00,847] tensorflow - Level 1 - Registering ArgMin (<function _ArgMinGrad at 0x0000024E57A4E700>) in gradient.
[2026-02-15 20:28:00,848] tensorflow - Level 1 - Registering EuclideanNorm (<function _EuclideanNormGrad at 0x0000024E57A4E980>) in gradient.
[2026-02-15 20:28:00,849] tensorflow - Level 1 - Registering Sum (<function _SumGrad at 0x0000024E57A4EDE0>) in gradient.
[2026-02-15 20:28:00,849] tensorflow - Level 1 - Registering Max (<function _MaxGrad at 0x0000024E57A4EF20>) in gradient.
[2026-02-15 20:28:00,849] tensorflow - Level 1 - Registering Min (<function _MinGrad at 0x0000024E57A4EFC0>) in gradient.
[2026-02-15 20:28:00,849] tensorflow - Level 1 - Registering Mean (<function _MeanGrad at 0x0000024E57A4F060>) in gradient.
[2026-02-15 20:28:00,850] tensorflow - Level 1 - Registering Prod (<function _ProdGrad at 0x0000024E57A4F100>) in gradient.
[2026-02-15 20:28:00,850] tensorflow - Level 1 - Registering SegmentSum (<function _SegmentSumGrad at 0x0000024E57A4F1A0>) in gradient.
[2026-02-15 20:28:00,850] tensorflow - Level 1 - Registering SegmentMean (<function _SegmentMeanGrad at 0x0000024E57A4F240>) in gradient.
[2026-02-15 20:28:00,850] tensorflow - Level 1 - Registering SparseSegmentSum (<function _SparseSegmentSumGrad at 0x0000024E57A4F420>) in gradient.
[2026-02-15 20:28:00,850] tensorflow - Level 1 - Registering SparseSegmentSumWithNumSegments (<function _SparseSegmentSumWithNumSegmentsGrad at 0x0000024E57A4F4C0>) in gradient.
[2026-02-15 20:28:00,851] tensorflow - Level 1 - Registering SparseSegmentMean (<function _SparseSegmentMeanGrad at 0x0000024E57A4F560>) in gradient.
[2026-02-15 20:28:00,851] tensorflow - Level 1 - Registering SparseSegmentMeanWithNumSegments (<function _SparseSegmentMeanWithNumSegmentsGrad at 0x0000024E57A4F600>) in gradient.
[2026-02-15 20:28:00,851] tensorflow - Level 1 - Registering SparseSegmentSqrtN (<function _SparseSegmentSqrtNGrad at 0x0000024E57A4F6A0>) in gradient.
[2026-02-15 20:28:00,852] tensorflow - Level 1 - Registering SparseSegmentSqrtNWithNumSegments (<function _SparseSegmentSqrtNWithNumSegmentsGrad at 0x0000024E57A4F740>) in gradient.
[2026-02-15 20:28:00,853] tensorflow - Level 1 - Registering SegmentMin (<function _SegmentMinGrad at 0x0000024E57A4F880>) in gradient.
[2026-02-15 20:28:00,853] tensorflow - Level 1 - Registering SegmentMax (<function _SegmentMaxGrad at 0x0000024E57A4F920>) in gradient.
[2026-02-15 20:28:00,853] tensorflow - Level 1 - Registering SegmentProd (<function _SegmentProdGrad at 0x0000024E57A4F9C0>) in gradient.
[2026-02-15 20:28:00,853] tensorflow - Level 1 - Registering UnsortedSegmentSum (<function _UnsortedSegmentSumGrad at 0x0000024E57A4FBA0>) in gradient.
[2026-02-15 20:28:00,853] tensorflow - Level 1 - Registering UnsortedSegmentMax (<function _UnsortedSegmentMaxGrad at 0x0000024E57A4FC40>) in gradient.
[2026-02-15 20:28:00,853] tensorflow - Level 1 - Registering UnsortedSegmentMin (<function _UnsortedSegmentMinGrad at 0x0000024E57A4FCE0>) in gradient.
[2026-02-15 20:28:00,855] tensorflow - Level 1 - Registering UnsortedSegmentProd (<function _UnsortedSegmentProdGrad at 0x0000024E57A4FD80>) in gradient.
[2026-02-15 20:28:00,856] tensorflow - Level 1 - Registering Abs (<function _AbsGrad at 0x0000024E57A4FE20>) in gradient.
[2026-02-15 20:28:00,857] tensorflow - Level 1 - Registering Neg (<function _NegGrad at 0x0000024E57A4FEC0>) in gradient.
[2026-02-15 20:28:00,858] tensorflow - Level 1 - Registering Inv (<function _InvGrad at 0x0000024E57A4FF60>) in gradient.
[2026-02-15 20:28:00,859] tensorflow - Level 1 - Registering Reciprocal (<function _ReciprocalGrad at 0x0000024E57AC0040>) in gradient.
[2026-02-15 20:28:00,860] tensorflow - Level 1 - Registering InvGrad (<function _InvGradGrad at 0x0000024E57AC00E0>) in gradient.
[2026-02-15 20:28:00,860] tensorflow - Level 1 - Registering ReciprocalGrad (<function _ReciprocalGradGrad at 0x0000024E57AC0180>) in gradient.
[2026-02-15 20:28:00,860] tensorflow - Level 1 - Registering Square (<function _SquareGrad at 0x0000024E57AC0220>) in gradient.
[2026-02-15 20:28:00,861] tensorflow - Level 1 - Registering Sqrt (<function _SqrtGrad at 0x0000024E57AC02C0>) in gradient.
[2026-02-15 20:28:00,862] tensorflow - Level 1 - Registering SqrtGrad (<function _SqrtGradGrad at 0x0000024E57AC0360>) in gradient.
[2026-02-15 20:28:00,863] tensorflow - Level 1 - Registering Rsqrt (<function _RsqrtGrad at 0x0000024E57AC0400>) in gradient.
[2026-02-15 20:28:00,864] tensorflow - Level 1 - Registering RsqrtGrad (<function _RsqrtGradGrad at 0x0000024E57AC04A0>) in gradient.
[2026-02-15 20:28:00,865] tensorflow - Level 1 - Registering Exp (<function _ExpGrad at 0x0000024E57AC0540>) in gradient.
[2026-02-15 20:28:00,865] tensorflow - Level 1 - Registering Expm1 (<function _Expm1Grad at 0x0000024E57AC05E0>) in gradient.
[2026-02-15 20:28:00,866] tensorflow - Level 1 - Registering Log (<function _LogGrad at 0x0000024E57AC0680>) in gradient.
[2026-02-15 20:28:00,866] tensorflow - Level 1 - Registering Log1p (<function _Log1pGrad at 0x0000024E57AC0720>) in gradient.
[2026-02-15 20:28:00,867] tensorflow - Level 1 - Registering Xlogy (<function _XLogyGrad at 0x0000024E57AC07C0>) in gradient.
[2026-02-15 20:28:00,867] tensorflow - Level 1 - Registering Xlog1py (<function _XLog1pyGrad at 0x0000024E57AC0860>) in gradient.
[2026-02-15 20:28:00,868] tensorflow - Level 1 - Registering Xdivy (<function _XDivyGrad at 0x0000024E57AC0900>) in gradient.
[2026-02-15 20:28:00,869] tensorflow - Level 1 - Registering Sinh (<function _SinhGrad at 0x0000024E57AC09A0>) in gradient.
[2026-02-15 20:28:00,869] tensorflow - Level 1 - Registering Cosh (<function _CoshGrad at 0x0000024E57AC0A40>) in gradient.
[2026-02-15 20:28:00,869] tensorflow - Level 1 - Registering Tanh (<function _TanhGrad at 0x0000024E57AC0AE0>) in gradient.
[2026-02-15 20:28:00,869] tensorflow - Level 1 - Registering Asinh (<function _AsinhGrad at 0x0000024E57AC0B80>) in gradient.
[2026-02-15 20:28:00,869] tensorflow - Level 1 - Registering Acosh (<function _AcoshGrad at 0x0000024E57AC0C20>) in gradient.
[2026-02-15 20:28:00,870] tensorflow - Level 1 - Registering Atanh (<function _AtanhGrad at 0x0000024E57AC0CC0>) in gradient.
[2026-02-15 20:28:00,870] tensorflow - Level 1 - Registering TanhGrad (<function _TanhGradGrad at 0x0000024E57AC0D60>) in gradient.
[2026-02-15 20:28:00,870] tensorflow - Level 1 - Registering Erf (<function _ErfGrad at 0x0000024E57AC0E00>) in gradient.
[2026-02-15 20:28:00,870] tensorflow - Level 1 - Registering Erfc (<function _ErfcGrad at 0x0000024E57AC0EA0>) in gradient.
[2026-02-15 20:28:00,870] tensorflow - Level 1 - Registering Erfinv (<function _ErfinvGrad at 0x0000024E57AC0F40>) in gradient.
[2026-02-15 20:28:00,870] tensorflow - Level 1 - Registering Ndtri (<function _NdtriGrad at 0x0000024E57AC0FE0>) in gradient.
[2026-02-15 20:28:00,870] tensorflow - Level 1 - Registering Lgamma (<function _LgammaGrad at 0x0000024E57AC1080>) in gradient.
[2026-02-15 20:28:00,870] tensorflow - Level 1 - Registering Digamma (<function _DigammaGrad at 0x0000024E57AC1120>) in gradient.
[2026-02-15 20:28:00,870] tensorflow - Level 1 - Registering Dawsn (<function _DawsnGrad at 0x0000024E57AC11C0>) in gradient.
[2026-02-15 20:28:00,871] tensorflow - Level 1 - Registering Expint (<function _ExpintGrad at 0x0000024E57AC1260>) in gradient.
[2026-02-15 20:28:00,871] tensorflow - Level 1 - Registering FresnelCos (<function _FresnelCosGrad at 0x0000024E57AC1300>) in gradient.
[2026-02-15 20:28:00,871] tensorflow - Level 1 - Registering FresnelSin (<function _FresnelSinGrad at 0x0000024E57AC13A0>) in gradient.
[2026-02-15 20:28:00,871] tensorflow - Level 1 - Registering Spence (<function _SpenceGrad at 0x0000024E57AC1440>) in gradient.
[2026-02-15 20:28:00,871] tensorflow - Level 1 - Registering BesselI0 (<function _BesselI0Grad at 0x0000024E57AC14E0>) in gradient.
[2026-02-15 20:28:00,871] tensorflow - Level 1 - Registering BesselI0e (<function _BesselI0eGrad at 0x0000024E57AC1580>) in gradient.
[2026-02-15 20:28:00,872] tensorflow - Level 1 - Registering BesselI1 (<function _BesselI1Grad at 0x0000024E57AC1620>) in gradient.
[2026-02-15 20:28:00,872] tensorflow - Level 1 - Registering BesselI1e (<function _BesselI1eGrad at 0x0000024E57AC16C0>) in gradient.
[2026-02-15 20:28:00,872] tensorflow - Level 1 - Registering BesselK0 (<function _BesselK0Grad at 0x0000024E57AC1760>) in gradient.
[2026-02-15 20:28:00,872] tensorflow - Level 1 - Registering BesselK0e (<function _BesselK0eGrad at 0x0000024E57AC1800>) in gradient.
[2026-02-15 20:28:00,872] tensorflow - Level 1 - Registering BesselK1 (<function _BesselK1Grad at 0x0000024E57AC18A0>) in gradient.
[2026-02-15 20:28:00,872] tensorflow - Level 1 - Registering BesselK1e (<function _BesselK1eGrad at 0x0000024E57AC1940>) in gradient.
[2026-02-15 20:28:00,873] tensorflow - Level 1 - Registering BesselJ0 (<function _BesselJ0Grad at 0x0000024E57AC19E0>) in gradient.
[2026-02-15 20:28:00,873] tensorflow - Level 1 - Registering BesselJ1 (<function _BesselJ1Grad at 0x0000024E57AC1A80>) in gradient.
[2026-02-15 20:28:00,873] tensorflow - Level 1 - Registering BesselY0 (<function _BesselY0Grad at 0x0000024E57AC1B20>) in gradient.
[2026-02-15 20:28:00,873] tensorflow - Level 1 - Registering BesselY1 (<function _BesselY1Grad at 0x0000024E57AC1BC0>) in gradient.
[2026-02-15 20:28:00,873] tensorflow - Level 1 - Registering Igamma (<function _IgammaGrad at 0x0000024E57AC1C60>) in gradient.
[2026-02-15 20:28:00,873] tensorflow - Level 1 - Registering Igammac (<function _IgammacGrad at 0x0000024E57AC1D00>) in gradient.
[2026-02-15 20:28:00,873] tensorflow - Level 1 - Registering Betainc (<function _BetaincGrad at 0x0000024E57AC1DA0>) in gradient.
[2026-02-15 20:28:00,873] tensorflow - Level 1 - Registering Zeta (<function _ZetaGrad at 0x0000024E57AC1E40>) in gradient.
[2026-02-15 20:28:00,873] tensorflow - Level 1 - Registering Polygamma (<function _PolygammaGrad at 0x0000024E57AC1EE0>) in gradient.
[2026-02-15 20:28:00,875] tensorflow - Level 1 - Registering Sigmoid (<function _SigmoidGrad at 0x0000024E57AC1F80>) in gradient.
[2026-02-15 20:28:00,875] tensorflow - Level 1 - Registering SigmoidGrad (<function _SigmoidGradGrad at 0x0000024E57AC2020>) in gradient.
[2026-02-15 20:28:00,875] tensorflow - Level 1 - Registering Sign (<function _SignGrad at 0x0000024E57AC20C0>) in gradient.
[2026-02-15 20:28:00,876] tensorflow - Level 1 - Registering Sin (<function _SinGrad at 0x0000024E57AC2160>) in gradient.
[2026-02-15 20:28:00,876] tensorflow - Level 1 - Registering Cos (<function _CosGrad at 0x0000024E57AC2200>) in gradient.
[2026-02-15 20:28:00,876] tensorflow - Level 1 - Registering Tan (<function _TanGrad at 0x0000024E57AC22A0>) in gradient.
[2026-02-15 20:28:00,876] tensorflow - Level 1 - Registering Asin (<function _AsinGrad at 0x0000024E57AC2340>) in gradient.
[2026-02-15 20:28:00,876] tensorflow - Level 1 - Registering Acos (<function _AcosGrad at 0x0000024E57AC23E0>) in gradient.
[2026-02-15 20:28:00,876] tensorflow - Level 1 - Registering Atan (<function _AtanGrad at 0x0000024E57AC2480>) in gradient.
[2026-02-15 20:28:00,876] tensorflow - Level 1 - Registering Atan2 (<function _Atan2Grad at 0x0000024E57AC2520>) in gradient.
[2026-02-15 20:28:00,877] tensorflow - Level 1 - Registering AddN (<function _AddNGrad at 0x0000024E57AC25C0>) in gradient.
[2026-02-15 20:28:00,877] tensorflow - Level 1 - Registering AddV2 (<function _AddGrad at 0x0000024E57AC2700>) in gradient.
[2026-02-15 20:28:00,877] tensorflow - Level 1 - Registering Add (<function _AddGrad at 0x0000024E57AC2700>) in gradient.
[2026-02-15 20:28:00,877] tensorflow - Level 1 - Registering Sub (<function _SubGrad at 0x0000024E57AC27A0>) in gradient.
[2026-02-15 20:28:00,877] tensorflow - Level 1 - Registering Mul (<function _MulGrad at 0x0000024E57AC2840>) in gradient.
[2026-02-15 20:28:00,878] tensorflow - Level 1 - Registering MulNoNan (<function _MulNoNanGrad at 0x0000024E57AC28E0>) in gradient.
[2026-02-15 20:28:00,879] tensorflow - Level 1 - Registering Div (<function _DivGrad at 0x0000024E57AC2980>) in gradient.
[2026-02-15 20:28:00,880] tensorflow - Level 1 - Registering FloorDiv (<function _FloorDivGrad at 0x0000024E57AC2A20>) in gradient.
[2026-02-15 20:28:00,881] tensorflow - Level 1 - Registering FloorMod (<function _FloorModGrad at 0x0000024E57AC2AC0>) in gradient.
[2026-02-15 20:28:00,882] tensorflow - Level 1 - Registering TruncateDiv (<function _TruncateDivGrad at 0x0000024E57AC2B60>) in gradient.
[2026-02-15 20:28:00,883] tensorflow - Level 1 - Registering RealDiv (<function _RealDivGrad at 0x0000024E57AC2C00>) in gradient.
[2026-02-15 20:28:00,883] tensorflow - Level 1 - Registering DivNoNan (<function _DivNoNanGrad at 0x0000024E57AC2CA0>) in gradient.
[2026-02-15 20:28:00,883] tensorflow - Level 1 - Registering Pow (<function _PowGrad at 0x0000024E57AC2D40>) in gradient.
[2026-02-15 20:28:00,883] tensorflow - Level 1 - Registering Maximum (<function _MaximumGrad at 0x0000024E57AC2F20>) in gradient.
[2026-02-15 20:28:00,883] tensorflow - Level 1 - Registering Minimum (<function _MinimumGrad at 0x0000024E57AC2FC0>) in gradient.
[2026-02-15 20:28:00,883] tensorflow - Level 1 - Registering SquaredDifference (<function _SquaredDifferenceGrad at 0x0000024E57AC3060>) in gradient.
[2026-02-15 20:28:00,883] tensorflow - Level 1 - Registering Less (None) in gradient.
[2026-02-15 20:28:00,884] tensorflow - Level 1 - Registering LessEqual (None) in gradient.
[2026-02-15 20:28:00,884] tensorflow - Level 1 - Registering Greater (None) in gradient.
[2026-02-15 20:28:00,884] tensorflow - Level 1 - Registering GreaterEqual (None) in gradient.
[2026-02-15 20:28:00,884] tensorflow - Level 1 - Registering Equal (None) in gradient.
[2026-02-15 20:28:00,884] tensorflow - Level 1 - Registering ApproximateEqual (None) in gradient.
[2026-02-15 20:28:00,884] tensorflow - Level 1 - Registering NotEqual (None) in gradient.
[2026-02-15 20:28:00,885] tensorflow - Level 1 - Registering LogicalAnd (None) in gradient.
[2026-02-15 20:28:00,885] tensorflow - Level 1 - Registering LogicalOr (None) in gradient.
[2026-02-15 20:28:00,886] tensorflow - Level 1 - Registering LogicalNot (None) in gradient.
[2026-02-15 20:28:00,886] tensorflow - Level 1 - Registering Select (<function _SelectGrad at 0x0000024E57AC3100>) in gradient.
[2026-02-15 20:28:00,887] tensorflow - Level 1 - Registering SelectV2 (<function _SelectGradV2 at 0x0000024E57AC31A0>) in gradient.
[2026-02-15 20:28:00,887] tensorflow - Level 1 - Registering MatMul (<function _MatMulGrad at 0x0000024E57AC3380>) in gradient.
[2026-02-15 20:28:00,888] tensorflow - Level 1 - Registering SparseMatMul (<function _SparseMatMulGrad at 0x0000024E57AC3420>) in gradient.
[2026-02-15 20:28:00,889] tensorflow - Level 1 - Registering Floor (<function _FloorGrad at 0x0000024E57AC34C0>) in gradient.
[2026-02-15 20:28:00,890] tensorflow - Level 1 - Registering Ceil (<function _CeilGrad at 0x0000024E57AC3560>) in gradient.
[2026-02-15 20:28:00,891] tensorflow - Level 1 - Registering Round (<function _RoundGrad at 0x0000024E57AC3600>) in gradient.
[2026-02-15 20:28:00,892] tensorflow - Level 1 - Registering Rint (<function _RintGrad at 0x0000024E57AC36A0>) in gradient.
[2026-02-15 20:28:00,892] tensorflow - Level 1 - Registering BatchMatMul (<function _BatchMatMul at 0x0000024E57AC3740>) in gradient.
[2026-02-15 20:28:00,892] tensorflow - Level 1 - Registering BatchMatMulV3 (<function _BatchMatMulV2 at 0x0000024E57AC37E0>) in gradient.
[2026-02-15 20:28:00,892] tensorflow - Level 1 - Registering BatchMatMulV2 (<function _BatchMatMulV2 at 0x0000024E57AC37E0>) in gradient.
[2026-02-15 20:28:00,892] tensorflow - Level 1 - Registering Range (None) in gradient.
[2026-02-15 20:28:00,893] tensorflow - Level 1 - Registering LinSpace (None) in gradient.
[2026-02-15 20:28:00,893] tensorflow - Level 1 - Registering Complex (<function _ComplexGrad at 0x0000024E57AC3880>) in gradient.
[2026-02-15 20:28:00,895] tensorflow - Level 1 - Registering Real (<function _RealGrad at 0x0000024E57AC3920>) in gradient.
[2026-02-15 20:28:00,896] tensorflow - Level 1 - Registering Imag (<function _ImagGrad at 0x0000024E57AC39C0>) in gradient.
[2026-02-15 20:28:00,897] tensorflow - Level 1 - Registering Angle (<function _AngleGrad at 0x0000024E57AC3A60>) in gradient.
[2026-02-15 20:28:00,898] tensorflow - Level 1 - Registering Conj (<function _ConjGrad at 0x0000024E57AC3B00>) in gradient.
[2026-02-15 20:28:00,898] tensorflow - Level 1 - Registering ComplexAbs (<function _ComplexAbsGrad at 0x0000024E57AC3BA0>) in gradient.
[2026-02-15 20:28:00,898] tensorflow - Level 1 - Registering Cast (<function _CastGrad at 0x0000024E57AC3C40>) in gradient.
[2026-02-15 20:28:00,899] tensorflow - Level 1 - Registering Cross (<function _CrossGrad at 0x0000024E57AC3CE0>) in gradient.
[2026-02-15 20:28:00,899] tensorflow - Level 1 - Registering Cumsum (<function _CumsumGrad at 0x0000024E57AC3D80>) in gradient.
[2026-02-15 20:28:00,899] tensorflow - Level 1 - Registering Cumprod (<function _CumprodGrad at 0x0000024E57AC3E20>) in gradient.
[2026-02-15 20:28:00,899] tensorflow - Level 1 - Registering CumulativeLogsumexp (<function _CumulativeLogsumexpGrad at 0x0000024E57AC3EC0>) in gradient.
[2026-02-15 20:28:00,899] tensorflow - Level 1 - Registering NextAfter (<function _NextAfterGrad at 0x0000024E57AC3F60>) in gradient.
[2026-02-15 20:28:00,910] tensorflow - Level 1 - Registering NcclAllReduce (<function _all_sum_grad at 0x0000024E57AD0360>) in gradient.
[2026-02-15 20:28:00,912] tensorflow - Level 1 - Registering NcclReduce (<function _reduce_sum_grad at 0x0000024E57AD0F40>) in gradient.
[2026-02-15 20:28:00,914] tensorflow - Level 1 - Registering NcclBroadcast (<function _broadcast_grad at 0x0000024E57AD1080>) in gradient.
[2026-02-15 20:28:00,919] tensorflow - Level 1 - Registering OptionalFromValue (<function _OptionalFromValueGrad at 0x0000024E57AD0CC0>) in gradient.
[2026-02-15 20:28:00,921] tensorflow - Level 1 - Registering OptionalGetValue (<function _OptionalGetValueGrad at 0x0000024E57AD13A0>) in gradient.
[2026-02-15 20:28:00,927] tensorflow - Level 1 - Registering DecodeRaw (None) in gradient.
[2026-02-15 20:28:00,930] tensorflow - Level 1 - Registering DecodePaddedRaw (None) in gradient.
[2026-02-15 20:28:00,931] tensorflow - Level 1 - Registering ParseTensor (None) in gradient.
[2026-02-15 20:28:00,931] tensorflow - Level 1 - Registering SerializeTensor (None) in gradient.
[2026-02-15 20:28:00,931] tensorflow - Level 1 - Registering StringToNumber (None) in gradient.
[2026-02-15 20:28:00,947] tensorflow - Level 1 - Registering DecodeProtoV2 (None) in gradient.
[2026-02-15 20:28:00,950] tensorflow - Level 1 - Registering EncodeProto (None) in gradient.
[2026-02-15 20:28:00,956] tensorflow - Level 1 - Registering RandomGamma (<function _RandomGammaGrad at 0x0000024E57AD20C0>) in gradient.
[2026-02-15 20:28:00,960] tensorflow - Level 1 - Registering StatelessRandomGammaV2 (<function _StatelessRandomGammaV2Grad at 0x0000024E57AD2200>) in gradient.
[2026-02-15 20:28:00,960] tensorflow - Level 1 - Registering StatelessRandomGammaV3 (<function _StatelessRandomGammaV3Grad at 0x0000024E57AD2340>) in gradient.
[2026-02-15 20:28:00,960] tensorflow - Level 1 - Registering StatelessParameterizedTruncatedNormal (<function _StatelessParameterizedTruncatedNormalGrad at 0x0000024E57AD25C0>) in gradient.
[2026-02-15 20:28:00,970] tensorflow - Level 1 - Registering BlockLSTM (<function _block_lstm_grad at 0x0000024E57AD22A0>) in gradient.
[2026-02-15 20:28:00,972] tensorflow - Level 1 - Registering BlockLSTMV2 (<function _block_lstm_grad at 0x0000024E57AD22A0>) in gradient.
[2026-02-15 20:28:00,985] tensorflow - Level 1 - Registering SdcaFprint (None) in gradient.
[2026-02-15 20:28:00,988] tensorflow - Level 1 - Registering SdcaOptimizer (None) in gradient.
[2026-02-15 20:28:00,988] tensorflow - Level 1 - Registering SdcaOptimizerV2 (None) in gradient.
[2026-02-15 20:28:00,989] tensorflow - Level 1 - Registering SdcaShrinkL1 (None) in gradient.
[2026-02-15 20:28:01,005] tensorflow - Level 1 - Registering SetSize (None) in gradient.
[2026-02-15 20:28:01,007] tensorflow - Level 1 - Registering DenseToDenseSetOperation (None) in gradient.
[2026-02-15 20:28:01,007] tensorflow - Level 1 - Registering DenseToSparseSetOperation (None) in gradient.
[2026-02-15 20:28:01,007] tensorflow - Level 1 - Registering SparseToSparseSetOperation (None) in gradient.
[2026-02-15 20:28:01,010] tensorflow - Level 1 - Registering SparseAddGrad (None) in gradient.
[2026-02-15 20:28:01,012] tensorflow - Level 1 - Registering SparseConcat (None) in gradient.
[2026-02-15 20:28:01,014] tensorflow - Level 1 - Registering SparseReorder (<function _SparseReorderGrad at 0x0000024E57B29620>) in gradient.
[2026-02-15 20:28:01,014] tensorflow - Level 1 - Registering SparseAdd (<function _SparseAddGrad at 0x0000024E57B29800>) in gradient.
[2026-02-15 20:28:01,014] tensorflow - Level 1 - Registering SparseTensorDenseAdd (<function _SparseTensorDenseAddGrad at 0x0000024E57B29760>) in gradient.
[2026-02-15 20:28:01,014] tensorflow - Level 1 - Registering SparseReduceSum (<function _SparseReduceSumGrad at 0x0000024E57B298A0>) in gradient.
[2026-02-15 20:28:01,014] tensorflow - Level 1 - Registering SparseSlice (<function _SparseSliceGrad at 0x0000024E57B29940>) in gradient.
[2026-02-15 20:28:01,014] tensorflow - Level 1 - Registering SparseTensorDenseMatMul (<function _SparseTensorDenseMatMulGrad at 0x0000024E57B299E0>) in gradient.
[2026-02-15 20:28:01,015] tensorflow - Level 1 - Registering SparseDenseCwiseAdd (<function _SparseDenseCwiseAddGrad at 0x0000024E57B29A80>) in gradient.
[2026-02-15 20:28:01,015] tensorflow - Level 1 - Registering SparseDenseCwiseMul (<function _SparseDenseCwiseMulGrad at 0x0000024E57B29BC0>) in gradient.
[2026-02-15 20:28:01,015] tensorflow - Level 1 - Registering SparseDenseCwiseDiv (<function _SparseDenseCwiseDivGrad at 0x0000024E57B29C60>) in gradient.
[2026-02-15 20:28:01,015] tensorflow - Level 1 - Registering SparseSoftmax (<function _SparseSoftmaxGrad at 0x0000024E57B29D00>) in gradient.
[2026-02-15 20:28:01,015] tensorflow - Level 1 - Registering SparseSparseMaximum (<function _SparseSparseMaximumGrad at 0x0000024E57B29DA0>) in gradient.
[2026-02-15 20:28:01,015] tensorflow - Level 1 - Registering SparseSparseMinimum (<function _SparseSparseMinimumGrad at 0x0000024E57B29E40>) in gradient.
[2026-02-15 20:28:01,016] tensorflow - Level 1 - Registering SparseFillEmptyRows (<function _SparseFillEmptyRowsGrad at 0x0000024E57B29EE0>) in gradient.
[2026-02-15 20:28:01,016] tensorflow - Level 1 - Registering SparseToDense (<function _SparseToDenseGrad at 0x0000024E57B29F80>) in gradient.
[2026-02-15 20:28:01,022] tensorflow - Level 1 - Registering TensorArray (None) in gradient.
[2026-02-15 20:28:01,026] tensorflow - Level 1 - Registering TensorArrayGrad (None) in gradient.
[2026-02-15 20:28:01,028] tensorflow - Level 1 - Registering TensorArraySize (None) in gradient.
[2026-02-15 20:28:01,030] tensorflow - Level 1 - Registering TensorArrayClose (None) in gradient.
[2026-02-15 20:28:01,031] tensorflow - Level 1 - Registering TensorArrayV2 (None) in gradient.
[2026-02-15 20:28:01,033] tensorflow - Level 1 - Registering TensorArrayGradV2 (None) in gradient.
[2026-02-15 20:28:01,033] tensorflow - Level 1 - Registering TensorArraySizeV2 (None) in gradient.
[2026-02-15 20:28:01,033] tensorflow - Level 1 - Registering TensorArrayCloseV2 (None) in gradient.
[2026-02-15 20:28:01,035] tensorflow - Level 1 - Registering TensorArrayV3 (None) in gradient.
[2026-02-15 20:28:01,035] tensorflow - Level 1 - Registering TensorArrayGradV3 (None) in gradient.
[2026-02-15 20:28:01,036] tensorflow - Level 1 - Registering TensorArrayGradWithShape (None) in gradient.
[2026-02-15 20:28:01,036] tensorflow - Level 1 - Registering TensorArraySizeV3 (None) in gradient.
[2026-02-15 20:28:01,037] tensorflow - Level 1 - Registering TensorArrayCloseV3 (None) in gradient.
[2026-02-15 20:28:01,038] tensorflow - Level 1 - Registering TensorArrayReadV3 (<function _TensorArrayReadGrad at 0x0000024E57B2A160>) in gradient.
[2026-02-15 20:28:01,038] tensorflow - Level 1 - Registering TensorArrayReadV2 (<function _TensorArrayReadGrad at 0x0000024E57B2A160>) in gradient.
[2026-02-15 20:28:01,039] tensorflow - Level 1 - Registering TensorArrayRead (<function _TensorArrayReadGrad at 0x0000024E57B2A160>) in gradient.
[2026-02-15 20:28:01,040] tensorflow - Level 1 - Registering TensorArrayWriteV3 (<function _TensorArrayWriteGrad at 0x0000024E57B2A0C0>) in gradient.
[2026-02-15 20:28:01,040] tensorflow - Level 1 - Registering TensorArrayWriteV2 (<function _TensorArrayWriteGrad at 0x0000024E57B2A0C0>) in gradient.
[2026-02-15 20:28:01,040] tensorflow - Level 1 - Registering TensorArrayWrite (<function _TensorArrayWriteGrad at 0x0000024E57B2A0C0>) in gradient.
[2026-02-15 20:28:01,040] tensorflow - Level 1 - Registering TensorArrayGatherV3 (<function _TensorArrayGatherGrad at 0x0000024E57B2A200>) in gradient.
[2026-02-15 20:28:01,041] tensorflow - Level 1 - Registering TensorArrayGatherV2 (<function _TensorArrayGatherGrad at 0x0000024E57B2A200>) in gradient.
[2026-02-15 20:28:01,041] tensorflow - Level 1 - Registering TensorArrayGather (<function _TensorArrayGatherGrad at 0x0000024E57B2A200>) in gradient.
[2026-02-15 20:28:01,041] tensorflow - Level 1 - Registering TensorArrayScatterV3 (<function _TensorArrayScatterGrad at 0x0000024E57B2A2A0>) in gradient.
[2026-02-15 20:28:01,041] tensorflow - Level 1 - Registering TensorArrayScatterV2 (<function _TensorArrayScatterGrad at 0x0000024E57B2A2A0>) in gradient.
[2026-02-15 20:28:01,041] tensorflow - Level 1 - Registering TensorArrayScatter (<function _TensorArrayScatterGrad at 0x0000024E57B2A2A0>) in gradient.
[2026-02-15 20:28:01,041] tensorflow - Level 1 - Registering TensorArrayConcatV3 (<function _TensorArrayConcatGrad at 0x0000024E57B2A340>) in gradient.
[2026-02-15 20:28:01,041] tensorflow - Level 1 - Registering TensorArrayConcatV2 (<function _TensorArrayConcatGrad at 0x0000024E57B2A340>) in gradient.
[2026-02-15 20:28:01,041] tensorflow - Level 1 - Registering TensorArrayConcat (<function _TensorArrayConcatGrad at 0x0000024E57B2A340>) in gradient.
[2026-02-15 20:28:01,041] tensorflow - Level 1 - Registering TensorArraySplitV3 (<function _TensorArraySplitGrad at 0x0000024E57B2A3E0>) in gradient.
[2026-02-15 20:28:01,042] tensorflow - Level 1 - Registering TensorArraySplitV2 (<function _TensorArraySplitGrad at 0x0000024E57B2A3E0>) in gradient.
[2026-02-15 20:28:01,042] tensorflow - Level 1 - Registering TensorArraySplit (<function _TensorArraySplitGrad at 0x0000024E57B2A3E0>) in gradient.
[2026-02-15 20:28:01,061] tensorflow - Level 1 - Registering DenseToCSRSparseMatrix (<function _DenseToCSRSparseMatrixGrad at 0x0000024E57B2A660>) in gradient.
[2026-02-15 20:28:01,065] tensorflow - Level 1 - Registering CSRSparseMatrixToDense (<function _CSRSparseMatrixToDenseGrad at 0x0000024E57B2A7A0>) in gradient.
[2026-02-15 20:28:01,065] tensorflow - Level 1 - Registering SparseTensorToCSRSparseMatrix (<function _SparseTensorToCSRSparseMatrixGrad at 0x0000024E57B5F1A0>) in gradient.
[2026-02-15 20:28:01,066] tensorflow - Level 1 - Registering CSRSparseMatrixToSparseTensor (<function _CSRSparseMatrixToSparseTensorGrad at 0x0000024E57B5F100>) in gradient.
[2026-02-15 20:28:01,066] tensorflow - Level 1 - Registering SparseMatrixNNZ (None) in gradient.
[2026-02-15 20:28:01,067] tensorflow - Level 1 - Registering SparseMatrixZeros (None) in gradient.
[2026-02-15 20:28:01,067] tensorflow - Level 1 - Registering SparseMatrixAdd (<function _SparseMatrixAddGrad at 0x0000024E57B5F380>) in gradient.
[2026-02-15 20:28:01,068] tensorflow - Level 1 - Registering SparseMatrixTranspose (<function _SparseMatrixTransposeGrad at 0x0000024E57B5F4C0>) in gradient.
[2026-02-15 20:28:01,069] tensorflow - Level 1 - Registering SparseMatrixSoftmax (<function _SparseMatrixSoftmaxGrad at 0x0000024E57B5F560>) in gradient.
[2026-02-15 20:28:01,069] tensorflow - Level 1 - Registering SparseMatrixMatMul (<function _SparseMatrixMatMulGrad at 0x0000024E57B5F600>) in gradient.
[2026-02-15 20:28:01,071] tensorflow - Level 1 - Registering SparseMatrixSparseMatMul (<function _SparseMatrixSparseMatMulGrad at 0x0000024E57B5F6A0>) in gradient.
[2026-02-15 20:28:01,072] tensorflow - Level 1 - Registering SparseMatrixMul (<function _SparseMatrixMulGrad at 0x0000024E57B5F740>) in gradient.
[2026-02-15 20:28:01,093] tensorflow - Level 1 - Registering FFT (<function _fft_grad at 0x0000024E57BA9260>) in gradient.
[2026-02-15 20:28:01,098] tensorflow - Level 1 - Registering IFFT (<function _ifft_grad at 0x0000024E57BA9300>) in gradient.
[2026-02-15 20:28:01,099] tensorflow - Level 1 - Registering FFT2D (<function _fft2d_grad at 0x0000024E57BA93A0>) in gradient.
[2026-02-15 20:28:01,099] tensorflow - Level 1 - Registering IFFT2D (<function _ifft2d_grad at 0x0000024E57BA94E0>) in gradient.
[2026-02-15 20:28:01,099] tensorflow - Level 1 - Registering FFT3D (<function _fft3d_grad at 0x0000024E57BA9580>) in gradient.
[2026-02-15 20:28:01,099] tensorflow - Level 1 - Registering IFFT3D (<function _ifft3d_grad at 0x0000024E57BA9620>) in gradient.
[2026-02-15 20:28:01,100] tensorflow - Level 1 - Registering RFFT (<function _rfft_grad_helper.<locals>._grad at 0x0000024E57BA9A80>) in gradient.
[2026-02-15 20:28:01,101] tensorflow - Level 1 - Registering IRFFT (<function _irfft_grad_helper.<locals>._grad at 0x0000024E57BA9C60>) in gradient.
[2026-02-15 20:28:01,101] tensorflow - Level 1 - Registering RFFT2D (<function _rfft_grad_helper.<locals>._grad at 0x0000024E57BA9D00>) in gradient.
[2026-02-15 20:28:01,102] tensorflow - Level 1 - Registering IRFFT2D (<function _irfft_grad_helper.<locals>._grad at 0x0000024E57BA9DA0>) in gradient.
[2026-02-15 20:28:01,113] tensorflow - Level 1 - Registering GenerateVocabRemapping (None) in gradient.
[2026-02-15 20:28:01,117] tensorflow - Level 1 - Registering LoadAndRemapMatrix (None) in gradient.
[2026-02-15 20:28:01,165] tensorflow - Level 1 - Registering XlaVariadicReduce (None) in gradient.
[2026-02-15 20:28:01,168] tensorflow - Level 1 - Registering XlaSharding (<function _sharding_grad at 0x0000024E57C647C0>) in gradient.
[2026-02-15 20:28:01,169] tensorflow - Level 1 - Registering XlaSpmdFullToShardShape (<function _spmd_full_to_shard_shape_grad at 0x0000024E57C64860>) in gradient.
[2026-02-15 20:28:01,169] tensorflow - Level 1 - Registering XlaSpmdShardToFullShape (<function _spmd_shard_to_full_shape_grad at 0x0000024E57C64900>) in gradient.
[2026-02-15 20:28:01,199] tensorflow - Level 1 - Registering CTCLoss (<function _CTCLossGrad at 0x0000024E57EB4D60>) in gradient.
[2026-02-15 20:28:01,203] tensorflow - Level 1 - Registering CTCLossV2 (<function _CTCLossV2Grad at 0x0000024E57EB4E00>) in gradient.
[2026-02-15 20:28:01,207] tensorflow - Level 1 - Registering CTCGreedyDecoder (None) in gradient.
[2026-02-15 20:28:01,208] tensorflow - Level 1 - Registering CTCBeamSearchDecoder (None) in gradient.
[2026-02-15 20:28:01,210] tensorflow - Level 1 - Registering FusedBatchNormGrad (<function _FusedBatchNormGradGrad at 0x0000024E57EB6840>) in gradient.
[2026-02-15 20:28:01,212] tensorflow - Level 1 - Registering FusedBatchNormGradV2 (<function _FusedBatchNormGradGradV2 at 0x0000024E57EB68E0>) in gradient.
[2026-02-15 20:28:01,212] tensorflow - Level 1 - Registering FusedBatchNormGradV3 (<function _FusedBatchNormGradGradV3 at 0x0000024E57EB6AC0>) in gradient.
[2026-02-15 20:28:01,235] tensorflow - Level 1 - Registering variables ((<class 'tensorflow.core.framework.variable_pb2.VariableDef'>, <function _to_proto_fn at 0x0000024E57EF2C00>, <function _from_proto_fn at 0x0000024E57EF2E80>)) in proto functions.
[2026-02-15 20:28:01,237] tensorflow - Level 1 - Registering trainable_variables ((<class 'tensorflow.core.framework.variable_pb2.VariableDef'>, <function _to_proto_fn at 0x0000024E57EF2C00>, <function _from_proto_fn at 0x0000024E57EF2E80>)) in proto functions.
[2026-02-15 20:28:01,237] tensorflow - Level 1 - Registering moving_average_variables ((<class 'tensorflow.core.framework.variable_pb2.VariableDef'>, <function _to_proto_fn at 0x0000024E57EF2C00>, <function _from_proto_fn at 0x0000024E57EF2E80>)) in proto functions.
[2026-02-15 20:28:01,238] tensorflow - Level 1 - Registering local_variables ((<class 'tensorflow.core.framework.variable_pb2.VariableDef'>, <function _to_proto_fn at 0x0000024E57EF2C00>, <function _from_proto_fn at 0x0000024E57EF2E80>)) in proto functions.
[2026-02-15 20:28:01,239] tensorflow - Level 1 - Registering model_variables ((<class 'tensorflow.core.framework.variable_pb2.VariableDef'>, <function _to_proto_fn at 0x0000024E57EF2C00>, <function _from_proto_fn at 0x0000024E57EF2E80>)) in proto functions.
[2026-02-15 20:28:01,240] tensorflow - Level 1 - Registering global_step ((<class 'tensorflow.core.framework.variable_pb2.VariableDef'>, <function _to_proto_fn at 0x0000024E57EF2C00>, <function _from_proto_fn at 0x0000024E57EF2E80>)) in proto functions.
[2026-02-15 20:28:01,241] tensorflow - Level 1 - Registering metric_variables ((<class 'tensorflow.core.framework.variable_pb2.VariableDef'>, <function _to_proto_fn at 0x0000024E57EF2C00>, <function _from_proto_fn at 0x0000024E57EF2E80>)) in proto functions.
[2026-02-15 20:28:01,242] tensorflow - Level 1 - Registering RandomCrop (None) in gradient.
[2026-02-15 20:28:01,246] tensorflow - Level 1 - Registering HSVToRGB (None) in gradient.
[2026-02-15 20:28:01,247] tensorflow - Level 1 - Registering DrawBoundingBoxes (None) in gradient.
[2026-02-15 20:28:01,247] tensorflow - Level 1 - Registering SampleDistortedBoundingBox (None) in gradient.
[2026-02-15 20:28:01,247] tensorflow - Level 1 - Registering SampleDistortedBoundingBoxV2 (None) in gradient.
[2026-02-15 20:28:01,248] tensorflow - Level 1 - Registering ExtractGlimpse (None) in gradient.
[2026-02-15 20:28:01,248] tensorflow - Level 1 - Registering NonMaxSuppression (None) in gradient.
[2026-02-15 20:28:01,249] tensorflow - Level 1 - Registering NonMaxSuppressionV2 (None) in gradient.
[2026-02-15 20:28:01,249] tensorflow - Level 1 - Registering NonMaxSuppressionWithOverlaps (None) in gradient.
[2026-02-15 20:28:01,249] tensorflow - Level 1 - Registering GenerateBoundingBoxProposals (None) in gradient.
[2026-02-15 20:28:01,285] tensorflow - Level 1 - Registering ImageProjectiveTransformV2 (<function _image_projective_transform_grad at 0x0000024E57FD7880>) in gradient.
[2026-02-15 20:28:01,287] tensorflow - Level 1 - Registering ImageProjectiveTransformV3 (<function _image_projective_transform_v3_grad at 0x0000024E57FD7A60>) in gradient.
[2026-02-15 20:28:01,579] tensorflow - Level 1 - Registering savers ((<class 'tensorflow.core.protobuf.saver_pb2.SaverDef'>, <function Saver.to_proto at 0x0000024E582AEDE0>, <function Saver.from_proto at 0x0000024E582AEE80>)) in proto functions.
[2026-02-15 20:28:01,599] tensorflow - Level 1 - Registering EagerPyFunc (<function _EagerPyFuncGrad at 0x0000024E582DBA60>) in gradient.
[2026-02-15 20:28:01,607] tensorflow - Level 1 - Registering PyFunc (None) in gradient.
[2026-02-15 20:28:01,608] tensorflow - Level 1 - Registering PyFuncStateless (None) in gradient.
[2026-02-15 20:28:01,638] tensorflow - Level 1 - Registering ReduceDataset (None) in gradient.
[2026-02-15 20:28:01,651] tensorflow - Level 1 - Registering tensorflow.python.data.ops.dataset_ops (<function _tf2_callback at 0x0000024E58329EE0>) in data_v2_callbacks.
[2026-02-15 20:28:01,672] tensorflow - Level 1 - Registering _resource_resolver (<function _resource_resolver at 0x0000024E583BAB60>) in acd_resource_resolvers.
[2026-02-15 20:28:01,702] tensorflow - Level 1 - Registering tensorflow.python.data.experimental.ops.counter (<function _tf2_callback at 0x0000024E583CA480>) in data_v2_callbacks.
[2026-02-15 20:28:01,749] tensorflow - Level 1 - Registering tensorflow.python.data.ops.readers (<function _tf2_callback at 0x0000024E583BB740>) in data_v2_callbacks.
[2026-02-15 20:28:01,755] tensorflow - Level 1 - Registering tensorflow.python.data.experimental.ops.interleave_ops (<function _tf2_callback at 0x0000024E583CB7E0>) in data_v2_callbacks.
[2026-02-15 20:28:01,822] tensorflow - Level 1 - Registering tensorflow.python.data.experimental.ops.random_ops (<function _tf2_callback at 0x0000024E58476C00>) in data_v2_callbacks.
[2026-02-15 20:28:01,835] tensorflow - Level 1 - Registering tensorflow.python.data.experimental.ops.readers (<function _tf2_callback at 0x0000024E5849C540>) in data_v2_callbacks.
[2026-02-15 20:28:02,228] tensorflow - Level 1 - Registering tpu_replicated_input_resolver (<function tpu_replicated_input_resolver at 0x0000024E58700540>) in acd_resource_resolvers.
[2026-02-15 20:28:02,246] tensorflow - DEBUG - Falling back to TensorFlow client; we recommended you install the Cloud TPU client directly with pip install cloud-tpu-client.
[2026-02-15 20:28:02,548] tensorflow - Level 1 - Registering queue_runners ((<class 'tensorflow.core.protobuf.queue_runner_pb2.QueueRunnerDef'>, <function QueueRunner.to_proto at 0x0000024E5891AF20>, <function QueueRunner.from_proto at 0x0000024E5891AFC0>)) in proto functions.
[2026-02-15 20:28:03,553] h5py._conv - DEBUG - Creating converter from 7 to 5
[2026-02-15 20:28:03,553] h5py._conv - DEBUG - Creating converter from 5 to 7
[2026-02-15 20:28:03,553] h5py._conv - DEBUG - Creating converter from 7 to 5
[2026-02-15 20:28:03,553] h5py._conv - DEBUG - Creating converter from 5 to 7
[2026-02-15 20:28:04,021] tensorflow - Level 1 - Registering DebugGradientIdentity (<function _identify_gradient_grad at 0x0000024E5A3EB920>) in gradient.
[2026-02-15 20:28:04,023] tensorflow - Level 1 - Registering DebugGradientRefIdentity (<function _identify_gradient_grad_ref at 0x0000024E5A3EB9C0>) in gradient.
[2026-02-15 20:28:04,127] tensorflow - Level 1 - Registering DebugIdentityV2 (<function _debug_identity_v2_grad at 0x0000024E5A466D40>) in gradient.
[2026-02-15 20:28:04,683] tensorflow - Level 1 - Registering AudioMicrofrontend (None) in gradient.
[2026-02-15 20:28:04,894] tensorflow - Level 1 - Registering Reciprocal,flops (<function _reciprocal_flops at 0x0000024E5AA60680>) in statistical functions.
[2026-02-15 20:28:04,898] tensorflow - Level 1 - Registering Square,flops (<function _square_flops at 0x0000024E5AA60720>) in statistical functions.
[2026-02-15 20:28:04,898] tensorflow - Level 1 - Registering Rsqrt,flops (<function _rsqrt_flops at 0x0000024E5AA60860>) in statistical functions.
[2026-02-15 20:28:04,899] tensorflow - Level 1 - Registering Log,flops (<function _log_flops at 0x0000024E5AA607C0>) in statistical functions.
[2026-02-15 20:28:04,900] tensorflow - Level 1 - Registering Neg,flops (<function _neg_flops at 0x0000024E5AA60900>) in statistical functions.
[2026-02-15 20:28:04,901] tensorflow - Level 1 - Registering AssignSub,flops (<function _assign_sub_flops at 0x0000024E5AA609A0>) in statistical functions.
[2026-02-15 20:28:04,901] tensorflow - Level 1 - Registering AssignAdd,flops (<function _assign_add_flops at 0x0000024E5AA60A40>) in statistical functions.
[2026-02-15 20:28:04,902] tensorflow - Level 1 - Registering L2Loss,flops (<function _l2_loss_flops at 0x0000024E5AA60AE0>) in statistical functions.
[2026-02-15 20:28:04,903] tensorflow - Level 1 - Registering Softmax,flops (<function _softmax_flops at 0x0000024E5AA60B80>) in statistical functions.
[2026-02-15 20:28:04,905] tensorflow - Level 1 - Registering AddV2,flops (<function _add_flops at 0x0000024E5AA60CC0>) in statistical functions.
[2026-02-15 20:28:04,905] tensorflow - Level 1 - Registering Add,flops (<function _add_flops at 0x0000024E5AA60CC0>) in statistical functions.
[2026-02-15 20:28:04,905] tensorflow - Level 1 - Registering Sub,flops (<function _sub_flops at 0x0000024E5AA60D60>) in statistical functions.
[2026-02-15 20:28:04,906] tensorflow - Level 1 - Registering Mul,flops (<function _mul_flops at 0x0000024E5AA60E00>) in statistical functions.
[2026-02-15 20:28:04,906] tensorflow - Level 1 - Registering RealDiv,flops (<function _real_div_flops at 0x0000024E5AA60EA0>) in statistical functions.
[2026-02-15 20:28:04,906] tensorflow - Level 1 - Registering Maximum,flops (<function _maximum_flops at 0x0000024E5AA60F40>) in statistical functions.
[2026-02-15 20:28:04,907] tensorflow - Level 1 - Registering Minimum,flops (<function _minimum_flops at 0x0000024E5AA60FE0>) in statistical functions.
[2026-02-15 20:28:04,907] tensorflow - Level 1 - Registering Pow,flops (<function _pow_flops at 0x0000024E5AA61080>) in statistical functions.
[2026-02-15 20:28:04,908] tensorflow - Level 1 - Registering RsqrtGrad,flops (<function _rsqrt_grad_flops at 0x0000024E5AA61120>) in statistical functions.
[2026-02-15 20:28:04,909] tensorflow - Level 1 - Registering GreaterEqual,flops (<function _greater_equal_flops at 0x0000024E5AA611C0>) in statistical functions.
[2026-02-15 20:28:04,910] tensorflow - Level 1 - Registering Greater,flops (<function _greater_flops at 0x0000024E5AA61260>) in statistical functions.
[2026-02-15 20:28:04,911] tensorflow - Level 1 - Registering LessEqual,flops (<function _less_equal_flops at 0x0000024E5AA61300>) in statistical functions.
[2026-02-15 20:28:04,913] tensorflow - Level 1 - Registering Less,flops (<function _less_flops at 0x0000024E5AA613A0>) in statistical functions.
[2026-02-15 20:28:04,913] tensorflow - Level 1 - Registering Equal,flops (<function _equal_flops at 0x0000024E5AA61440>) in statistical functions.
[2026-02-15 20:28:04,915] tensorflow - Level 1 - Registering NotEqual,flops (<function _not_equal_flops at 0x0000024E5AA614E0>) in statistical functions.
[2026-02-15 20:28:04,916] tensorflow - Level 1 - Registering SquaredDifference,flops (<function _squared_difference_flops at 0x0000024E5AA61580>) in statistical functions.
[2026-02-15 20:28:04,916] tensorflow - Level 1 - Registering Mean,flops (<function _mean_flops at 0x0000024E5AA616C0>) in statistical functions.
[2026-02-15 20:28:04,917] tensorflow - Level 1 - Registering Sum,flops (<function _sum_flops at 0x0000024E5AA61760>) in statistical functions.
[2026-02-15 20:28:04,917] tensorflow - Level 1 - Registering ArgMax,flops (<function _arg_max_flops at 0x0000024E5AA61800>) in statistical functions.
[2026-02-15 20:28:04,917] tensorflow - Level 1 - Registering ArgMin,flops (<function _arg_min_flops at 0x0000024E5AA618A0>) in statistical functions.
[2026-02-15 20:28:04,918] tensorflow - Level 1 - Registering BiasAddGrad,flops (<function _bias_add_grad_flops at 0x0000024E5AA61940>) in statistical functions.
[2026-02-15 20:28:04,919] tensorflow - Level 1 - Registering AvgPool,flops (<function _avg_pool_flops at 0x0000024E5AA61B20>) in statistical functions.
[2026-02-15 20:28:04,920] tensorflow - Level 1 - Registering MaxPool,flops (<function _max_pool_flops at 0x0000024E5AA61BC0>) in statistical functions.
[2026-02-15 20:28:04,921] tensorflow - Level 1 - Registering AvgPoolGrad,flops (<function _avg_pool_grad_flops at 0x0000024E5AA61C60>) in statistical functions.
[2026-02-15 20:28:04,923] tensorflow - Level 1 - Registering MaxPoolGrad,flops (<function _max_pool_grad_flops at 0x0000024E5AA61D00>) in statistical functions.
[2026-02-15 20:28:04,923] tensorflow - Level 1 - Registering Conv2DBackpropInput,flops (<function _conv_2d_backprop_input_flops at 0x0000024E5AA61DA0>) in statistical functions.
[2026-02-15 20:28:04,925] tensorflow - Level 1 - Registering Conv2DBackpropFilter,flops (<function _conv_2d_backprop_filter_flops at 0x0000024E5AA61E40>) in statistical functions.
[2026-02-15 20:28:04,925] tensorflow - Level 1 - Registering AddN,flops (<function _add_n_flops at 0x0000024E5AA61EE0>) in statistical functions.
[2026-02-15 20:28:04,926] tensorflow - Level 1 - Registering MatMul,flops (<function _calc_mat_mul_flops at 0x0000024E5AA61F80>) in statistical functions.
[2026-02-15 20:28:04,926] tensorflow - Level 1 - Registering BatchMatMulV3,flops (<function _calc_batch_mat_mul_flops at 0x0000024E5AA62020>) in statistical functions.
[2026-02-15 20:28:04,926] tensorflow - Level 1 - Registering BatchMatMulV2,flops (<function _calc_batch_mat_mul_flops at 0x0000024E5AA62020>) in statistical functions.
[2026-02-15 20:28:04,926] tensorflow - Level 1 - Registering BatchMatMul,flops (<function _calc_batch_mat_mul_flops at 0x0000024E5AA62020>) in statistical functions.
[2026-02-15 20:28:06,469] tensorflow - Level 1 - Enabling eager execution
[2026-02-15 20:28:06,469] tensorflow - Level 1 - Enabling v2 tensorshape
[2026-02-15 20:28:06,470] tensorflow - Level 1 - Enabling resource variables
[2026-02-15 20:28:06,470] tensorflow - Level 1 - Enabling tensor equality
[2026-02-15 20:28:06,471] tensorflow - Level 1 - Enabling control flow v2
[2026-02-15 20:28:08,756] matplotlib - DEBUG - matplotlib data path: C:\Users\BS\anaconda3\Lib\site-packages\matplotlib\mpl-data
[2026-02-15 20:28:08,775] matplotlib - DEBUG - CONFIGDIR=C:\Users\BS\.matplotlib
[2026-02-15 20:28:08,781] matplotlib - DEBUG - interactive is False
[2026-02-15 20:28:08,783] matplotlib - DEBUG - platform is win32
[2026-02-15 20:28:09,024] matplotlib - DEBUG - CACHEDIR=C:\Users\BS\.matplotlib
[2026-02-15 20:28:09,059] matplotlib.font_manager - DEBUG - Using fontManager instance from C:\Users\BS\.matplotlib\fontlist-v390.json
[2026-02-15 20:28:32,501] tensorflow - WARNING - From C:\Users\BS\anaconda3\Lib\site-packages\tf_keras\src\losses.py:2976: The name tf.losses.sparse_softmax_cross_entropy is deprecated. Please use tf.compat.v1.losses.sparse_softmax_cross_entropy instead.

