[2026-02-18 23:58:37,141] pydot - DEBUG - pydot initializing
[2026-02-18 23:58:37,141] pydot - DEBUG - pydot 4.0.1
[2026-02-18 23:58:37,152] pydot.core - DEBUG - pydot core module initializing
[2026-02-18 23:58:52,652] tensorflow - Level 1 - Registering Relayout (<function _relayout_gradient at 0x000001D676E6DF80>) in gradient.
[2026-02-18 23:58:52,653] tensorflow - Level 1 - Registering RelayoutLike (<function _relayout_grad_gradient at 0x000001D676E6E0C0>) in gradient.
[2026-02-18 23:58:52,653] tensorflow - Level 1 - Registering CopyToMesh (<function _copy_to_mesh_gradient at 0x000001D676E6E7A0>) in gradient.
[2026-02-18 23:58:52,653] tensorflow - Level 1 - Registering CopyToMeshGrad (<function _copy_to_mesh_grad_gradient at 0x000001D676E6E700>) in gradient.
[2026-02-18 23:58:52,679] tensorflow - Level 1 - Registering FakeQuantWithMinMaxArgs (<function _FakeQuantWithMinMaxArgsGradient at 0x000001D676F1E840>) in gradient.
[2026-02-18 23:58:52,683] tensorflow - Level 1 - Registering FakeQuantWithMinMaxVars (<function _FakeQuantWithMinMaxVarsGradient at 0x000001D676F1EA20>) in gradient.
[2026-02-18 23:58:52,683] tensorflow - Level 1 - Registering FakeQuantWithMinMaxVarsPerChannel (<function _FakeQuantWithMinMaxVarsPerChannelGradient at 0x000001D676F1EFC0>) in gradient.
[2026-02-18 23:58:52,684] tensorflow - Level 1 - Registering QuantizeAndDequantizeV4 (<function _QuantizeAndDequantizeV4Grad at 0x000001D676F1F060>) in gradient.
[2026-02-18 23:58:52,684] tensorflow - Level 1 - Registering QuantizeAndDequantizeV4Grad (<function _QuantizeAndDequantizeV4GradGrad at 0x000001D676F1F100>) in gradient.
[2026-02-18 23:58:53,025] tensorflow - Level 1 - Registering TensorListConcatLists (None) in gradient.
[2026-02-18 23:58:53,025] tensorflow - Level 1 - Registering TensorListElementShape (None) in gradient.
[2026-02-18 23:58:53,025] tensorflow - Level 1 - Registering TensorListLength (None) in gradient.
[2026-02-18 23:58:53,025] tensorflow - Level 1 - Registering TensorListPushBackBatch (None) in gradient.
[2026-02-18 23:58:53,041] tensorflow - Level 1 - Registering TensorListPushBack (<function _PushBackGrad at 0x000001D6780AF740>) in gradient.
[2026-02-18 23:58:53,042] tensorflow - Level 1 - Registering TensorListPopBack (<function _PopBackGrad at 0x000001D6780AF7E0>) in gradient.
[2026-02-18 23:58:53,042] tensorflow - Level 1 - Registering TensorListStack (<function _TensorListStackGrad at 0x000001D6780AF880>) in gradient.
[2026-02-18 23:58:53,042] tensorflow - Level 1 - Registering TensorListConcatV2 (<function _TensorListConcatGrad at 0x000001D6780AF920>) in gradient.
[2026-02-18 23:58:53,042] tensorflow - Level 1 - Registering TensorListConcat (<function _TensorListConcatGrad at 0x000001D6780AF920>) in gradient.
[2026-02-18 23:58:53,042] tensorflow - Level 1 - Registering TensorListSplit (<function _TensorListSplitGrad at 0x000001D6780AF9C0>) in gradient.
[2026-02-18 23:58:53,043] tensorflow - Level 1 - Registering TensorListFromTensor (<function _TensorListFromTensorGrad at 0x000001D6780AFA60>) in gradient.
[2026-02-18 23:58:53,043] tensorflow - Level 1 - Registering TensorListGetItem (<function _TensorListGetItemGrad at 0x000001D6780AFB00>) in gradient.
[2026-02-18 23:58:53,043] tensorflow - Level 1 - Registering TensorListSetItem (<function _TensorListSetItemGrad at 0x000001D6780AFBA0>) in gradient.
[2026-02-18 23:58:53,044] tensorflow - Level 1 - Registering TensorListResize (<function _TensorListResizeGrad at 0x000001D6780AFC40>) in gradient.
[2026-02-18 23:58:53,044] tensorflow - Level 1 - Registering TensorListGather (<function _TensorListGatherGrad at 0x000001D6780AFCE0>) in gradient.
[2026-02-18 23:58:53,045] tensorflow - Level 1 - Registering TensorListScatterV2 (<function _TensorListScatterGrad at 0x000001D6780AFD80>) in gradient.
[2026-02-18 23:58:53,045] tensorflow - Level 1 - Registering TensorListScatter (<function _TensorListScatterGrad at 0x000001D6780AFD80>) in gradient.
[2026-02-18 23:58:53,046] tensorflow - Level 1 - Registering TensorListScatterIntoExistingList (<function _TensorListScatterIntoExistingListGrad at 0x000001D6780AFE20>) in gradient.
[2026-02-18 23:58:53,119] tensorflow - Level 1 - Registering AccumulateNV2 (<function _accumulate_n_grad at 0x000001D678269080>) in gradient.
[2026-02-18 23:58:53,181] tensorflow - Level 1 - Registering cond_context ((<class 'tensorflow.core.protobuf.control_flow_pb2.CondContextDef'>, <function CondContext.to_proto at 0x000001D6783700E0>, <function CondContext.from_proto at 0x000001D678370180>)) in proto functions.
[2026-02-18 23:58:53,197] tensorflow - Level 1 - Registering while_context ((<class 'tensorflow.core.protobuf.control_flow_pb2.WhileContextDef'>, <function WhileContext.to_proto at 0x000001D678370F40>, <function WhileContext.from_proto at 0x000001D678371080>)) in proto functions.
[2026-02-18 23:58:53,197] tensorflow - Level 1 - Registering _identity_resolver (<function _identity_resolver at 0x000001D678372F20>) in acd_resource_resolvers.
[2026-02-18 23:58:53,287] tensorflow - Level 1 - Registering Assign (None) in gradient.
[2026-02-18 23:58:53,288] tensorflow - Level 1 - Registering AssignAdd (None) in gradient.
[2026-02-18 23:58:53,288] tensorflow - Level 1 - Registering AssignSub (None) in gradient.
[2026-02-18 23:58:53,289] tensorflow - Level 1 - Registering ScatterAdd (None) in gradient.
[2026-02-18 23:58:53,289] tensorflow - Level 1 - Registering ScatterSub (None) in gradient.
[2026-02-18 23:58:53,289] tensorflow - Level 1 - Registering ScatterMul (None) in gradient.
[2026-02-18 23:58:53,290] tensorflow - Level 1 - Registering ScatterDiv (None) in gradient.
[2026-02-18 23:58:53,290] tensorflow - Level 1 - Registering ScatterNdUpdate (None) in gradient.
[2026-02-18 23:58:53,290] tensorflow - Level 1 - Registering ScatterNdAdd (None) in gradient.
[2026-02-18 23:58:53,291] tensorflow - Level 1 - Registering ScatterNdSub (None) in gradient.
[2026-02-18 23:58:53,291] tensorflow - Level 1 - Registering ScatterNdMul (None) in gradient.
[2026-02-18 23:58:53,291] tensorflow - Level 1 - Registering ScatterNdDiv (None) in gradient.
[2026-02-18 23:58:53,314] tensorflow - Level 1 - Registering ReadVariableOp (<function _ReadGrad at 0x000001D6784F6DE0>) in gradient.
[2026-02-18 23:58:53,317] tensorflow - Level 1 - Registering ResourceGather (<function _GatherGrad at 0x000001D6784F7E20>) in gradient.
[2026-02-18 23:58:53,318] tensorflow - Level 1 - Registering Assert (None) in gradient.
[2026-02-18 23:58:53,318] tensorflow - Level 1 - Registering VarIsInitializedOp (None) in gradient.
[2026-02-18 23:58:53,318] tensorflow - Level 1 - Registering VariableShape (None) in gradient.
[2026-02-18 23:58:53,372] tensorflow - Level 1 - Registering RandomStandardNormal (None) in gradient.
[2026-02-18 23:58:53,375] tensorflow - Level 1 - Registering ParameterizedTruncatedNormal (None) in gradient.
[2026-02-18 23:58:53,376] tensorflow - Level 1 - Registering TruncatedNormal (None) in gradient.
[2026-02-18 23:58:53,377] tensorflow - Level 1 - Registering RandomUniform (None) in gradient.
[2026-02-18 23:58:53,377] tensorflow - Level 1 - Registering RandomShuffle (None) in gradient.
[2026-02-18 23:58:53,379] tensorflow - Level 1 - Registering Multinomial (None) in gradient.
[2026-02-18 23:58:53,473] tensorflow - Level 1 - Registering If (<function _IfGrad at 0x000001D6786DB600>) in gradient.
[2026-02-18 23:58:53,476] tensorflow - Level 1 - Registering StatelessIf (<function _IfGrad at 0x000001D6786DB600>) in gradient.
[2026-02-18 23:58:53,476] tensorflow - Level 1 - Registering StatelessCase (<function _CaseGrad at 0x000001D678700D60>) in gradient.
[2026-02-18 23:58:53,476] tensorflow - Level 1 - Registering Case (<function _CaseGrad at 0x000001D678700D60>) in gradient.
[2026-02-18 23:58:53,495] tensorflow - Level 1 - Registering While (<function _WhileGrad at 0x000001D67875B600>) in gradient.
[2026-02-18 23:58:53,495] tensorflow - Level 1 - Registering StatelessWhile (<function _WhileGrad at 0x000001D67875B600>) in gradient.
[2026-02-18 23:58:53,748] tensorflow - Level 1 - Registering EnsureShape (<function _ensure_shape_grad at 0x000001D6789C2DE0>) in gradient.
[2026-02-18 23:58:53,776] tensorflow - Level 1 - Registering RaggedTensorToSparse (<function _ragged_tensor_to_sparse_gradient at 0x000001D678A32DE0>) in gradient.
[2026-02-18 23:58:53,835] tensorflow - Level 1 - Registering Conv2DBackpropInput (<function _Conv2DBackpropInputGrad at 0x000001D678AAB240>) in gradient.
[2026-02-18 23:58:53,838] tensorflow - Level 1 - Registering Conv2DBackpropFilter (<function _Conv2DBackpropFilterGrad at 0x000001D678AAB880>) in gradient.
[2026-02-18 23:58:53,838] tensorflow - Level 1 - Registering DepthwiseConv2dNativeBackpropInput (<function _DepthwiseConv2dNativeBackpropInputGrad at 0x000001D678AF0040>) in gradient.
[2026-02-18 23:58:53,838] tensorflow - Level 1 - Registering DepthwiseConv2dNativeBackpropFilter (<function _DepthwiseConv2dNativeBackpropFilterGrad at 0x000001D678AF0680>) in gradient.
[2026-02-18 23:58:53,838] tensorflow - Level 1 - Registering Conv3D (<function _Conv3DGrad at 0x000001D678AF0720>) in gradient.
[2026-02-18 23:58:53,838] tensorflow - Level 1 - Registering Conv3DBackpropInputV2 (<function _Conv3DBackpropInputGrad at 0x000001D678AF07C0>) in gradient.
[2026-02-18 23:58:53,838] tensorflow - Level 1 - Registering Conv3DBackpropFilterV2 (<function _Conv3DBackpropFilterGrad at 0x000001D678AF0860>) in gradient.
[2026-02-18 23:58:53,838] tensorflow - Level 1 - Registering AvgPool3D (<function _AvgPool3DGrad at 0x000001D678AF0900>) in gradient.
[2026-02-18 23:58:53,838] tensorflow - Level 1 - Registering AvgPool3DGrad (<function _AvgPool3DGradGrad at 0x000001D678AF09A0>) in gradient.
[2026-02-18 23:58:53,838] tensorflow - Level 1 - Registering MaxPool3D (<function _MaxPool3DGrad at 0x000001D678AF0A40>) in gradient.
[2026-02-18 23:58:53,838] tensorflow - Level 1 - Registering MaxPool3DGrad (<function _MaxPool3DGradGrad at 0x000001D678AF0AE0>) in gradient.
[2026-02-18 23:58:53,838] tensorflow - Level 1 - Registering MaxPool3DGradGrad (<function _MaxPool3DGradGradGrad at 0x000001D678AF0B80>) in gradient.
[2026-02-18 23:58:53,838] tensorflow - Level 1 - Registering Softmax (<function _SoftmaxGrad at 0x000001D678AF0C20>) in gradient.
[2026-02-18 23:58:53,838] tensorflow - Level 1 - Registering LogSoftmax (<function _LogSoftmaxGrad at 0x000001D678AF0CC0>) in gradient.
[2026-02-18 23:58:53,838] tensorflow - Level 1 - Registering BiasAdd (<function _BiasAddGrad at 0x000001D678AF0D60>) in gradient.
[2026-02-18 23:58:53,838] tensorflow - Level 1 - Registering BiasAddGrad (<function _BiasAddGradGrad at 0x000001D678AF0E00>) in gradient.
[2026-02-18 23:58:53,838] tensorflow - Level 1 - Registering BiasAddV1 (<function _BiasAddGradV1 at 0x000001D678AF0EA0>) in gradient.
[2026-02-18 23:58:53,838] tensorflow - Level 1 - Registering Relu (<function _ReluGrad at 0x000001D678AF0F40>) in gradient.
[2026-02-18 23:58:53,838] tensorflow - Level 1 - Registering EluGrad (<function _EluGradGrad at 0x000001D678AF0FE0>) in gradient.
[2026-02-18 23:58:53,838] tensorflow - Level 1 - Registering SeluGrad (<function _SeluGradGrad at 0x000001D678AF1080>) in gradient.
[2026-02-18 23:58:53,838] tensorflow - Level 1 - Registering Relu6 (<function _Relu6Grad at 0x000001D678AF1120>) in gradient.
[2026-02-18 23:58:53,838] tensorflow - Level 1 - Registering Relu6Grad (<function _Relu6GradGrad at 0x000001D678AF11C0>) in gradient.
[2026-02-18 23:58:53,838] tensorflow - Level 1 - Registering LeakyRelu (<function _LeakyReluGrad at 0x000001D678AF1260>) in gradient.
[2026-02-18 23:58:53,838] tensorflow - Level 1 - Registering LeakyReluGrad (<function _LeakyReluGradGrad at 0x000001D678AF1300>) in gradient.
[2026-02-18 23:58:53,838] tensorflow - Level 1 - Registering Elu (<function _EluGrad at 0x000001D678AF13A0>) in gradient.
[2026-02-18 23:58:53,838] tensorflow - Level 1 - Registering Selu (<function _SeluGrad at 0x000001D678AF1440>) in gradient.
[2026-02-18 23:58:53,838] tensorflow - Level 1 - Registering Softplus (<function _SoftplusGrad at 0x000001D678AF14E0>) in gradient.
[2026-02-18 23:58:53,838] tensorflow - Level 1 - Registering SoftplusGrad (<function _SoftplusGradGrad at 0x000001D678AF1580>) in gradient.
[2026-02-18 23:58:53,838] tensorflow - Level 1 - Registering Softsign (<function _SoftsignGrad at 0x000001D678AF1620>) in gradient.
[2026-02-18 23:58:53,838] tensorflow - Level 1 - Registering ReluGrad (<function _ReluGradGrad at 0x000001D678AF16C0>) in gradient.
[2026-02-18 23:58:53,838] tensorflow - Level 1 - Registering SoftmaxCrossEntropyWithLogits (<function _SoftmaxCrossEntropyWithLogitsGrad at 0x000001D678AF1800>) in gradient.
[2026-02-18 23:58:53,838] tensorflow - Level 1 - Registering SparseSoftmaxCrossEntropyWithLogits (<function _SparseSoftmaxCrossEntropyWithLogitsGrad at 0x000001D678AF18A0>) in gradient.
[2026-02-18 23:58:53,838] tensorflow - Level 1 - Registering Conv2D (<function _Conv2DGrad at 0x000001D678AF1940>) in gradient.
[2026-02-18 23:58:53,838] tensorflow - Level 1 - Registering DepthwiseConv2dNative (<function _DepthwiseConv2dNativeGrad at 0x000001D678AF19E0>) in gradient.
[2026-02-18 23:58:53,838] tensorflow - Level 1 - Registering Dilation2D (<function _Dilation2DGrad at 0x000001D678AF1A80>) in gradient.
[2026-02-18 23:58:53,838] tensorflow - Level 1 - Registering LRN (<function _LRNGrad at 0x000001D678AF1B20>) in gradient.
[2026-02-18 23:58:53,838] tensorflow - Level 1 - Registering AvgPool (<function _AvgPoolGrad at 0x000001D678AF1BC0>) in gradient.
[2026-02-18 23:58:53,838] tensorflow - Level 1 - Registering AvgPoolGrad (<function _AvgPoolGradGrad at 0x000001D678AF1C60>) in gradient.
[2026-02-18 23:58:53,838] tensorflow - Level 1 - Registering MaxPool (<function _MaxPoolGrad at 0x000001D678AF1D00>) in gradient.
[2026-02-18 23:58:53,838] tensorflow - Level 1 - Registering MaxPoolV2 (<function _MaxPoolGradV2 at 0x000001D678AF1DA0>) in gradient.
[2026-02-18 23:58:53,838] tensorflow - Level 1 - Registering MaxPoolWithArgmax (<function _MaxPoolGradWithArgmax at 0x000001D678AF1E40>) in gradient.
[2026-02-18 23:58:53,838] tensorflow - Level 1 - Registering MaxPoolGrad (<function _MaxPoolGradGrad at 0x000001D678AF1EE0>) in gradient.
[2026-02-18 23:58:53,838] tensorflow - Level 1 - Registering MaxPoolGradV2 (<function _MaxPoolGradGradV2 at 0x000001D678AF1F80>) in gradient.
[2026-02-18 23:58:53,838] tensorflow - Level 1 - Registering MaxPoolGradGrad (<function _MaxPoolGradGradGrad at 0x000001D678AF2020>) in gradient.
[2026-02-18 23:58:53,838] tensorflow - Level 1 - Registering FractionalMaxPool (<function _FractionalMaxPoolGrad at 0x000001D678AF20C0>) in gradient.
[2026-02-18 23:58:53,838] tensorflow - Level 1 - Registering FractionalAvgPool (<function _FractionalAvgPoolGrad at 0x000001D678AF2160>) in gradient.
[2026-02-18 23:58:53,838] tensorflow - Level 1 - Registering BatchNormWithGlobalNormalization (<function _BatchNormWithGlobalNormalizationGrad at 0x000001D678AF2200>) in gradient.
[2026-02-18 23:58:53,838] tensorflow - Level 1 - Registering FusedBatchNorm (<function _FusedBatchNormGrad at 0x000001D678AF2340>) in gradient.
[2026-02-18 23:58:53,838] tensorflow - Level 1 - Registering FusedBatchNormV2 (<function _FusedBatchNormV2Grad at 0x000001D678AF23E0>) in gradient.
[2026-02-18 23:58:53,838] tensorflow - Level 1 - Registering FusedBatchNormV3 (<function _FusedBatchNormV3Grad at 0x000001D678AF2480>) in gradient.
[2026-02-18 23:58:53,838] tensorflow - Level 1 - Registering L2Loss (<function _L2LossGrad at 0x000001D678AF2520>) in gradient.
[2026-02-18 23:58:53,838] tensorflow - Level 1 - Registering TopKV2 (<function _TopKGrad at 0x000001D678AF25C0>) in gradient.
[2026-02-18 23:58:53,838] tensorflow - Level 1 - Registering TopK (<function _TopKGrad at 0x000001D678AF25C0>) in gradient.
[2026-02-18 23:58:53,838] tensorflow - Level 1 - Registering ApproxTopK (<function _ApproxTopKGradient at 0x000001D678AF2660>) in gradient.
[2026-02-18 23:58:53,838] tensorflow - Level 1 - Registering NthElement (<function _NthElementGrad at 0x000001D678AF2700>) in gradient.
[2026-02-18 23:58:53,838] tensorflow - Level 1 - Registering IsotonicRegression (<function _IsotonicRegressionGrad at 0x000001D678AF2840>) in gradient.
[2026-02-18 23:58:53,874] tensorflow - Level 1 - Registering BitwiseAnd (None) in gradient.
[2026-02-18 23:58:53,876] tensorflow - Level 1 - Registering BitwiseOr (None) in gradient.
[2026-02-18 23:58:53,877] tensorflow - Level 1 - Registering BitwiseXor (None) in gradient.
[2026-02-18 23:58:53,877] tensorflow - Level 1 - Registering Invert (None) in gradient.
[2026-02-18 23:58:53,877] tensorflow - Level 1 - Registering PopulationCount (None) in gradient.
[2026-02-18 23:58:53,877] tensorflow - Level 1 - Registering LeftShift (None) in gradient.
[2026-02-18 23:58:53,878] tensorflow - Level 1 - Registering RightShift (None) in gradient.
[2026-02-18 23:58:53,878] tensorflow - Level 1 - Registering StatelessMultinomial (None) in gradient.
[2026-02-18 23:58:53,881] tensorflow - Level 1 - Registering StatelessRandomBinomial (None) in gradient.
[2026-02-18 23:58:53,881] tensorflow - Level 1 - Registering StatelessRandomNormal (None) in gradient.
[2026-02-18 23:58:53,882] tensorflow - Level 1 - Registering StatelessRandomPoisson (None) in gradient.
[2026-02-18 23:58:53,882] tensorflow - Level 1 - Registering StatelessRandomUniform (None) in gradient.
[2026-02-18 23:58:53,882] tensorflow - Level 1 - Registering StatelessRandomUniformInt (None) in gradient.
[2026-02-18 23:58:53,882] tensorflow - Level 1 - Registering StatelessRandomUniformFullInt (None) in gradient.
[2026-02-18 23:58:53,883] tensorflow - Level 1 - Registering StatelessTruncatedNormal (None) in gradient.
[2026-02-18 23:58:53,883] tensorflow - Level 1 - Registering StatelessRandomNormalV2 (None) in gradient.
[2026-02-18 23:58:53,883] tensorflow - Level 1 - Registering StatelessRandomUniformV2 (None) in gradient.
[2026-02-18 23:58:53,883] tensorflow - Level 1 - Registering StatelessRandomUniformIntV2 (None) in gradient.
[2026-02-18 23:58:53,884] tensorflow - Level 1 - Registering StatelessRandomUniformFullIntV2 (None) in gradient.
[2026-02-18 23:58:53,884] tensorflow - Level 1 - Registering StatelessTruncatedNormalV2 (None) in gradient.
[2026-02-18 23:58:53,884] tensorflow - Level 1 - Registering StatelessRandomShuffle (None) in gradient.
[2026-02-18 23:58:53,884] tensorflow - Level 1 - Registering RandomIndexShuffle (None) in gradient.
[2026-02-18 23:58:53,898] tensorflow - Level 1 - Registering Conv3D,flops (<function _calc_conv3d_flops at 0x000001D678BA8FE0>) in statistical functions.
[2026-02-18 23:58:53,898] tensorflow - Level 1 - Registering Conv2D,flops (<function _calc_conv_flops at 0x000001D678BA91C0>) in statistical functions.
[2026-02-18 23:58:53,898] tensorflow - Level 1 - Registering DepthwiseConv2dNative,flops (<function _calc_depthwise_conv_flops at 0x000001D678BA9760>) in statistical functions.
[2026-02-18 23:58:53,914] tensorflow - Level 1 - Registering BiasAdd,flops (<function _calc_bias_add_flops at 0x000001D678BA9800>) in statistical functions.
[2026-02-18 23:58:53,919] tensorflow - Level 1 - Registering Dilation2D,flops (<function _calc_dilation2d_flops at 0x000001D678BAB2E0>) in statistical functions.
[2026-02-18 23:58:53,932] tensorflow - Level 1 - Registering CompositeTensorVariantFromComponents (<function _composite_tensor_to_variants_grad at 0x000001D678C8C360>) in gradient.
[2026-02-18 23:58:53,932] tensorflow - Level 1 - Registering CompositeTensorVariantToComponents (<function _composite_tensor_from_variant_grad at 0x000001D678C8C400>) in gradient.
[2026-02-18 23:58:53,964] tensorflow - Level 1 - Registering RaggedRange (None) in gradient.
[2026-02-18 23:58:53,990] tensorflow - Level 1 - Registering RaggedFillEmptyRows (<function _ragged_fill_empty_rows_grad at 0x000001D678CE9260>) in gradient.
[2026-02-18 23:58:53,996] tensorflow - Level 1 - Registering RaggedGather (<function _ragged_gather_grad at 0x000001D678CEB100>) in gradient.
[2026-02-18 23:58:54,012] tensorflow - Level 1 - Registering RegexReplace (None) in gradient.
[2026-02-18 23:58:54,012] tensorflow - Level 1 - Registering StringToHashBucket (None) in gradient.
[2026-02-18 23:58:54,012] tensorflow - Level 1 - Registering StringToHashBucketFast (None) in gradient.
[2026-02-18 23:58:54,012] tensorflow - Level 1 - Registering StringToHashBucketStrong (None) in gradient.
[2026-02-18 23:58:54,012] tensorflow - Level 1 - Registering ReduceJoin (None) in gradient.
[2026-02-18 23:58:54,012] tensorflow - Level 1 - Registering StringJoin (None) in gradient.
[2026-02-18 23:58:54,012] tensorflow - Level 1 - Registering StringSplit (None) in gradient.
[2026-02-18 23:58:54,012] tensorflow - Level 1 - Registering AsString (None) in gradient.
[2026-02-18 23:58:54,012] tensorflow - Level 1 - Registering EncodeBase64 (None) in gradient.
[2026-02-18 23:58:54,012] tensorflow - Level 1 - Registering DecodeBase64 (None) in gradient.
[2026-02-18 23:58:54,031] tensorflow - Level 1 - Registering Print (<function _PrintGrad at 0x000001D678D25DA0>) in gradient.
[2026-02-18 23:58:54,036] tensorflow - Level 1 - Registering HistogramSummary (None) in gradient.
[2026-02-18 23:58:54,037] tensorflow - Level 1 - Registering ImageSummary (None) in gradient.
[2026-02-18 23:58:54,037] tensorflow - Level 1 - Registering AudioSummary (None) in gradient.
[2026-02-18 23:58:54,038] tensorflow - Level 1 - Registering AudioSummaryV2 (None) in gradient.
[2026-02-18 23:58:54,038] tensorflow - Level 1 - Registering MergeSummary (None) in gradient.
[2026-02-18 23:58:54,038] tensorflow - Level 1 - Registering ScalarSummary (None) in gradient.
[2026-02-18 23:58:54,038] tensorflow - Level 1 - Registering TensorSummary (None) in gradient.
[2026-02-18 23:58:54,039] tensorflow - Level 1 - Registering TensorSummaryV2 (None) in gradient.
[2026-02-18 23:58:54,039] tensorflow - Level 1 - Registering Timestamp (None) in gradient.
[2026-02-18 23:58:54,073] tensorflow - Level 1 - Registering XlaEinsum (<function _einsum_grad at 0x000001D678DD0E00>) in gradient.
[2026-02-18 23:58:54,092] tensorflow - Level 1 - Registering RaggedTensorToTensor (<function _ragged_tensor_to_tensor_grad at 0x000001D678E05DA0>) in gradient.
[2026-02-18 23:58:54,094] tensorflow - Level 1 - Registering RaggedTensorFromVariant (<function _ragged_tensor_from_variant_grad at 0x000001D678E06020>) in gradient.
[2026-02-18 23:58:54,094] tensorflow - Level 1 - Registering RaggedTensorToVariant (<function _ragged_tensor_to_variant_grad at 0x000001D678E060C0>) in gradient.
[2026-02-18 23:58:54,102] tensorflow - Level 1 - Registering ClipByValue (<function _clip_by_value_grad at 0x000001D678E067A0>) in gradient.
[2026-02-18 23:58:54,104] tensorflow - Level 1 - Registering DynamicPartition (<function _DynamicPartitionGrads at 0x000001D678E071A0>) in gradient.
[2026-02-18 23:58:54,104] tensorflow - Level 1 - Registering ParallelDynamicStitch (<function _DynamicStitchGrads at 0x000001D678E074C0>) in gradient.
[2026-02-18 23:58:54,104] tensorflow - Level 1 - Registering DynamicStitch (<function _DynamicStitchGrads at 0x000001D678E074C0>) in gradient.
[2026-02-18 23:58:54,104] tensorflow - Level 1 - Registering Queue (None) in gradient.
[2026-02-18 23:58:54,104] tensorflow - Level 1 - Registering QueueEnqueue (None) in gradient.
[2026-02-18 23:58:54,104] tensorflow - Level 1 - Registering QueueEnqueueMany (None) in gradient.
[2026-02-18 23:58:54,104] tensorflow - Level 1 - Registering QueueDequeue (None) in gradient.
[2026-02-18 23:58:54,104] tensorflow - Level 1 - Registering QueueDequeueMany (None) in gradient.
[2026-02-18 23:58:54,104] tensorflow - Level 1 - Registering QueueDequeueUpTo (None) in gradient.
[2026-02-18 23:58:54,104] tensorflow - Level 1 - Registering QueueClose (None) in gradient.
[2026-02-18 23:58:54,104] tensorflow - Level 1 - Registering QueueSize (None) in gradient.
[2026-02-18 23:58:54,104] tensorflow - Level 1 - Registering Stack (None) in gradient.
[2026-02-18 23:58:54,104] tensorflow - Level 1 - Registering StackPush (None) in gradient.
[2026-02-18 23:58:54,104] tensorflow - Level 1 - Registering StackPop (None) in gradient.
[2026-02-18 23:58:54,104] tensorflow - Level 1 - Registering StackClose (None) in gradient.
[2026-02-18 23:58:54,104] tensorflow - Level 1 - Registering GetSessionHandle (None) in gradient.
[2026-02-18 23:58:54,104] tensorflow - Level 1 - Registering GetSessionHandleV2 (None) in gradient.
[2026-02-18 23:58:54,104] tensorflow - Level 1 - Registering GetSessionTensor (None) in gradient.
[2026-02-18 23:58:54,104] tensorflow - Level 1 - Registering DeleteSessionTensor (None) in gradient.
[2026-02-18 23:58:54,209] tensorflow - Level 1 - Registering TPUReplicatedInput (None) in gradient.
[2026-02-18 23:58:54,212] tensorflow - Level 1 - Registering AllToAll (<function _all_to_all_grad at 0x000001D678F85800>) in gradient.
[2026-02-18 23:58:54,213] tensorflow - Level 1 - Registering CollectivePermute (<function _collective_permute_grad at 0x000001D678F859E0>) in gradient.
[2026-02-18 23:58:54,213] tensorflow - Level 1 - Registering CrossReplicaSum (<function _cross_replica_sum_grad at 0x000001D678F85A80>) in gradient.
[2026-02-18 23:58:54,214] tensorflow - Level 1 - Registering TPUEmbeddingActivations (<function _embedding_activations_grad at 0x000001D678F85B20>) in gradient.
[2026-02-18 23:58:54,260] tensorflow - Level 1 - Registering XlaClusterOutput (<function _XlaClusterOutputGrad at 0x000001D678FF0040>) in gradient.
[2026-02-18 23:58:54,260] tensorflow - Level 1 - Registering Pack (<function _PackGrad at 0x000001D678FF11C0>) in gradient.
[2026-02-18 23:58:54,260] tensorflow - Level 1 - Registering Unpack (<function _UnpackGrad at 0x000001D678FF1300>) in gradient.
[2026-02-18 23:58:54,260] tensorflow - Level 1 - Registering Concat (<function _ConcatGrad at 0x000001D678FF14E0>) in gradient.
[2026-02-18 23:58:54,276] tensorflow - Level 1 - Registering ConcatV2 (<function _ConcatGradV2 at 0x000001D678FF1580>) in gradient.
[2026-02-18 23:58:54,276] tensorflow - Level 1 - Registering ConcatOffset (None) in gradient.
[2026-02-18 23:58:54,276] tensorflow - Level 1 - Registering Slice (<function _SliceGrad at 0x000001D678FF1620>) in gradient.
[2026-02-18 23:58:54,276] tensorflow - Level 1 - Registering StridedSlice (<function _StridedSliceGrad at 0x000001D678FF1800>) in gradient.
[2026-02-18 23:58:54,276] tensorflow - Level 1 - Registering StridedSliceGrad (<function _StridedSliceGradGrad at 0x000001D678FF18A0>) in gradient.
[2026-02-18 23:58:54,276] tensorflow - Level 1 - Registering TensorStridedSliceUpdate (<function _TensorStridedSliceUpdateGrad at 0x000001D678FF1940>) in gradient.
[2026-02-18 23:58:54,276] tensorflow - Level 1 - Registering Split (<function _SplitGrad at 0x000001D678FF19E0>) in gradient.
[2026-02-18 23:58:54,276] tensorflow - Level 1 - Registering SplitV (<function _SplitVGrad at 0x000001D678FF1A80>) in gradient.
[2026-02-18 23:58:54,276] tensorflow - Level 1 - Registering Const (None) in gradient.
[2026-02-18 23:58:54,276] tensorflow - Level 1 - Registering Diag (<function _DiagGrad at 0x000001D678FF1B20>) in gradient.
[2026-02-18 23:58:54,276] tensorflow - Level 1 - Registering DiagPart (<function _DiagPartGrad at 0x000001D678FF1BC0>) in gradient.
[2026-02-18 23:58:54,276] tensorflow - Level 1 - Registering MatrixDiag (<function _MatrixDiagGrad at 0x000001D678FF1C60>) in gradient.
[2026-02-18 23:58:54,276] tensorflow - Level 1 - Registering MatrixDiagV2 (<function _MatrixDiagV2Grad at 0x000001D678FF1D00>) in gradient.
[2026-02-18 23:58:54,276] tensorflow - Level 1 - Registering MatrixDiagV3 (<function _MatrixDiagV3Grad at 0x000001D678FF1DA0>) in gradient.
[2026-02-18 23:58:54,276] tensorflow - Level 1 - Registering MatrixDiagPart (<function _MatrixDiagPartGrad at 0x000001D678FF1E40>) in gradient.
[2026-02-18 23:58:54,276] tensorflow - Level 1 - Registering MatrixDiagPartV2 (<function _MatrixDiagPartV2Grad at 0x000001D678FF1EE0>) in gradient.
[2026-02-18 23:58:54,276] tensorflow - Level 1 - Registering MatrixDiagPartV3 (<function _MatrixDiagPartV3Grad at 0x000001D678FF1F80>) in gradient.
[2026-02-18 23:58:54,276] tensorflow - Level 1 - Registering MatrixSetDiag (<function _MatrixSetDiagGrad at 0x000001D678FF2020>) in gradient.
[2026-02-18 23:58:54,276] tensorflow - Level 1 - Registering MatrixSetDiagV2 (<function _MatrixSetDiagGradV2 at 0x000001D678FF20C0>) in gradient.
[2026-02-18 23:58:54,276] tensorflow - Level 1 - Registering MatrixSetDiagV3 (<function _MatrixSetDiagGradV3 at 0x000001D678FF2160>) in gradient.
[2026-02-18 23:58:54,276] tensorflow - Level 1 - Registering MatrixBandPart (<function _MatrixBandPartGrad at 0x000001D678FF2200>) in gradient.
[2026-02-18 23:58:54,276] tensorflow - Level 1 - Registering EditDistance (None) in gradient.
[2026-02-18 23:58:54,276] tensorflow - Level 1 - Registering Fill (<function _FillGrad at 0x000001D678FF22A0>) in gradient.
[2026-02-18 23:58:54,276] tensorflow - Level 1 - Registering ZerosLike (None) in gradient.
[2026-02-18 23:58:54,276] tensorflow - Level 1 - Registering OnesLike (None) in gradient.
[2026-02-18 23:58:54,276] tensorflow - Level 1 - Registering PreventGradient (<function _PreventGradientGrad at 0x000001D678FF2340>) in gradient.
[2026-02-18 23:58:54,276] tensorflow - Level 1 - Registering Gather (<function _GatherGrad at 0x000001D678FF2480>) in gradient.
[2026-02-18 23:58:54,276] tensorflow - Level 1 - Registering GatherV2 (<function _GatherV2Grad at 0x000001D678FF2660>) in gradient.
[2026-02-18 23:58:54,276] tensorflow - Level 1 - Registering GatherNd (<function _GatherNdGrad at 0x000001D678FF2700>) in gradient.
[2026-02-18 23:58:54,276] tensorflow - Level 1 - Registering ResourceGatherNd (<function _ResourceGatherNdGrad at 0x000001D678FF27A0>) in gradient.
[2026-02-18 23:58:54,276] tensorflow - Level 1 - Registering CheckNumerics (<function _CheckNumericsGrad at 0x000001D678FF2840>) in gradient.
[2026-02-18 23:58:54,276] tensorflow - Level 1 - Registering CheckNumericsV2 (<function _CheckNumericsV2Grad at 0x000001D678FF28E0>) in gradient.
[2026-02-18 23:58:54,276] tensorflow - Level 1 - Registering Identity (<function _IdGrad at 0x000001D678FF2980>) in gradient.
[2026-02-18 23:58:54,276] tensorflow - Level 1 - Registering PlaceholderWithDefault (<function _IdGrad at 0x000001D678FF2980>) in gradient.
[2026-02-18 23:58:54,276] tensorflow - Level 1 - Registering _EagerConst (<function _EagerConstGrad at 0x000001D678FF2A20>) in gradient.
[2026-02-18 23:58:54,276] tensorflow - Level 1 - Registering RefIdentity (<function _RefIdGrad at 0x000001D678FF2AC0>) in gradient.
[2026-02-18 23:58:54,276] tensorflow - Level 1 - Registering IdentityN (<function _IdNGrad at 0x000001D678FF2B60>) in gradient.
[2026-02-18 23:58:54,276] tensorflow - Level 1 - Registering StopGradient (None) in gradient.
[2026-02-18 23:58:54,276] tensorflow - Level 1 - Registering Reshape (<function _ReshapeGrad at 0x000001D678FF2C00>) in gradient.
[2026-02-18 23:58:54,276] tensorflow - Level 1 - Registering InvertPermutation (None) in gradient.
[2026-02-18 23:58:54,276] tensorflow - Level 1 - Registering ExpandDims (<function _ExpandDimsGrad at 0x000001D678FF2D40>) in gradient.
[2026-02-18 23:58:54,276] tensorflow - Level 1 - Registering Squeeze (<function _SqueezeGrad at 0x000001D678FF2DE0>) in gradient.
[2026-02-18 23:58:54,276] tensorflow - Level 1 - Registering Transpose (<function _TransposeGrad at 0x000001D678FF2E80>) in gradient.
[2026-02-18 23:58:54,276] tensorflow - Level 1 - Registering ConjugateTranspose (<function _ConjugateTransposeGrad at 0x000001D678FF2F20>) in gradient.
[2026-02-18 23:58:54,276] tensorflow - Level 1 - Registering Shape (None) in gradient.
[2026-02-18 23:58:54,276] tensorflow - Level 1 - Registering ShapeN (None) in gradient.
[2026-02-18 23:58:54,276] tensorflow - Level 1 - Registering Rank (None) in gradient.
[2026-02-18 23:58:54,276] tensorflow - Level 1 - Registering Size (None) in gradient.
[2026-02-18 23:58:54,276] tensorflow - Level 1 - Registering Tile (<function _TileGrad at 0x000001D678FF2FC0>) in gradient.
[2026-02-18 23:58:54,276] tensorflow - Level 1 - Registering BroadcastGradientArgs (None) in gradient.
[2026-02-18 23:58:54,276] tensorflow - Level 1 - Registering Pad (<function _PadGrad at 0x000001D678FF3060>) in gradient.
[2026-02-18 23:58:54,276] tensorflow - Level 1 - Registering PadV2 (<function _PadGrad at 0x000001D678FF3060>) in gradient.
[2026-02-18 23:58:54,276] tensorflow - Level 1 - Registering ReverseSequence (<function _ReverseSequenceGrad at 0x000001D678FF3100>) in gradient.
[2026-02-18 23:58:54,276] tensorflow - Level 1 - Registering Reverse (<function _ReverseGrad at 0x000001D678FF31A0>) in gradient.
[2026-02-18 23:58:54,276] tensorflow - Level 1 - Registering ReverseV2 (<function _ReverseV2Grad at 0x000001D678FF3240>) in gradient.
[2026-02-18 23:58:54,276] tensorflow - Level 1 - Registering SpaceToBatch (<function _SpaceToBatchGrad at 0x000001D678FF32E0>) in gradient.
[2026-02-18 23:58:54,276] tensorflow - Level 1 - Registering SpaceToBatchND (<function _SpaceToBatchNDGrad at 0x000001D678FF3380>) in gradient.
[2026-02-18 23:58:54,292] tensorflow - Level 1 - Registering BatchToSpace (<function _BatchToSpaceGrad at 0x000001D678FF3420>) in gradient.
[2026-02-18 23:58:54,292] tensorflow - Level 1 - Registering BatchToSpaceND (<function _BatchToSpaceNDGrad at 0x000001D678FF34C0>) in gradient.
[2026-02-18 23:58:54,292] tensorflow - Level 1 - Registering SpaceToDepth (<function _SpaceToDepthGrad at 0x000001D678FF3560>) in gradient.
[2026-02-18 23:58:54,292] tensorflow - Level 1 - Registering DepthToSpace (<function _DepthToSpaceGrad at 0x000001D678FF3600>) in gradient.
[2026-02-18 23:58:54,292] tensorflow - Level 1 - Registering OneHot (None) in gradient.
[2026-02-18 23:58:54,292] tensorflow - Level 1 - Registering MirrorPad (<function _MirrorPadGrad at 0x000001D678FF36A0>) in gradient.
[2026-02-18 23:58:54,292] tensorflow - Level 1 - Registering MirrorPadGrad (<function _MirrorPadGradGrad at 0x000001D678FF3740>) in gradient.
[2026-02-18 23:58:54,292] tensorflow - Level 1 - Registering FakeQuantWithMinMaxArgsGradient (None) in gradient.
[2026-02-18 23:58:54,292] tensorflow - Level 1 - Registering FakeQuantWithMinMaxVarsGradient (None) in gradient.
[2026-02-18 23:58:54,292] tensorflow - Level 1 - Registering FakeQuantWithMinMaxVarsPerChannelGradient (None) in gradient.
[2026-02-18 23:58:54,292] tensorflow - Level 1 - Registering QuantizeAndDequantize (<function _QuantizeAndDequantizeGrad at 0x000001D678FF37E0>) in gradient.
[2026-02-18 23:58:54,292] tensorflow - Level 1 - Registering QuantizeAndDequantizeV2 (<function _QuantizeAndDequantizeV2Grad at 0x000001D678FF3920>) in gradient.
[2026-02-18 23:58:54,292] tensorflow - Level 1 - Registering QuantizeAndDequantizeV3 (<function _QuantizeAndDequantizeV3Grad at 0x000001D678FF39C0>) in gradient.
[2026-02-18 23:58:54,292] tensorflow - Level 1 - Registering ExtractImagePatches (<function _ExtractImagePatchesGrad at 0x000001D678FF3880>) in gradient.
[2026-02-18 23:58:54,292] tensorflow - Level 1 - Registering ExtractVolumePatches (<function _ExtractVolumePatchesGrad at 0x000001D678FF3A60>) in gradient.
[2026-02-18 23:58:54,292] tensorflow - Level 1 - Registering ScatterNd (<function _ScatterNdGrad at 0x000001D678FF3B00>) in gradient.
[2026-02-18 23:58:54,292] tensorflow - Level 1 - Registering TensorScatterUpdate (<function _TensorScatterUpdateGrad at 0x000001D678FF3BA0>) in gradient.
[2026-02-18 23:58:54,292] tensorflow - Level 1 - Registering TensorScatterAdd (<function _TensorScatterAddGrad at 0x000001D678FF3C40>) in gradient.
[2026-02-18 23:58:54,292] tensorflow - Level 1 - Registering TensorScatterMax (<function _TensorScatterMaxGrad at 0x000001D678FF3D80>) in gradient.
[2026-02-18 23:58:54,292] tensorflow - Level 1 - Registering TensorScatterMin (<function _TensorScatterMinGrad at 0x000001D678FF3E20>) in gradient.
[2026-02-18 23:58:54,292] tensorflow - Level 1 - Registering TensorScatterSub (<function _TensorScatterSubGrad at 0x000001D678FF3EC0>) in gradient.
[2026-02-18 23:58:54,292] tensorflow - Level 1 - Registering ScatterNdNonAliasingAdd (<function _ScatterNdNonAliasingAddGrad at 0x000001D678FF3F60>) in gradient.
[2026-02-18 23:58:54,292] tensorflow - Level 1 - Registering BroadcastTo (<function _BroadcastToGrad at 0x000001D679034040>) in gradient.
[2026-02-18 23:58:54,292] tensorflow - Level 1 - Registering Switch (<function _SwitchGrad at 0x000001D679034220>) in gradient.
[2026-02-18 23:58:54,292] tensorflow - Level 1 - Registering RefSwitch (<function _SwitchGrad at 0x000001D679034220>) in gradient.
[2026-02-18 23:58:54,292] tensorflow - Level 1 - Registering Merge (<function _MergeGrad at 0x000001D6790342C0>) in gradient.
[2026-02-18 23:58:54,292] tensorflow - Level 1 - Registering RefMerge (<function _RefMergeGrad at 0x000001D679034400>) in gradient.
[2026-02-18 23:58:54,292] tensorflow - Level 1 - Registering Exit (<function _ExitGrad at 0x000001D679034360>) in gradient.
[2026-02-18 23:58:54,292] tensorflow - Level 1 - Registering RefExit (<function _ExitGrad at 0x000001D679034360>) in gradient.
[2026-02-18 23:58:54,292] tensorflow - Level 1 - Registering NextIteration (<function _NextIterationGrad at 0x000001D6790344A0>) in gradient.
[2026-02-18 23:58:54,292] tensorflow - Level 1 - Registering RefNextIteration (<function _RefNextIterationGrad at 0x000001D679034540>) in gradient.
[2026-02-18 23:58:54,292] tensorflow - Level 1 - Registering Enter (<function _EnterGrad at 0x000001D6790345E0>) in gradient.
[2026-02-18 23:58:54,292] tensorflow - Level 1 - Registering RefEnter (<function _RefEnterGrad at 0x000001D679034680>) in gradient.
[2026-02-18 23:58:54,292] tensorflow - Level 1 - Registering LoopCond (<function _LoopCondGrad at 0x000001D679034720>) in gradient.
[2026-02-18 23:58:54,315] tensorflow - Level 1 - Registering CudnnRNN (<function _cudnn_rnn_backward at 0x000001D679034860>) in gradient.
[2026-02-18 23:58:54,317] tensorflow - Level 1 - Registering CudnnRNNV2 (<function _cudnn_rnn_backward_v2 at 0x000001D679034A40>) in gradient.
[2026-02-18 23:58:54,317] tensorflow - Level 1 - Registering CudnnRNNV3 (<function _cudnn_rnn_backwardv3 at 0x000001D67905CB80>) in gradient.
[2026-02-18 23:58:54,320] tensorflow - Level 1 - Registering ResizeNearestNeighbor (<function _ResizeNearestNeighborGrad at 0x000001D67905CAE0>) in gradient.
[2026-02-18 23:58:54,322] tensorflow - Level 1 - Registering ResizeBilinear (<function _ResizeBilinearGrad at 0x000001D67905CC20>) in gradient.
[2026-02-18 23:58:54,322] tensorflow - Level 1 - Registering ResizeBilinearGrad (None) in gradient.
[2026-02-18 23:58:54,322] tensorflow - Level 1 - Registering ScaleAndTranslate (<function _ScaleAndTranslateGrad at 0x000001D67905CE00>) in gradient.
[2026-02-18 23:58:54,322] tensorflow - Level 1 - Registering ResizeBicubic (<function _ResizeBicubicGrad at 0x000001D67905CD60>) in gradient.
[2026-02-18 23:58:54,322] tensorflow - Level 1 - Registering CropAndResize (<function _CropAndResizeGrad at 0x000001D67905CEA0>) in gradient.
[2026-02-18 23:58:54,322] tensorflow - Level 1 - Registering RGBToHSV (<function _RGBToHSVGrad at 0x000001D67905CFE0>) in gradient.
[2026-02-18 23:58:54,331] tensorflow - Level 1 - Registering ReaderRead (None) in gradient.
[2026-02-18 23:58:54,340] tensorflow - Level 1 - Registering ReaderReadUpTo (None) in gradient.
[2026-02-18 23:58:54,340] tensorflow - Level 1 - Registering ReaderNumRecordsProduced (None) in gradient.
[2026-02-18 23:58:54,341] tensorflow - Level 1 - Registering ReaderNumWorkUnitsCompleted (None) in gradient.
[2026-02-18 23:58:54,341] tensorflow - Level 1 - Registering ReaderSerializeState (None) in gradient.
[2026-02-18 23:58:54,341] tensorflow - Level 1 - Registering ReaderRestoreState (None) in gradient.
[2026-02-18 23:58:54,342] tensorflow - Level 1 - Registering ReaderReset (None) in gradient.
[2026-02-18 23:58:54,342] tensorflow - Level 1 - Registering WholeFileReader (None) in gradient.
[2026-02-18 23:58:54,343] tensorflow - Level 1 - Registering TextLineReader (None) in gradient.
[2026-02-18 23:58:54,344] tensorflow - Level 1 - Registering FixedLengthRecordReader (None) in gradient.
[2026-02-18 23:58:54,345] tensorflow - Level 1 - Registering TFRecordReader (None) in gradient.
[2026-02-18 23:58:54,346] tensorflow - Level 1 - Registering LMDBReader (None) in gradient.
[2026-02-18 23:58:54,348] tensorflow - Level 1 - Registering IdentityReader (None) in gradient.
[2026-02-18 23:58:54,360] tensorflow - Level 1 - Registering MatrixInverse (<function _MatrixInverseGrad at 0x000001D6790AA480>) in gradient.
[2026-02-18 23:58:54,362] tensorflow - Level 1 - Registering Einsum (<function _EinsumGrad at 0x000001D6790AA700>) in gradient.
[2026-02-18 23:58:54,363] tensorflow - Level 1 - Registering MatrixDeterminant (<function _MatrixDeterminantGrad at 0x000001D6790DCB80>) in gradient.
[2026-02-18 23:58:54,363] tensorflow - Level 1 - Registering MatrixSquareRoot (<function _MatrixSquareRootGrad at 0x000001D6790DCCC0>) in gradient.
[2026-02-18 23:58:54,363] tensorflow - Level 1 - Registering LogMatrixDeterminant (<function _LogMatrixDeterminantGrad at 0x000001D6790DCD60>) in gradient.
[2026-02-18 23:58:54,363] tensorflow - Level 1 - Registering Cholesky (<function _CholeskyGrad at 0x000001D6790DCE00>) in gradient.
[2026-02-18 23:58:54,364] tensorflow - Level 1 - Registering Qr (<function _QrGrad at 0x000001D6790DCEA0>) in gradient.
[2026-02-18 23:58:54,364] tensorflow - Level 1 - Registering MatrixSolve (<function _MatrixSolveGrad at 0x000001D6790DCF40>) in gradient.
[2026-02-18 23:58:54,364] tensorflow - Level 1 - Registering MatrixSolveLs (<function _MatrixSolveLsGrad at 0x000001D6790DCFE0>) in gradient.
[2026-02-18 23:58:54,364] tensorflow - Level 1 - Registering BandedTriangularSolve (<function _BandedTriangularSolveGrad at 0x000001D6790DD080>) in gradient.
[2026-02-18 23:58:54,365] tensorflow - Level 1 - Registering MatrixTriangularSolve (<function _MatrixTriangularSolveGrad at 0x000001D6790DD120>) in gradient.
[2026-02-18 23:58:54,365] tensorflow - Level 1 - Registering Eig (<function _EigGrad at 0x000001D6790DD260>) in gradient.
[2026-02-18 23:58:54,365] tensorflow - Level 1 - Registering SelfAdjointEigV2 (<function _SelfAdjointEigV2Grad at 0x000001D6790DD300>) in gradient.
[2026-02-18 23:58:54,365] tensorflow - Level 1 - Registering Svd (<function _SvdGrad at 0x000001D6790DD3A0>) in gradient.
[2026-02-18 23:58:54,366] tensorflow - Level 1 - Registering TridiagonalMatMul (<function _TridiagonalMatMulGrad at 0x000001D6790DD580>) in gradient.
[2026-02-18 23:58:54,366] tensorflow - Level 1 - Registering TridiagonalSolve (<function _TridiagonalSolveGrad at 0x000001D6790DD620>) in gradient.
[2026-02-18 23:58:54,370] tensorflow - Level 1 - Registering LookupTableFind (None) in gradient.
[2026-02-18 23:58:54,372] tensorflow - Level 1 - Registering LookupTableFindV2 (None) in gradient.
[2026-02-18 23:58:54,372] tensorflow - Level 1 - Registering LookupTableInsert (None) in gradient.
[2026-02-18 23:58:54,372] tensorflow - Level 1 - Registering LookupTableInsertV2 (None) in gradient.
[2026-02-18 23:58:54,373] tensorflow - Level 1 - Registering LookupTableSize (None) in gradient.
[2026-02-18 23:58:54,373] tensorflow - Level 1 - Registering LookupTableSizeV2 (None) in gradient.
[2026-02-18 23:58:54,373] tensorflow - Level 1 - Registering HashTable (None) in gradient.
[2026-02-18 23:58:54,373] tensorflow - Level 1 - Registering HashTableV2 (None) in gradient.
[2026-02-18 23:58:54,374] tensorflow - Level 1 - Registering InitializeTable (None) in gradient.
[2026-02-18 23:58:54,374] tensorflow - Level 1 - Registering InitializeTableV2 (None) in gradient.
[2026-02-18 23:58:54,374] tensorflow - Level 1 - Registering InitializeTableFromTextFile (None) in gradient.
[2026-02-18 23:58:54,374] tensorflow - Level 1 - Registering InitializeTableFromTextFileV2 (None) in gradient.
[2026-02-18 23:58:54,375] tensorflow - Level 1 - Registering MutableDenseHashTable (None) in gradient.
[2026-02-18 23:58:54,375] tensorflow - Level 1 - Registering MutableDenseHashTableV2 (None) in gradient.
[2026-02-18 23:58:54,375] tensorflow - Level 1 - Registering MutableHashTable (None) in gradient.
[2026-02-18 23:58:54,375] tensorflow - Level 1 - Registering MutableHashTableV2 (None) in gradient.
[2026-02-18 23:58:54,375] tensorflow - Level 1 - Registering MutableHashTableOfTensors (None) in gradient.
[2026-02-18 23:58:54,376] tensorflow - Level 1 - Registering MutableHashTableOfTensorsV2 (None) in gradient.
[2026-02-18 23:58:54,382] tensorflow - Level 1 - Registering Roll (<function _RollGrad at 0x000001D6790347C0>) in gradient.
[2026-02-18 23:58:54,386] tensorflow - Level 1 - Registering ArgMax (<function _ArgMaxGrad at 0x000001D6790DC9A0>) in gradient.
[2026-02-18 23:58:54,388] tensorflow - Level 1 - Registering ArgMin (<function _ArgMinGrad at 0x000001D6790DE700>) in gradient.
[2026-02-18 23:58:54,388] tensorflow - Level 1 - Registering EuclideanNorm (<function _EuclideanNormGrad at 0x000001D6790DE980>) in gradient.
[2026-02-18 23:58:54,389] tensorflow - Level 1 - Registering Sum (<function _SumGrad at 0x000001D6790DEDE0>) in gradient.
[2026-02-18 23:58:54,389] tensorflow - Level 1 - Registering Max (<function _MaxGrad at 0x000001D6790DEF20>) in gradient.
[2026-02-18 23:58:54,389] tensorflow - Level 1 - Registering Min (<function _MinGrad at 0x000001D6790DEFC0>) in gradient.
[2026-02-18 23:58:54,389] tensorflow - Level 1 - Registering Mean (<function _MeanGrad at 0x000001D6790DF060>) in gradient.
[2026-02-18 23:58:54,389] tensorflow - Level 1 - Registering Prod (<function _ProdGrad at 0x000001D6790DF100>) in gradient.
[2026-02-18 23:58:54,390] tensorflow - Level 1 - Registering SegmentSum (<function _SegmentSumGrad at 0x000001D6790DF1A0>) in gradient.
[2026-02-18 23:58:54,390] tensorflow - Level 1 - Registering SegmentMean (<function _SegmentMeanGrad at 0x000001D6790DF240>) in gradient.
[2026-02-18 23:58:54,390] tensorflow - Level 1 - Registering SparseSegmentSum (<function _SparseSegmentSumGrad at 0x000001D6790DF420>) in gradient.
[2026-02-18 23:58:54,390] tensorflow - Level 1 - Registering SparseSegmentSumWithNumSegments (<function _SparseSegmentSumWithNumSegmentsGrad at 0x000001D6790DF4C0>) in gradient.
[2026-02-18 23:58:54,390] tensorflow - Level 1 - Registering SparseSegmentMean (<function _SparseSegmentMeanGrad at 0x000001D6790DF560>) in gradient.
[2026-02-18 23:58:54,390] tensorflow - Level 1 - Registering SparseSegmentMeanWithNumSegments (<function _SparseSegmentMeanWithNumSegmentsGrad at 0x000001D6790DF600>) in gradient.
[2026-02-18 23:58:54,391] tensorflow - Level 1 - Registering SparseSegmentSqrtN (<function _SparseSegmentSqrtNGrad at 0x000001D6790DF6A0>) in gradient.
[2026-02-18 23:58:54,391] tensorflow - Level 1 - Registering SparseSegmentSqrtNWithNumSegments (<function _SparseSegmentSqrtNWithNumSegmentsGrad at 0x000001D6790DF740>) in gradient.
[2026-02-18 23:58:54,391] tensorflow - Level 1 - Registering SegmentMin (<function _SegmentMinGrad at 0x000001D6790DF880>) in gradient.
[2026-02-18 23:58:54,391] tensorflow - Level 1 - Registering SegmentMax (<function _SegmentMaxGrad at 0x000001D6790DF920>) in gradient.
[2026-02-18 23:58:54,391] tensorflow - Level 1 - Registering SegmentProd (<function _SegmentProdGrad at 0x000001D6790DF9C0>) in gradient.
[2026-02-18 23:58:54,391] tensorflow - Level 1 - Registering UnsortedSegmentSum (<function _UnsortedSegmentSumGrad at 0x000001D6790DFBA0>) in gradient.
[2026-02-18 23:58:54,391] tensorflow - Level 1 - Registering UnsortedSegmentMax (<function _UnsortedSegmentMaxGrad at 0x000001D6790DFC40>) in gradient.
[2026-02-18 23:58:54,392] tensorflow - Level 1 - Registering UnsortedSegmentMin (<function _UnsortedSegmentMinGrad at 0x000001D6790DFCE0>) in gradient.
[2026-02-18 23:58:54,392] tensorflow - Level 1 - Registering UnsortedSegmentProd (<function _UnsortedSegmentProdGrad at 0x000001D6790DFD80>) in gradient.
[2026-02-18 23:58:54,392] tensorflow - Level 1 - Registering Abs (<function _AbsGrad at 0x000001D6790DFE20>) in gradient.
[2026-02-18 23:58:54,392] tensorflow - Level 1 - Registering Neg (<function _NegGrad at 0x000001D6790DFEC0>) in gradient.
[2026-02-18 23:58:54,392] tensorflow - Level 1 - Registering Inv (<function _InvGrad at 0x000001D6790DFF60>) in gradient.
[2026-02-18 23:58:54,392] tensorflow - Level 1 - Registering Reciprocal (<function _ReciprocalGrad at 0x000001D67914C040>) in gradient.
[2026-02-18 23:58:54,393] tensorflow - Level 1 - Registering InvGrad (<function _InvGradGrad at 0x000001D67914C0E0>) in gradient.
[2026-02-18 23:58:54,393] tensorflow - Level 1 - Registering ReciprocalGrad (<function _ReciprocalGradGrad at 0x000001D67914C180>) in gradient.
[2026-02-18 23:58:54,393] tensorflow - Level 1 - Registering Square (<function _SquareGrad at 0x000001D67914C220>) in gradient.
[2026-02-18 23:58:54,393] tensorflow - Level 1 - Registering Sqrt (<function _SqrtGrad at 0x000001D67914C2C0>) in gradient.
[2026-02-18 23:58:54,393] tensorflow - Level 1 - Registering SqrtGrad (<function _SqrtGradGrad at 0x000001D67914C360>) in gradient.
[2026-02-18 23:58:54,393] tensorflow - Level 1 - Registering Rsqrt (<function _RsqrtGrad at 0x000001D67914C400>) in gradient.
[2026-02-18 23:58:54,394] tensorflow - Level 1 - Registering RsqrtGrad (<function _RsqrtGradGrad at 0x000001D67914C4A0>) in gradient.
[2026-02-18 23:58:54,394] tensorflow - Level 1 - Registering Exp (<function _ExpGrad at 0x000001D67914C540>) in gradient.
[2026-02-18 23:58:54,394] tensorflow - Level 1 - Registering Expm1 (<function _Expm1Grad at 0x000001D67914C5E0>) in gradient.
[2026-02-18 23:58:54,394] tensorflow - Level 1 - Registering Log (<function _LogGrad at 0x000001D67914C680>) in gradient.
[2026-02-18 23:58:54,394] tensorflow - Level 1 - Registering Log1p (<function _Log1pGrad at 0x000001D67914C720>) in gradient.
[2026-02-18 23:58:54,394] tensorflow - Level 1 - Registering Xlogy (<function _XLogyGrad at 0x000001D67914C7C0>) in gradient.
[2026-02-18 23:58:54,394] tensorflow - Level 1 - Registering Xlog1py (<function _XLog1pyGrad at 0x000001D67914C860>) in gradient.
[2026-02-18 23:58:54,395] tensorflow - Level 1 - Registering Xdivy (<function _XDivyGrad at 0x000001D67914C900>) in gradient.
[2026-02-18 23:58:54,395] tensorflow - Level 1 - Registering Sinh (<function _SinhGrad at 0x000001D67914C9A0>) in gradient.
[2026-02-18 23:58:54,395] tensorflow - Level 1 - Registering Cosh (<function _CoshGrad at 0x000001D67914CA40>) in gradient.
[2026-02-18 23:58:54,395] tensorflow - Level 1 - Registering Tanh (<function _TanhGrad at 0x000001D67914CAE0>) in gradient.
[2026-02-18 23:58:54,395] tensorflow - Level 1 - Registering Asinh (<function _AsinhGrad at 0x000001D67914CB80>) in gradient.
[2026-02-18 23:58:54,396] tensorflow - Level 1 - Registering Acosh (<function _AcoshGrad at 0x000001D67914CC20>) in gradient.
[2026-02-18 23:58:54,396] tensorflow - Level 1 - Registering Atanh (<function _AtanhGrad at 0x000001D67914CCC0>) in gradient.
[2026-02-18 23:58:54,396] tensorflow - Level 1 - Registering TanhGrad (<function _TanhGradGrad at 0x000001D67914CD60>) in gradient.
[2026-02-18 23:58:54,396] tensorflow - Level 1 - Registering Erf (<function _ErfGrad at 0x000001D67914CE00>) in gradient.
[2026-02-18 23:58:54,396] tensorflow - Level 1 - Registering Erfc (<function _ErfcGrad at 0x000001D67914CEA0>) in gradient.
[2026-02-18 23:58:54,396] tensorflow - Level 1 - Registering Erfinv (<function _ErfinvGrad at 0x000001D67914CF40>) in gradient.
[2026-02-18 23:58:54,397] tensorflow - Level 1 - Registering Ndtri (<function _NdtriGrad at 0x000001D67914CFE0>) in gradient.
[2026-02-18 23:58:54,397] tensorflow - Level 1 - Registering Lgamma (<function _LgammaGrad at 0x000001D67914D080>) in gradient.
[2026-02-18 23:58:54,397] tensorflow - Level 1 - Registering Digamma (<function _DigammaGrad at 0x000001D67914D120>) in gradient.
[2026-02-18 23:58:54,397] tensorflow - Level 1 - Registering Dawsn (<function _DawsnGrad at 0x000001D67914D1C0>) in gradient.
[2026-02-18 23:58:54,397] tensorflow - Level 1 - Registering Expint (<function _ExpintGrad at 0x000001D67914D260>) in gradient.
[2026-02-18 23:58:54,397] tensorflow - Level 1 - Registering FresnelCos (<function _FresnelCosGrad at 0x000001D67914D300>) in gradient.
[2026-02-18 23:58:54,397] tensorflow - Level 1 - Registering FresnelSin (<function _FresnelSinGrad at 0x000001D67914D3A0>) in gradient.
[2026-02-18 23:58:54,397] tensorflow - Level 1 - Registering Spence (<function _SpenceGrad at 0x000001D67914D440>) in gradient.
[2026-02-18 23:58:54,397] tensorflow - Level 1 - Registering BesselI0 (<function _BesselI0Grad at 0x000001D67914D4E0>) in gradient.
[2026-02-18 23:58:54,397] tensorflow - Level 1 - Registering BesselI0e (<function _BesselI0eGrad at 0x000001D67914D580>) in gradient.
[2026-02-18 23:58:54,397] tensorflow - Level 1 - Registering BesselI1 (<function _BesselI1Grad at 0x000001D67914D620>) in gradient.
[2026-02-18 23:58:54,397] tensorflow - Level 1 - Registering BesselI1e (<function _BesselI1eGrad at 0x000001D67914D6C0>) in gradient.
[2026-02-18 23:58:54,397] tensorflow - Level 1 - Registering BesselK0 (<function _BesselK0Grad at 0x000001D67914D760>) in gradient.
[2026-02-18 23:58:54,397] tensorflow - Level 1 - Registering BesselK0e (<function _BesselK0eGrad at 0x000001D67914D800>) in gradient.
[2026-02-18 23:58:54,397] tensorflow - Level 1 - Registering BesselK1 (<function _BesselK1Grad at 0x000001D67914D8A0>) in gradient.
[2026-02-18 23:58:54,399] tensorflow - Level 1 - Registering BesselK1e (<function _BesselK1eGrad at 0x000001D67914D940>) in gradient.
[2026-02-18 23:58:54,399] tensorflow - Level 1 - Registering BesselJ0 (<function _BesselJ0Grad at 0x000001D67914D9E0>) in gradient.
[2026-02-18 23:58:54,399] tensorflow - Level 1 - Registering BesselJ1 (<function _BesselJ1Grad at 0x000001D67914DA80>) in gradient.
[2026-02-18 23:58:54,399] tensorflow - Level 1 - Registering BesselY0 (<function _BesselY0Grad at 0x000001D67914DB20>) in gradient.
[2026-02-18 23:58:54,399] tensorflow - Level 1 - Registering BesselY1 (<function _BesselY1Grad at 0x000001D67914DBC0>) in gradient.
[2026-02-18 23:58:54,399] tensorflow - Level 1 - Registering Igamma (<function _IgammaGrad at 0x000001D67914DC60>) in gradient.
[2026-02-18 23:58:54,399] tensorflow - Level 1 - Registering Igammac (<function _IgammacGrad at 0x000001D67914DD00>) in gradient.
[2026-02-18 23:58:54,399] tensorflow - Level 1 - Registering Betainc (<function _BetaincGrad at 0x000001D67914DDA0>) in gradient.
[2026-02-18 23:58:54,399] tensorflow - Level 1 - Registering Zeta (<function _ZetaGrad at 0x000001D67914DE40>) in gradient.
[2026-02-18 23:58:54,399] tensorflow - Level 1 - Registering Polygamma (<function _PolygammaGrad at 0x000001D67914DEE0>) in gradient.
[2026-02-18 23:58:54,399] tensorflow - Level 1 - Registering Sigmoid (<function _SigmoidGrad at 0x000001D67914DF80>) in gradient.
[2026-02-18 23:58:54,399] tensorflow - Level 1 - Registering SigmoidGrad (<function _SigmoidGradGrad at 0x000001D67914E020>) in gradient.
[2026-02-18 23:58:54,399] tensorflow - Level 1 - Registering Sign (<function _SignGrad at 0x000001D67914E0C0>) in gradient.
[2026-02-18 23:58:54,399] tensorflow - Level 1 - Registering Sin (<function _SinGrad at 0x000001D67914E160>) in gradient.
[2026-02-18 23:58:54,399] tensorflow - Level 1 - Registering Cos (<function _CosGrad at 0x000001D67914E200>) in gradient.
[2026-02-18 23:58:54,399] tensorflow - Level 1 - Registering Tan (<function _TanGrad at 0x000001D67914E2A0>) in gradient.
[2026-02-18 23:58:54,399] tensorflow - Level 1 - Registering Asin (<function _AsinGrad at 0x000001D67914E340>) in gradient.
[2026-02-18 23:58:54,399] tensorflow - Level 1 - Registering Acos (<function _AcosGrad at 0x000001D67914E3E0>) in gradient.
[2026-02-18 23:58:54,399] tensorflow - Level 1 - Registering Atan (<function _AtanGrad at 0x000001D67914E480>) in gradient.
[2026-02-18 23:58:54,399] tensorflow - Level 1 - Registering Atan2 (<function _Atan2Grad at 0x000001D67914E520>) in gradient.
[2026-02-18 23:58:54,399] tensorflow - Level 1 - Registering AddN (<function _AddNGrad at 0x000001D67914E5C0>) in gradient.
[2026-02-18 23:58:54,399] tensorflow - Level 1 - Registering AddV2 (<function _AddGrad at 0x000001D67914E700>) in gradient.
[2026-02-18 23:58:54,399] tensorflow - Level 1 - Registering Add (<function _AddGrad at 0x000001D67914E700>) in gradient.
[2026-02-18 23:58:54,399] tensorflow - Level 1 - Registering Sub (<function _SubGrad at 0x000001D67914E7A0>) in gradient.
[2026-02-18 23:58:54,399] tensorflow - Level 1 - Registering Mul (<function _MulGrad at 0x000001D67914E840>) in gradient.
[2026-02-18 23:58:54,404] tensorflow - Level 1 - Registering MulNoNan (<function _MulNoNanGrad at 0x000001D67914E8E0>) in gradient.
[2026-02-18 23:58:54,404] tensorflow - Level 1 - Registering Div (<function _DivGrad at 0x000001D67914E980>) in gradient.
[2026-02-18 23:58:54,404] tensorflow - Level 1 - Registering FloorDiv (<function _FloorDivGrad at 0x000001D67914EA20>) in gradient.
[2026-02-18 23:58:54,404] tensorflow - Level 1 - Registering FloorMod (<function _FloorModGrad at 0x000001D67914EAC0>) in gradient.
[2026-02-18 23:58:54,404] tensorflow - Level 1 - Registering TruncateDiv (<function _TruncateDivGrad at 0x000001D67914EB60>) in gradient.
[2026-02-18 23:58:54,404] tensorflow - Level 1 - Registering RealDiv (<function _RealDivGrad at 0x000001D67914EC00>) in gradient.
[2026-02-18 23:58:54,404] tensorflow - Level 1 - Registering DivNoNan (<function _DivNoNanGrad at 0x000001D67914ECA0>) in gradient.
[2026-02-18 23:58:54,404] tensorflow - Level 1 - Registering Pow (<function _PowGrad at 0x000001D67914ED40>) in gradient.
[2026-02-18 23:58:54,404] tensorflow - Level 1 - Registering Maximum (<function _MaximumGrad at 0x000001D67914EF20>) in gradient.
[2026-02-18 23:58:54,404] tensorflow - Level 1 - Registering Minimum (<function _MinimumGrad at 0x000001D67914EFC0>) in gradient.
[2026-02-18 23:58:54,404] tensorflow - Level 1 - Registering SquaredDifference (<function _SquaredDifferenceGrad at 0x000001D67914F060>) in gradient.
[2026-02-18 23:58:54,404] tensorflow - Level 1 - Registering Less (None) in gradient.
[2026-02-18 23:58:54,404] tensorflow - Level 1 - Registering LessEqual (None) in gradient.
[2026-02-18 23:58:54,404] tensorflow - Level 1 - Registering Greater (None) in gradient.
[2026-02-18 23:58:54,404] tensorflow - Level 1 - Registering GreaterEqual (None) in gradient.
[2026-02-18 23:58:54,404] tensorflow - Level 1 - Registering Equal (None) in gradient.
[2026-02-18 23:58:54,404] tensorflow - Level 1 - Registering ApproximateEqual (None) in gradient.
[2026-02-18 23:58:54,404] tensorflow - Level 1 - Registering NotEqual (None) in gradient.
[2026-02-18 23:58:54,404] tensorflow - Level 1 - Registering LogicalAnd (None) in gradient.
[2026-02-18 23:58:54,404] tensorflow - Level 1 - Registering LogicalOr (None) in gradient.
[2026-02-18 23:58:54,404] tensorflow - Level 1 - Registering LogicalNot (None) in gradient.
[2026-02-18 23:58:54,404] tensorflow - Level 1 - Registering Select (<function _SelectGrad at 0x000001D67914F100>) in gradient.
[2026-02-18 23:58:54,404] tensorflow - Level 1 - Registering SelectV2 (<function _SelectGradV2 at 0x000001D67914F1A0>) in gradient.
[2026-02-18 23:58:54,404] tensorflow - Level 1 - Registering MatMul (<function _MatMulGrad at 0x000001D67914F380>) in gradient.
[2026-02-18 23:58:54,404] tensorflow - Level 1 - Registering SparseMatMul (<function _SparseMatMulGrad at 0x000001D67914F420>) in gradient.
[2026-02-18 23:58:54,404] tensorflow - Level 1 - Registering Floor (<function _FloorGrad at 0x000001D67914F4C0>) in gradient.
[2026-02-18 23:58:54,404] tensorflow - Level 1 - Registering Ceil (<function _CeilGrad at 0x000001D67914F560>) in gradient.
[2026-02-18 23:58:54,404] tensorflow - Level 1 - Registering Round (<function _RoundGrad at 0x000001D67914F600>) in gradient.
[2026-02-18 23:58:54,408] tensorflow - Level 1 - Registering Rint (<function _RintGrad at 0x000001D67914F6A0>) in gradient.
[2026-02-18 23:58:54,408] tensorflow - Level 1 - Registering BatchMatMul (<function _BatchMatMul at 0x000001D67914F740>) in gradient.
[2026-02-18 23:58:54,408] tensorflow - Level 1 - Registering BatchMatMulV3 (<function _BatchMatMulV2 at 0x000001D67914F7E0>) in gradient.
[2026-02-18 23:58:54,408] tensorflow - Level 1 - Registering BatchMatMulV2 (<function _BatchMatMulV2 at 0x000001D67914F7E0>) in gradient.
[2026-02-18 23:58:54,408] tensorflow - Level 1 - Registering Range (None) in gradient.
[2026-02-18 23:58:54,408] tensorflow - Level 1 - Registering LinSpace (None) in gradient.
[2026-02-18 23:58:54,408] tensorflow - Level 1 - Registering Complex (<function _ComplexGrad at 0x000001D67914F880>) in gradient.
[2026-02-18 23:58:54,408] tensorflow - Level 1 - Registering Real (<function _RealGrad at 0x000001D67914F920>) in gradient.
[2026-02-18 23:58:54,408] tensorflow - Level 1 - Registering Imag (<function _ImagGrad at 0x000001D67914F9C0>) in gradient.
[2026-02-18 23:58:54,408] tensorflow - Level 1 - Registering Angle (<function _AngleGrad at 0x000001D67914FA60>) in gradient.
[2026-02-18 23:58:54,408] tensorflow - Level 1 - Registering Conj (<function _ConjGrad at 0x000001D67914FB00>) in gradient.
[2026-02-18 23:58:54,408] tensorflow - Level 1 - Registering ComplexAbs (<function _ComplexAbsGrad at 0x000001D67914FBA0>) in gradient.
[2026-02-18 23:58:54,408] tensorflow - Level 1 - Registering Cast (<function _CastGrad at 0x000001D67914FC40>) in gradient.
[2026-02-18 23:58:54,408] tensorflow - Level 1 - Registering Cross (<function _CrossGrad at 0x000001D67914FCE0>) in gradient.
[2026-02-18 23:58:54,408] tensorflow - Level 1 - Registering Cumsum (<function _CumsumGrad at 0x000001D67914FD80>) in gradient.
[2026-02-18 23:58:54,408] tensorflow - Level 1 - Registering Cumprod (<function _CumprodGrad at 0x000001D67914FE20>) in gradient.
[2026-02-18 23:58:54,408] tensorflow - Level 1 - Registering CumulativeLogsumexp (<function _CumulativeLogsumexpGrad at 0x000001D67914FEC0>) in gradient.
[2026-02-18 23:58:54,408] tensorflow - Level 1 - Registering NextAfter (<function _NextAfterGrad at 0x000001D67914FF60>) in gradient.
[2026-02-18 23:58:54,413] tensorflow - Level 1 - Registering NcclAllReduce (<function _all_sum_grad at 0x000001D679160360>) in gradient.
[2026-02-18 23:58:54,413] tensorflow - Level 1 - Registering NcclReduce (<function _reduce_sum_grad at 0x000001D679160F40>) in gradient.
[2026-02-18 23:58:54,417] tensorflow - Level 1 - Registering NcclBroadcast (<function _broadcast_grad at 0x000001D679161080>) in gradient.
[2026-02-18 23:58:54,417] tensorflow - Level 1 - Registering OptionalFromValue (<function _OptionalFromValueGrad at 0x000001D679160CC0>) in gradient.
[2026-02-18 23:58:54,417] tensorflow - Level 1 - Registering OptionalGetValue (<function _OptionalGetValueGrad at 0x000001D6791613A0>) in gradient.
[2026-02-18 23:58:54,417] tensorflow - Level 1 - Registering DecodeRaw (None) in gradient.
[2026-02-18 23:58:54,417] tensorflow - Level 1 - Registering DecodePaddedRaw (None) in gradient.
[2026-02-18 23:58:54,417] tensorflow - Level 1 - Registering ParseTensor (None) in gradient.
[2026-02-18 23:58:54,417] tensorflow - Level 1 - Registering SerializeTensor (None) in gradient.
[2026-02-18 23:58:54,417] tensorflow - Level 1 - Registering StringToNumber (None) in gradient.
[2026-02-18 23:58:54,428] tensorflow - Level 1 - Registering DecodeProtoV2 (None) in gradient.
[2026-02-18 23:58:54,428] tensorflow - Level 1 - Registering EncodeProto (None) in gradient.
[2026-02-18 23:58:54,432] tensorflow - Level 1 - Registering RandomGamma (<function _RandomGammaGrad at 0x000001D6791620C0>) in gradient.
[2026-02-18 23:58:54,434] tensorflow - Level 1 - Registering StatelessRandomGammaV2 (<function _StatelessRandomGammaV2Grad at 0x000001D679162200>) in gradient.
[2026-02-18 23:58:54,434] tensorflow - Level 1 - Registering StatelessRandomGammaV3 (<function _StatelessRandomGammaV3Grad at 0x000001D679162340>) in gradient.
[2026-02-18 23:58:54,434] tensorflow - Level 1 - Registering StatelessParameterizedTruncatedNormal (<function _StatelessParameterizedTruncatedNormalGrad at 0x000001D6791625C0>) in gradient.
[2026-02-18 23:58:54,438] tensorflow - Level 1 - Registering BlockLSTM (<function _block_lstm_grad at 0x000001D6791622A0>) in gradient.
[2026-02-18 23:58:54,444] tensorflow - Level 1 - Registering BlockLSTMV2 (<function _block_lstm_grad at 0x000001D6791622A0>) in gradient.
[2026-02-18 23:58:54,449] tensorflow - Level 1 - Registering SdcaFprint (None) in gradient.
[2026-02-18 23:58:54,449] tensorflow - Level 1 - Registering SdcaOptimizer (None) in gradient.
[2026-02-18 23:58:54,449] tensorflow - Level 1 - Registering SdcaOptimizerV2 (None) in gradient.
[2026-02-18 23:58:54,449] tensorflow - Level 1 - Registering SdcaShrinkL1 (None) in gradient.
[2026-02-18 23:58:54,449] tensorflow - Level 1 - Registering SetSize (None) in gradient.
[2026-02-18 23:58:54,458] tensorflow - Level 1 - Registering DenseToDenseSetOperation (None) in gradient.
[2026-02-18 23:58:54,458] tensorflow - Level 1 - Registering DenseToSparseSetOperation (None) in gradient.
[2026-02-18 23:58:54,458] tensorflow - Level 1 - Registering SparseToSparseSetOperation (None) in gradient.
[2026-02-18 23:58:54,462] tensorflow - Level 1 - Registering SparseAddGrad (None) in gradient.
[2026-02-18 23:58:54,465] tensorflow - Level 1 - Registering SparseConcat (None) in gradient.
[2026-02-18 23:58:54,466] tensorflow - Level 1 - Registering SparseReorder (<function _SparseReorderGrad at 0x000001D6791B9620>) in gradient.
[2026-02-18 23:58:54,466] tensorflow - Level 1 - Registering SparseAdd (<function _SparseAddGrad at 0x000001D6791B9800>) in gradient.
[2026-02-18 23:58:54,466] tensorflow - Level 1 - Registering SparseTensorDenseAdd (<function _SparseTensorDenseAddGrad at 0x000001D6791B9760>) in gradient.
[2026-02-18 23:58:54,466] tensorflow - Level 1 - Registering SparseReduceSum (<function _SparseReduceSumGrad at 0x000001D6791B98A0>) in gradient.
[2026-02-18 23:58:54,466] tensorflow - Level 1 - Registering SparseSlice (<function _SparseSliceGrad at 0x000001D6791B9940>) in gradient.
[2026-02-18 23:58:54,466] tensorflow - Level 1 - Registering SparseTensorDenseMatMul (<function _SparseTensorDenseMatMulGrad at 0x000001D6791B99E0>) in gradient.
[2026-02-18 23:58:54,466] tensorflow - Level 1 - Registering SparseDenseCwiseAdd (<function _SparseDenseCwiseAddGrad at 0x000001D6791B9A80>) in gradient.
[2026-02-18 23:58:54,467] tensorflow - Level 1 - Registering SparseDenseCwiseMul (<function _SparseDenseCwiseMulGrad at 0x000001D6791B9BC0>) in gradient.
[2026-02-18 23:58:54,467] tensorflow - Level 1 - Registering SparseDenseCwiseDiv (<function _SparseDenseCwiseDivGrad at 0x000001D6791B9C60>) in gradient.
[2026-02-18 23:58:54,467] tensorflow - Level 1 - Registering SparseSoftmax (<function _SparseSoftmaxGrad at 0x000001D6791B9D00>) in gradient.
[2026-02-18 23:58:54,467] tensorflow - Level 1 - Registering SparseSparseMaximum (<function _SparseSparseMaximumGrad at 0x000001D6791B9DA0>) in gradient.
[2026-02-18 23:58:54,468] tensorflow - Level 1 - Registering SparseSparseMinimum (<function _SparseSparseMinimumGrad at 0x000001D6791B9E40>) in gradient.
[2026-02-18 23:58:54,468] tensorflow - Level 1 - Registering SparseFillEmptyRows (<function _SparseFillEmptyRowsGrad at 0x000001D6791B9EE0>) in gradient.
[2026-02-18 23:58:54,468] tensorflow - Level 1 - Registering SparseToDense (<function _SparseToDenseGrad at 0x000001D6791B9F80>) in gradient.
[2026-02-18 23:58:54,470] tensorflow - Level 1 - Registering TensorArray (None) in gradient.
[2026-02-18 23:58:54,472] tensorflow - Level 1 - Registering TensorArrayGrad (None) in gradient.
[2026-02-18 23:58:54,472] tensorflow - Level 1 - Registering TensorArraySize (None) in gradient.
[2026-02-18 23:58:54,473] tensorflow - Level 1 - Registering TensorArrayClose (None) in gradient.
[2026-02-18 23:58:54,473] tensorflow - Level 1 - Registering TensorArrayV2 (None) in gradient.
[2026-02-18 23:58:54,473] tensorflow - Level 1 - Registering TensorArrayGradV2 (None) in gradient.
[2026-02-18 23:58:54,473] tensorflow - Level 1 - Registering TensorArraySizeV2 (None) in gradient.
[2026-02-18 23:58:54,474] tensorflow - Level 1 - Registering TensorArrayCloseV2 (None) in gradient.
[2026-02-18 23:58:54,474] tensorflow - Level 1 - Registering TensorArrayV3 (None) in gradient.
[2026-02-18 23:58:54,474] tensorflow - Level 1 - Registering TensorArrayGradV3 (None) in gradient.
[2026-02-18 23:58:54,474] tensorflow - Level 1 - Registering TensorArrayGradWithShape (None) in gradient.
[2026-02-18 23:58:54,475] tensorflow - Level 1 - Registering TensorArraySizeV3 (None) in gradient.
[2026-02-18 23:58:54,475] tensorflow - Level 1 - Registering TensorArrayCloseV3 (None) in gradient.
[2026-02-18 23:58:54,475] tensorflow - Level 1 - Registering TensorArrayReadV3 (<function _TensorArrayReadGrad at 0x000001D6791BA160>) in gradient.
[2026-02-18 23:58:54,475] tensorflow - Level 1 - Registering TensorArrayReadV2 (<function _TensorArrayReadGrad at 0x000001D6791BA160>) in gradient.
[2026-02-18 23:58:54,476] tensorflow - Level 1 - Registering TensorArrayRead (<function _TensorArrayReadGrad at 0x000001D6791BA160>) in gradient.
[2026-02-18 23:58:54,476] tensorflow - Level 1 - Registering TensorArrayWriteV3 (<function _TensorArrayWriteGrad at 0x000001D6791BA0C0>) in gradient.
[2026-02-18 23:58:54,476] tensorflow - Level 1 - Registering TensorArrayWriteV2 (<function _TensorArrayWriteGrad at 0x000001D6791BA0C0>) in gradient.
[2026-02-18 23:58:54,476] tensorflow - Level 1 - Registering TensorArrayWrite (<function _TensorArrayWriteGrad at 0x000001D6791BA0C0>) in gradient.
[2026-02-18 23:58:54,477] tensorflow - Level 1 - Registering TensorArrayGatherV3 (<function _TensorArrayGatherGrad at 0x000001D6791BA200>) in gradient.
[2026-02-18 23:58:54,477] tensorflow - Level 1 - Registering TensorArrayGatherV2 (<function _TensorArrayGatherGrad at 0x000001D6791BA200>) in gradient.
[2026-02-18 23:58:54,477] tensorflow - Level 1 - Registering TensorArrayGather (<function _TensorArrayGatherGrad at 0x000001D6791BA200>) in gradient.
[2026-02-18 23:58:54,477] tensorflow - Level 1 - Registering TensorArrayScatterV3 (<function _TensorArrayScatterGrad at 0x000001D6791BA2A0>) in gradient.
[2026-02-18 23:58:54,478] tensorflow - Level 1 - Registering TensorArrayScatterV2 (<function _TensorArrayScatterGrad at 0x000001D6791BA2A0>) in gradient.
[2026-02-18 23:58:54,478] tensorflow - Level 1 - Registering TensorArrayScatter (<function _TensorArrayScatterGrad at 0x000001D6791BA2A0>) in gradient.
[2026-02-18 23:58:54,478] tensorflow - Level 1 - Registering TensorArrayConcatV3 (<function _TensorArrayConcatGrad at 0x000001D6791BA340>) in gradient.
[2026-02-18 23:58:54,478] tensorflow - Level 1 - Registering TensorArrayConcatV2 (<function _TensorArrayConcatGrad at 0x000001D6791BA340>) in gradient.
[2026-02-18 23:58:54,479] tensorflow - Level 1 - Registering TensorArrayConcat (<function _TensorArrayConcatGrad at 0x000001D6791BA340>) in gradient.
[2026-02-18 23:58:54,479] tensorflow - Level 1 - Registering TensorArraySplitV3 (<function _TensorArraySplitGrad at 0x000001D6791BA3E0>) in gradient.
[2026-02-18 23:58:54,479] tensorflow - Level 1 - Registering TensorArraySplitV2 (<function _TensorArraySplitGrad at 0x000001D6791BA3E0>) in gradient.
[2026-02-18 23:58:54,479] tensorflow - Level 1 - Registering TensorArraySplit (<function _TensorArraySplitGrad at 0x000001D6791BA3E0>) in gradient.
[2026-02-18 23:58:54,491] tensorflow - Level 1 - Registering DenseToCSRSparseMatrix (<function _DenseToCSRSparseMatrixGrad at 0x000001D6791BA660>) in gradient.
[2026-02-18 23:58:54,493] tensorflow - Level 1 - Registering CSRSparseMatrixToDense (<function _CSRSparseMatrixToDenseGrad at 0x000001D6791BA7A0>) in gradient.
[2026-02-18 23:58:54,494] tensorflow - Level 1 - Registering SparseTensorToCSRSparseMatrix (<function _SparseTensorToCSRSparseMatrixGrad at 0x000001D6791EF1A0>) in gradient.
[2026-02-18 23:58:54,494] tensorflow - Level 1 - Registering CSRSparseMatrixToSparseTensor (<function _CSRSparseMatrixToSparseTensorGrad at 0x000001D6791EF100>) in gradient.
[2026-02-18 23:58:54,494] tensorflow - Level 1 - Registering SparseMatrixNNZ (None) in gradient.
[2026-02-18 23:58:54,494] tensorflow - Level 1 - Registering SparseMatrixZeros (None) in gradient.
[2026-02-18 23:58:54,494] tensorflow - Level 1 - Registering SparseMatrixAdd (<function _SparseMatrixAddGrad at 0x000001D6791EF380>) in gradient.
[2026-02-18 23:58:54,495] tensorflow - Level 1 - Registering SparseMatrixTranspose (<function _SparseMatrixTransposeGrad at 0x000001D6791EF4C0>) in gradient.
[2026-02-18 23:58:54,495] tensorflow - Level 1 - Registering SparseMatrixSoftmax (<function _SparseMatrixSoftmaxGrad at 0x000001D6791EF560>) in gradient.
[2026-02-18 23:58:54,495] tensorflow - Level 1 - Registering SparseMatrixMatMul (<function _SparseMatrixMatMulGrad at 0x000001D6791EF600>) in gradient.
[2026-02-18 23:58:54,495] tensorflow - Level 1 - Registering SparseMatrixSparseMatMul (<function _SparseMatrixSparseMatMulGrad at 0x000001D6791EF6A0>) in gradient.
[2026-02-18 23:58:54,495] tensorflow - Level 1 - Registering SparseMatrixMul (<function _SparseMatrixMulGrad at 0x000001D6791EF740>) in gradient.
[2026-02-18 23:58:54,514] tensorflow - Level 1 - Registering FFT (<function _fft_grad at 0x000001D679239260>) in gradient.
[2026-02-18 23:58:54,518] tensorflow - Level 1 - Registering IFFT (<function _ifft_grad at 0x000001D679239300>) in gradient.
[2026-02-18 23:58:54,519] tensorflow - Level 1 - Registering FFT2D (<function _fft2d_grad at 0x000001D6792393A0>) in gradient.
[2026-02-18 23:58:54,519] tensorflow - Level 1 - Registering IFFT2D (<function _ifft2d_grad at 0x000001D6792394E0>) in gradient.
[2026-02-18 23:58:54,519] tensorflow - Level 1 - Registering FFT3D (<function _fft3d_grad at 0x000001D679239580>) in gradient.
[2026-02-18 23:58:54,520] tensorflow - Level 1 - Registering IFFT3D (<function _ifft3d_grad at 0x000001D679239620>) in gradient.
[2026-02-18 23:58:54,521] tensorflow - Level 1 - Registering RFFT (<function _rfft_grad_helper.<locals>._grad at 0x000001D679239A80>) in gradient.
[2026-02-18 23:58:54,521] tensorflow - Level 1 - Registering IRFFT (<function _irfft_grad_helper.<locals>._grad at 0x000001D679239C60>) in gradient.
[2026-02-18 23:58:54,522] tensorflow - Level 1 - Registering RFFT2D (<function _rfft_grad_helper.<locals>._grad at 0x000001D679239D00>) in gradient.
[2026-02-18 23:58:54,522] tensorflow - Level 1 - Registering IRFFT2D (<function _irfft_grad_helper.<locals>._grad at 0x000001D679239DA0>) in gradient.
[2026-02-18 23:58:54,529] tensorflow - Level 1 - Registering GenerateVocabRemapping (None) in gradient.
[2026-02-18 23:58:54,532] tensorflow - Level 1 - Registering LoadAndRemapMatrix (None) in gradient.
[2026-02-18 23:58:54,578] tensorflow - Level 1 - Registering XlaVariadicReduce (None) in gradient.
[2026-02-18 23:58:54,581] tensorflow - Level 1 - Registering XlaSharding (<function _sharding_grad at 0x000001D6792F07C0>) in gradient.
[2026-02-18 23:58:54,581] tensorflow - Level 1 - Registering XlaSpmdFullToShardShape (<function _spmd_full_to_shard_shape_grad at 0x000001D6792F0860>) in gradient.
[2026-02-18 23:58:54,581] tensorflow - Level 1 - Registering XlaSpmdShardToFullShape (<function _spmd_shard_to_full_shape_grad at 0x000001D6792F0900>) in gradient.
[2026-02-18 23:58:54,602] tensorflow - Level 1 - Registering CTCLoss (<function _CTCLossGrad at 0x000001D679544D60>) in gradient.
[2026-02-18 23:58:54,605] tensorflow - Level 1 - Registering CTCLossV2 (<function _CTCLossV2Grad at 0x000001D679544E00>) in gradient.
[2026-02-18 23:58:54,607] tensorflow - Level 1 - Registering CTCGreedyDecoder (None) in gradient.
[2026-02-18 23:58:54,607] tensorflow - Level 1 - Registering CTCBeamSearchDecoder (None) in gradient.
[2026-02-18 23:58:54,609] tensorflow - Level 1 - Registering FusedBatchNormGrad (<function _FusedBatchNormGradGrad at 0x000001D679546840>) in gradient.
[2026-02-18 23:58:54,611] tensorflow - Level 1 - Registering FusedBatchNormGradV2 (<function _FusedBatchNormGradGradV2 at 0x000001D6795468E0>) in gradient.
[2026-02-18 23:58:54,611] tensorflow - Level 1 - Registering FusedBatchNormGradV3 (<function _FusedBatchNormGradGradV3 at 0x000001D679546AC0>) in gradient.
[2026-02-18 23:58:54,623] tensorflow - Level 1 - Registering variables ((<class 'tensorflow.core.framework.variable_pb2.VariableDef'>, <function _to_proto_fn at 0x000001D679586C00>, <function _from_proto_fn at 0x000001D679586E80>)) in proto functions.
[2026-02-18 23:58:54,626] tensorflow - Level 1 - Registering trainable_variables ((<class 'tensorflow.core.framework.variable_pb2.VariableDef'>, <function _to_proto_fn at 0x000001D679586C00>, <function _from_proto_fn at 0x000001D679586E80>)) in proto functions.
[2026-02-18 23:58:54,627] tensorflow - Level 1 - Registering moving_average_variables ((<class 'tensorflow.core.framework.variable_pb2.VariableDef'>, <function _to_proto_fn at 0x000001D679586C00>, <function _from_proto_fn at 0x000001D679586E80>)) in proto functions.
[2026-02-18 23:58:54,627] tensorflow - Level 1 - Registering local_variables ((<class 'tensorflow.core.framework.variable_pb2.VariableDef'>, <function _to_proto_fn at 0x000001D679586C00>, <function _from_proto_fn at 0x000001D679586E80>)) in proto functions.
[2026-02-18 23:58:54,627] tensorflow - Level 1 - Registering model_variables ((<class 'tensorflow.core.framework.variable_pb2.VariableDef'>, <function _to_proto_fn at 0x000001D679586C00>, <function _from_proto_fn at 0x000001D679586E80>)) in proto functions.
[2026-02-18 23:58:54,628] tensorflow - Level 1 - Registering global_step ((<class 'tensorflow.core.framework.variable_pb2.VariableDef'>, <function _to_proto_fn at 0x000001D679586C00>, <function _from_proto_fn at 0x000001D679586E80>)) in proto functions.
[2026-02-18 23:58:54,628] tensorflow - Level 1 - Registering metric_variables ((<class 'tensorflow.core.framework.variable_pb2.VariableDef'>, <function _to_proto_fn at 0x000001D679586C00>, <function _from_proto_fn at 0x000001D679586E80>)) in proto functions.
[2026-02-18 23:58:54,631] tensorflow - Level 1 - Registering RandomCrop (None) in gradient.
[2026-02-18 23:58:54,636] tensorflow - Level 1 - Registering HSVToRGB (None) in gradient.
[2026-02-18 23:58:54,636] tensorflow - Level 1 - Registering DrawBoundingBoxes (None) in gradient.
[2026-02-18 23:58:54,636] tensorflow - Level 1 - Registering SampleDistortedBoundingBox (None) in gradient.
[2026-02-18 23:58:54,636] tensorflow - Level 1 - Registering SampleDistortedBoundingBoxV2 (None) in gradient.
[2026-02-18 23:58:54,636] tensorflow - Level 1 - Registering ExtractGlimpse (None) in gradient.
[2026-02-18 23:58:54,637] tensorflow - Level 1 - Registering NonMaxSuppression (None) in gradient.
[2026-02-18 23:58:54,637] tensorflow - Level 1 - Registering NonMaxSuppressionV2 (None) in gradient.
[2026-02-18 23:58:54,637] tensorflow - Level 1 - Registering NonMaxSuppressionWithOverlaps (None) in gradient.
[2026-02-18 23:58:54,637] tensorflow - Level 1 - Registering GenerateBoundingBoxProposals (None) in gradient.
[2026-02-18 23:58:54,653] tensorflow - Level 1 - Registering ImageProjectiveTransformV2 (<function _image_projective_transform_grad at 0x000001D679663880>) in gradient.
[2026-02-18 23:58:54,656] tensorflow - Level 1 - Registering ImageProjectiveTransformV3 (<function _image_projective_transform_v3_grad at 0x000001D679663A60>) in gradient.
[2026-02-18 23:58:54,908] tensorflow - Level 1 - Registering savers ((<class 'tensorflow.core.protobuf.saver_pb2.SaverDef'>, <function Saver.to_proto at 0x000001D67993ADE0>, <function Saver.from_proto at 0x000001D67993AE80>)) in proto functions.
[2026-02-18 23:58:54,936] tensorflow - Level 1 - Registering EagerPyFunc (<function _EagerPyFuncGrad at 0x000001D679967A60>) in gradient.
[2026-02-18 23:58:54,942] tensorflow - Level 1 - Registering PyFunc (None) in gradient.
[2026-02-18 23:58:54,942] tensorflow - Level 1 - Registering PyFuncStateless (None) in gradient.
[2026-02-18 23:58:54,962] tensorflow - Level 1 - Registering ReduceDataset (None) in gradient.
[2026-02-18 23:58:54,962] tensorflow - Level 1 - Registering tensorflow.python.data.ops.dataset_ops (<function _tf2_callback at 0x000001D6799C5EE0>) in data_v2_callbacks.
[2026-02-18 23:58:54,997] tensorflow - Level 1 - Registering _resource_resolver (<function _resource_resolver at 0x000001D679A52B60>) in acd_resource_resolvers.
[2026-02-18 23:58:55,027] tensorflow - Level 1 - Registering tensorflow.python.data.experimental.ops.counter (<function _tf2_callback at 0x000001D679A62480>) in data_v2_callbacks.
[2026-02-18 23:58:55,069] tensorflow - Level 1 - Registering tensorflow.python.data.ops.readers (<function _tf2_callback at 0x000001D679A53740>) in data_v2_callbacks.
[2026-02-18 23:58:55,078] tensorflow - Level 1 - Registering tensorflow.python.data.experimental.ops.interleave_ops (<function _tf2_callback at 0x000001D679A637E0>) in data_v2_callbacks.
[2026-02-18 23:58:55,133] tensorflow - Level 1 - Registering tensorflow.python.data.experimental.ops.random_ops (<function _tf2_callback at 0x000001D679B06C00>) in data_v2_callbacks.
[2026-02-18 23:58:55,133] tensorflow - Level 1 - Registering tensorflow.python.data.experimental.ops.readers (<function _tf2_callback at 0x000001D679B24540>) in data_v2_callbacks.
[2026-02-18 23:58:55,484] tensorflow - Level 1 - Registering tpu_replicated_input_resolver (<function tpu_replicated_input_resolver at 0x000001D679D94540>) in acd_resource_resolvers.
[2026-02-18 23:58:55,491] tensorflow - DEBUG - Falling back to TensorFlow client; we recommended you install the Cloud TPU client directly with pip install cloud-tpu-client.
[2026-02-18 23:58:55,689] tensorflow - Level 1 - Registering queue_runners ((<class 'tensorflow.core.protobuf.queue_runner_pb2.QueueRunnerDef'>, <function QueueRunner.to_proto at 0x000001D679FAEF20>, <function QueueRunner.from_proto at 0x000001D679FAEFC0>)) in proto functions.
[2026-02-18 23:58:56,354] h5py._conv - DEBUG - Creating converter from 7 to 5
[2026-02-18 23:58:56,354] h5py._conv - DEBUG - Creating converter from 5 to 7
[2026-02-18 23:58:56,354] h5py._conv - DEBUG - Creating converter from 7 to 5
[2026-02-18 23:58:56,354] h5py._conv - DEBUG - Creating converter from 5 to 7
[2026-02-18 23:58:56,683] tensorflow - Level 1 - Registering DebugGradientIdentity (<function _identify_gradient_grad at 0x000001D67BA8F920>) in gradient.
[2026-02-18 23:58:56,683] tensorflow - Level 1 - Registering DebugGradientRefIdentity (<function _identify_gradient_grad_ref at 0x000001D67BA8F9C0>) in gradient.
[2026-02-18 23:58:56,760] tensorflow - Level 1 - Registering DebugIdentityV2 (<function _debug_identity_v2_grad at 0x000001D67BB06D40>) in gradient.
[2026-02-18 23:58:57,213] tensorflow - Level 1 - Registering AudioMicrofrontend (None) in gradient.
[2026-02-18 23:58:57,381] tensorflow - Level 1 - Registering Reciprocal,flops (<function _reciprocal_flops at 0x000001D67C0FC680>) in statistical functions.
[2026-02-18 23:58:57,383] tensorflow - Level 1 - Registering Square,flops (<function _square_flops at 0x000001D67C0FC720>) in statistical functions.
[2026-02-18 23:58:57,384] tensorflow - Level 1 - Registering Rsqrt,flops (<function _rsqrt_flops at 0x000001D67C0FC860>) in statistical functions.
[2026-02-18 23:58:57,384] tensorflow - Level 1 - Registering Log,flops (<function _log_flops at 0x000001D67C0FC7C0>) in statistical functions.
[2026-02-18 23:58:57,384] tensorflow - Level 1 - Registering Neg,flops (<function _neg_flops at 0x000001D67C0FC900>) in statistical functions.
[2026-02-18 23:58:57,385] tensorflow - Level 1 - Registering AssignSub,flops (<function _assign_sub_flops at 0x000001D67C0FC9A0>) in statistical functions.
[2026-02-18 23:58:57,385] tensorflow - Level 1 - Registering AssignAdd,flops (<function _assign_add_flops at 0x000001D67C0FCA40>) in statistical functions.
[2026-02-18 23:58:57,385] tensorflow - Level 1 - Registering L2Loss,flops (<function _l2_loss_flops at 0x000001D67C0FCAE0>) in statistical functions.
[2026-02-18 23:58:57,385] tensorflow - Level 1 - Registering Softmax,flops (<function _softmax_flops at 0x000001D67C0FCB80>) in statistical functions.
[2026-02-18 23:58:57,385] tensorflow - Level 1 - Registering AddV2,flops (<function _add_flops at 0x000001D67C0FCCC0>) in statistical functions.
[2026-02-18 23:58:57,385] tensorflow - Level 1 - Registering Add,flops (<function _add_flops at 0x000001D67C0FCCC0>) in statistical functions.
[2026-02-18 23:58:57,385] tensorflow - Level 1 - Registering Sub,flops (<function _sub_flops at 0x000001D67C0FCD60>) in statistical functions.
[2026-02-18 23:58:57,385] tensorflow - Level 1 - Registering Mul,flops (<function _mul_flops at 0x000001D67C0FCE00>) in statistical functions.
[2026-02-18 23:58:57,385] tensorflow - Level 1 - Registering RealDiv,flops (<function _real_div_flops at 0x000001D67C0FCEA0>) in statistical functions.
[2026-02-18 23:58:57,385] tensorflow - Level 1 - Registering Maximum,flops (<function _maximum_flops at 0x000001D67C0FCF40>) in statistical functions.
[2026-02-18 23:58:57,385] tensorflow - Level 1 - Registering Minimum,flops (<function _minimum_flops at 0x000001D67C0FCFE0>) in statistical functions.
[2026-02-18 23:58:57,385] tensorflow - Level 1 - Registering Pow,flops (<function _pow_flops at 0x000001D67C0FD080>) in statistical functions.
[2026-02-18 23:58:57,385] tensorflow - Level 1 - Registering RsqrtGrad,flops (<function _rsqrt_grad_flops at 0x000001D67C0FD120>) in statistical functions.
[2026-02-18 23:58:57,385] tensorflow - Level 1 - Registering GreaterEqual,flops (<function _greater_equal_flops at 0x000001D67C0FD1C0>) in statistical functions.
[2026-02-18 23:58:57,385] tensorflow - Level 1 - Registering Greater,flops (<function _greater_flops at 0x000001D67C0FD260>) in statistical functions.
[2026-02-18 23:58:57,385] tensorflow - Level 1 - Registering LessEqual,flops (<function _less_equal_flops at 0x000001D67C0FD300>) in statistical functions.
[2026-02-18 23:58:57,385] tensorflow - Level 1 - Registering Less,flops (<function _less_flops at 0x000001D67C0FD3A0>) in statistical functions.
[2026-02-18 23:58:57,385] tensorflow - Level 1 - Registering Equal,flops (<function _equal_flops at 0x000001D67C0FD440>) in statistical functions.
[2026-02-18 23:58:57,385] tensorflow - Level 1 - Registering NotEqual,flops (<function _not_equal_flops at 0x000001D67C0FD4E0>) in statistical functions.
[2026-02-18 23:58:57,385] tensorflow - Level 1 - Registering SquaredDifference,flops (<function _squared_difference_flops at 0x000001D67C0FD580>) in statistical functions.
[2026-02-18 23:58:57,385] tensorflow - Level 1 - Registering Mean,flops (<function _mean_flops at 0x000001D67C0FD6C0>) in statistical functions.
[2026-02-18 23:58:57,385] tensorflow - Level 1 - Registering Sum,flops (<function _sum_flops at 0x000001D67C0FD760>) in statistical functions.
[2026-02-18 23:58:57,385] tensorflow - Level 1 - Registering ArgMax,flops (<function _arg_max_flops at 0x000001D67C0FD800>) in statistical functions.
[2026-02-18 23:58:57,385] tensorflow - Level 1 - Registering ArgMin,flops (<function _arg_min_flops at 0x000001D67C0FD8A0>) in statistical functions.
[2026-02-18 23:58:57,385] tensorflow - Level 1 - Registering BiasAddGrad,flops (<function _bias_add_grad_flops at 0x000001D67C0FD940>) in statistical functions.
[2026-02-18 23:58:57,385] tensorflow - Level 1 - Registering AvgPool,flops (<function _avg_pool_flops at 0x000001D67C0FDB20>) in statistical functions.
[2026-02-18 23:58:57,385] tensorflow - Level 1 - Registering MaxPool,flops (<function _max_pool_flops at 0x000001D67C0FDBC0>) in statistical functions.
[2026-02-18 23:58:57,385] tensorflow - Level 1 - Registering AvgPoolGrad,flops (<function _avg_pool_grad_flops at 0x000001D67C0FDC60>) in statistical functions.
[2026-02-18 23:58:57,385] tensorflow - Level 1 - Registering MaxPoolGrad,flops (<function _max_pool_grad_flops at 0x000001D67C0FDD00>) in statistical functions.
[2026-02-18 23:58:57,385] tensorflow - Level 1 - Registering Conv2DBackpropInput,flops (<function _conv_2d_backprop_input_flops at 0x000001D67C0FDDA0>) in statistical functions.
[2026-02-18 23:58:57,385] tensorflow - Level 1 - Registering Conv2DBackpropFilter,flops (<function _conv_2d_backprop_filter_flops at 0x000001D67C0FDE40>) in statistical functions.
[2026-02-18 23:58:57,385] tensorflow - Level 1 - Registering AddN,flops (<function _add_n_flops at 0x000001D67C0FDEE0>) in statistical functions.
[2026-02-18 23:58:57,385] tensorflow - Level 1 - Registering MatMul,flops (<function _calc_mat_mul_flops at 0x000001D67C0FDF80>) in statistical functions.
[2026-02-18 23:58:57,385] tensorflow - Level 1 - Registering BatchMatMulV3,flops (<function _calc_batch_mat_mul_flops at 0x000001D67C0FE020>) in statistical functions.
[2026-02-18 23:58:57,385] tensorflow - Level 1 - Registering BatchMatMulV2,flops (<function _calc_batch_mat_mul_flops at 0x000001D67C0FE020>) in statistical functions.
[2026-02-18 23:58:57,385] tensorflow - Level 1 - Registering BatchMatMul,flops (<function _calc_batch_mat_mul_flops at 0x000001D67C0FE020>) in statistical functions.
[2026-02-18 23:58:58,563] tensorflow - Level 1 - Enabling eager execution
[2026-02-18 23:58:58,563] tensorflow - Level 1 - Enabling v2 tensorshape
[2026-02-18 23:58:58,563] tensorflow - Level 1 - Enabling resource variables
[2026-02-18 23:58:58,564] tensorflow - Level 1 - Enabling tensor equality
[2026-02-18 23:58:58,564] tensorflow - Level 1 - Enabling control flow v2
[2026-02-18 23:58:59,776] matplotlib - DEBUG - matplotlib data path: C:\Users\BS\anaconda3\Lib\site-packages\matplotlib\mpl-data
[2026-02-18 23:58:59,776] matplotlib - DEBUG - CONFIGDIR=C:\Users\BS\.matplotlib
[2026-02-18 23:58:59,792] matplotlib - DEBUG - interactive is False
[2026-02-18 23:58:59,792] matplotlib - DEBUG - platform is win32
[2026-02-18 23:58:59,945] matplotlib - DEBUG - CACHEDIR=C:\Users\BS\.matplotlib
[2026-02-18 23:58:59,952] matplotlib.font_manager - DEBUG - Using fontManager instance from C:\Users\BS\.matplotlib\fontlist-v390.json
[2026-02-18 23:59:11,838] tensorflow - WARNING - From C:\Users\BS\anaconda3\Lib\site-packages\tf_keras\src\losses.py:2976: The name tf.losses.sparse_softmax_cross_entropy is deprecated. Please use tf.compat.v1.losses.sparse_softmax_cross_entropy instead.

