[2026-02-18 23:21:32,020] pydot - DEBUG - pydot initializing
[2026-02-18 23:21:32,020] pydot - DEBUG - pydot 4.0.1
[2026-02-18 23:21:32,036] pydot.core - DEBUG - pydot core module initializing
[2026-02-18 23:21:45,070] tensorflow - Level 1 - Registering Relayout (<function _relayout_gradient at 0x000001925CB5DF80>) in gradient.
[2026-02-18 23:21:45,070] tensorflow - Level 1 - Registering RelayoutLike (<function _relayout_grad_gradient at 0x000001925CB5E0C0>) in gradient.
[2026-02-18 23:21:45,070] tensorflow - Level 1 - Registering CopyToMesh (<function _copy_to_mesh_gradient at 0x000001925CB5E7A0>) in gradient.
[2026-02-18 23:21:45,070] tensorflow - Level 1 - Registering CopyToMeshGrad (<function _copy_to_mesh_grad_gradient at 0x000001925CB5E700>) in gradient.
[2026-02-18 23:21:45,087] tensorflow - Level 1 - Registering FakeQuantWithMinMaxArgs (<function _FakeQuantWithMinMaxArgsGradient at 0x000001925CC0A840>) in gradient.
[2026-02-18 23:21:45,087] tensorflow - Level 1 - Registering FakeQuantWithMinMaxVars (<function _FakeQuantWithMinMaxVarsGradient at 0x000001925CC0AA20>) in gradient.
[2026-02-18 23:21:45,087] tensorflow - Level 1 - Registering FakeQuantWithMinMaxVarsPerChannel (<function _FakeQuantWithMinMaxVarsPerChannelGradient at 0x000001925CC0AFC0>) in gradient.
[2026-02-18 23:21:45,087] tensorflow - Level 1 - Registering QuantizeAndDequantizeV4 (<function _QuantizeAndDequantizeV4Grad at 0x000001925CC0B060>) in gradient.
[2026-02-18 23:21:45,087] tensorflow - Level 1 - Registering QuantizeAndDequantizeV4Grad (<function _QuantizeAndDequantizeV4GradGrad at 0x000001925CC0B100>) in gradient.
[2026-02-18 23:21:45,270] tensorflow - Level 1 - Registering TensorListConcatLists (None) in gradient.
[2026-02-18 23:21:45,270] tensorflow - Level 1 - Registering TensorListElementShape (None) in gradient.
[2026-02-18 23:21:45,270] tensorflow - Level 1 - Registering TensorListLength (None) in gradient.
[2026-02-18 23:21:45,270] tensorflow - Level 1 - Registering TensorListPushBackBatch (None) in gradient.
[2026-02-18 23:21:45,270] tensorflow - Level 1 - Registering TensorListPushBack (<function _PushBackGrad at 0x000001925CDCB740>) in gradient.
[2026-02-18 23:21:45,270] tensorflow - Level 1 - Registering TensorListPopBack (<function _PopBackGrad at 0x000001925CDCB7E0>) in gradient.
[2026-02-18 23:21:45,270] tensorflow - Level 1 - Registering TensorListStack (<function _TensorListStackGrad at 0x000001925CDCB880>) in gradient.
[2026-02-18 23:21:45,270] tensorflow - Level 1 - Registering TensorListConcatV2 (<function _TensorListConcatGrad at 0x000001925CDCB920>) in gradient.
[2026-02-18 23:21:45,270] tensorflow - Level 1 - Registering TensorListConcat (<function _TensorListConcatGrad at 0x000001925CDCB920>) in gradient.
[2026-02-18 23:21:45,270] tensorflow - Level 1 - Registering TensorListSplit (<function _TensorListSplitGrad at 0x000001925CDCB9C0>) in gradient.
[2026-02-18 23:21:45,270] tensorflow - Level 1 - Registering TensorListFromTensor (<function _TensorListFromTensorGrad at 0x000001925CDCBA60>) in gradient.
[2026-02-18 23:21:45,270] tensorflow - Level 1 - Registering TensorListGetItem (<function _TensorListGetItemGrad at 0x000001925CDCBB00>) in gradient.
[2026-02-18 23:21:45,270] tensorflow - Level 1 - Registering TensorListSetItem (<function _TensorListSetItemGrad at 0x000001925CDCBBA0>) in gradient.
[2026-02-18 23:21:45,270] tensorflow - Level 1 - Registering TensorListResize (<function _TensorListResizeGrad at 0x000001925CDCBC40>) in gradient.
[2026-02-18 23:21:45,270] tensorflow - Level 1 - Registering TensorListGather (<function _TensorListGatherGrad at 0x000001925CDCBCE0>) in gradient.
[2026-02-18 23:21:45,270] tensorflow - Level 1 - Registering TensorListScatterV2 (<function _TensorListScatterGrad at 0x000001925CDCBD80>) in gradient.
[2026-02-18 23:21:45,270] tensorflow - Level 1 - Registering TensorListScatter (<function _TensorListScatterGrad at 0x000001925CDCBD80>) in gradient.
[2026-02-18 23:21:45,270] tensorflow - Level 1 - Registering TensorListScatterIntoExistingList (<function _TensorListScatterIntoExistingListGrad at 0x000001925CDCBE20>) in gradient.
[2026-02-18 23:21:45,320] tensorflow - Level 1 - Registering AccumulateNV2 (<function _accumulate_n_grad at 0x000001925CF89080>) in gradient.
[2026-02-18 23:21:45,370] tensorflow - Level 1 - Registering cond_context ((<class 'tensorflow.core.protobuf.control_flow_pb2.CondContextDef'>, <function CondContext.to_proto at 0x000001925D08C0E0>, <function CondContext.from_proto at 0x000001925D08C180>)) in proto functions.
[2026-02-18 23:21:45,370] tensorflow - Level 1 - Registering while_context ((<class 'tensorflow.core.protobuf.control_flow_pb2.WhileContextDef'>, <function WhileContext.to_proto at 0x000001925D08CF40>, <function WhileContext.from_proto at 0x000001925D08D080>)) in proto functions.
[2026-02-18 23:21:45,370] tensorflow - Level 1 - Registering _identity_resolver (<function _identity_resolver at 0x000001925D08EF20>) in acd_resource_resolvers.
[2026-02-18 23:21:45,436] tensorflow - Level 1 - Registering Assign (None) in gradient.
[2026-02-18 23:21:45,436] tensorflow - Level 1 - Registering AssignAdd (None) in gradient.
[2026-02-18 23:21:45,436] tensorflow - Level 1 - Registering AssignSub (None) in gradient.
[2026-02-18 23:21:45,436] tensorflow - Level 1 - Registering ScatterAdd (None) in gradient.
[2026-02-18 23:21:45,436] tensorflow - Level 1 - Registering ScatterSub (None) in gradient.
[2026-02-18 23:21:45,436] tensorflow - Level 1 - Registering ScatterMul (None) in gradient.
[2026-02-18 23:21:45,436] tensorflow - Level 1 - Registering ScatterDiv (None) in gradient.
[2026-02-18 23:21:45,436] tensorflow - Level 1 - Registering ScatterNdUpdate (None) in gradient.
[2026-02-18 23:21:45,436] tensorflow - Level 1 - Registering ScatterNdAdd (None) in gradient.
[2026-02-18 23:21:45,436] tensorflow - Level 1 - Registering ScatterNdSub (None) in gradient.
[2026-02-18 23:21:45,436] tensorflow - Level 1 - Registering ScatterNdMul (None) in gradient.
[2026-02-18 23:21:45,436] tensorflow - Level 1 - Registering ScatterNdDiv (None) in gradient.
[2026-02-18 23:21:45,453] tensorflow - Level 1 - Registering ReadVariableOp (<function _ReadGrad at 0x000001925D212DE0>) in gradient.
[2026-02-18 23:21:45,453] tensorflow - Level 1 - Registering ResourceGather (<function _GatherGrad at 0x000001925D213E20>) in gradient.
[2026-02-18 23:21:45,453] tensorflow - Level 1 - Registering Assert (None) in gradient.
[2026-02-18 23:21:45,453] tensorflow - Level 1 - Registering VarIsInitializedOp (None) in gradient.
[2026-02-18 23:21:45,453] tensorflow - Level 1 - Registering VariableShape (None) in gradient.
[2026-02-18 23:21:45,486] tensorflow - Level 1 - Registering RandomStandardNormal (None) in gradient.
[2026-02-18 23:21:45,486] tensorflow - Level 1 - Registering ParameterizedTruncatedNormal (None) in gradient.
[2026-02-18 23:21:45,486] tensorflow - Level 1 - Registering TruncatedNormal (None) in gradient.
[2026-02-18 23:21:45,486] tensorflow - Level 1 - Registering RandomUniform (None) in gradient.
[2026-02-18 23:21:45,486] tensorflow - Level 1 - Registering RandomShuffle (None) in gradient.
[2026-02-18 23:21:45,486] tensorflow - Level 1 - Registering Multinomial (None) in gradient.
[2026-02-18 23:21:45,537] tensorflow - Level 1 - Registering If (<function _IfGrad at 0x000001925D3FB600>) in gradient.
[2026-02-18 23:21:45,537] tensorflow - Level 1 - Registering StatelessIf (<function _IfGrad at 0x000001925D3FB600>) in gradient.
[2026-02-18 23:21:45,537] tensorflow - Level 1 - Registering StatelessCase (<function _CaseGrad at 0x000001925D41CD60>) in gradient.
[2026-02-18 23:21:45,537] tensorflow - Level 1 - Registering Case (<function _CaseGrad at 0x000001925D41CD60>) in gradient.
[2026-02-18 23:21:45,569] tensorflow - Level 1 - Registering While (<function _WhileGrad at 0x000001925D47B600>) in gradient.
[2026-02-18 23:21:45,570] tensorflow - Level 1 - Registering StatelessWhile (<function _WhileGrad at 0x000001925D47B600>) in gradient.
[2026-02-18 23:21:45,702] tensorflow - Level 1 - Registering EnsureShape (<function _ensure_shape_grad at 0x000001925D6DEDE0>) in gradient.
[2026-02-18 23:21:45,720] tensorflow - Level 1 - Registering RaggedTensorToSparse (<function _ragged_tensor_to_sparse_gradient at 0x000001925D752DE0>) in gradient.
[2026-02-18 23:21:45,737] tensorflow - Level 1 - Registering Conv2DBackpropInput (<function _Conv2DBackpropInputGrad at 0x000001925D7CB240>) in gradient.
[2026-02-18 23:21:45,737] tensorflow - Level 1 - Registering Conv2DBackpropFilter (<function _Conv2DBackpropFilterGrad at 0x000001925D7CB880>) in gradient.
[2026-02-18 23:21:45,737] tensorflow - Level 1 - Registering DepthwiseConv2dNativeBackpropInput (<function _DepthwiseConv2dNativeBackpropInputGrad at 0x000001925D814040>) in gradient.
[2026-02-18 23:21:45,752] tensorflow - Level 1 - Registering DepthwiseConv2dNativeBackpropFilter (<function _DepthwiseConv2dNativeBackpropFilterGrad at 0x000001925D814680>) in gradient.
[2026-02-18 23:21:45,752] tensorflow - Level 1 - Registering Conv3D (<function _Conv3DGrad at 0x000001925D814720>) in gradient.
[2026-02-18 23:21:45,752] tensorflow - Level 1 - Registering Conv3DBackpropInputV2 (<function _Conv3DBackpropInputGrad at 0x000001925D8147C0>) in gradient.
[2026-02-18 23:21:45,752] tensorflow - Level 1 - Registering Conv3DBackpropFilterV2 (<function _Conv3DBackpropFilterGrad at 0x000001925D814860>) in gradient.
[2026-02-18 23:21:45,752] tensorflow - Level 1 - Registering AvgPool3D (<function _AvgPool3DGrad at 0x000001925D814900>) in gradient.
[2026-02-18 23:21:45,753] tensorflow - Level 1 - Registering AvgPool3DGrad (<function _AvgPool3DGradGrad at 0x000001925D8149A0>) in gradient.
[2026-02-18 23:21:45,753] tensorflow - Level 1 - Registering MaxPool3D (<function _MaxPool3DGrad at 0x000001925D814A40>) in gradient.
[2026-02-18 23:21:45,753] tensorflow - Level 1 - Registering MaxPool3DGrad (<function _MaxPool3DGradGrad at 0x000001925D814AE0>) in gradient.
[2026-02-18 23:21:45,753] tensorflow - Level 1 - Registering MaxPool3DGradGrad (<function _MaxPool3DGradGradGrad at 0x000001925D814B80>) in gradient.
[2026-02-18 23:21:45,753] tensorflow - Level 1 - Registering Softmax (<function _SoftmaxGrad at 0x000001925D814C20>) in gradient.
[2026-02-18 23:21:45,753] tensorflow - Level 1 - Registering LogSoftmax (<function _LogSoftmaxGrad at 0x000001925D814CC0>) in gradient.
[2026-02-18 23:21:45,753] tensorflow - Level 1 - Registering BiasAdd (<function _BiasAddGrad at 0x000001925D814D60>) in gradient.
[2026-02-18 23:21:45,753] tensorflow - Level 1 - Registering BiasAddGrad (<function _BiasAddGradGrad at 0x000001925D814E00>) in gradient.
[2026-02-18 23:21:45,753] tensorflow - Level 1 - Registering BiasAddV1 (<function _BiasAddGradV1 at 0x000001925D814EA0>) in gradient.
[2026-02-18 23:21:45,754] tensorflow - Level 1 - Registering Relu (<function _ReluGrad at 0x000001925D814F40>) in gradient.
[2026-02-18 23:21:45,754] tensorflow - Level 1 - Registering EluGrad (<function _EluGradGrad at 0x000001925D814FE0>) in gradient.
[2026-02-18 23:21:45,754] tensorflow - Level 1 - Registering SeluGrad (<function _SeluGradGrad at 0x000001925D815080>) in gradient.
[2026-02-18 23:21:45,754] tensorflow - Level 1 - Registering Relu6 (<function _Relu6Grad at 0x000001925D815120>) in gradient.
[2026-02-18 23:21:45,754] tensorflow - Level 1 - Registering Relu6Grad (<function _Relu6GradGrad at 0x000001925D8151C0>) in gradient.
[2026-02-18 23:21:45,754] tensorflow - Level 1 - Registering LeakyRelu (<function _LeakyReluGrad at 0x000001925D815260>) in gradient.
[2026-02-18 23:21:45,754] tensorflow - Level 1 - Registering LeakyReluGrad (<function _LeakyReluGradGrad at 0x000001925D815300>) in gradient.
[2026-02-18 23:21:45,754] tensorflow - Level 1 - Registering Elu (<function _EluGrad at 0x000001925D8153A0>) in gradient.
[2026-02-18 23:21:45,754] tensorflow - Level 1 - Registering Selu (<function _SeluGrad at 0x000001925D815440>) in gradient.
[2026-02-18 23:21:45,754] tensorflow - Level 1 - Registering Softplus (<function _SoftplusGrad at 0x000001925D8154E0>) in gradient.
[2026-02-18 23:21:45,755] tensorflow - Level 1 - Registering SoftplusGrad (<function _SoftplusGradGrad at 0x000001925D815580>) in gradient.
[2026-02-18 23:21:45,755] tensorflow - Level 1 - Registering Softsign (<function _SoftsignGrad at 0x000001925D815620>) in gradient.
[2026-02-18 23:21:45,755] tensorflow - Level 1 - Registering ReluGrad (<function _ReluGradGrad at 0x000001925D8156C0>) in gradient.
[2026-02-18 23:21:45,755] tensorflow - Level 1 - Registering SoftmaxCrossEntropyWithLogits (<function _SoftmaxCrossEntropyWithLogitsGrad at 0x000001925D815800>) in gradient.
[2026-02-18 23:21:45,755] tensorflow - Level 1 - Registering SparseSoftmaxCrossEntropyWithLogits (<function _SparseSoftmaxCrossEntropyWithLogitsGrad at 0x000001925D8158A0>) in gradient.
[2026-02-18 23:21:45,756] tensorflow - Level 1 - Registering Conv2D (<function _Conv2DGrad at 0x000001925D815940>) in gradient.
[2026-02-18 23:21:45,756] tensorflow - Level 1 - Registering DepthwiseConv2dNative (<function _DepthwiseConv2dNativeGrad at 0x000001925D8159E0>) in gradient.
[2026-02-18 23:21:45,756] tensorflow - Level 1 - Registering Dilation2D (<function _Dilation2DGrad at 0x000001925D815A80>) in gradient.
[2026-02-18 23:21:45,756] tensorflow - Level 1 - Registering LRN (<function _LRNGrad at 0x000001925D815B20>) in gradient.
[2026-02-18 23:21:45,756] tensorflow - Level 1 - Registering AvgPool (<function _AvgPoolGrad at 0x000001925D815BC0>) in gradient.
[2026-02-18 23:21:45,756] tensorflow - Level 1 - Registering AvgPoolGrad (<function _AvgPoolGradGrad at 0x000001925D815C60>) in gradient.
[2026-02-18 23:21:45,756] tensorflow - Level 1 - Registering MaxPool (<function _MaxPoolGrad at 0x000001925D815D00>) in gradient.
[2026-02-18 23:21:45,756] tensorflow - Level 1 - Registering MaxPoolV2 (<function _MaxPoolGradV2 at 0x000001925D815DA0>) in gradient.
[2026-02-18 23:21:45,756] tensorflow - Level 1 - Registering MaxPoolWithArgmax (<function _MaxPoolGradWithArgmax at 0x000001925D815E40>) in gradient.
[2026-02-18 23:21:45,756] tensorflow - Level 1 - Registering MaxPoolGrad (<function _MaxPoolGradGrad at 0x000001925D815EE0>) in gradient.
[2026-02-18 23:21:45,756] tensorflow - Level 1 - Registering MaxPoolGradV2 (<function _MaxPoolGradGradV2 at 0x000001925D815F80>) in gradient.
[2026-02-18 23:21:45,756] tensorflow - Level 1 - Registering MaxPoolGradGrad (<function _MaxPoolGradGradGrad at 0x000001925D816020>) in gradient.
[2026-02-18 23:21:45,756] tensorflow - Level 1 - Registering FractionalMaxPool (<function _FractionalMaxPoolGrad at 0x000001925D8160C0>) in gradient.
[2026-02-18 23:21:45,756] tensorflow - Level 1 - Registering FractionalAvgPool (<function _FractionalAvgPoolGrad at 0x000001925D816160>) in gradient.
[2026-02-18 23:21:45,756] tensorflow - Level 1 - Registering BatchNormWithGlobalNormalization (<function _BatchNormWithGlobalNormalizationGrad at 0x000001925D816200>) in gradient.
[2026-02-18 23:21:45,756] tensorflow - Level 1 - Registering FusedBatchNorm (<function _FusedBatchNormGrad at 0x000001925D816340>) in gradient.
[2026-02-18 23:21:45,756] tensorflow - Level 1 - Registering FusedBatchNormV2 (<function _FusedBatchNormV2Grad at 0x000001925D8163E0>) in gradient.
[2026-02-18 23:21:45,756] tensorflow - Level 1 - Registering FusedBatchNormV3 (<function _FusedBatchNormV3Grad at 0x000001925D816480>) in gradient.
[2026-02-18 23:21:45,756] tensorflow - Level 1 - Registering L2Loss (<function _L2LossGrad at 0x000001925D816520>) in gradient.
[2026-02-18 23:21:45,756] tensorflow - Level 1 - Registering TopKV2 (<function _TopKGrad at 0x000001925D8165C0>) in gradient.
[2026-02-18 23:21:45,756] tensorflow - Level 1 - Registering TopK (<function _TopKGrad at 0x000001925D8165C0>) in gradient.
[2026-02-18 23:21:45,756] tensorflow - Level 1 - Registering ApproxTopK (<function _ApproxTopKGradient at 0x000001925D816660>) in gradient.
[2026-02-18 23:21:45,756] tensorflow - Level 1 - Registering NthElement (<function _NthElementGrad at 0x000001925D816700>) in gradient.
[2026-02-18 23:21:45,756] tensorflow - Level 1 - Registering IsotonicRegression (<function _IsotonicRegressionGrad at 0x000001925D816840>) in gradient.
[2026-02-18 23:21:45,756] tensorflow - Level 1 - Registering BitwiseAnd (None) in gradient.
[2026-02-18 23:21:45,771] tensorflow - Level 1 - Registering BitwiseOr (None) in gradient.
[2026-02-18 23:21:45,771] tensorflow - Level 1 - Registering BitwiseXor (None) in gradient.
[2026-02-18 23:21:45,771] tensorflow - Level 1 - Registering Invert (None) in gradient.
[2026-02-18 23:21:45,771] tensorflow - Level 1 - Registering PopulationCount (None) in gradient.
[2026-02-18 23:21:45,771] tensorflow - Level 1 - Registering LeftShift (None) in gradient.
[2026-02-18 23:21:45,772] tensorflow - Level 1 - Registering RightShift (None) in gradient.
[2026-02-18 23:21:45,772] tensorflow - Level 1 - Registering StatelessMultinomial (None) in gradient.
[2026-02-18 23:21:45,774] tensorflow - Level 1 - Registering StatelessRandomBinomial (None) in gradient.
[2026-02-18 23:21:45,774] tensorflow - Level 1 - Registering StatelessRandomNormal (None) in gradient.
[2026-02-18 23:21:45,774] tensorflow - Level 1 - Registering StatelessRandomPoisson (None) in gradient.
[2026-02-18 23:21:45,774] tensorflow - Level 1 - Registering StatelessRandomUniform (None) in gradient.
[2026-02-18 23:21:45,774] tensorflow - Level 1 - Registering StatelessRandomUniformInt (None) in gradient.
[2026-02-18 23:21:45,774] tensorflow - Level 1 - Registering StatelessRandomUniformFullInt (None) in gradient.
[2026-02-18 23:21:45,775] tensorflow - Level 1 - Registering StatelessTruncatedNormal (None) in gradient.
[2026-02-18 23:21:45,775] tensorflow - Level 1 - Registering StatelessRandomNormalV2 (None) in gradient.
[2026-02-18 23:21:45,775] tensorflow - Level 1 - Registering StatelessRandomUniformV2 (None) in gradient.
[2026-02-18 23:21:45,775] tensorflow - Level 1 - Registering StatelessRandomUniformIntV2 (None) in gradient.
[2026-02-18 23:21:45,775] tensorflow - Level 1 - Registering StatelessRandomUniformFullIntV2 (None) in gradient.
[2026-02-18 23:21:45,775] tensorflow - Level 1 - Registering StatelessTruncatedNormalV2 (None) in gradient.
[2026-02-18 23:21:45,775] tensorflow - Level 1 - Registering StatelessRandomShuffle (None) in gradient.
[2026-02-18 23:21:45,775] tensorflow - Level 1 - Registering RandomIndexShuffle (None) in gradient.
[2026-02-18 23:21:45,785] tensorflow - Level 1 - Registering Conv3D,flops (<function _calc_conv3d_flops at 0x000001925D8C8FE0>) in statistical functions.
[2026-02-18 23:21:45,788] tensorflow - Level 1 - Registering Conv2D,flops (<function _calc_conv_flops at 0x000001925D8C91C0>) in statistical functions.
[2026-02-18 23:21:45,789] tensorflow - Level 1 - Registering DepthwiseConv2dNative,flops (<function _calc_depthwise_conv_flops at 0x000001925D8C9760>) in statistical functions.
[2026-02-18 23:21:45,789] tensorflow - Level 1 - Registering BiasAdd,flops (<function _calc_bias_add_flops at 0x000001925D8C9800>) in statistical functions.
[2026-02-18 23:21:45,791] tensorflow - Level 1 - Registering Dilation2D,flops (<function _calc_dilation2d_flops at 0x000001925D8CB2E0>) in statistical functions.
[2026-02-18 23:21:45,807] tensorflow - Level 1 - Registering CompositeTensorVariantFromComponents (<function _composite_tensor_to_variants_grad at 0x000001925D9AC360>) in gradient.
[2026-02-18 23:21:45,808] tensorflow - Level 1 - Registering CompositeTensorVariantToComponents (<function _composite_tensor_from_variant_grad at 0x000001925D9AC400>) in gradient.
[2026-02-18 23:21:45,823] tensorflow - Level 1 - Registering RaggedRange (None) in gradient.
[2026-02-18 23:21:45,831] tensorflow - Level 1 - Registering RaggedFillEmptyRows (<function _ragged_fill_empty_rows_grad at 0x000001925DA09260>) in gradient.
[2026-02-18 23:21:45,841] tensorflow - Level 1 - Registering RaggedGather (<function _ragged_gather_grad at 0x000001925DA0B100>) in gradient.
[2026-02-18 23:21:45,852] tensorflow - Level 1 - Registering RegexReplace (None) in gradient.
[2026-02-18 23:21:45,854] tensorflow - Level 1 - Registering StringToHashBucket (None) in gradient.
[2026-02-18 23:21:45,855] tensorflow - Level 1 - Registering StringToHashBucketFast (None) in gradient.
[2026-02-18 23:21:45,855] tensorflow - Level 1 - Registering StringToHashBucketStrong (None) in gradient.
[2026-02-18 23:21:45,855] tensorflow - Level 1 - Registering ReduceJoin (None) in gradient.
[2026-02-18 23:21:45,855] tensorflow - Level 1 - Registering StringJoin (None) in gradient.
[2026-02-18 23:21:45,855] tensorflow - Level 1 - Registering StringSplit (None) in gradient.
[2026-02-18 23:21:45,855] tensorflow - Level 1 - Registering AsString (None) in gradient.
[2026-02-18 23:21:45,855] tensorflow - Level 1 - Registering EncodeBase64 (None) in gradient.
[2026-02-18 23:21:45,855] tensorflow - Level 1 - Registering DecodeBase64 (None) in gradient.
[2026-02-18 23:21:45,857] tensorflow - Level 1 - Registering Print (<function _PrintGrad at 0x000001925DA49DA0>) in gradient.
[2026-02-18 23:21:45,860] tensorflow - Level 1 - Registering HistogramSummary (None) in gradient.
[2026-02-18 23:21:45,860] tensorflow - Level 1 - Registering ImageSummary (None) in gradient.
[2026-02-18 23:21:45,860] tensorflow - Level 1 - Registering AudioSummary (None) in gradient.
[2026-02-18 23:21:45,860] tensorflow - Level 1 - Registering AudioSummaryV2 (None) in gradient.
[2026-02-18 23:21:45,860] tensorflow - Level 1 - Registering MergeSummary (None) in gradient.
[2026-02-18 23:21:45,860] tensorflow - Level 1 - Registering ScalarSummary (None) in gradient.
[2026-02-18 23:21:45,860] tensorflow - Level 1 - Registering TensorSummary (None) in gradient.
[2026-02-18 23:21:45,860] tensorflow - Level 1 - Registering TensorSummaryV2 (None) in gradient.
[2026-02-18 23:21:45,860] tensorflow - Level 1 - Registering Timestamp (None) in gradient.
[2026-02-18 23:21:45,899] tensorflow - Level 1 - Registering XlaEinsum (<function _einsum_grad at 0x000001925DAF0E00>) in gradient.
[2026-02-18 23:21:45,907] tensorflow - Level 1 - Registering RaggedTensorToTensor (<function _ragged_tensor_to_tensor_grad at 0x000001925DB25DA0>) in gradient.
[2026-02-18 23:21:45,910] tensorflow - Level 1 - Registering RaggedTensorFromVariant (<function _ragged_tensor_from_variant_grad at 0x000001925DB26020>) in gradient.
[2026-02-18 23:21:45,910] tensorflow - Level 1 - Registering RaggedTensorToVariant (<function _ragged_tensor_to_variant_grad at 0x000001925DB260C0>) in gradient.
[2026-02-18 23:21:45,916] tensorflow - Level 1 - Registering ClipByValue (<function _clip_by_value_grad at 0x000001925DB267A0>) in gradient.
[2026-02-18 23:21:45,922] tensorflow - Level 1 - Registering DynamicPartition (<function _DynamicPartitionGrads at 0x000001925DB271A0>) in gradient.
[2026-02-18 23:21:45,923] tensorflow - Level 1 - Registering ParallelDynamicStitch (<function _DynamicStitchGrads at 0x000001925DB274C0>) in gradient.
[2026-02-18 23:21:45,924] tensorflow - Level 1 - Registering DynamicStitch (<function _DynamicStitchGrads at 0x000001925DB274C0>) in gradient.
[2026-02-18 23:21:45,924] tensorflow - Level 1 - Registering Queue (None) in gradient.
[2026-02-18 23:21:45,924] tensorflow - Level 1 - Registering QueueEnqueue (None) in gradient.
[2026-02-18 23:21:45,924] tensorflow - Level 1 - Registering QueueEnqueueMany (None) in gradient.
[2026-02-18 23:21:45,924] tensorflow - Level 1 - Registering QueueDequeue (None) in gradient.
[2026-02-18 23:21:45,924] tensorflow - Level 1 - Registering QueueDequeueMany (None) in gradient.
[2026-02-18 23:21:45,924] tensorflow - Level 1 - Registering QueueDequeueUpTo (None) in gradient.
[2026-02-18 23:21:45,924] tensorflow - Level 1 - Registering QueueClose (None) in gradient.
[2026-02-18 23:21:45,925] tensorflow - Level 1 - Registering QueueSize (None) in gradient.
[2026-02-18 23:21:45,925] tensorflow - Level 1 - Registering Stack (None) in gradient.
[2026-02-18 23:21:45,925] tensorflow - Level 1 - Registering StackPush (None) in gradient.
[2026-02-18 23:21:45,925] tensorflow - Level 1 - Registering StackPop (None) in gradient.
[2026-02-18 23:21:45,925] tensorflow - Level 1 - Registering StackClose (None) in gradient.
[2026-02-18 23:21:45,925] tensorflow - Level 1 - Registering GetSessionHandle (None) in gradient.
[2026-02-18 23:21:45,925] tensorflow - Level 1 - Registering GetSessionHandleV2 (None) in gradient.
[2026-02-18 23:21:45,926] tensorflow - Level 1 - Registering GetSessionTensor (None) in gradient.
[2026-02-18 23:21:45,926] tensorflow - Level 1 - Registering DeleteSessionTensor (None) in gradient.
[2026-02-18 23:21:45,986] tensorflow - Level 1 - Registering TPUReplicatedInput (None) in gradient.
[2026-02-18 23:21:45,988] tensorflow - Level 1 - Registering AllToAll (<function _all_to_all_grad at 0x000001925DCA5800>) in gradient.
[2026-02-18 23:21:45,988] tensorflow - Level 1 - Registering CollectivePermute (<function _collective_permute_grad at 0x000001925DCA59E0>) in gradient.
[2026-02-18 23:21:45,988] tensorflow - Level 1 - Registering CrossReplicaSum (<function _cross_replica_sum_grad at 0x000001925DCA5A80>) in gradient.
[2026-02-18 23:21:45,988] tensorflow - Level 1 - Registering TPUEmbeddingActivations (<function _embedding_activations_grad at 0x000001925DCA5B20>) in gradient.
[2026-02-18 23:21:46,024] tensorflow - Level 1 - Registering XlaClusterOutput (<function _XlaClusterOutputGrad at 0x000001925DD14040>) in gradient.
[2026-02-18 23:21:46,029] tensorflow - Level 1 - Registering Pack (<function _PackGrad at 0x000001925DD151C0>) in gradient.
[2026-02-18 23:21:46,030] tensorflow - Level 1 - Registering Unpack (<function _UnpackGrad at 0x000001925DD15300>) in gradient.
[2026-02-18 23:21:46,031] tensorflow - Level 1 - Registering Concat (<function _ConcatGrad at 0x000001925DD154E0>) in gradient.
[2026-02-18 23:21:46,031] tensorflow - Level 1 - Registering ConcatV2 (<function _ConcatGradV2 at 0x000001925DD15580>) in gradient.
[2026-02-18 23:21:46,031] tensorflow - Level 1 - Registering ConcatOffset (None) in gradient.
[2026-02-18 23:21:46,031] tensorflow - Level 1 - Registering Slice (<function _SliceGrad at 0x000001925DD15620>) in gradient.
[2026-02-18 23:21:46,031] tensorflow - Level 1 - Registering StridedSlice (<function _StridedSliceGrad at 0x000001925DD15800>) in gradient.
[2026-02-18 23:21:46,031] tensorflow - Level 1 - Registering StridedSliceGrad (<function _StridedSliceGradGrad at 0x000001925DD158A0>) in gradient.
[2026-02-18 23:21:46,031] tensorflow - Level 1 - Registering TensorStridedSliceUpdate (<function _TensorStridedSliceUpdateGrad at 0x000001925DD15940>) in gradient.
[2026-02-18 23:21:46,031] tensorflow - Level 1 - Registering Split (<function _SplitGrad at 0x000001925DD159E0>) in gradient.
[2026-02-18 23:21:46,031] tensorflow - Level 1 - Registering SplitV (<function _SplitVGrad at 0x000001925DD15A80>) in gradient.
[2026-02-18 23:21:46,032] tensorflow - Level 1 - Registering Const (None) in gradient.
[2026-02-18 23:21:46,032] tensorflow - Level 1 - Registering Diag (<function _DiagGrad at 0x000001925DD15B20>) in gradient.
[2026-02-18 23:21:46,032] tensorflow - Level 1 - Registering DiagPart (<function _DiagPartGrad at 0x000001925DD15BC0>) in gradient.
[2026-02-18 23:21:46,032] tensorflow - Level 1 - Registering MatrixDiag (<function _MatrixDiagGrad at 0x000001925DD15C60>) in gradient.
[2026-02-18 23:21:46,032] tensorflow - Level 1 - Registering MatrixDiagV2 (<function _MatrixDiagV2Grad at 0x000001925DD15D00>) in gradient.
[2026-02-18 23:21:46,032] tensorflow - Level 1 - Registering MatrixDiagV3 (<function _MatrixDiagV3Grad at 0x000001925DD15DA0>) in gradient.
[2026-02-18 23:21:46,032] tensorflow - Level 1 - Registering MatrixDiagPart (<function _MatrixDiagPartGrad at 0x000001925DD15E40>) in gradient.
[2026-02-18 23:21:46,032] tensorflow - Level 1 - Registering MatrixDiagPartV2 (<function _MatrixDiagPartV2Grad at 0x000001925DD15EE0>) in gradient.
[2026-02-18 23:21:46,032] tensorflow - Level 1 - Registering MatrixDiagPartV3 (<function _MatrixDiagPartV3Grad at 0x000001925DD15F80>) in gradient.
[2026-02-18 23:21:46,032] tensorflow - Level 1 - Registering MatrixSetDiag (<function _MatrixSetDiagGrad at 0x000001925DD16020>) in gradient.
[2026-02-18 23:21:46,032] tensorflow - Level 1 - Registering MatrixSetDiagV2 (<function _MatrixSetDiagGradV2 at 0x000001925DD160C0>) in gradient.
[2026-02-18 23:21:46,033] tensorflow - Level 1 - Registering MatrixSetDiagV3 (<function _MatrixSetDiagGradV3 at 0x000001925DD16160>) in gradient.
[2026-02-18 23:21:46,033] tensorflow - Level 1 - Registering MatrixBandPart (<function _MatrixBandPartGrad at 0x000001925DD16200>) in gradient.
[2026-02-18 23:21:46,033] tensorflow - Level 1 - Registering EditDistance (None) in gradient.
[2026-02-18 23:21:46,033] tensorflow - Level 1 - Registering Fill (<function _FillGrad at 0x000001925DD162A0>) in gradient.
[2026-02-18 23:21:46,033] tensorflow - Level 1 - Registering ZerosLike (None) in gradient.
[2026-02-18 23:21:46,033] tensorflow - Level 1 - Registering OnesLike (None) in gradient.
[2026-02-18 23:21:46,033] tensorflow - Level 1 - Registering PreventGradient (<function _PreventGradientGrad at 0x000001925DD16340>) in gradient.
[2026-02-18 23:21:46,033] tensorflow - Level 1 - Registering Gather (<function _GatherGrad at 0x000001925DD16480>) in gradient.
[2026-02-18 23:21:46,033] tensorflow - Level 1 - Registering GatherV2 (<function _GatherV2Grad at 0x000001925DD16660>) in gradient.
[2026-02-18 23:21:46,033] tensorflow - Level 1 - Registering GatherNd (<function _GatherNdGrad at 0x000001925DD16700>) in gradient.
[2026-02-18 23:21:46,034] tensorflow - Level 1 - Registering ResourceGatherNd (<function _ResourceGatherNdGrad at 0x000001925DD167A0>) in gradient.
[2026-02-18 23:21:46,034] tensorflow - Level 1 - Registering CheckNumerics (<function _CheckNumericsGrad at 0x000001925DD16840>) in gradient.
[2026-02-18 23:21:46,034] tensorflow - Level 1 - Registering CheckNumericsV2 (<function _CheckNumericsV2Grad at 0x000001925DD168E0>) in gradient.
[2026-02-18 23:21:46,034] tensorflow - Level 1 - Registering Identity (<function _IdGrad at 0x000001925DD16980>) in gradient.
[2026-02-18 23:21:46,034] tensorflow - Level 1 - Registering PlaceholderWithDefault (<function _IdGrad at 0x000001925DD16980>) in gradient.
[2026-02-18 23:21:46,034] tensorflow - Level 1 - Registering _EagerConst (<function _EagerConstGrad at 0x000001925DD16A20>) in gradient.
[2026-02-18 23:21:46,034] tensorflow - Level 1 - Registering RefIdentity (<function _RefIdGrad at 0x000001925DD16AC0>) in gradient.
[2026-02-18 23:21:46,034] tensorflow - Level 1 - Registering IdentityN (<function _IdNGrad at 0x000001925DD16B60>) in gradient.
[2026-02-18 23:21:46,034] tensorflow - Level 1 - Registering StopGradient (None) in gradient.
[2026-02-18 23:21:46,034] tensorflow - Level 1 - Registering Reshape (<function _ReshapeGrad at 0x000001925DD16C00>) in gradient.
[2026-02-18 23:21:46,035] tensorflow - Level 1 - Registering InvertPermutation (None) in gradient.
[2026-02-18 23:21:46,035] tensorflow - Level 1 - Registering ExpandDims (<function _ExpandDimsGrad at 0x000001925DD16D40>) in gradient.
[2026-02-18 23:21:46,035] tensorflow - Level 1 - Registering Squeeze (<function _SqueezeGrad at 0x000001925DD16DE0>) in gradient.
[2026-02-18 23:21:46,035] tensorflow - Level 1 - Registering Transpose (<function _TransposeGrad at 0x000001925DD16E80>) in gradient.
[2026-02-18 23:21:46,035] tensorflow - Level 1 - Registering ConjugateTranspose (<function _ConjugateTransposeGrad at 0x000001925DD16F20>) in gradient.
[2026-02-18 23:21:46,035] tensorflow - Level 1 - Registering Shape (None) in gradient.
[2026-02-18 23:21:46,035] tensorflow - Level 1 - Registering ShapeN (None) in gradient.
[2026-02-18 23:21:46,035] tensorflow - Level 1 - Registering Rank (None) in gradient.
[2026-02-18 23:21:46,035] tensorflow - Level 1 - Registering Size (None) in gradient.
[2026-02-18 23:21:46,036] tensorflow - Level 1 - Registering Tile (<function _TileGrad at 0x000001925DD16FC0>) in gradient.
[2026-02-18 23:21:46,036] tensorflow - Level 1 - Registering BroadcastGradientArgs (None) in gradient.
[2026-02-18 23:21:46,036] tensorflow - Level 1 - Registering Pad (<function _PadGrad at 0x000001925DD17060>) in gradient.
[2026-02-18 23:21:46,036] tensorflow - Level 1 - Registering PadV2 (<function _PadGrad at 0x000001925DD17060>) in gradient.
[2026-02-18 23:21:46,036] tensorflow - Level 1 - Registering ReverseSequence (<function _ReverseSequenceGrad at 0x000001925DD17100>) in gradient.
[2026-02-18 23:21:46,036] tensorflow - Level 1 - Registering Reverse (<function _ReverseGrad at 0x000001925DD171A0>) in gradient.
[2026-02-18 23:21:46,036] tensorflow - Level 1 - Registering ReverseV2 (<function _ReverseV2Grad at 0x000001925DD17240>) in gradient.
[2026-02-18 23:21:46,037] tensorflow - Level 1 - Registering SpaceToBatch (<function _SpaceToBatchGrad at 0x000001925DD172E0>) in gradient.
[2026-02-18 23:21:46,037] tensorflow - Level 1 - Registering SpaceToBatchND (<function _SpaceToBatchNDGrad at 0x000001925DD17380>) in gradient.
[2026-02-18 23:21:46,037] tensorflow - Level 1 - Registering BatchToSpace (<function _BatchToSpaceGrad at 0x000001925DD17420>) in gradient.
[2026-02-18 23:21:46,037] tensorflow - Level 1 - Registering BatchToSpaceND (<function _BatchToSpaceNDGrad at 0x000001925DD174C0>) in gradient.
[2026-02-18 23:21:46,037] tensorflow - Level 1 - Registering SpaceToDepth (<function _SpaceToDepthGrad at 0x000001925DD17560>) in gradient.
[2026-02-18 23:21:46,037] tensorflow - Level 1 - Registering DepthToSpace (<function _DepthToSpaceGrad at 0x000001925DD17600>) in gradient.
[2026-02-18 23:21:46,037] tensorflow - Level 1 - Registering OneHot (None) in gradient.
[2026-02-18 23:21:46,037] tensorflow - Level 1 - Registering MirrorPad (<function _MirrorPadGrad at 0x000001925DD176A0>) in gradient.
[2026-02-18 23:21:46,038] tensorflow - Level 1 - Registering MirrorPadGrad (<function _MirrorPadGradGrad at 0x000001925DD17740>) in gradient.
[2026-02-18 23:21:46,038] tensorflow - Level 1 - Registering FakeQuantWithMinMaxArgsGradient (None) in gradient.
[2026-02-18 23:21:46,038] tensorflow - Level 1 - Registering FakeQuantWithMinMaxVarsGradient (None) in gradient.
[2026-02-18 23:21:46,038] tensorflow - Level 1 - Registering FakeQuantWithMinMaxVarsPerChannelGradient (None) in gradient.
[2026-02-18 23:21:46,038] tensorflow - Level 1 - Registering QuantizeAndDequantize (<function _QuantizeAndDequantizeGrad at 0x000001925DD177E0>) in gradient.
[2026-02-18 23:21:46,038] tensorflow - Level 1 - Registering QuantizeAndDequantizeV2 (<function _QuantizeAndDequantizeV2Grad at 0x000001925DD17920>) in gradient.
[2026-02-18 23:21:46,038] tensorflow - Level 1 - Registering QuantizeAndDequantizeV3 (<function _QuantizeAndDequantizeV3Grad at 0x000001925DD179C0>) in gradient.
[2026-02-18 23:21:46,038] tensorflow - Level 1 - Registering ExtractImagePatches (<function _ExtractImagePatchesGrad at 0x000001925DD17880>) in gradient.
[2026-02-18 23:21:46,038] tensorflow - Level 1 - Registering ExtractVolumePatches (<function _ExtractVolumePatchesGrad at 0x000001925DD17A60>) in gradient.
[2026-02-18 23:21:46,038] tensorflow - Level 1 - Registering ScatterNd (<function _ScatterNdGrad at 0x000001925DD17B00>) in gradient.
[2026-02-18 23:21:46,038] tensorflow - Level 1 - Registering TensorScatterUpdate (<function _TensorScatterUpdateGrad at 0x000001925DD17BA0>) in gradient.
[2026-02-18 23:21:46,038] tensorflow - Level 1 - Registering TensorScatterAdd (<function _TensorScatterAddGrad at 0x000001925DD17C40>) in gradient.
[2026-02-18 23:21:46,040] tensorflow - Level 1 - Registering TensorScatterMax (<function _TensorScatterMaxGrad at 0x000001925DD17D80>) in gradient.
[2026-02-18 23:21:46,040] tensorflow - Level 1 - Registering TensorScatterMin (<function _TensorScatterMinGrad at 0x000001925DD17E20>) in gradient.
[2026-02-18 23:21:46,040] tensorflow - Level 1 - Registering TensorScatterSub (<function _TensorScatterSubGrad at 0x000001925DD17EC0>) in gradient.
[2026-02-18 23:21:46,040] tensorflow - Level 1 - Registering ScatterNdNonAliasingAdd (<function _ScatterNdNonAliasingAddGrad at 0x000001925DD17F60>) in gradient.
[2026-02-18 23:21:46,040] tensorflow - Level 1 - Registering BroadcastTo (<function _BroadcastToGrad at 0x000001925DD54040>) in gradient.
[2026-02-18 23:21:46,042] tensorflow - Level 1 - Registering Switch (<function _SwitchGrad at 0x000001925DD54220>) in gradient.
[2026-02-18 23:21:46,043] tensorflow - Level 1 - Registering RefSwitch (<function _SwitchGrad at 0x000001925DD54220>) in gradient.
[2026-02-18 23:21:46,044] tensorflow - Level 1 - Registering Merge (<function _MergeGrad at 0x000001925DD542C0>) in gradient.
[2026-02-18 23:21:46,044] tensorflow - Level 1 - Registering RefMerge (<function _RefMergeGrad at 0x000001925DD54400>) in gradient.
[2026-02-18 23:21:46,044] tensorflow - Level 1 - Registering Exit (<function _ExitGrad at 0x000001925DD54360>) in gradient.
[2026-02-18 23:21:46,044] tensorflow - Level 1 - Registering RefExit (<function _ExitGrad at 0x000001925DD54360>) in gradient.
[2026-02-18 23:21:46,044] tensorflow - Level 1 - Registering NextIteration (<function _NextIterationGrad at 0x000001925DD544A0>) in gradient.
[2026-02-18 23:21:46,044] tensorflow - Level 1 - Registering RefNextIteration (<function _RefNextIterationGrad at 0x000001925DD54540>) in gradient.
[2026-02-18 23:21:46,044] tensorflow - Level 1 - Registering Enter (<function _EnterGrad at 0x000001925DD545E0>) in gradient.
[2026-02-18 23:21:46,045] tensorflow - Level 1 - Registering RefEnter (<function _RefEnterGrad at 0x000001925DD54680>) in gradient.
[2026-02-18 23:21:46,045] tensorflow - Level 1 - Registering LoopCond (<function _LoopCondGrad at 0x000001925DD54720>) in gradient.
[2026-02-18 23:21:46,052] tensorflow - Level 1 - Registering CudnnRNN (<function _cudnn_rnn_backward at 0x000001925DD54860>) in gradient.
[2026-02-18 23:21:46,054] tensorflow - Level 1 - Registering CudnnRNNV2 (<function _cudnn_rnn_backward_v2 at 0x000001925DD54A40>) in gradient.
[2026-02-18 23:21:46,054] tensorflow - Level 1 - Registering CudnnRNNV3 (<function _cudnn_rnn_backwardv3 at 0x000001925DD7CB80>) in gradient.
[2026-02-18 23:21:46,056] tensorflow - Level 1 - Registering ResizeNearestNeighbor (<function _ResizeNearestNeighborGrad at 0x000001925DD7CAE0>) in gradient.
[2026-02-18 23:21:46,058] tensorflow - Level 1 - Registering ResizeBilinear (<function _ResizeBilinearGrad at 0x000001925DD7CC20>) in gradient.
[2026-02-18 23:21:46,058] tensorflow - Level 1 - Registering ResizeBilinearGrad (None) in gradient.
[2026-02-18 23:21:46,058] tensorflow - Level 1 - Registering ScaleAndTranslate (<function _ScaleAndTranslateGrad at 0x000001925DD7CE00>) in gradient.
[2026-02-18 23:21:46,058] tensorflow - Level 1 - Registering ResizeBicubic (<function _ResizeBicubicGrad at 0x000001925DD7CD60>) in gradient.
[2026-02-18 23:21:46,058] tensorflow - Level 1 - Registering CropAndResize (<function _CropAndResizeGrad at 0x000001925DD7CEA0>) in gradient.
[2026-02-18 23:21:46,059] tensorflow - Level 1 - Registering RGBToHSV (<function _RGBToHSVGrad at 0x000001925DD7CFE0>) in gradient.
[2026-02-18 23:21:46,066] tensorflow - Level 1 - Registering ReaderRead (None) in gradient.
[2026-02-18 23:21:46,068] tensorflow - Level 1 - Registering ReaderReadUpTo (None) in gradient.
[2026-02-18 23:21:46,068] tensorflow - Level 1 - Registering ReaderNumRecordsProduced (None) in gradient.
[2026-02-18 23:21:46,068] tensorflow - Level 1 - Registering ReaderNumWorkUnitsCompleted (None) in gradient.
[2026-02-18 23:21:46,069] tensorflow - Level 1 - Registering ReaderSerializeState (None) in gradient.
[2026-02-18 23:21:46,069] tensorflow - Level 1 - Registering ReaderRestoreState (None) in gradient.
[2026-02-18 23:21:46,070] tensorflow - Level 1 - Registering ReaderReset (None) in gradient.
[2026-02-18 23:21:46,070] tensorflow - Level 1 - Registering WholeFileReader (None) in gradient.
[2026-02-18 23:21:46,070] tensorflow - Level 1 - Registering TextLineReader (None) in gradient.
[2026-02-18 23:21:46,070] tensorflow - Level 1 - Registering FixedLengthRecordReader (None) in gradient.
[2026-02-18 23:21:46,071] tensorflow - Level 1 - Registering TFRecordReader (None) in gradient.
[2026-02-18 23:21:46,072] tensorflow - Level 1 - Registering LMDBReader (None) in gradient.
[2026-02-18 23:21:46,072] tensorflow - Level 1 - Registering IdentityReader (None) in gradient.
[2026-02-18 23:21:46,081] tensorflow - Level 1 - Registering MatrixInverse (<function _MatrixInverseGrad at 0x000001925DDCA480>) in gradient.
[2026-02-18 23:21:46,083] tensorflow - Level 1 - Registering Einsum (<function _EinsumGrad at 0x000001925DDCA700>) in gradient.
[2026-02-18 23:21:46,083] tensorflow - Level 1 - Registering MatrixDeterminant (<function _MatrixDeterminantGrad at 0x000001925DDFCB80>) in gradient.
[2026-02-18 23:21:46,083] tensorflow - Level 1 - Registering MatrixSquareRoot (<function _MatrixSquareRootGrad at 0x000001925DDFCCC0>) in gradient.
[2026-02-18 23:21:46,083] tensorflow - Level 1 - Registering LogMatrixDeterminant (<function _LogMatrixDeterminantGrad at 0x000001925DDFCD60>) in gradient.
[2026-02-18 23:21:46,083] tensorflow - Level 1 - Registering Cholesky (<function _CholeskyGrad at 0x000001925DDFCE00>) in gradient.
[2026-02-18 23:21:46,083] tensorflow - Level 1 - Registering Qr (<function _QrGrad at 0x000001925DDFCEA0>) in gradient.
[2026-02-18 23:21:46,083] tensorflow - Level 1 - Registering MatrixSolve (<function _MatrixSolveGrad at 0x000001925DDFCF40>) in gradient.
[2026-02-18 23:21:46,083] tensorflow - Level 1 - Registering MatrixSolveLs (<function _MatrixSolveLsGrad at 0x000001925DDFCFE0>) in gradient.
[2026-02-18 23:21:46,083] tensorflow - Level 1 - Registering BandedTriangularSolve (<function _BandedTriangularSolveGrad at 0x000001925DDFD080>) in gradient.
[2026-02-18 23:21:46,084] tensorflow - Level 1 - Registering MatrixTriangularSolve (<function _MatrixTriangularSolveGrad at 0x000001925DDFD120>) in gradient.
[2026-02-18 23:21:46,084] tensorflow - Level 1 - Registering Eig (<function _EigGrad at 0x000001925DDFD260>) in gradient.
[2026-02-18 23:21:46,084] tensorflow - Level 1 - Registering SelfAdjointEigV2 (<function _SelfAdjointEigV2Grad at 0x000001925DDFD300>) in gradient.
[2026-02-18 23:21:46,084] tensorflow - Level 1 - Registering Svd (<function _SvdGrad at 0x000001925DDFD3A0>) in gradient.
[2026-02-18 23:21:46,084] tensorflow - Level 1 - Registering TridiagonalMatMul (<function _TridiagonalMatMulGrad at 0x000001925DDFD580>) in gradient.
[2026-02-18 23:21:46,084] tensorflow - Level 1 - Registering TridiagonalSolve (<function _TridiagonalSolveGrad at 0x000001925DDFD620>) in gradient.
[2026-02-18 23:21:46,087] tensorflow - Level 1 - Registering LookupTableFind (None) in gradient.
[2026-02-18 23:21:46,088] tensorflow - Level 1 - Registering LookupTableFindV2 (None) in gradient.
[2026-02-18 23:21:46,088] tensorflow - Level 1 - Registering LookupTableInsert (None) in gradient.
[2026-02-18 23:21:46,089] tensorflow - Level 1 - Registering LookupTableInsertV2 (None) in gradient.
[2026-02-18 23:21:46,089] tensorflow - Level 1 - Registering LookupTableSize (None) in gradient.
[2026-02-18 23:21:46,089] tensorflow - Level 1 - Registering LookupTableSizeV2 (None) in gradient.
[2026-02-18 23:21:46,089] tensorflow - Level 1 - Registering HashTable (None) in gradient.
[2026-02-18 23:21:46,089] tensorflow - Level 1 - Registering HashTableV2 (None) in gradient.
[2026-02-18 23:21:46,089] tensorflow - Level 1 - Registering InitializeTable (None) in gradient.
[2026-02-18 23:21:46,089] tensorflow - Level 1 - Registering InitializeTableV2 (None) in gradient.
[2026-02-18 23:21:46,090] tensorflow - Level 1 - Registering InitializeTableFromTextFile (None) in gradient.
[2026-02-18 23:21:46,090] tensorflow - Level 1 - Registering InitializeTableFromTextFileV2 (None) in gradient.
[2026-02-18 23:21:46,090] tensorflow - Level 1 - Registering MutableDenseHashTable (None) in gradient.
[2026-02-18 23:21:46,091] tensorflow - Level 1 - Registering MutableDenseHashTableV2 (None) in gradient.
[2026-02-18 23:21:46,091] tensorflow - Level 1 - Registering MutableHashTable (None) in gradient.
[2026-02-18 23:21:46,091] tensorflow - Level 1 - Registering MutableHashTableV2 (None) in gradient.
[2026-02-18 23:21:46,091] tensorflow - Level 1 - Registering MutableHashTableOfTensors (None) in gradient.
[2026-02-18 23:21:46,091] tensorflow - Level 1 - Registering MutableHashTableOfTensorsV2 (None) in gradient.
[2026-02-18 23:21:46,095] tensorflow - Level 1 - Registering Roll (<function _RollGrad at 0x000001925DD547C0>) in gradient.
[2026-02-18 23:21:46,100] tensorflow - Level 1 - Registering ArgMax (<function _ArgMaxGrad at 0x000001925DDFC9A0>) in gradient.
[2026-02-18 23:21:46,102] tensorflow - Level 1 - Registering ArgMin (<function _ArgMinGrad at 0x000001925DDFE700>) in gradient.
[2026-02-18 23:21:46,103] tensorflow - Level 1 - Registering EuclideanNorm (<function _EuclideanNormGrad at 0x000001925DDFE980>) in gradient.
[2026-02-18 23:21:46,103] tensorflow - Level 1 - Registering Sum (<function _SumGrad at 0x000001925DDFEDE0>) in gradient.
[2026-02-18 23:21:46,103] tensorflow - Level 1 - Registering Max (<function _MaxGrad at 0x000001925DDFEF20>) in gradient.
[2026-02-18 23:21:46,103] tensorflow - Level 1 - Registering Min (<function _MinGrad at 0x000001925DDFEFC0>) in gradient.
[2026-02-18 23:21:46,103] tensorflow - Level 1 - Registering Mean (<function _MeanGrad at 0x000001925DDFF060>) in gradient.
[2026-02-18 23:21:46,103] tensorflow - Level 1 - Registering Prod (<function _ProdGrad at 0x000001925DDFF100>) in gradient.
[2026-02-18 23:21:46,104] tensorflow - Level 1 - Registering SegmentSum (<function _SegmentSumGrad at 0x000001925DDFF1A0>) in gradient.
[2026-02-18 23:21:46,104] tensorflow - Level 1 - Registering SegmentMean (<function _SegmentMeanGrad at 0x000001925DDFF240>) in gradient.
[2026-02-18 23:21:46,104] tensorflow - Level 1 - Registering SparseSegmentSum (<function _SparseSegmentSumGrad at 0x000001925DDFF420>) in gradient.
[2026-02-18 23:21:46,104] tensorflow - Level 1 - Registering SparseSegmentSumWithNumSegments (<function _SparseSegmentSumWithNumSegmentsGrad at 0x000001925DDFF4C0>) in gradient.
[2026-02-18 23:21:46,104] tensorflow - Level 1 - Registering SparseSegmentMean (<function _SparseSegmentMeanGrad at 0x000001925DDFF560>) in gradient.
[2026-02-18 23:21:46,105] tensorflow - Level 1 - Registering SparseSegmentMeanWithNumSegments (<function _SparseSegmentMeanWithNumSegmentsGrad at 0x000001925DDFF600>) in gradient.
[2026-02-18 23:21:46,105] tensorflow - Level 1 - Registering SparseSegmentSqrtN (<function _SparseSegmentSqrtNGrad at 0x000001925DDFF6A0>) in gradient.
[2026-02-18 23:21:46,105] tensorflow - Level 1 - Registering SparseSegmentSqrtNWithNumSegments (<function _SparseSegmentSqrtNWithNumSegmentsGrad at 0x000001925DDFF740>) in gradient.
[2026-02-18 23:21:46,105] tensorflow - Level 1 - Registering SegmentMin (<function _SegmentMinGrad at 0x000001925DDFF880>) in gradient.
[2026-02-18 23:21:46,105] tensorflow - Level 1 - Registering SegmentMax (<function _SegmentMaxGrad at 0x000001925DDFF920>) in gradient.
[2026-02-18 23:21:46,106] tensorflow - Level 1 - Registering SegmentProd (<function _SegmentProdGrad at 0x000001925DDFF9C0>) in gradient.
[2026-02-18 23:21:46,106] tensorflow - Level 1 - Registering UnsortedSegmentSum (<function _UnsortedSegmentSumGrad at 0x000001925DDFFBA0>) in gradient.
[2026-02-18 23:21:46,106] tensorflow - Level 1 - Registering UnsortedSegmentMax (<function _UnsortedSegmentMaxGrad at 0x000001925DDFFC40>) in gradient.
[2026-02-18 23:21:46,106] tensorflow - Level 1 - Registering UnsortedSegmentMin (<function _UnsortedSegmentMinGrad at 0x000001925DDFFCE0>) in gradient.
[2026-02-18 23:21:46,106] tensorflow - Level 1 - Registering UnsortedSegmentProd (<function _UnsortedSegmentProdGrad at 0x000001925DDFFD80>) in gradient.
[2026-02-18 23:21:46,106] tensorflow - Level 1 - Registering Abs (<function _AbsGrad at 0x000001925DDFFE20>) in gradient.
[2026-02-18 23:21:46,106] tensorflow - Level 1 - Registering Neg (<function _NegGrad at 0x000001925DDFFEC0>) in gradient.
[2026-02-18 23:21:46,106] tensorflow - Level 1 - Registering Inv (<function _InvGrad at 0x000001925DDFFF60>) in gradient.
[2026-02-18 23:21:46,108] tensorflow - Level 1 - Registering Reciprocal (<function _ReciprocalGrad at 0x000001925DE70040>) in gradient.
[2026-02-18 23:21:46,108] tensorflow - Level 1 - Registering InvGrad (<function _InvGradGrad at 0x000001925DE700E0>) in gradient.
[2026-02-18 23:21:46,108] tensorflow - Level 1 - Registering ReciprocalGrad (<function _ReciprocalGradGrad at 0x000001925DE70180>) in gradient.
[2026-02-18 23:21:46,108] tensorflow - Level 1 - Registering Square (<function _SquareGrad at 0x000001925DE70220>) in gradient.
[2026-02-18 23:21:46,108] tensorflow - Level 1 - Registering Sqrt (<function _SqrtGrad at 0x000001925DE702C0>) in gradient.
[2026-02-18 23:21:46,108] tensorflow - Level 1 - Registering SqrtGrad (<function _SqrtGradGrad at 0x000001925DE70360>) in gradient.
[2026-02-18 23:21:46,108] tensorflow - Level 1 - Registering Rsqrt (<function _RsqrtGrad at 0x000001925DE70400>) in gradient.
[2026-02-18 23:21:46,109] tensorflow - Level 1 - Registering RsqrtGrad (<function _RsqrtGradGrad at 0x000001925DE704A0>) in gradient.
[2026-02-18 23:21:46,109] tensorflow - Level 1 - Registering Exp (<function _ExpGrad at 0x000001925DE70540>) in gradient.
[2026-02-18 23:21:46,109] tensorflow - Level 1 - Registering Expm1 (<function _Expm1Grad at 0x000001925DE705E0>) in gradient.
[2026-02-18 23:21:46,109] tensorflow - Level 1 - Registering Log (<function _LogGrad at 0x000001925DE70680>) in gradient.
[2026-02-18 23:21:46,109] tensorflow - Level 1 - Registering Log1p (<function _Log1pGrad at 0x000001925DE70720>) in gradient.
[2026-02-18 23:21:46,109] tensorflow - Level 1 - Registering Xlogy (<function _XLogyGrad at 0x000001925DE707C0>) in gradient.
[2026-02-18 23:21:46,109] tensorflow - Level 1 - Registering Xlog1py (<function _XLog1pyGrad at 0x000001925DE70860>) in gradient.
[2026-02-18 23:21:46,109] tensorflow - Level 1 - Registering Xdivy (<function _XDivyGrad at 0x000001925DE70900>) in gradient.
[2026-02-18 23:21:46,110] tensorflow - Level 1 - Registering Sinh (<function _SinhGrad at 0x000001925DE709A0>) in gradient.
[2026-02-18 23:21:46,110] tensorflow - Level 1 - Registering Cosh (<function _CoshGrad at 0x000001925DE70A40>) in gradient.
[2026-02-18 23:21:46,110] tensorflow - Level 1 - Registering Tanh (<function _TanhGrad at 0x000001925DE70AE0>) in gradient.
[2026-02-18 23:21:46,110] tensorflow - Level 1 - Registering Asinh (<function _AsinhGrad at 0x000001925DE70B80>) in gradient.
[2026-02-18 23:21:46,110] tensorflow - Level 1 - Registering Acosh (<function _AcoshGrad at 0x000001925DE70C20>) in gradient.
[2026-02-18 23:21:46,110] tensorflow - Level 1 - Registering Atanh (<function _AtanhGrad at 0x000001925DE70CC0>) in gradient.
[2026-02-18 23:21:46,110] tensorflow - Level 1 - Registering TanhGrad (<function _TanhGradGrad at 0x000001925DE70D60>) in gradient.
[2026-02-18 23:21:46,110] tensorflow - Level 1 - Registering Erf (<function _ErfGrad at 0x000001925DE70E00>) in gradient.
[2026-02-18 23:21:46,110] tensorflow - Level 1 - Registering Erfc (<function _ErfcGrad at 0x000001925DE70EA0>) in gradient.
[2026-02-18 23:21:46,111] tensorflow - Level 1 - Registering Erfinv (<function _ErfinvGrad at 0x000001925DE70F40>) in gradient.
[2026-02-18 23:21:46,111] tensorflow - Level 1 - Registering Ndtri (<function _NdtriGrad at 0x000001925DE70FE0>) in gradient.
[2026-02-18 23:21:46,111] tensorflow - Level 1 - Registering Lgamma (<function _LgammaGrad at 0x000001925DE71080>) in gradient.
[2026-02-18 23:21:46,111] tensorflow - Level 1 - Registering Digamma (<function _DigammaGrad at 0x000001925DE71120>) in gradient.
[2026-02-18 23:21:46,111] tensorflow - Level 1 - Registering Dawsn (<function _DawsnGrad at 0x000001925DE711C0>) in gradient.
[2026-02-18 23:21:46,111] tensorflow - Level 1 - Registering Expint (<function _ExpintGrad at 0x000001925DE71260>) in gradient.
[2026-02-18 23:21:46,111] tensorflow - Level 1 - Registering FresnelCos (<function _FresnelCosGrad at 0x000001925DE71300>) in gradient.
[2026-02-18 23:21:46,111] tensorflow - Level 1 - Registering FresnelSin (<function _FresnelSinGrad at 0x000001925DE713A0>) in gradient.
[2026-02-18 23:21:46,111] tensorflow - Level 1 - Registering Spence (<function _SpenceGrad at 0x000001925DE71440>) in gradient.
[2026-02-18 23:21:46,112] tensorflow - Level 1 - Registering BesselI0 (<function _BesselI0Grad at 0x000001925DE714E0>) in gradient.
[2026-02-18 23:21:46,112] tensorflow - Level 1 - Registering BesselI0e (<function _BesselI0eGrad at 0x000001925DE71580>) in gradient.
[2026-02-18 23:21:46,112] tensorflow - Level 1 - Registering BesselI1 (<function _BesselI1Grad at 0x000001925DE71620>) in gradient.
[2026-02-18 23:21:46,112] tensorflow - Level 1 - Registering BesselI1e (<function _BesselI1eGrad at 0x000001925DE716C0>) in gradient.
[2026-02-18 23:21:46,112] tensorflow - Level 1 - Registering BesselK0 (<function _BesselK0Grad at 0x000001925DE71760>) in gradient.
[2026-02-18 23:21:46,112] tensorflow - Level 1 - Registering BesselK0e (<function _BesselK0eGrad at 0x000001925DE71800>) in gradient.
[2026-02-18 23:21:46,112] tensorflow - Level 1 - Registering BesselK1 (<function _BesselK1Grad at 0x000001925DE718A0>) in gradient.
[2026-02-18 23:21:46,112] tensorflow - Level 1 - Registering BesselK1e (<function _BesselK1eGrad at 0x000001925DE71940>) in gradient.
[2026-02-18 23:21:46,112] tensorflow - Level 1 - Registering BesselJ0 (<function _BesselJ0Grad at 0x000001925DE719E0>) in gradient.
[2026-02-18 23:21:46,113] tensorflow - Level 1 - Registering BesselJ1 (<function _BesselJ1Grad at 0x000001925DE71A80>) in gradient.
[2026-02-18 23:21:46,113] tensorflow - Level 1 - Registering BesselY0 (<function _BesselY0Grad at 0x000001925DE71B20>) in gradient.
[2026-02-18 23:21:46,113] tensorflow - Level 1 - Registering BesselY1 (<function _BesselY1Grad at 0x000001925DE71BC0>) in gradient.
[2026-02-18 23:21:46,113] tensorflow - Level 1 - Registering Igamma (<function _IgammaGrad at 0x000001925DE71C60>) in gradient.
[2026-02-18 23:21:46,113] tensorflow - Level 1 - Registering Igammac (<function _IgammacGrad at 0x000001925DE71D00>) in gradient.
[2026-02-18 23:21:46,113] tensorflow - Level 1 - Registering Betainc (<function _BetaincGrad at 0x000001925DE71DA0>) in gradient.
[2026-02-18 23:21:46,113] tensorflow - Level 1 - Registering Zeta (<function _ZetaGrad at 0x000001925DE71E40>) in gradient.
[2026-02-18 23:21:46,113] tensorflow - Level 1 - Registering Polygamma (<function _PolygammaGrad at 0x000001925DE71EE0>) in gradient.
[2026-02-18 23:21:46,113] tensorflow - Level 1 - Registering Sigmoid (<function _SigmoidGrad at 0x000001925DE71F80>) in gradient.
[2026-02-18 23:21:46,113] tensorflow - Level 1 - Registering SigmoidGrad (<function _SigmoidGradGrad at 0x000001925DE72020>) in gradient.
[2026-02-18 23:21:46,114] tensorflow - Level 1 - Registering Sign (<function _SignGrad at 0x000001925DE720C0>) in gradient.
[2026-02-18 23:21:46,114] tensorflow - Level 1 - Registering Sin (<function _SinGrad at 0x000001925DE72160>) in gradient.
[2026-02-18 23:21:46,114] tensorflow - Level 1 - Registering Cos (<function _CosGrad at 0x000001925DE72200>) in gradient.
[2026-02-18 23:21:46,114] tensorflow - Level 1 - Registering Tan (<function _TanGrad at 0x000001925DE722A0>) in gradient.
[2026-02-18 23:21:46,114] tensorflow - Level 1 - Registering Asin (<function _AsinGrad at 0x000001925DE72340>) in gradient.
[2026-02-18 23:21:46,114] tensorflow - Level 1 - Registering Acos (<function _AcosGrad at 0x000001925DE723E0>) in gradient.
[2026-02-18 23:21:46,114] tensorflow - Level 1 - Registering Atan (<function _AtanGrad at 0x000001925DE72480>) in gradient.
[2026-02-18 23:21:46,114] tensorflow - Level 1 - Registering Atan2 (<function _Atan2Grad at 0x000001925DE72520>) in gradient.
[2026-02-18 23:21:46,114] tensorflow - Level 1 - Registering AddN (<function _AddNGrad at 0x000001925DE725C0>) in gradient.
[2026-02-18 23:21:46,115] tensorflow - Level 1 - Registering AddV2 (<function _AddGrad at 0x000001925DE72700>) in gradient.
[2026-02-18 23:21:46,115] tensorflow - Level 1 - Registering Add (<function _AddGrad at 0x000001925DE72700>) in gradient.
[2026-02-18 23:21:46,115] tensorflow - Level 1 - Registering Sub (<function _SubGrad at 0x000001925DE727A0>) in gradient.
[2026-02-18 23:21:46,115] tensorflow - Level 1 - Registering Mul (<function _MulGrad at 0x000001925DE72840>) in gradient.
[2026-02-18 23:21:46,115] tensorflow - Level 1 - Registering MulNoNan (<function _MulNoNanGrad at 0x000001925DE728E0>) in gradient.
[2026-02-18 23:21:46,115] tensorflow - Level 1 - Registering Div (<function _DivGrad at 0x000001925DE72980>) in gradient.
[2026-02-18 23:21:46,115] tensorflow - Level 1 - Registering FloorDiv (<function _FloorDivGrad at 0x000001925DE72A20>) in gradient.
[2026-02-18 23:21:46,115] tensorflow - Level 1 - Registering FloorMod (<function _FloorModGrad at 0x000001925DE72AC0>) in gradient.
[2026-02-18 23:21:46,116] tensorflow - Level 1 - Registering TruncateDiv (<function _TruncateDivGrad at 0x000001925DE72B60>) in gradient.
[2026-02-18 23:21:46,116] tensorflow - Level 1 - Registering RealDiv (<function _RealDivGrad at 0x000001925DE72C00>) in gradient.
[2026-02-18 23:21:46,116] tensorflow - Level 1 - Registering DivNoNan (<function _DivNoNanGrad at 0x000001925DE72CA0>) in gradient.
[2026-02-18 23:21:46,116] tensorflow - Level 1 - Registering Pow (<function _PowGrad at 0x000001925DE72D40>) in gradient.
[2026-02-18 23:21:46,116] tensorflow - Level 1 - Registering Maximum (<function _MaximumGrad at 0x000001925DE72F20>) in gradient.
[2026-02-18 23:21:46,116] tensorflow - Level 1 - Registering Minimum (<function _MinimumGrad at 0x000001925DE72FC0>) in gradient.
[2026-02-18 23:21:46,116] tensorflow - Level 1 - Registering SquaredDifference (<function _SquaredDifferenceGrad at 0x000001925DE73060>) in gradient.
[2026-02-18 23:21:46,116] tensorflow - Level 1 - Registering Less (None) in gradient.
[2026-02-18 23:21:46,116] tensorflow - Level 1 - Registering LessEqual (None) in gradient.
[2026-02-18 23:21:46,116] tensorflow - Level 1 - Registering Greater (None) in gradient.
[2026-02-18 23:21:46,117] tensorflow - Level 1 - Registering GreaterEqual (None) in gradient.
[2026-02-18 23:21:46,117] tensorflow - Level 1 - Registering Equal (None) in gradient.
[2026-02-18 23:21:46,117] tensorflow - Level 1 - Registering ApproximateEqual (None) in gradient.
[2026-02-18 23:21:46,117] tensorflow - Level 1 - Registering NotEqual (None) in gradient.
[2026-02-18 23:21:46,117] tensorflow - Level 1 - Registering LogicalAnd (None) in gradient.
[2026-02-18 23:21:46,117] tensorflow - Level 1 - Registering LogicalOr (None) in gradient.
[2026-02-18 23:21:46,117] tensorflow - Level 1 - Registering LogicalNot (None) in gradient.
[2026-02-18 23:21:46,117] tensorflow - Level 1 - Registering Select (<function _SelectGrad at 0x000001925DE73100>) in gradient.
[2026-02-18 23:21:46,117] tensorflow - Level 1 - Registering SelectV2 (<function _SelectGradV2 at 0x000001925DE731A0>) in gradient.
[2026-02-18 23:21:46,118] tensorflow - Level 1 - Registering MatMul (<function _MatMulGrad at 0x000001925DE73380>) in gradient.
[2026-02-18 23:21:46,118] tensorflow - Level 1 - Registering SparseMatMul (<function _SparseMatMulGrad at 0x000001925DE73420>) in gradient.
[2026-02-18 23:21:46,118] tensorflow - Level 1 - Registering Floor (<function _FloorGrad at 0x000001925DE734C0>) in gradient.
[2026-02-18 23:21:46,118] tensorflow - Level 1 - Registering Ceil (<function _CeilGrad at 0x000001925DE73560>) in gradient.
[2026-02-18 23:21:46,118] tensorflow - Level 1 - Registering Round (<function _RoundGrad at 0x000001925DE73600>) in gradient.
[2026-02-18 23:21:46,118] tensorflow - Level 1 - Registering Rint (<function _RintGrad at 0x000001925DE736A0>) in gradient.
[2026-02-18 23:21:46,118] tensorflow - Level 1 - Registering BatchMatMul (<function _BatchMatMul at 0x000001925DE73740>) in gradient.
[2026-02-18 23:21:46,118] tensorflow - Level 1 - Registering BatchMatMulV3 (<function _BatchMatMulV2 at 0x000001925DE737E0>) in gradient.
[2026-02-18 23:21:46,118] tensorflow - Level 1 - Registering BatchMatMulV2 (<function _BatchMatMulV2 at 0x000001925DE737E0>) in gradient.
[2026-02-18 23:21:46,119] tensorflow - Level 1 - Registering Range (None) in gradient.
[2026-02-18 23:21:46,119] tensorflow - Level 1 - Registering LinSpace (None) in gradient.
[2026-02-18 23:21:46,119] tensorflow - Level 1 - Registering Complex (<function _ComplexGrad at 0x000001925DE73880>) in gradient.
[2026-02-18 23:21:46,119] tensorflow - Level 1 - Registering Real (<function _RealGrad at 0x000001925DE73920>) in gradient.
[2026-02-18 23:21:46,120] tensorflow - Level 1 - Registering Imag (<function _ImagGrad at 0x000001925DE739C0>) in gradient.
[2026-02-18 23:21:46,120] tensorflow - Level 1 - Registering Angle (<function _AngleGrad at 0x000001925DE73A60>) in gradient.
[2026-02-18 23:21:46,120] tensorflow - Level 1 - Registering Conj (<function _ConjGrad at 0x000001925DE73B00>) in gradient.
[2026-02-18 23:21:46,120] tensorflow - Level 1 - Registering ComplexAbs (<function _ComplexAbsGrad at 0x000001925DE73BA0>) in gradient.
[2026-02-18 23:21:46,120] tensorflow - Level 1 - Registering Cast (<function _CastGrad at 0x000001925DE73C40>) in gradient.
[2026-02-18 23:21:46,120] tensorflow - Level 1 - Registering Cross (<function _CrossGrad at 0x000001925DE73CE0>) in gradient.
[2026-02-18 23:21:46,120] tensorflow - Level 1 - Registering Cumsum (<function _CumsumGrad at 0x000001925DE73D80>) in gradient.
[2026-02-18 23:21:46,120] tensorflow - Level 1 - Registering Cumprod (<function _CumprodGrad at 0x000001925DE73E20>) in gradient.
[2026-02-18 23:21:46,120] tensorflow - Level 1 - Registering CumulativeLogsumexp (<function _CumulativeLogsumexpGrad at 0x000001925DE73EC0>) in gradient.
[2026-02-18 23:21:46,120] tensorflow - Level 1 - Registering NextAfter (<function _NextAfterGrad at 0x000001925DE73F60>) in gradient.
[2026-02-18 23:21:46,120] tensorflow - Level 1 - Registering NcclAllReduce (<function _all_sum_grad at 0x000001925DE84360>) in gradient.
[2026-02-18 23:21:46,120] tensorflow - Level 1 - Registering NcclReduce (<function _reduce_sum_grad at 0x000001925DE84F40>) in gradient.
[2026-02-18 23:21:46,120] tensorflow - Level 1 - Registering NcclBroadcast (<function _broadcast_grad at 0x000001925DE85080>) in gradient.
[2026-02-18 23:21:46,120] tensorflow - Level 1 - Registering OptionalFromValue (<function _OptionalFromValueGrad at 0x000001925DE84CC0>) in gradient.
[2026-02-18 23:21:46,120] tensorflow - Level 1 - Registering OptionalGetValue (<function _OptionalGetValueGrad at 0x000001925DE853A0>) in gradient.
[2026-02-18 23:21:46,120] tensorflow - Level 1 - Registering DecodeRaw (None) in gradient.
[2026-02-18 23:21:46,120] tensorflow - Level 1 - Registering DecodePaddedRaw (None) in gradient.
[2026-02-18 23:21:46,120] tensorflow - Level 1 - Registering ParseTensor (None) in gradient.
[2026-02-18 23:21:46,120] tensorflow - Level 1 - Registering SerializeTensor (None) in gradient.
[2026-02-18 23:21:46,135] tensorflow - Level 1 - Registering StringToNumber (None) in gradient.
[2026-02-18 23:21:46,139] tensorflow - Level 1 - Registering DecodeProtoV2 (None) in gradient.
[2026-02-18 23:21:46,141] tensorflow - Level 1 - Registering EncodeProto (None) in gradient.
[2026-02-18 23:21:46,142] tensorflow - Level 1 - Registering RandomGamma (<function _RandomGammaGrad at 0x000001925DE860C0>) in gradient.
[2026-02-18 23:21:46,144] tensorflow - Level 1 - Registering StatelessRandomGammaV2 (<function _StatelessRandomGammaV2Grad at 0x000001925DE86200>) in gradient.
[2026-02-18 23:21:46,144] tensorflow - Level 1 - Registering StatelessRandomGammaV3 (<function _StatelessRandomGammaV3Grad at 0x000001925DE86340>) in gradient.
[2026-02-18 23:21:46,146] tensorflow - Level 1 - Registering StatelessParameterizedTruncatedNormal (<function _StatelessParameterizedTruncatedNormalGrad at 0x000001925DE865C0>) in gradient.
[2026-02-18 23:21:46,152] tensorflow - Level 1 - Registering BlockLSTM (<function _block_lstm_grad at 0x000001925DE862A0>) in gradient.
[2026-02-18 23:21:46,155] tensorflow - Level 1 - Registering BlockLSTMV2 (<function _block_lstm_grad at 0x000001925DE862A0>) in gradient.
[2026-02-18 23:21:46,160] tensorflow - Level 1 - Registering SdcaFprint (None) in gradient.
[2026-02-18 23:21:46,162] tensorflow - Level 1 - Registering SdcaOptimizer (None) in gradient.
[2026-02-18 23:21:46,162] tensorflow - Level 1 - Registering SdcaOptimizerV2 (None) in gradient.
[2026-02-18 23:21:46,162] tensorflow - Level 1 - Registering SdcaShrinkL1 (None) in gradient.
[2026-02-18 23:21:46,169] tensorflow - Level 1 - Registering SetSize (None) in gradient.
[2026-02-18 23:21:46,171] tensorflow - Level 1 - Registering DenseToDenseSetOperation (None) in gradient.
[2026-02-18 23:21:46,171] tensorflow - Level 1 - Registering DenseToSparseSetOperation (None) in gradient.
[2026-02-18 23:21:46,171] tensorflow - Level 1 - Registering SparseToSparseSetOperation (None) in gradient.
[2026-02-18 23:21:46,175] tensorflow - Level 1 - Registering SparseAddGrad (None) in gradient.
[2026-02-18 23:21:46,176] tensorflow - Level 1 - Registering SparseConcat (None) in gradient.
[2026-02-18 23:21:46,177] tensorflow - Level 1 - Registering SparseReorder (<function _SparseReorderGrad at 0x000001925DED9620>) in gradient.
[2026-02-18 23:21:46,177] tensorflow - Level 1 - Registering SparseAdd (<function _SparseAddGrad at 0x000001925DED9800>) in gradient.
[2026-02-18 23:21:46,177] tensorflow - Level 1 - Registering SparseTensorDenseAdd (<function _SparseTensorDenseAddGrad at 0x000001925DED9760>) in gradient.
[2026-02-18 23:21:46,177] tensorflow - Level 1 - Registering SparseReduceSum (<function _SparseReduceSumGrad at 0x000001925DED98A0>) in gradient.
[2026-02-18 23:21:46,177] tensorflow - Level 1 - Registering SparseSlice (<function _SparseSliceGrad at 0x000001925DED9940>) in gradient.
[2026-02-18 23:21:46,177] tensorflow - Level 1 - Registering SparseTensorDenseMatMul (<function _SparseTensorDenseMatMulGrad at 0x000001925DED99E0>) in gradient.
[2026-02-18 23:21:46,177] tensorflow - Level 1 - Registering SparseDenseCwiseAdd (<function _SparseDenseCwiseAddGrad at 0x000001925DED9A80>) in gradient.
[2026-02-18 23:21:46,177] tensorflow - Level 1 - Registering SparseDenseCwiseMul (<function _SparseDenseCwiseMulGrad at 0x000001925DED9BC0>) in gradient.
[2026-02-18 23:21:46,177] tensorflow - Level 1 - Registering SparseDenseCwiseDiv (<function _SparseDenseCwiseDivGrad at 0x000001925DED9C60>) in gradient.
[2026-02-18 23:21:46,177] tensorflow - Level 1 - Registering SparseSoftmax (<function _SparseSoftmaxGrad at 0x000001925DED9D00>) in gradient.
[2026-02-18 23:21:46,178] tensorflow - Level 1 - Registering SparseSparseMaximum (<function _SparseSparseMaximumGrad at 0x000001925DED9DA0>) in gradient.
[2026-02-18 23:21:46,178] tensorflow - Level 1 - Registering SparseSparseMinimum (<function _SparseSparseMinimumGrad at 0x000001925DED9E40>) in gradient.
[2026-02-18 23:21:46,178] tensorflow - Level 1 - Registering SparseFillEmptyRows (<function _SparseFillEmptyRowsGrad at 0x000001925DED9EE0>) in gradient.
[2026-02-18 23:21:46,178] tensorflow - Level 1 - Registering SparseToDense (<function _SparseToDenseGrad at 0x000001925DED9F80>) in gradient.
[2026-02-18 23:21:46,181] tensorflow - Level 1 - Registering TensorArray (None) in gradient.
[2026-02-18 23:21:46,182] tensorflow - Level 1 - Registering TensorArrayGrad (None) in gradient.
[2026-02-18 23:21:46,182] tensorflow - Level 1 - Registering TensorArraySize (None) in gradient.
[2026-02-18 23:21:46,182] tensorflow - Level 1 - Registering TensorArrayClose (None) in gradient.
[2026-02-18 23:21:46,182] tensorflow - Level 1 - Registering TensorArrayV2 (None) in gradient.
[2026-02-18 23:21:46,183] tensorflow - Level 1 - Registering TensorArrayGradV2 (None) in gradient.
[2026-02-18 23:21:46,183] tensorflow - Level 1 - Registering TensorArraySizeV2 (None) in gradient.
[2026-02-18 23:21:46,183] tensorflow - Level 1 - Registering TensorArrayCloseV2 (None) in gradient.
[2026-02-18 23:21:46,183] tensorflow - Level 1 - Registering TensorArrayV3 (None) in gradient.
[2026-02-18 23:21:46,183] tensorflow - Level 1 - Registering TensorArrayGradV3 (None) in gradient.
[2026-02-18 23:21:46,183] tensorflow - Level 1 - Registering TensorArrayGradWithShape (None) in gradient.
[2026-02-18 23:21:46,183] tensorflow - Level 1 - Registering TensorArraySizeV3 (None) in gradient.
[2026-02-18 23:21:46,183] tensorflow - Level 1 - Registering TensorArrayCloseV3 (None) in gradient.
[2026-02-18 23:21:46,183] tensorflow - Level 1 - Registering TensorArrayReadV3 (<function _TensorArrayReadGrad at 0x000001925DEDA160>) in gradient.
[2026-02-18 23:21:46,183] tensorflow - Level 1 - Registering TensorArrayReadV2 (<function _TensorArrayReadGrad at 0x000001925DEDA160>) in gradient.
[2026-02-18 23:21:46,183] tensorflow - Level 1 - Registering TensorArrayRead (<function _TensorArrayReadGrad at 0x000001925DEDA160>) in gradient.
[2026-02-18 23:21:46,184] tensorflow - Level 1 - Registering TensorArrayWriteV3 (<function _TensorArrayWriteGrad at 0x000001925DEDA0C0>) in gradient.
[2026-02-18 23:21:46,184] tensorflow - Level 1 - Registering TensorArrayWriteV2 (<function _TensorArrayWriteGrad at 0x000001925DEDA0C0>) in gradient.
[2026-02-18 23:21:46,184] tensorflow - Level 1 - Registering TensorArrayWrite (<function _TensorArrayWriteGrad at 0x000001925DEDA0C0>) in gradient.
[2026-02-18 23:21:46,184] tensorflow - Level 1 - Registering TensorArrayGatherV3 (<function _TensorArrayGatherGrad at 0x000001925DEDA200>) in gradient.
[2026-02-18 23:21:46,184] tensorflow - Level 1 - Registering TensorArrayGatherV2 (<function _TensorArrayGatherGrad at 0x000001925DEDA200>) in gradient.
[2026-02-18 23:21:46,184] tensorflow - Level 1 - Registering TensorArrayGather (<function _TensorArrayGatherGrad at 0x000001925DEDA200>) in gradient.
[2026-02-18 23:21:46,184] tensorflow - Level 1 - Registering TensorArrayScatterV3 (<function _TensorArrayScatterGrad at 0x000001925DEDA2A0>) in gradient.
[2026-02-18 23:21:46,184] tensorflow - Level 1 - Registering TensorArrayScatterV2 (<function _TensorArrayScatterGrad at 0x000001925DEDA2A0>) in gradient.
[2026-02-18 23:21:46,184] tensorflow - Level 1 - Registering TensorArrayScatter (<function _TensorArrayScatterGrad at 0x000001925DEDA2A0>) in gradient.
[2026-02-18 23:21:46,184] tensorflow - Level 1 - Registering TensorArrayConcatV3 (<function _TensorArrayConcatGrad at 0x000001925DEDA340>) in gradient.
[2026-02-18 23:21:46,185] tensorflow - Level 1 - Registering TensorArrayConcatV2 (<function _TensorArrayConcatGrad at 0x000001925DEDA340>) in gradient.
[2026-02-18 23:21:46,185] tensorflow - Level 1 - Registering TensorArrayConcat (<function _TensorArrayConcatGrad at 0x000001925DEDA340>) in gradient.
[2026-02-18 23:21:46,185] tensorflow - Level 1 - Registering TensorArraySplitV3 (<function _TensorArraySplitGrad at 0x000001925DEDA3E0>) in gradient.
[2026-02-18 23:21:46,185] tensorflow - Level 1 - Registering TensorArraySplitV2 (<function _TensorArraySplitGrad at 0x000001925DEDA3E0>) in gradient.
[2026-02-18 23:21:46,186] tensorflow - Level 1 - Registering TensorArraySplit (<function _TensorArraySplitGrad at 0x000001925DEDA3E0>) in gradient.
[2026-02-18 23:21:46,197] tensorflow - Level 1 - Registering DenseToCSRSparseMatrix (<function _DenseToCSRSparseMatrixGrad at 0x000001925DEDA660>) in gradient.
[2026-02-18 23:21:46,199] tensorflow - Level 1 - Registering CSRSparseMatrixToDense (<function _CSRSparseMatrixToDenseGrad at 0x000001925DEDA7A0>) in gradient.
[2026-02-18 23:21:46,199] tensorflow - Level 1 - Registering SparseTensorToCSRSparseMatrix (<function _SparseTensorToCSRSparseMatrixGrad at 0x000001925DF0F1A0>) in gradient.
[2026-02-18 23:21:46,199] tensorflow - Level 1 - Registering CSRSparseMatrixToSparseTensor (<function _CSRSparseMatrixToSparseTensorGrad at 0x000001925DF0F100>) in gradient.
[2026-02-18 23:21:46,199] tensorflow - Level 1 - Registering SparseMatrixNNZ (None) in gradient.
[2026-02-18 23:21:46,199] tensorflow - Level 1 - Registering SparseMatrixZeros (None) in gradient.
[2026-02-18 23:21:46,199] tensorflow - Level 1 - Registering SparseMatrixAdd (<function _SparseMatrixAddGrad at 0x000001925DF0F380>) in gradient.
[2026-02-18 23:21:46,200] tensorflow - Level 1 - Registering SparseMatrixTranspose (<function _SparseMatrixTransposeGrad at 0x000001925DF0F4C0>) in gradient.
[2026-02-18 23:21:46,200] tensorflow - Level 1 - Registering SparseMatrixSoftmax (<function _SparseMatrixSoftmaxGrad at 0x000001925DF0F560>) in gradient.
[2026-02-18 23:21:46,200] tensorflow - Level 1 - Registering SparseMatrixMatMul (<function _SparseMatrixMatMulGrad at 0x000001925DF0F600>) in gradient.
[2026-02-18 23:21:46,200] tensorflow - Level 1 - Registering SparseMatrixSparseMatMul (<function _SparseMatrixSparseMatMulGrad at 0x000001925DF0F6A0>) in gradient.
[2026-02-18 23:21:46,200] tensorflow - Level 1 - Registering SparseMatrixMul (<function _SparseMatrixMulGrad at 0x000001925DF0F740>) in gradient.
[2026-02-18 23:21:46,211] tensorflow - Level 1 - Registering FFT (<function _fft_grad at 0x000001925DF5D260>) in gradient.
[2026-02-18 23:21:46,213] tensorflow - Level 1 - Registering IFFT (<function _ifft_grad at 0x000001925DF5D300>) in gradient.
[2026-02-18 23:21:46,213] tensorflow - Level 1 - Registering FFT2D (<function _fft2d_grad at 0x000001925DF5D3A0>) in gradient.
[2026-02-18 23:21:46,213] tensorflow - Level 1 - Registering IFFT2D (<function _ifft2d_grad at 0x000001925DF5D4E0>) in gradient.
[2026-02-18 23:21:46,214] tensorflow - Level 1 - Registering FFT3D (<function _fft3d_grad at 0x000001925DF5D580>) in gradient.
[2026-02-18 23:21:46,214] tensorflow - Level 1 - Registering IFFT3D (<function _ifft3d_grad at 0x000001925DF5D620>) in gradient.
[2026-02-18 23:21:46,214] tensorflow - Level 1 - Registering RFFT (<function _rfft_grad_helper.<locals>._grad at 0x000001925DF5DA80>) in gradient.
[2026-02-18 23:21:46,214] tensorflow - Level 1 - Registering IRFFT (<function _irfft_grad_helper.<locals>._grad at 0x000001925DF5DC60>) in gradient.
[2026-02-18 23:21:46,214] tensorflow - Level 1 - Registering RFFT2D (<function _rfft_grad_helper.<locals>._grad at 0x000001925DF5DD00>) in gradient.
[2026-02-18 23:21:46,214] tensorflow - Level 1 - Registering IRFFT2D (<function _irfft_grad_helper.<locals>._grad at 0x000001925DF5DDA0>) in gradient.
[2026-02-18 23:21:46,220] tensorflow - Level 1 - Registering GenerateVocabRemapping (None) in gradient.
[2026-02-18 23:21:46,222] tensorflow - Level 1 - Registering LoadAndRemapMatrix (None) in gradient.
[2026-02-18 23:21:46,250] tensorflow - Level 1 - Registering XlaVariadicReduce (None) in gradient.
[2026-02-18 23:21:46,252] tensorflow - Level 1 - Registering XlaSharding (<function _sharding_grad at 0x000001925E0107C0>) in gradient.
[2026-02-18 23:21:46,253] tensorflow - Level 1 - Registering XlaSpmdFullToShardShape (<function _spmd_full_to_shard_shape_grad at 0x000001925E010860>) in gradient.
[2026-02-18 23:21:46,253] tensorflow - Level 1 - Registering XlaSpmdShardToFullShape (<function _spmd_shard_to_full_shape_grad at 0x000001925E010900>) in gradient.
[2026-02-18 23:21:46,269] tensorflow - Level 1 - Registering CTCLoss (<function _CTCLossGrad at 0x000001925E264D60>) in gradient.
[2026-02-18 23:21:46,273] tensorflow - Level 1 - Registering CTCLossV2 (<function _CTCLossV2Grad at 0x000001925E264E00>) in gradient.
[2026-02-18 23:21:46,274] tensorflow - Level 1 - Registering CTCGreedyDecoder (None) in gradient.
[2026-02-18 23:21:46,274] tensorflow - Level 1 - Registering CTCBeamSearchDecoder (None) in gradient.
[2026-02-18 23:21:46,276] tensorflow - Level 1 - Registering FusedBatchNormGrad (<function _FusedBatchNormGradGrad at 0x000001925E266840>) in gradient.
[2026-02-18 23:21:46,277] tensorflow - Level 1 - Registering FusedBatchNormGradV2 (<function _FusedBatchNormGradGradV2 at 0x000001925E2668E0>) in gradient.
[2026-02-18 23:21:46,277] tensorflow - Level 1 - Registering FusedBatchNormGradV3 (<function _FusedBatchNormGradGradV3 at 0x000001925E266AC0>) in gradient.
[2026-02-18 23:21:46,285] tensorflow - Level 1 - Registering variables ((<class 'tensorflow.core.framework.variable_pb2.VariableDef'>, <function _to_proto_fn at 0x000001925E2A6C00>, <function _from_proto_fn at 0x000001925E2A6E80>)) in proto functions.
[2026-02-18 23:21:46,287] tensorflow - Level 1 - Registering trainable_variables ((<class 'tensorflow.core.framework.variable_pb2.VariableDef'>, <function _to_proto_fn at 0x000001925E2A6C00>, <function _from_proto_fn at 0x000001925E2A6E80>)) in proto functions.
[2026-02-18 23:21:46,288] tensorflow - Level 1 - Registering moving_average_variables ((<class 'tensorflow.core.framework.variable_pb2.VariableDef'>, <function _to_proto_fn at 0x000001925E2A6C00>, <function _from_proto_fn at 0x000001925E2A6E80>)) in proto functions.
[2026-02-18 23:21:46,288] tensorflow - Level 1 - Registering local_variables ((<class 'tensorflow.core.framework.variable_pb2.VariableDef'>, <function _to_proto_fn at 0x000001925E2A6C00>, <function _from_proto_fn at 0x000001925E2A6E80>)) in proto functions.
[2026-02-18 23:21:46,288] tensorflow - Level 1 - Registering model_variables ((<class 'tensorflow.core.framework.variable_pb2.VariableDef'>, <function _to_proto_fn at 0x000001925E2A6C00>, <function _from_proto_fn at 0x000001925E2A6E80>)) in proto functions.
[2026-02-18 23:21:46,288] tensorflow - Level 1 - Registering global_step ((<class 'tensorflow.core.framework.variable_pb2.VariableDef'>, <function _to_proto_fn at 0x000001925E2A6C00>, <function _from_proto_fn at 0x000001925E2A6E80>)) in proto functions.
[2026-02-18 23:21:46,288] tensorflow - Level 1 - Registering metric_variables ((<class 'tensorflow.core.framework.variable_pb2.VariableDef'>, <function _to_proto_fn at 0x000001925E2A6C00>, <function _from_proto_fn at 0x000001925E2A6E80>)) in proto functions.
[2026-02-18 23:21:46,289] tensorflow - Level 1 - Registering RandomCrop (None) in gradient.
[2026-02-18 23:21:46,292] tensorflow - Level 1 - Registering HSVToRGB (None) in gradient.
[2026-02-18 23:21:46,292] tensorflow - Level 1 - Registering DrawBoundingBoxes (None) in gradient.
[2026-02-18 23:21:46,293] tensorflow - Level 1 - Registering SampleDistortedBoundingBox (None) in gradient.
[2026-02-18 23:21:46,293] tensorflow - Level 1 - Registering SampleDistortedBoundingBoxV2 (None) in gradient.
[2026-02-18 23:21:46,293] tensorflow - Level 1 - Registering ExtractGlimpse (None) in gradient.
[2026-02-18 23:21:46,293] tensorflow - Level 1 - Registering NonMaxSuppression (None) in gradient.
[2026-02-18 23:21:46,293] tensorflow - Level 1 - Registering NonMaxSuppressionV2 (None) in gradient.
[2026-02-18 23:21:46,293] tensorflow - Level 1 - Registering NonMaxSuppressionWithOverlaps (None) in gradient.
[2026-02-18 23:21:46,293] tensorflow - Level 1 - Registering GenerateBoundingBoxProposals (None) in gradient.
[2026-02-18 23:21:46,302] tensorflow - Level 1 - Registering ImageProjectiveTransformV2 (<function _image_projective_transform_grad at 0x000001925E383880>) in gradient.
[2026-02-18 23:21:46,304] tensorflow - Level 1 - Registering ImageProjectiveTransformV3 (<function _image_projective_transform_v3_grad at 0x000001925E383A60>) in gradient.
[2026-02-18 23:21:46,441] tensorflow - Level 1 - Registering savers ((<class 'tensorflow.core.protobuf.saver_pb2.SaverDef'>, <function Saver.to_proto at 0x000001925E65ADE0>, <function Saver.from_proto at 0x000001925E65AE80>)) in proto functions.
[2026-02-18 23:21:46,451] tensorflow - Level 1 - Registering EagerPyFunc (<function _EagerPyFuncGrad at 0x000001925E687A60>) in gradient.
[2026-02-18 23:21:46,451] tensorflow - Level 1 - Registering PyFunc (None) in gradient.
[2026-02-18 23:21:46,451] tensorflow - Level 1 - Registering PyFuncStateless (None) in gradient.
[2026-02-18 23:21:46,467] tensorflow - Level 1 - Registering ReduceDataset (None) in gradient.
[2026-02-18 23:21:46,467] tensorflow - Level 1 - Registering tensorflow.python.data.ops.dataset_ops (<function _tf2_callback at 0x000001925E6E1EE0>) in data_v2_callbacks.
[2026-02-18 23:21:46,483] tensorflow - Level 1 - Registering _resource_resolver (<function _resource_resolver at 0x000001925E76EB60>) in acd_resource_resolvers.
[2026-02-18 23:21:46,499] tensorflow - Level 1 - Registering tensorflow.python.data.experimental.ops.counter (<function _tf2_callback at 0x000001925E782480>) in data_v2_callbacks.
[2026-02-18 23:21:46,515] tensorflow - Level 1 - Registering tensorflow.python.data.ops.readers (<function _tf2_callback at 0x000001925E76F740>) in data_v2_callbacks.
[2026-02-18 23:21:46,515] tensorflow - Level 1 - Registering tensorflow.python.data.experimental.ops.interleave_ops (<function _tf2_callback at 0x000001925E7837E0>) in data_v2_callbacks.
[2026-02-18 23:21:46,552] tensorflow - Level 1 - Registering tensorflow.python.data.experimental.ops.random_ops (<function _tf2_callback at 0x000001925E826C00>) in data_v2_callbacks.
[2026-02-18 23:21:46,563] tensorflow - Level 1 - Registering tensorflow.python.data.experimental.ops.readers (<function _tf2_callback at 0x000001925E844540>) in data_v2_callbacks.
[2026-02-18 23:21:46,758] tensorflow - Level 1 - Registering tpu_replicated_input_resolver (<function tpu_replicated_input_resolver at 0x000001925EAB4540>) in acd_resource_resolvers.
[2026-02-18 23:21:46,764] tensorflow - DEBUG - Falling back to TensorFlow client; we recommended you install the Cloud TPU client directly with pip install cloud-tpu-client.
[2026-02-18 23:21:46,897] tensorflow - Level 1 - Registering queue_runners ((<class 'tensorflow.core.protobuf.queue_runner_pb2.QueueRunnerDef'>, <function QueueRunner.to_proto at 0x000001925ECCEF20>, <function QueueRunner.from_proto at 0x000001925ECCEFC0>)) in proto functions.
[2026-02-18 23:21:47,367] h5py._conv - DEBUG - Creating converter from 7 to 5
[2026-02-18 23:21:47,367] h5py._conv - DEBUG - Creating converter from 5 to 7
[2026-02-18 23:21:47,367] h5py._conv - DEBUG - Creating converter from 7 to 5
[2026-02-18 23:21:47,367] h5py._conv - DEBUG - Creating converter from 5 to 7
[2026-02-18 23:21:47,620] tensorflow - Level 1 - Registering DebugGradientIdentity (<function _identify_gradient_grad at 0x000001926079F920>) in gradient.
[2026-02-18 23:21:47,620] tensorflow - Level 1 - Registering DebugGradientRefIdentity (<function _identify_gradient_grad_ref at 0x000001926079F9C0>) in gradient.
[2026-02-18 23:21:47,684] tensorflow - Level 1 - Registering DebugIdentityV2 (<function _debug_identity_v2_grad at 0x0000019260816D40>) in gradient.
[2026-02-18 23:21:48,004] tensorflow - Level 1 - Registering AudioMicrofrontend (None) in gradient.
[2026-02-18 23:21:48,107] tensorflow - Level 1 - Registering Reciprocal,flops (<function _reciprocal_flops at 0x0000019260E0C680>) in statistical functions.
[2026-02-18 23:21:48,110] tensorflow - Level 1 - Registering Square,flops (<function _square_flops at 0x0000019260E0C720>) in statistical functions.
[2026-02-18 23:21:48,110] tensorflow - Level 1 - Registering Rsqrt,flops (<function _rsqrt_flops at 0x0000019260E0C860>) in statistical functions.
[2026-02-18 23:21:48,110] tensorflow - Level 1 - Registering Log,flops (<function _log_flops at 0x0000019260E0C7C0>) in statistical functions.
[2026-02-18 23:21:48,110] tensorflow - Level 1 - Registering Neg,flops (<function _neg_flops at 0x0000019260E0C900>) in statistical functions.
[2026-02-18 23:21:48,111] tensorflow - Level 1 - Registering AssignSub,flops (<function _assign_sub_flops at 0x0000019260E0C9A0>) in statistical functions.
[2026-02-18 23:21:48,111] tensorflow - Level 1 - Registering AssignAdd,flops (<function _assign_add_flops at 0x0000019260E0CA40>) in statistical functions.
[2026-02-18 23:21:48,111] tensorflow - Level 1 - Registering L2Loss,flops (<function _l2_loss_flops at 0x0000019260E0CAE0>) in statistical functions.
[2026-02-18 23:21:48,111] tensorflow - Level 1 - Registering Softmax,flops (<function _softmax_flops at 0x0000019260E0CB80>) in statistical functions.
[2026-02-18 23:21:48,111] tensorflow - Level 1 - Registering AddV2,flops (<function _add_flops at 0x0000019260E0CCC0>) in statistical functions.
[2026-02-18 23:21:48,111] tensorflow - Level 1 - Registering Add,flops (<function _add_flops at 0x0000019260E0CCC0>) in statistical functions.
[2026-02-18 23:21:48,111] tensorflow - Level 1 - Registering Sub,flops (<function _sub_flops at 0x0000019260E0CD60>) in statistical functions.
[2026-02-18 23:21:48,112] tensorflow - Level 1 - Registering Mul,flops (<function _mul_flops at 0x0000019260E0CE00>) in statistical functions.
[2026-02-18 23:21:48,112] tensorflow - Level 1 - Registering RealDiv,flops (<function _real_div_flops at 0x0000019260E0CEA0>) in statistical functions.
[2026-02-18 23:21:48,112] tensorflow - Level 1 - Registering Maximum,flops (<function _maximum_flops at 0x0000019260E0CF40>) in statistical functions.
[2026-02-18 23:21:48,112] tensorflow - Level 1 - Registering Minimum,flops (<function _minimum_flops at 0x0000019260E0CFE0>) in statistical functions.
[2026-02-18 23:21:48,112] tensorflow - Level 1 - Registering Pow,flops (<function _pow_flops at 0x0000019260E0D080>) in statistical functions.
[2026-02-18 23:21:48,112] tensorflow - Level 1 - Registering RsqrtGrad,flops (<function _rsqrt_grad_flops at 0x0000019260E0D120>) in statistical functions.
[2026-02-18 23:21:48,112] tensorflow - Level 1 - Registering GreaterEqual,flops (<function _greater_equal_flops at 0x0000019260E0D1C0>) in statistical functions.
[2026-02-18 23:21:48,112] tensorflow - Level 1 - Registering Greater,flops (<function _greater_flops at 0x0000019260E0D260>) in statistical functions.
[2026-02-18 23:21:48,112] tensorflow - Level 1 - Registering LessEqual,flops (<function _less_equal_flops at 0x0000019260E0D300>) in statistical functions.
[2026-02-18 23:21:48,113] tensorflow - Level 1 - Registering Less,flops (<function _less_flops at 0x0000019260E0D3A0>) in statistical functions.
[2026-02-18 23:21:48,113] tensorflow - Level 1 - Registering Equal,flops (<function _equal_flops at 0x0000019260E0D440>) in statistical functions.
[2026-02-18 23:21:48,113] tensorflow - Level 1 - Registering NotEqual,flops (<function _not_equal_flops at 0x0000019260E0D4E0>) in statistical functions.
[2026-02-18 23:21:48,113] tensorflow - Level 1 - Registering SquaredDifference,flops (<function _squared_difference_flops at 0x0000019260E0D580>) in statistical functions.
[2026-02-18 23:21:48,113] tensorflow - Level 1 - Registering Mean,flops (<function _mean_flops at 0x0000019260E0D6C0>) in statistical functions.
[2026-02-18 23:21:48,113] tensorflow - Level 1 - Registering Sum,flops (<function _sum_flops at 0x0000019260E0D760>) in statistical functions.
[2026-02-18 23:21:48,113] tensorflow - Level 1 - Registering ArgMax,flops (<function _arg_max_flops at 0x0000019260E0D800>) in statistical functions.
[2026-02-18 23:21:48,113] tensorflow - Level 1 - Registering ArgMin,flops (<function _arg_min_flops at 0x0000019260E0D8A0>) in statistical functions.
[2026-02-18 23:21:48,114] tensorflow - Level 1 - Registering BiasAddGrad,flops (<function _bias_add_grad_flops at 0x0000019260E0D940>) in statistical functions.
[2026-02-18 23:21:48,114] tensorflow - Level 1 - Registering AvgPool,flops (<function _avg_pool_flops at 0x0000019260E0DB20>) in statistical functions.
[2026-02-18 23:21:48,114] tensorflow - Level 1 - Registering MaxPool,flops (<function _max_pool_flops at 0x0000019260E0DBC0>) in statistical functions.
[2026-02-18 23:21:48,114] tensorflow - Level 1 - Registering AvgPoolGrad,flops (<function _avg_pool_grad_flops at 0x0000019260E0DC60>) in statistical functions.
[2026-02-18 23:21:48,114] tensorflow - Level 1 - Registering MaxPoolGrad,flops (<function _max_pool_grad_flops at 0x0000019260E0DD00>) in statistical functions.
[2026-02-18 23:21:48,114] tensorflow - Level 1 - Registering Conv2DBackpropInput,flops (<function _conv_2d_backprop_input_flops at 0x0000019260E0DDA0>) in statistical functions.
[2026-02-18 23:21:48,114] tensorflow - Level 1 - Registering Conv2DBackpropFilter,flops (<function _conv_2d_backprop_filter_flops at 0x0000019260E0DE40>) in statistical functions.
[2026-02-18 23:21:48,114] tensorflow - Level 1 - Registering AddN,flops (<function _add_n_flops at 0x0000019260E0DEE0>) in statistical functions.
[2026-02-18 23:21:48,114] tensorflow - Level 1 - Registering MatMul,flops (<function _calc_mat_mul_flops at 0x0000019260E0DF80>) in statistical functions.
[2026-02-18 23:21:48,114] tensorflow - Level 1 - Registering BatchMatMulV3,flops (<function _calc_batch_mat_mul_flops at 0x0000019260E0E020>) in statistical functions.
[2026-02-18 23:21:48,114] tensorflow - Level 1 - Registering BatchMatMulV2,flops (<function _calc_batch_mat_mul_flops at 0x0000019260E0E020>) in statistical functions.
[2026-02-18 23:21:48,115] tensorflow - Level 1 - Registering BatchMatMul,flops (<function _calc_batch_mat_mul_flops at 0x0000019260E0E020>) in statistical functions.
[2026-02-18 23:21:49,116] tensorflow - Level 1 - Enabling eager execution
[2026-02-18 23:21:49,116] tensorflow - Level 1 - Enabling v2 tensorshape
[2026-02-18 23:21:49,116] tensorflow - Level 1 - Enabling resource variables
[2026-02-18 23:21:49,116] tensorflow - Level 1 - Enabling tensor equality
[2026-02-18 23:21:49,116] tensorflow - Level 1 - Enabling control flow v2
[2026-02-18 23:21:49,970] matplotlib - DEBUG - matplotlib data path: C:\Users\BS\anaconda3\Lib\site-packages\matplotlib\mpl-data
[2026-02-18 23:21:49,970] matplotlib - DEBUG - CONFIGDIR=C:\Users\BS\.matplotlib
[2026-02-18 23:21:49,985] matplotlib - DEBUG - interactive is False
[2026-02-18 23:21:49,985] matplotlib - DEBUG - platform is win32
[2026-02-18 23:21:50,072] matplotlib - DEBUG - CACHEDIR=C:\Users\BS\.matplotlib
[2026-02-18 23:21:50,072] matplotlib.font_manager - DEBUG - Using fontManager instance from C:\Users\BS\.matplotlib\fontlist-v390.json
[2026-02-18 23:21:57,258] tensorflow - WARNING - From C:\Users\BS\anaconda3\Lib\site-packages\tf_keras\src\losses.py:2976: The name tf.losses.sparse_softmax_cross_entropy is deprecated. Please use tf.compat.v1.losses.sparse_softmax_cross_entropy instead.

