[2026-02-17 17:52:41,216] pydot - DEBUG - pydot initializing
[2026-02-17 17:52:41,216] pydot - DEBUG - pydot 4.0.1
[2026-02-17 17:52:41,228] pydot.core - DEBUG - pydot core module initializing
[2026-02-17 17:53:02,711] tensorflow - Level 1 - Registering Relayout (<function _relayout_gradient at 0x000002427A5BE020>) in gradient.
[2026-02-17 17:53:02,715] tensorflow - Level 1 - Registering RelayoutLike (<function _relayout_grad_gradient at 0x000002427A5BE160>) in gradient.
[2026-02-17 17:53:02,715] tensorflow - Level 1 - Registering CopyToMesh (<function _copy_to_mesh_gradient at 0x000002427A5BE840>) in gradient.
[2026-02-17 17:53:02,715] tensorflow - Level 1 - Registering CopyToMeshGrad (<function _copy_to_mesh_grad_gradient at 0x000002427A5BE7A0>) in gradient.
[2026-02-17 17:53:02,731] tensorflow - Level 1 - Registering FakeQuantWithMinMaxArgs (<function _FakeQuantWithMinMaxArgsGradient at 0x000002427A66A8E0>) in gradient.
[2026-02-17 17:53:02,747] tensorflow - Level 1 - Registering FakeQuantWithMinMaxVars (<function _FakeQuantWithMinMaxVarsGradient at 0x000002427A66AAC0>) in gradient.
[2026-02-17 17:53:02,747] tensorflow - Level 1 - Registering FakeQuantWithMinMaxVarsPerChannel (<function _FakeQuantWithMinMaxVarsPerChannelGradient at 0x000002427A66B060>) in gradient.
[2026-02-17 17:53:02,747] tensorflow - Level 1 - Registering QuantizeAndDequantizeV4 (<function _QuantizeAndDequantizeV4Grad at 0x000002427A66B100>) in gradient.
[2026-02-17 17:53:02,747] tensorflow - Level 1 - Registering QuantizeAndDequantizeV4Grad (<function _QuantizeAndDequantizeV4GradGrad at 0x000002427A66B1A0>) in gradient.
[2026-02-17 17:53:03,075] tensorflow - Level 1 - Registering TensorListConcatLists (None) in gradient.
[2026-02-17 17:53:03,075] tensorflow - Level 1 - Registering TensorListElementShape (None) in gradient.
[2026-02-17 17:53:03,075] tensorflow - Level 1 - Registering TensorListLength (None) in gradient.
[2026-02-17 17:53:03,075] tensorflow - Level 1 - Registering TensorListPushBackBatch (None) in gradient.
[2026-02-17 17:53:03,091] tensorflow - Level 1 - Registering TensorListPushBack (<function _PushBackGrad at 0x000002427A8337E0>) in gradient.
[2026-02-17 17:53:03,091] tensorflow - Level 1 - Registering TensorListPopBack (<function _PopBackGrad at 0x000002427A833880>) in gradient.
[2026-02-17 17:53:03,091] tensorflow - Level 1 - Registering TensorListStack (<function _TensorListStackGrad at 0x000002427A833920>) in gradient.
[2026-02-17 17:53:03,091] tensorflow - Level 1 - Registering TensorListConcatV2 (<function _TensorListConcatGrad at 0x000002427A8339C0>) in gradient.
[2026-02-17 17:53:03,091] tensorflow - Level 1 - Registering TensorListConcat (<function _TensorListConcatGrad at 0x000002427A8339C0>) in gradient.
[2026-02-17 17:53:03,091] tensorflow - Level 1 - Registering TensorListSplit (<function _TensorListSplitGrad at 0x000002427A833A60>) in gradient.
[2026-02-17 17:53:03,091] tensorflow - Level 1 - Registering TensorListFromTensor (<function _TensorListFromTensorGrad at 0x000002427A833B00>) in gradient.
[2026-02-17 17:53:03,091] tensorflow - Level 1 - Registering TensorListGetItem (<function _TensorListGetItemGrad at 0x000002427A833BA0>) in gradient.
[2026-02-17 17:53:03,091] tensorflow - Level 1 - Registering TensorListSetItem (<function _TensorListSetItemGrad at 0x000002427A833C40>) in gradient.
[2026-02-17 17:53:03,091] tensorflow - Level 1 - Registering TensorListResize (<function _TensorListResizeGrad at 0x000002427A833CE0>) in gradient.
[2026-02-17 17:53:03,091] tensorflow - Level 1 - Registering TensorListGather (<function _TensorListGatherGrad at 0x000002427A833D80>) in gradient.
[2026-02-17 17:53:03,091] tensorflow - Level 1 - Registering TensorListScatterV2 (<function _TensorListScatterGrad at 0x000002427A833E20>) in gradient.
[2026-02-17 17:53:03,091] tensorflow - Level 1 - Registering TensorListScatter (<function _TensorListScatterGrad at 0x000002427A833E20>) in gradient.
[2026-02-17 17:53:03,091] tensorflow - Level 1 - Registering TensorListScatterIntoExistingList (<function _TensorListScatterIntoExistingListGrad at 0x000002427A833EC0>) in gradient.
[2026-02-17 17:53:03,200] tensorflow - Level 1 - Registering AccumulateNV2 (<function _accumulate_n_grad at 0x000002427A9E9120>) in gradient.
[2026-02-17 17:53:03,278] tensorflow - Level 1 - Registering cond_context ((<class 'tensorflow.core.protobuf.control_flow_pb2.CondContextDef'>, <function CondContext.to_proto at 0x000002427AAE8180>, <function CondContext.from_proto at 0x000002427AAE8220>)) in proto functions.
[2026-02-17 17:53:03,278] tensorflow - Level 1 - Registering while_context ((<class 'tensorflow.core.protobuf.control_flow_pb2.WhileContextDef'>, <function WhileContext.to_proto at 0x000002427AAE8FE0>, <function WhileContext.from_proto at 0x000002427AAE9120>)) in proto functions.
[2026-02-17 17:53:03,278] tensorflow - Level 1 - Registering _identity_resolver (<function _identity_resolver at 0x000002427AAEAFC0>) in acd_resource_resolvers.
[2026-02-17 17:53:03,405] tensorflow - Level 1 - Registering Assign (None) in gradient.
[2026-02-17 17:53:03,405] tensorflow - Level 1 - Registering AssignAdd (None) in gradient.
[2026-02-17 17:53:03,405] tensorflow - Level 1 - Registering AssignSub (None) in gradient.
[2026-02-17 17:53:03,405] tensorflow - Level 1 - Registering ScatterAdd (None) in gradient.
[2026-02-17 17:53:03,405] tensorflow - Level 1 - Registering ScatterSub (None) in gradient.
[2026-02-17 17:53:03,405] tensorflow - Level 1 - Registering ScatterMul (None) in gradient.
[2026-02-17 17:53:03,405] tensorflow - Level 1 - Registering ScatterDiv (None) in gradient.
[2026-02-17 17:53:03,405] tensorflow - Level 1 - Registering ScatterNdUpdate (None) in gradient.
[2026-02-17 17:53:03,405] tensorflow - Level 1 - Registering ScatterNdAdd (None) in gradient.
[2026-02-17 17:53:03,405] tensorflow - Level 1 - Registering ScatterNdSub (None) in gradient.
[2026-02-17 17:53:03,405] tensorflow - Level 1 - Registering ScatterNdMul (None) in gradient.
[2026-02-17 17:53:03,405] tensorflow - Level 1 - Registering ScatterNdDiv (None) in gradient.
[2026-02-17 17:53:03,435] tensorflow - Level 1 - Registering ReadVariableOp (<function _ReadGrad at 0x000002427AC76E80>) in gradient.
[2026-02-17 17:53:03,435] tensorflow - Level 1 - Registering ResourceGather (<function _GatherGrad at 0x000002427AC77EC0>) in gradient.
[2026-02-17 17:53:03,435] tensorflow - Level 1 - Registering Assert (None) in gradient.
[2026-02-17 17:53:03,435] tensorflow - Level 1 - Registering VarIsInitializedOp (None) in gradient.
[2026-02-17 17:53:03,435] tensorflow - Level 1 - Registering VariableShape (None) in gradient.
[2026-02-17 17:53:03,476] tensorflow - Level 1 - Registering RandomStandardNormal (None) in gradient.
[2026-02-17 17:53:03,479] tensorflow - Level 1 - Registering ParameterizedTruncatedNormal (None) in gradient.
[2026-02-17 17:53:03,479] tensorflow - Level 1 - Registering TruncatedNormal (None) in gradient.
[2026-02-17 17:53:03,480] tensorflow - Level 1 - Registering RandomUniform (None) in gradient.
[2026-02-17 17:53:03,480] tensorflow - Level 1 - Registering RandomShuffle (None) in gradient.
[2026-02-17 17:53:03,482] tensorflow - Level 1 - Registering Multinomial (None) in gradient.
[2026-02-17 17:53:03,586] tensorflow - Level 1 - Registering If (<function _IfGrad at 0x000002427AE5B6A0>) in gradient.
[2026-02-17 17:53:03,589] tensorflow - Level 1 - Registering StatelessIf (<function _IfGrad at 0x000002427AE5B6A0>) in gradient.
[2026-02-17 17:53:03,590] tensorflow - Level 1 - Registering StatelessCase (<function _CaseGrad at 0x000002427AE78E00>) in gradient.
[2026-02-17 17:53:03,590] tensorflow - Level 1 - Registering Case (<function _CaseGrad at 0x000002427AE78E00>) in gradient.
[2026-02-17 17:53:03,630] tensorflow - Level 1 - Registering While (<function _WhileGrad at 0x000002427AEDB6A0>) in gradient.
[2026-02-17 17:53:03,633] tensorflow - Level 1 - Registering StatelessWhile (<function _WhileGrad at 0x000002427AEDB6A0>) in gradient.
[2026-02-17 17:53:03,950] tensorflow - Level 1 - Registering EnsureShape (<function _ensure_shape_grad at 0x000002427B13AE80>) in gradient.
[2026-02-17 17:53:03,981] tensorflow - Level 1 - Registering RaggedTensorToSparse (<function _ragged_tensor_to_sparse_gradient at 0x000002427B1B2E80>) in gradient.
[2026-02-17 17:53:04,027] tensorflow - Level 1 - Registering Conv2DBackpropInput (<function _Conv2DBackpropInputGrad at 0x000002427B21B2E0>) in gradient.
[2026-02-17 17:53:04,027] tensorflow - Level 1 - Registering Conv2DBackpropFilter (<function _Conv2DBackpropFilterGrad at 0x000002427B21B920>) in gradient.
[2026-02-17 17:53:04,027] tensorflow - Level 1 - Registering DepthwiseConv2dNativeBackpropInput (<function _DepthwiseConv2dNativeBackpropInputGrad at 0x000002427B26C0E0>) in gradient.
[2026-02-17 17:53:04,027] tensorflow - Level 1 - Registering DepthwiseConv2dNativeBackpropFilter (<function _DepthwiseConv2dNativeBackpropFilterGrad at 0x000002427B26C720>) in gradient.
[2026-02-17 17:53:04,027] tensorflow - Level 1 - Registering Conv3D (<function _Conv3DGrad at 0x000002427B26C7C0>) in gradient.
[2026-02-17 17:53:04,027] tensorflow - Level 1 - Registering Conv3DBackpropInputV2 (<function _Conv3DBackpropInputGrad at 0x000002427B26C860>) in gradient.
[2026-02-17 17:53:04,027] tensorflow - Level 1 - Registering Conv3DBackpropFilterV2 (<function _Conv3DBackpropFilterGrad at 0x000002427B26C900>) in gradient.
[2026-02-17 17:53:04,027] tensorflow - Level 1 - Registering AvgPool3D (<function _AvgPool3DGrad at 0x000002427B26C9A0>) in gradient.
[2026-02-17 17:53:04,027] tensorflow - Level 1 - Registering AvgPool3DGrad (<function _AvgPool3DGradGrad at 0x000002427B26CA40>) in gradient.
[2026-02-17 17:53:04,027] tensorflow - Level 1 - Registering MaxPool3D (<function _MaxPool3DGrad at 0x000002427B26CAE0>) in gradient.
[2026-02-17 17:53:04,027] tensorflow - Level 1 - Registering MaxPool3DGrad (<function _MaxPool3DGradGrad at 0x000002427B26CB80>) in gradient.
[2026-02-17 17:53:04,027] tensorflow - Level 1 - Registering MaxPool3DGradGrad (<function _MaxPool3DGradGradGrad at 0x000002427B26CC20>) in gradient.
[2026-02-17 17:53:04,027] tensorflow - Level 1 - Registering Softmax (<function _SoftmaxGrad at 0x000002427B26CCC0>) in gradient.
[2026-02-17 17:53:04,043] tensorflow - Level 1 - Registering LogSoftmax (<function _LogSoftmaxGrad at 0x000002427B26CD60>) in gradient.
[2026-02-17 17:53:04,043] tensorflow - Level 1 - Registering BiasAdd (<function _BiasAddGrad at 0x000002427B26CE00>) in gradient.
[2026-02-17 17:53:04,043] tensorflow - Level 1 - Registering BiasAddGrad (<function _BiasAddGradGrad at 0x000002427B26CEA0>) in gradient.
[2026-02-17 17:53:04,043] tensorflow - Level 1 - Registering BiasAddV1 (<function _BiasAddGradV1 at 0x000002427B26CF40>) in gradient.
[2026-02-17 17:53:04,043] tensorflow - Level 1 - Registering Relu (<function _ReluGrad at 0x000002427B26CFE0>) in gradient.
[2026-02-17 17:53:04,043] tensorflow - Level 1 - Registering EluGrad (<function _EluGradGrad at 0x000002427B26D080>) in gradient.
[2026-02-17 17:53:04,043] tensorflow - Level 1 - Registering SeluGrad (<function _SeluGradGrad at 0x000002427B26D120>) in gradient.
[2026-02-17 17:53:04,043] tensorflow - Level 1 - Registering Relu6 (<function _Relu6Grad at 0x000002427B26D1C0>) in gradient.
[2026-02-17 17:53:04,043] tensorflow - Level 1 - Registering Relu6Grad (<function _Relu6GradGrad at 0x000002427B26D260>) in gradient.
[2026-02-17 17:53:04,043] tensorflow - Level 1 - Registering LeakyRelu (<function _LeakyReluGrad at 0x000002427B26D300>) in gradient.
[2026-02-17 17:53:04,043] tensorflow - Level 1 - Registering LeakyReluGrad (<function _LeakyReluGradGrad at 0x000002427B26D3A0>) in gradient.
[2026-02-17 17:53:04,043] tensorflow - Level 1 - Registering Elu (<function _EluGrad at 0x000002427B26D440>) in gradient.
[2026-02-17 17:53:04,043] tensorflow - Level 1 - Registering Selu (<function _SeluGrad at 0x000002427B26D4E0>) in gradient.
[2026-02-17 17:53:04,043] tensorflow - Level 1 - Registering Softplus (<function _SoftplusGrad at 0x000002427B26D580>) in gradient.
[2026-02-17 17:53:04,043] tensorflow - Level 1 - Registering SoftplusGrad (<function _SoftplusGradGrad at 0x000002427B26D620>) in gradient.
[2026-02-17 17:53:04,043] tensorflow - Level 1 - Registering Softsign (<function _SoftsignGrad at 0x000002427B26D6C0>) in gradient.
[2026-02-17 17:53:04,043] tensorflow - Level 1 - Registering ReluGrad (<function _ReluGradGrad at 0x000002427B26D760>) in gradient.
[2026-02-17 17:53:04,043] tensorflow - Level 1 - Registering SoftmaxCrossEntropyWithLogits (<function _SoftmaxCrossEntropyWithLogitsGrad at 0x000002427B26D8A0>) in gradient.
[2026-02-17 17:53:04,043] tensorflow - Level 1 - Registering SparseSoftmaxCrossEntropyWithLogits (<function _SparseSoftmaxCrossEntropyWithLogitsGrad at 0x000002427B26D940>) in gradient.
[2026-02-17 17:53:04,043] tensorflow - Level 1 - Registering Conv2D (<function _Conv2DGrad at 0x000002427B26D9E0>) in gradient.
[2026-02-17 17:53:04,043] tensorflow - Level 1 - Registering DepthwiseConv2dNative (<function _DepthwiseConv2dNativeGrad at 0x000002427B26DA80>) in gradient.
[2026-02-17 17:53:04,043] tensorflow - Level 1 - Registering Dilation2D (<function _Dilation2DGrad at 0x000002427B26DB20>) in gradient.
[2026-02-17 17:53:04,043] tensorflow - Level 1 - Registering LRN (<function _LRNGrad at 0x000002427B26DBC0>) in gradient.
[2026-02-17 17:53:04,043] tensorflow - Level 1 - Registering AvgPool (<function _AvgPoolGrad at 0x000002427B26DC60>) in gradient.
[2026-02-17 17:53:04,043] tensorflow - Level 1 - Registering AvgPoolGrad (<function _AvgPoolGradGrad at 0x000002427B26DD00>) in gradient.
[2026-02-17 17:53:04,043] tensorflow - Level 1 - Registering MaxPool (<function _MaxPoolGrad at 0x000002427B26DDA0>) in gradient.
[2026-02-17 17:53:04,043] tensorflow - Level 1 - Registering MaxPoolV2 (<function _MaxPoolGradV2 at 0x000002427B26DE40>) in gradient.
[2026-02-17 17:53:04,043] tensorflow - Level 1 - Registering MaxPoolWithArgmax (<function _MaxPoolGradWithArgmax at 0x000002427B26DEE0>) in gradient.
[2026-02-17 17:53:04,043] tensorflow - Level 1 - Registering MaxPoolGrad (<function _MaxPoolGradGrad at 0x000002427B26DF80>) in gradient.
[2026-02-17 17:53:04,043] tensorflow - Level 1 - Registering MaxPoolGradV2 (<function _MaxPoolGradGradV2 at 0x000002427B26E020>) in gradient.
[2026-02-17 17:53:04,043] tensorflow - Level 1 - Registering MaxPoolGradGrad (<function _MaxPoolGradGradGrad at 0x000002427B26E0C0>) in gradient.
[2026-02-17 17:53:04,043] tensorflow - Level 1 - Registering FractionalMaxPool (<function _FractionalMaxPoolGrad at 0x000002427B26E160>) in gradient.
[2026-02-17 17:53:04,043] tensorflow - Level 1 - Registering FractionalAvgPool (<function _FractionalAvgPoolGrad at 0x000002427B26E200>) in gradient.
[2026-02-17 17:53:04,043] tensorflow - Level 1 - Registering BatchNormWithGlobalNormalization (<function _BatchNormWithGlobalNormalizationGrad at 0x000002427B26E2A0>) in gradient.
[2026-02-17 17:53:04,043] tensorflow - Level 1 - Registering FusedBatchNorm (<function _FusedBatchNormGrad at 0x000002427B26E3E0>) in gradient.
[2026-02-17 17:53:04,043] tensorflow - Level 1 - Registering FusedBatchNormV2 (<function _FusedBatchNormV2Grad at 0x000002427B26E480>) in gradient.
[2026-02-17 17:53:04,043] tensorflow - Level 1 - Registering FusedBatchNormV3 (<function _FusedBatchNormV3Grad at 0x000002427B26E520>) in gradient.
[2026-02-17 17:53:04,043] tensorflow - Level 1 - Registering L2Loss (<function _L2LossGrad at 0x000002427B26E5C0>) in gradient.
[2026-02-17 17:53:04,043] tensorflow - Level 1 - Registering TopKV2 (<function _TopKGrad at 0x000002427B26E660>) in gradient.
[2026-02-17 17:53:04,043] tensorflow - Level 1 - Registering TopK (<function _TopKGrad at 0x000002427B26E660>) in gradient.
[2026-02-17 17:53:04,043] tensorflow - Level 1 - Registering ApproxTopK (<function _ApproxTopKGradient at 0x000002427B26E700>) in gradient.
[2026-02-17 17:53:04,043] tensorflow - Level 1 - Registering NthElement (<function _NthElementGrad at 0x000002427B26E7A0>) in gradient.
[2026-02-17 17:53:04,043] tensorflow - Level 1 - Registering IsotonicRegression (<function _IsotonicRegressionGrad at 0x000002427B26E8E0>) in gradient.
[2026-02-17 17:53:04,075] tensorflow - Level 1 - Registering BitwiseAnd (None) in gradient.
[2026-02-17 17:53:04,075] tensorflow - Level 1 - Registering BitwiseOr (None) in gradient.
[2026-02-17 17:53:04,075] tensorflow - Level 1 - Registering BitwiseXor (None) in gradient.
[2026-02-17 17:53:04,075] tensorflow - Level 1 - Registering Invert (None) in gradient.
[2026-02-17 17:53:04,075] tensorflow - Level 1 - Registering PopulationCount (None) in gradient.
[2026-02-17 17:53:04,075] tensorflow - Level 1 - Registering LeftShift (None) in gradient.
[2026-02-17 17:53:04,075] tensorflow - Level 1 - Registering RightShift (None) in gradient.
[2026-02-17 17:53:04,075] tensorflow - Level 1 - Registering StatelessMultinomial (None) in gradient.
[2026-02-17 17:53:04,075] tensorflow - Level 1 - Registering StatelessRandomBinomial (None) in gradient.
[2026-02-17 17:53:04,075] tensorflow - Level 1 - Registering StatelessRandomNormal (None) in gradient.
[2026-02-17 17:53:04,075] tensorflow - Level 1 - Registering StatelessRandomPoisson (None) in gradient.
[2026-02-17 17:53:04,075] tensorflow - Level 1 - Registering StatelessRandomUniform (None) in gradient.
[2026-02-17 17:53:04,075] tensorflow - Level 1 - Registering StatelessRandomUniformInt (None) in gradient.
[2026-02-17 17:53:04,075] tensorflow - Level 1 - Registering StatelessRandomUniformFullInt (None) in gradient.
[2026-02-17 17:53:04,075] tensorflow - Level 1 - Registering StatelessTruncatedNormal (None) in gradient.
[2026-02-17 17:53:04,075] tensorflow - Level 1 - Registering StatelessRandomNormalV2 (None) in gradient.
[2026-02-17 17:53:04,075] tensorflow - Level 1 - Registering StatelessRandomUniformV2 (None) in gradient.
[2026-02-17 17:53:04,075] tensorflow - Level 1 - Registering StatelessRandomUniformIntV2 (None) in gradient.
[2026-02-17 17:53:04,075] tensorflow - Level 1 - Registering StatelessRandomUniformFullIntV2 (None) in gradient.
[2026-02-17 17:53:04,075] tensorflow - Level 1 - Registering StatelessTruncatedNormalV2 (None) in gradient.
[2026-02-17 17:53:04,075] tensorflow - Level 1 - Registering StatelessRandomShuffle (None) in gradient.
[2026-02-17 17:53:04,075] tensorflow - Level 1 - Registering RandomIndexShuffle (None) in gradient.
[2026-02-17 17:53:04,109] tensorflow - Level 1 - Registering Conv3D,flops (<function _calc_conv3d_flops at 0x000002427B32D080>) in statistical functions.
[2026-02-17 17:53:04,109] tensorflow - Level 1 - Registering Conv2D,flops (<function _calc_conv_flops at 0x000002427B32D260>) in statistical functions.
[2026-02-17 17:53:04,109] tensorflow - Level 1 - Registering DepthwiseConv2dNative,flops (<function _calc_depthwise_conv_flops at 0x000002427B32D800>) in statistical functions.
[2026-02-17 17:53:04,109] tensorflow - Level 1 - Registering BiasAdd,flops (<function _calc_bias_add_flops at 0x000002427B32D8A0>) in statistical functions.
[2026-02-17 17:53:04,109] tensorflow - Level 1 - Registering Dilation2D,flops (<function _calc_dilation2d_flops at 0x000002427B32F380>) in statistical functions.
[2026-02-17 17:53:04,137] tensorflow - Level 1 - Registering CompositeTensorVariantFromComponents (<function _composite_tensor_to_variants_grad at 0x000002427B40C400>) in gradient.
[2026-02-17 17:53:04,137] tensorflow - Level 1 - Registering CompositeTensorVariantToComponents (<function _composite_tensor_from_variant_grad at 0x000002427B40C4A0>) in gradient.
[2026-02-17 17:53:04,169] tensorflow - Level 1 - Registering RaggedRange (None) in gradient.
[2026-02-17 17:53:04,185] tensorflow - Level 1 - Registering RaggedFillEmptyRows (<function _ragged_fill_empty_rows_grad at 0x000002427B469300>) in gradient.
[2026-02-17 17:53:04,201] tensorflow - Level 1 - Registering RaggedGather (<function _ragged_gather_grad at 0x000002427B46B1A0>) in gradient.
[2026-02-17 17:53:04,230] tensorflow - Level 1 - Registering RegexReplace (None) in gradient.
[2026-02-17 17:53:04,232] tensorflow - Level 1 - Registering StringToHashBucket (None) in gradient.
[2026-02-17 17:53:04,232] tensorflow - Level 1 - Registering StringToHashBucketFast (None) in gradient.
[2026-02-17 17:53:04,232] tensorflow - Level 1 - Registering StringToHashBucketStrong (None) in gradient.
[2026-02-17 17:53:04,232] tensorflow - Level 1 - Registering ReduceJoin (None) in gradient.
[2026-02-17 17:53:04,233] tensorflow - Level 1 - Registering StringJoin (None) in gradient.
[2026-02-17 17:53:04,233] tensorflow - Level 1 - Registering StringSplit (None) in gradient.
[2026-02-17 17:53:04,233] tensorflow - Level 1 - Registering AsString (None) in gradient.
[2026-02-17 17:53:04,233] tensorflow - Level 1 - Registering EncodeBase64 (None) in gradient.
[2026-02-17 17:53:04,233] tensorflow - Level 1 - Registering DecodeBase64 (None) in gradient.
[2026-02-17 17:53:04,236] tensorflow - Level 1 - Registering Print (<function _PrintGrad at 0x000002427B4A1E40>) in gradient.
[2026-02-17 17:53:04,239] tensorflow - Level 1 - Registering HistogramSummary (None) in gradient.
[2026-02-17 17:53:04,240] tensorflow - Level 1 - Registering ImageSummary (None) in gradient.
[2026-02-17 17:53:04,240] tensorflow - Level 1 - Registering AudioSummary (None) in gradient.
[2026-02-17 17:53:04,240] tensorflow - Level 1 - Registering AudioSummaryV2 (None) in gradient.
[2026-02-17 17:53:04,240] tensorflow - Level 1 - Registering MergeSummary (None) in gradient.
[2026-02-17 17:53:04,240] tensorflow - Level 1 - Registering ScalarSummary (None) in gradient.
[2026-02-17 17:53:04,240] tensorflow - Level 1 - Registering TensorSummary (None) in gradient.
[2026-02-17 17:53:04,241] tensorflow - Level 1 - Registering TensorSummaryV2 (None) in gradient.
[2026-02-17 17:53:04,241] tensorflow - Level 1 - Registering Timestamp (None) in gradient.
[2026-02-17 17:53:04,275] tensorflow - Level 1 - Registering XlaEinsum (<function _einsum_grad at 0x000002427B558EA0>) in gradient.
[2026-02-17 17:53:04,293] tensorflow - Level 1 - Registering RaggedTensorToTensor (<function _ragged_tensor_to_tensor_grad at 0x000002427B58DE40>) in gradient.
[2026-02-17 17:53:04,293] tensorflow - Level 1 - Registering RaggedTensorFromVariant (<function _ragged_tensor_from_variant_grad at 0x000002427B58E0C0>) in gradient.
[2026-02-17 17:53:04,293] tensorflow - Level 1 - Registering RaggedTensorToVariant (<function _ragged_tensor_to_variant_grad at 0x000002427B58E160>) in gradient.
[2026-02-17 17:53:04,293] tensorflow - Level 1 - Registering ClipByValue (<function _clip_by_value_grad at 0x000002427B58E840>) in gradient.
[2026-02-17 17:53:04,306] tensorflow - Level 1 - Registering DynamicPartition (<function _DynamicPartitionGrads at 0x000002427B58F240>) in gradient.
[2026-02-17 17:53:04,309] tensorflow - Level 1 - Registering ParallelDynamicStitch (<function _DynamicStitchGrads at 0x000002427B58F560>) in gradient.
[2026-02-17 17:53:04,309] tensorflow - Level 1 - Registering DynamicStitch (<function _DynamicStitchGrads at 0x000002427B58F560>) in gradient.
[2026-02-17 17:53:04,309] tensorflow - Level 1 - Registering Queue (None) in gradient.
[2026-02-17 17:53:04,309] tensorflow - Level 1 - Registering QueueEnqueue (None) in gradient.
[2026-02-17 17:53:04,309] tensorflow - Level 1 - Registering QueueEnqueueMany (None) in gradient.
[2026-02-17 17:53:04,309] tensorflow - Level 1 - Registering QueueDequeue (None) in gradient.
[2026-02-17 17:53:04,309] tensorflow - Level 1 - Registering QueueDequeueMany (None) in gradient.
[2026-02-17 17:53:04,309] tensorflow - Level 1 - Registering QueueDequeueUpTo (None) in gradient.
[2026-02-17 17:53:04,309] tensorflow - Level 1 - Registering QueueClose (None) in gradient.
[2026-02-17 17:53:04,309] tensorflow - Level 1 - Registering QueueSize (None) in gradient.
[2026-02-17 17:53:04,309] tensorflow - Level 1 - Registering Stack (None) in gradient.
[2026-02-17 17:53:04,309] tensorflow - Level 1 - Registering StackPush (None) in gradient.
[2026-02-17 17:53:04,309] tensorflow - Level 1 - Registering StackPop (None) in gradient.
[2026-02-17 17:53:04,309] tensorflow - Level 1 - Registering StackClose (None) in gradient.
[2026-02-17 17:53:04,309] tensorflow - Level 1 - Registering GetSessionHandle (None) in gradient.
[2026-02-17 17:53:04,309] tensorflow - Level 1 - Registering GetSessionHandleV2 (None) in gradient.
[2026-02-17 17:53:04,309] tensorflow - Level 1 - Registering GetSessionTensor (None) in gradient.
[2026-02-17 17:53:04,309] tensorflow - Level 1 - Registering DeleteSessionTensor (None) in gradient.
[2026-02-17 17:53:04,404] tensorflow - Level 1 - Registering TPUReplicatedInput (None) in gradient.
[2026-02-17 17:53:04,420] tensorflow - Level 1 - Registering AllToAll (<function _all_to_all_grad at 0x000002427B7058A0>) in gradient.
[2026-02-17 17:53:04,420] tensorflow - Level 1 - Registering CollectivePermute (<function _collective_permute_grad at 0x000002427B705A80>) in gradient.
[2026-02-17 17:53:04,420] tensorflow - Level 1 - Registering CrossReplicaSum (<function _cross_replica_sum_grad at 0x000002427B705B20>) in gradient.
[2026-02-17 17:53:04,420] tensorflow - Level 1 - Registering TPUEmbeddingActivations (<function _embedding_activations_grad at 0x000002427B705BC0>) in gradient.
[2026-02-17 17:53:04,465] tensorflow - Level 1 - Registering XlaClusterOutput (<function _XlaClusterOutputGrad at 0x000002427B76C0E0>) in gradient.
[2026-02-17 17:53:04,481] tensorflow - Level 1 - Registering Pack (<function _PackGrad at 0x000002427B76D260>) in gradient.
[2026-02-17 17:53:04,481] tensorflow - Level 1 - Registering Unpack (<function _UnpackGrad at 0x000002427B76D3A0>) in gradient.
[2026-02-17 17:53:04,481] tensorflow - Level 1 - Registering Concat (<function _ConcatGrad at 0x000002427B76D580>) in gradient.
[2026-02-17 17:53:04,481] tensorflow - Level 1 - Registering ConcatV2 (<function _ConcatGradV2 at 0x000002427B76D620>) in gradient.
[2026-02-17 17:53:04,481] tensorflow - Level 1 - Registering ConcatOffset (None) in gradient.
[2026-02-17 17:53:04,481] tensorflow - Level 1 - Registering Slice (<function _SliceGrad at 0x000002427B76D6C0>) in gradient.
[2026-02-17 17:53:04,481] tensorflow - Level 1 - Registering StridedSlice (<function _StridedSliceGrad at 0x000002427B76D8A0>) in gradient.
[2026-02-17 17:53:04,481] tensorflow - Level 1 - Registering StridedSliceGrad (<function _StridedSliceGradGrad at 0x000002427B76D940>) in gradient.
[2026-02-17 17:53:04,481] tensorflow - Level 1 - Registering TensorStridedSliceUpdate (<function _TensorStridedSliceUpdateGrad at 0x000002427B76D9E0>) in gradient.
[2026-02-17 17:53:04,481] tensorflow - Level 1 - Registering Split (<function _SplitGrad at 0x000002427B76DA80>) in gradient.
[2026-02-17 17:53:04,481] tensorflow - Level 1 - Registering SplitV (<function _SplitVGrad at 0x000002427B76DB20>) in gradient.
[2026-02-17 17:53:04,481] tensorflow - Level 1 - Registering Const (None) in gradient.
[2026-02-17 17:53:04,481] tensorflow - Level 1 - Registering Diag (<function _DiagGrad at 0x000002427B76DBC0>) in gradient.
[2026-02-17 17:53:04,481] tensorflow - Level 1 - Registering DiagPart (<function _DiagPartGrad at 0x000002427B76DC60>) in gradient.
[2026-02-17 17:53:04,481] tensorflow - Level 1 - Registering MatrixDiag (<function _MatrixDiagGrad at 0x000002427B76DD00>) in gradient.
[2026-02-17 17:53:04,481] tensorflow - Level 1 - Registering MatrixDiagV2 (<function _MatrixDiagV2Grad at 0x000002427B76DDA0>) in gradient.
[2026-02-17 17:53:04,481] tensorflow - Level 1 - Registering MatrixDiagV3 (<function _MatrixDiagV3Grad at 0x000002427B76DE40>) in gradient.
[2026-02-17 17:53:04,481] tensorflow - Level 1 - Registering MatrixDiagPart (<function _MatrixDiagPartGrad at 0x000002427B76DEE0>) in gradient.
[2026-02-17 17:53:04,481] tensorflow - Level 1 - Registering MatrixDiagPartV2 (<function _MatrixDiagPartV2Grad at 0x000002427B76DF80>) in gradient.
[2026-02-17 17:53:04,481] tensorflow - Level 1 - Registering MatrixDiagPartV3 (<function _MatrixDiagPartV3Grad at 0x000002427B76E020>) in gradient.
[2026-02-17 17:53:04,481] tensorflow - Level 1 - Registering MatrixSetDiag (<function _MatrixSetDiagGrad at 0x000002427B76E0C0>) in gradient.
[2026-02-17 17:53:04,481] tensorflow - Level 1 - Registering MatrixSetDiagV2 (<function _MatrixSetDiagGradV2 at 0x000002427B76E160>) in gradient.
[2026-02-17 17:53:04,481] tensorflow - Level 1 - Registering MatrixSetDiagV3 (<function _MatrixSetDiagGradV3 at 0x000002427B76E200>) in gradient.
[2026-02-17 17:53:04,481] tensorflow - Level 1 - Registering MatrixBandPart (<function _MatrixBandPartGrad at 0x000002427B76E2A0>) in gradient.
[2026-02-17 17:53:04,481] tensorflow - Level 1 - Registering EditDistance (None) in gradient.
[2026-02-17 17:53:04,481] tensorflow - Level 1 - Registering Fill (<function _FillGrad at 0x000002427B76E340>) in gradient.
[2026-02-17 17:53:04,496] tensorflow - Level 1 - Registering ZerosLike (None) in gradient.
[2026-02-17 17:53:04,496] tensorflow - Level 1 - Registering OnesLike (None) in gradient.
[2026-02-17 17:53:04,496] tensorflow - Level 1 - Registering PreventGradient (<function _PreventGradientGrad at 0x000002427B76E3E0>) in gradient.
[2026-02-17 17:53:04,496] tensorflow - Level 1 - Registering Gather (<function _GatherGrad at 0x000002427B76E520>) in gradient.
[2026-02-17 17:53:04,496] tensorflow - Level 1 - Registering GatherV2 (<function _GatherV2Grad at 0x000002427B76E700>) in gradient.
[2026-02-17 17:53:04,496] tensorflow - Level 1 - Registering GatherNd (<function _GatherNdGrad at 0x000002427B76E7A0>) in gradient.
[2026-02-17 17:53:04,496] tensorflow - Level 1 - Registering ResourceGatherNd (<function _ResourceGatherNdGrad at 0x000002427B76E840>) in gradient.
[2026-02-17 17:53:04,496] tensorflow - Level 1 - Registering CheckNumerics (<function _CheckNumericsGrad at 0x000002427B76E8E0>) in gradient.
[2026-02-17 17:53:04,496] tensorflow - Level 1 - Registering CheckNumericsV2 (<function _CheckNumericsV2Grad at 0x000002427B76E980>) in gradient.
[2026-02-17 17:53:04,496] tensorflow - Level 1 - Registering Identity (<function _IdGrad at 0x000002427B76EA20>) in gradient.
[2026-02-17 17:53:04,496] tensorflow - Level 1 - Registering PlaceholderWithDefault (<function _IdGrad at 0x000002427B76EA20>) in gradient.
[2026-02-17 17:53:04,496] tensorflow - Level 1 - Registering _EagerConst (<function _EagerConstGrad at 0x000002427B76EAC0>) in gradient.
[2026-02-17 17:53:04,496] tensorflow - Level 1 - Registering RefIdentity (<function _RefIdGrad at 0x000002427B76EB60>) in gradient.
[2026-02-17 17:53:04,496] tensorflow - Level 1 - Registering IdentityN (<function _IdNGrad at 0x000002427B76EC00>) in gradient.
[2026-02-17 17:53:04,496] tensorflow - Level 1 - Registering StopGradient (None) in gradient.
[2026-02-17 17:53:04,496] tensorflow - Level 1 - Registering Reshape (<function _ReshapeGrad at 0x000002427B76ECA0>) in gradient.
[2026-02-17 17:53:04,496] tensorflow - Level 1 - Registering InvertPermutation (None) in gradient.
[2026-02-17 17:53:04,496] tensorflow - Level 1 - Registering ExpandDims (<function _ExpandDimsGrad at 0x000002427B76EDE0>) in gradient.
[2026-02-17 17:53:04,496] tensorflow - Level 1 - Registering Squeeze (<function _SqueezeGrad at 0x000002427B76EE80>) in gradient.
[2026-02-17 17:53:04,496] tensorflow - Level 1 - Registering Transpose (<function _TransposeGrad at 0x000002427B76EF20>) in gradient.
[2026-02-17 17:53:04,496] tensorflow - Level 1 - Registering ConjugateTranspose (<function _ConjugateTransposeGrad at 0x000002427B76EFC0>) in gradient.
[2026-02-17 17:53:04,496] tensorflow - Level 1 - Registering Shape (None) in gradient.
[2026-02-17 17:53:04,496] tensorflow - Level 1 - Registering ShapeN (None) in gradient.
[2026-02-17 17:53:04,496] tensorflow - Level 1 - Registering Rank (None) in gradient.
[2026-02-17 17:53:04,496] tensorflow - Level 1 - Registering Size (None) in gradient.
[2026-02-17 17:53:04,496] tensorflow - Level 1 - Registering Tile (<function _TileGrad at 0x000002427B76F060>) in gradient.
[2026-02-17 17:53:04,496] tensorflow - Level 1 - Registering BroadcastGradientArgs (None) in gradient.
[2026-02-17 17:53:04,496] tensorflow - Level 1 - Registering Pad (<function _PadGrad at 0x000002427B76F100>) in gradient.
[2026-02-17 17:53:04,496] tensorflow - Level 1 - Registering PadV2 (<function _PadGrad at 0x000002427B76F100>) in gradient.
[2026-02-17 17:53:04,496] tensorflow - Level 1 - Registering ReverseSequence (<function _ReverseSequenceGrad at 0x000002427B76F1A0>) in gradient.
[2026-02-17 17:53:04,496] tensorflow - Level 1 - Registering Reverse (<function _ReverseGrad at 0x000002427B76F240>) in gradient.
[2026-02-17 17:53:04,496] tensorflow - Level 1 - Registering ReverseV2 (<function _ReverseV2Grad at 0x000002427B76F2E0>) in gradient.
[2026-02-17 17:53:04,496] tensorflow - Level 1 - Registering SpaceToBatch (<function _SpaceToBatchGrad at 0x000002427B76F380>) in gradient.
[2026-02-17 17:53:04,496] tensorflow - Level 1 - Registering SpaceToBatchND (<function _SpaceToBatchNDGrad at 0x000002427B76F420>) in gradient.
[2026-02-17 17:53:04,496] tensorflow - Level 1 - Registering BatchToSpace (<function _BatchToSpaceGrad at 0x000002427B76F4C0>) in gradient.
[2026-02-17 17:53:04,496] tensorflow - Level 1 - Registering BatchToSpaceND (<function _BatchToSpaceNDGrad at 0x000002427B76F560>) in gradient.
[2026-02-17 17:53:04,496] tensorflow - Level 1 - Registering SpaceToDepth (<function _SpaceToDepthGrad at 0x000002427B76F600>) in gradient.
[2026-02-17 17:53:04,496] tensorflow - Level 1 - Registering DepthToSpace (<function _DepthToSpaceGrad at 0x000002427B76F6A0>) in gradient.
[2026-02-17 17:53:04,496] tensorflow - Level 1 - Registering OneHot (None) in gradient.
[2026-02-17 17:53:04,496] tensorflow - Level 1 - Registering MirrorPad (<function _MirrorPadGrad at 0x000002427B76F740>) in gradient.
[2026-02-17 17:53:04,496] tensorflow - Level 1 - Registering MirrorPadGrad (<function _MirrorPadGradGrad at 0x000002427B76F7E0>) in gradient.
[2026-02-17 17:53:04,496] tensorflow - Level 1 - Registering FakeQuantWithMinMaxArgsGradient (None) in gradient.
[2026-02-17 17:53:04,496] tensorflow - Level 1 - Registering FakeQuantWithMinMaxVarsGradient (None) in gradient.
[2026-02-17 17:53:04,496] tensorflow - Level 1 - Registering FakeQuantWithMinMaxVarsPerChannelGradient (None) in gradient.
[2026-02-17 17:53:04,496] tensorflow - Level 1 - Registering QuantizeAndDequantize (<function _QuantizeAndDequantizeGrad at 0x000002427B76F880>) in gradient.
[2026-02-17 17:53:04,496] tensorflow - Level 1 - Registering QuantizeAndDequantizeV2 (<function _QuantizeAndDequantizeV2Grad at 0x000002427B76F9C0>) in gradient.
[2026-02-17 17:53:04,496] tensorflow - Level 1 - Registering QuantizeAndDequantizeV3 (<function _QuantizeAndDequantizeV3Grad at 0x000002427B76FA60>) in gradient.
[2026-02-17 17:53:04,496] tensorflow - Level 1 - Registering ExtractImagePatches (<function _ExtractImagePatchesGrad at 0x000002427B76F920>) in gradient.
[2026-02-17 17:53:04,496] tensorflow - Level 1 - Registering ExtractVolumePatches (<function _ExtractVolumePatchesGrad at 0x000002427B76FB00>) in gradient.
[2026-02-17 17:53:04,496] tensorflow - Level 1 - Registering ScatterNd (<function _ScatterNdGrad at 0x000002427B76FBA0>) in gradient.
[2026-02-17 17:53:04,496] tensorflow - Level 1 - Registering TensorScatterUpdate (<function _TensorScatterUpdateGrad at 0x000002427B76FC40>) in gradient.
[2026-02-17 17:53:04,496] tensorflow - Level 1 - Registering TensorScatterAdd (<function _TensorScatterAddGrad at 0x000002427B76FCE0>) in gradient.
[2026-02-17 17:53:04,496] tensorflow - Level 1 - Registering TensorScatterMax (<function _TensorScatterMaxGrad at 0x000002427B76FE20>) in gradient.
[2026-02-17 17:53:04,496] tensorflow - Level 1 - Registering TensorScatterMin (<function _TensorScatterMinGrad at 0x000002427B76FEC0>) in gradient.
[2026-02-17 17:53:04,496] tensorflow - Level 1 - Registering TensorScatterSub (<function _TensorScatterSubGrad at 0x000002427B76FF60>) in gradient.
[2026-02-17 17:53:04,496] tensorflow - Level 1 - Registering ScatterNdNonAliasingAdd (<function _ScatterNdNonAliasingAddGrad at 0x000002427B7B4040>) in gradient.
[2026-02-17 17:53:04,496] tensorflow - Level 1 - Registering BroadcastTo (<function _BroadcastToGrad at 0x000002427B7B40E0>) in gradient.
[2026-02-17 17:53:04,512] tensorflow - Level 1 - Registering Switch (<function _SwitchGrad at 0x000002427B7B42C0>) in gradient.
[2026-02-17 17:53:04,515] tensorflow - Level 1 - Registering RefSwitch (<function _SwitchGrad at 0x000002427B7B42C0>) in gradient.
[2026-02-17 17:53:04,515] tensorflow - Level 1 - Registering Merge (<function _MergeGrad at 0x000002427B7B4360>) in gradient.
[2026-02-17 17:53:04,515] tensorflow - Level 1 - Registering RefMerge (<function _RefMergeGrad at 0x000002427B7B44A0>) in gradient.
[2026-02-17 17:53:04,515] tensorflow - Level 1 - Registering Exit (<function _ExitGrad at 0x000002427B7B4400>) in gradient.
[2026-02-17 17:53:04,515] tensorflow - Level 1 - Registering RefExit (<function _ExitGrad at 0x000002427B7B4400>) in gradient.
[2026-02-17 17:53:04,515] tensorflow - Level 1 - Registering NextIteration (<function _NextIterationGrad at 0x000002427B7B4540>) in gradient.
[2026-02-17 17:53:04,515] tensorflow - Level 1 - Registering RefNextIteration (<function _RefNextIterationGrad at 0x000002427B7B45E0>) in gradient.
[2026-02-17 17:53:04,516] tensorflow - Level 1 - Registering Enter (<function _EnterGrad at 0x000002427B7B4680>) in gradient.
[2026-02-17 17:53:04,516] tensorflow - Level 1 - Registering RefEnter (<function _RefEnterGrad at 0x000002427B7B4720>) in gradient.
[2026-02-17 17:53:04,516] tensorflow - Level 1 - Registering LoopCond (<function _LoopCondGrad at 0x000002427B7B47C0>) in gradient.
[2026-02-17 17:53:04,525] tensorflow - Level 1 - Registering CudnnRNN (<function _cudnn_rnn_backward at 0x000002427B7B4900>) in gradient.
[2026-02-17 17:53:04,527] tensorflow - Level 1 - Registering CudnnRNNV2 (<function _cudnn_rnn_backward_v2 at 0x000002427B7B4AE0>) in gradient.
[2026-02-17 17:53:04,527] tensorflow - Level 1 - Registering CudnnRNNV3 (<function _cudnn_rnn_backwardv3 at 0x000002427B7D8C20>) in gradient.
[2026-02-17 17:53:04,528] tensorflow - Level 1 - Registering ResizeNearestNeighbor (<function _ResizeNearestNeighborGrad at 0x000002427B7D8B80>) in gradient.
[2026-02-17 17:53:04,528] tensorflow - Level 1 - Registering ResizeBilinear (<function _ResizeBilinearGrad at 0x000002427B7D8CC0>) in gradient.
[2026-02-17 17:53:04,528] tensorflow - Level 1 - Registering ResizeBilinearGrad (None) in gradient.
[2026-02-17 17:53:04,528] tensorflow - Level 1 - Registering ScaleAndTranslate (<function _ScaleAndTranslateGrad at 0x000002427B7D8EA0>) in gradient.
[2026-02-17 17:53:04,528] tensorflow - Level 1 - Registering ResizeBicubic (<function _ResizeBicubicGrad at 0x000002427B7D8E00>) in gradient.
[2026-02-17 17:53:04,528] tensorflow - Level 1 - Registering CropAndResize (<function _CropAndResizeGrad at 0x000002427B7D8F40>) in gradient.
[2026-02-17 17:53:04,528] tensorflow - Level 1 - Registering RGBToHSV (<function _RGBToHSVGrad at 0x000002427B7D9080>) in gradient.
[2026-02-17 17:53:04,528] tensorflow - Level 1 - Registering ReaderRead (None) in gradient.
[2026-02-17 17:53:04,528] tensorflow - Level 1 - Registering ReaderReadUpTo (None) in gradient.
[2026-02-17 17:53:04,528] tensorflow - Level 1 - Registering ReaderNumRecordsProduced (None) in gradient.
[2026-02-17 17:53:04,528] tensorflow - Level 1 - Registering ReaderNumWorkUnitsCompleted (None) in gradient.
[2026-02-17 17:53:04,528] tensorflow - Level 1 - Registering ReaderSerializeState (None) in gradient.
[2026-02-17 17:53:04,528] tensorflow - Level 1 - Registering ReaderRestoreState (None) in gradient.
[2026-02-17 17:53:04,528] tensorflow - Level 1 - Registering ReaderReset (None) in gradient.
[2026-02-17 17:53:04,528] tensorflow - Level 1 - Registering WholeFileReader (None) in gradient.
[2026-02-17 17:53:04,528] tensorflow - Level 1 - Registering TextLineReader (None) in gradient.
[2026-02-17 17:53:04,544] tensorflow - Level 1 - Registering FixedLengthRecordReader (None) in gradient.
[2026-02-17 17:53:04,544] tensorflow - Level 1 - Registering TFRecordReader (None) in gradient.
[2026-02-17 17:53:04,544] tensorflow - Level 1 - Registering LMDBReader (None) in gradient.
[2026-02-17 17:53:04,545] tensorflow - Level 1 - Registering IdentityReader (None) in gradient.
[2026-02-17 17:53:04,554] tensorflow - Level 1 - Registering MatrixInverse (<function _MatrixInverseGrad at 0x000002427B82A520>) in gradient.
[2026-02-17 17:53:04,556] tensorflow - Level 1 - Registering Einsum (<function _EinsumGrad at 0x000002427B82A7A0>) in gradient.
[2026-02-17 17:53:04,556] tensorflow - Level 1 - Registering MatrixDeterminant (<function _MatrixDeterminantGrad at 0x000002427B85CC20>) in gradient.
[2026-02-17 17:53:04,556] tensorflow - Level 1 - Registering MatrixSquareRoot (<function _MatrixSquareRootGrad at 0x000002427B85CD60>) in gradient.
[2026-02-17 17:53:04,556] tensorflow - Level 1 - Registering LogMatrixDeterminant (<function _LogMatrixDeterminantGrad at 0x000002427B85CE00>) in gradient.
[2026-02-17 17:53:04,557] tensorflow - Level 1 - Registering Cholesky (<function _CholeskyGrad at 0x000002427B85CEA0>) in gradient.
[2026-02-17 17:53:04,557] tensorflow - Level 1 - Registering Qr (<function _QrGrad at 0x000002427B85CF40>) in gradient.
[2026-02-17 17:53:04,557] tensorflow - Level 1 - Registering MatrixSolve (<function _MatrixSolveGrad at 0x000002427B85CFE0>) in gradient.
[2026-02-17 17:53:04,557] tensorflow - Level 1 - Registering MatrixSolveLs (<function _MatrixSolveLsGrad at 0x000002427B85D080>) in gradient.
[2026-02-17 17:53:04,557] tensorflow - Level 1 - Registering BandedTriangularSolve (<function _BandedTriangularSolveGrad at 0x000002427B85D120>) in gradient.
[2026-02-17 17:53:04,557] tensorflow - Level 1 - Registering MatrixTriangularSolve (<function _MatrixTriangularSolveGrad at 0x000002427B85D1C0>) in gradient.
[2026-02-17 17:53:04,557] tensorflow - Level 1 - Registering Eig (<function _EigGrad at 0x000002427B85D300>) in gradient.
[2026-02-17 17:53:04,557] tensorflow - Level 1 - Registering SelfAdjointEigV2 (<function _SelfAdjointEigV2Grad at 0x000002427B85D3A0>) in gradient.
[2026-02-17 17:53:04,557] tensorflow - Level 1 - Registering Svd (<function _SvdGrad at 0x000002427B85D440>) in gradient.
[2026-02-17 17:53:04,558] tensorflow - Level 1 - Registering TridiagonalMatMul (<function _TridiagonalMatMulGrad at 0x000002427B85D620>) in gradient.
[2026-02-17 17:53:04,558] tensorflow - Level 1 - Registering TridiagonalSolve (<function _TridiagonalSolveGrad at 0x000002427B85D6C0>) in gradient.
[2026-02-17 17:53:04,560] tensorflow - Level 1 - Registering LookupTableFind (None) in gradient.
[2026-02-17 17:53:04,562] tensorflow - Level 1 - Registering LookupTableFindV2 (None) in gradient.
[2026-02-17 17:53:04,563] tensorflow - Level 1 - Registering LookupTableInsert (None) in gradient.
[2026-02-17 17:53:04,563] tensorflow - Level 1 - Registering LookupTableInsertV2 (None) in gradient.
[2026-02-17 17:53:04,563] tensorflow - Level 1 - Registering LookupTableSize (None) in gradient.
[2026-02-17 17:53:04,563] tensorflow - Level 1 - Registering LookupTableSizeV2 (None) in gradient.
[2026-02-17 17:53:04,564] tensorflow - Level 1 - Registering HashTable (None) in gradient.
[2026-02-17 17:53:04,564] tensorflow - Level 1 - Registering HashTableV2 (None) in gradient.
[2026-02-17 17:53:04,564] tensorflow - Level 1 - Registering InitializeTable (None) in gradient.
[2026-02-17 17:53:04,564] tensorflow - Level 1 - Registering InitializeTableV2 (None) in gradient.
[2026-02-17 17:53:04,565] tensorflow - Level 1 - Registering InitializeTableFromTextFile (None) in gradient.
[2026-02-17 17:53:04,565] tensorflow - Level 1 - Registering InitializeTableFromTextFileV2 (None) in gradient.
[2026-02-17 17:53:04,565] tensorflow - Level 1 - Registering MutableDenseHashTable (None) in gradient.
[2026-02-17 17:53:04,565] tensorflow - Level 1 - Registering MutableDenseHashTableV2 (None) in gradient.
[2026-02-17 17:53:04,566] tensorflow - Level 1 - Registering MutableHashTable (None) in gradient.
[2026-02-17 17:53:04,566] tensorflow - Level 1 - Registering MutableHashTableV2 (None) in gradient.
[2026-02-17 17:53:04,566] tensorflow - Level 1 - Registering MutableHashTableOfTensors (None) in gradient.
[2026-02-17 17:53:04,566] tensorflow - Level 1 - Registering MutableHashTableOfTensorsV2 (None) in gradient.
[2026-02-17 17:53:04,574] tensorflow - Level 1 - Registering Roll (<function _RollGrad at 0x000002427B7B4860>) in gradient.
[2026-02-17 17:53:04,575] tensorflow - Level 1 - Registering ArgMax (<function _ArgMaxGrad at 0x000002427B85CA40>) in gradient.
[2026-02-17 17:53:04,575] tensorflow - Level 1 - Registering ArgMin (<function _ArgMinGrad at 0x000002427B85E7A0>) in gradient.
[2026-02-17 17:53:04,575] tensorflow - Level 1 - Registering EuclideanNorm (<function _EuclideanNormGrad at 0x000002427B85EA20>) in gradient.
[2026-02-17 17:53:04,575] tensorflow - Level 1 - Registering Sum (<function _SumGrad at 0x000002427B85EE80>) in gradient.
[2026-02-17 17:53:04,575] tensorflow - Level 1 - Registering Max (<function _MaxGrad at 0x000002427B85EFC0>) in gradient.
[2026-02-17 17:53:04,575] tensorflow - Level 1 - Registering Min (<function _MinGrad at 0x000002427B85F060>) in gradient.
[2026-02-17 17:53:04,575] tensorflow - Level 1 - Registering Mean (<function _MeanGrad at 0x000002427B85F100>) in gradient.
[2026-02-17 17:53:04,575] tensorflow - Level 1 - Registering Prod (<function _ProdGrad at 0x000002427B85F1A0>) in gradient.
[2026-02-17 17:53:04,575] tensorflow - Level 1 - Registering SegmentSum (<function _SegmentSumGrad at 0x000002427B85F240>) in gradient.
[2026-02-17 17:53:04,575] tensorflow - Level 1 - Registering SegmentMean (<function _SegmentMeanGrad at 0x000002427B85F2E0>) in gradient.
[2026-02-17 17:53:04,575] tensorflow - Level 1 - Registering SparseSegmentSum (<function _SparseSegmentSumGrad at 0x000002427B85F4C0>) in gradient.
[2026-02-17 17:53:04,575] tensorflow - Level 1 - Registering SparseSegmentSumWithNumSegments (<function _SparseSegmentSumWithNumSegmentsGrad at 0x000002427B85F560>) in gradient.
[2026-02-17 17:53:04,575] tensorflow - Level 1 - Registering SparseSegmentMean (<function _SparseSegmentMeanGrad at 0x000002427B85F600>) in gradient.
[2026-02-17 17:53:04,575] tensorflow - Level 1 - Registering SparseSegmentMeanWithNumSegments (<function _SparseSegmentMeanWithNumSegmentsGrad at 0x000002427B85F6A0>) in gradient.
[2026-02-17 17:53:04,575] tensorflow - Level 1 - Registering SparseSegmentSqrtN (<function _SparseSegmentSqrtNGrad at 0x000002427B85F740>) in gradient.
[2026-02-17 17:53:04,575] tensorflow - Level 1 - Registering SparseSegmentSqrtNWithNumSegments (<function _SparseSegmentSqrtNWithNumSegmentsGrad at 0x000002427B85F7E0>) in gradient.
[2026-02-17 17:53:04,575] tensorflow - Level 1 - Registering SegmentMin (<function _SegmentMinGrad at 0x000002427B85F920>) in gradient.
[2026-02-17 17:53:04,575] tensorflow - Level 1 - Registering SegmentMax (<function _SegmentMaxGrad at 0x000002427B85F9C0>) in gradient.
[2026-02-17 17:53:04,575] tensorflow - Level 1 - Registering SegmentProd (<function _SegmentProdGrad at 0x000002427B85FA60>) in gradient.
[2026-02-17 17:53:04,575] tensorflow - Level 1 - Registering UnsortedSegmentSum (<function _UnsortedSegmentSumGrad at 0x000002427B85FC40>) in gradient.
[2026-02-17 17:53:04,575] tensorflow - Level 1 - Registering UnsortedSegmentMax (<function _UnsortedSegmentMaxGrad at 0x000002427B85FCE0>) in gradient.
[2026-02-17 17:53:04,575] tensorflow - Level 1 - Registering UnsortedSegmentMin (<function _UnsortedSegmentMinGrad at 0x000002427B85FD80>) in gradient.
[2026-02-17 17:53:04,575] tensorflow - Level 1 - Registering UnsortedSegmentProd (<function _UnsortedSegmentProdGrad at 0x000002427B85FE20>) in gradient.
[2026-02-17 17:53:04,575] tensorflow - Level 1 - Registering Abs (<function _AbsGrad at 0x000002427B85FEC0>) in gradient.
[2026-02-17 17:53:04,575] tensorflow - Level 1 - Registering Neg (<function _NegGrad at 0x000002427B85FF60>) in gradient.
[2026-02-17 17:53:04,575] tensorflow - Level 1 - Registering Inv (<function _InvGrad at 0x000002427B8CC040>) in gradient.
[2026-02-17 17:53:04,575] tensorflow - Level 1 - Registering Reciprocal (<function _ReciprocalGrad at 0x000002427B8CC0E0>) in gradient.
[2026-02-17 17:53:04,591] tensorflow - Level 1 - Registering InvGrad (<function _InvGradGrad at 0x000002427B8CC180>) in gradient.
[2026-02-17 17:53:04,591] tensorflow - Level 1 - Registering ReciprocalGrad (<function _ReciprocalGradGrad at 0x000002427B8CC220>) in gradient.
[2026-02-17 17:53:04,591] tensorflow - Level 1 - Registering Square (<function _SquareGrad at 0x000002427B8CC2C0>) in gradient.
[2026-02-17 17:53:04,591] tensorflow - Level 1 - Registering Sqrt (<function _SqrtGrad at 0x000002427B8CC360>) in gradient.
[2026-02-17 17:53:04,591] tensorflow - Level 1 - Registering SqrtGrad (<function _SqrtGradGrad at 0x000002427B8CC400>) in gradient.
[2026-02-17 17:53:04,591] tensorflow - Level 1 - Registering Rsqrt (<function _RsqrtGrad at 0x000002427B8CC4A0>) in gradient.
[2026-02-17 17:53:04,591] tensorflow - Level 1 - Registering RsqrtGrad (<function _RsqrtGradGrad at 0x000002427B8CC540>) in gradient.
[2026-02-17 17:53:04,591] tensorflow - Level 1 - Registering Exp (<function _ExpGrad at 0x000002427B8CC5E0>) in gradient.
[2026-02-17 17:53:04,591] tensorflow - Level 1 - Registering Expm1 (<function _Expm1Grad at 0x000002427B8CC680>) in gradient.
[2026-02-17 17:53:04,591] tensorflow - Level 1 - Registering Log (<function _LogGrad at 0x000002427B8CC720>) in gradient.
[2026-02-17 17:53:04,591] tensorflow - Level 1 - Registering Log1p (<function _Log1pGrad at 0x000002427B8CC7C0>) in gradient.
[2026-02-17 17:53:04,591] tensorflow - Level 1 - Registering Xlogy (<function _XLogyGrad at 0x000002427B8CC860>) in gradient.
[2026-02-17 17:53:04,591] tensorflow - Level 1 - Registering Xlog1py (<function _XLog1pyGrad at 0x000002427B8CC900>) in gradient.
[2026-02-17 17:53:04,591] tensorflow - Level 1 - Registering Xdivy (<function _XDivyGrad at 0x000002427B8CC9A0>) in gradient.
[2026-02-17 17:53:04,591] tensorflow - Level 1 - Registering Sinh (<function _SinhGrad at 0x000002427B8CCA40>) in gradient.
[2026-02-17 17:53:04,591] tensorflow - Level 1 - Registering Cosh (<function _CoshGrad at 0x000002427B8CCAE0>) in gradient.
[2026-02-17 17:53:04,591] tensorflow - Level 1 - Registering Tanh (<function _TanhGrad at 0x000002427B8CCB80>) in gradient.
[2026-02-17 17:53:04,591] tensorflow - Level 1 - Registering Asinh (<function _AsinhGrad at 0x000002427B8CCC20>) in gradient.
[2026-02-17 17:53:04,591] tensorflow - Level 1 - Registering Acosh (<function _AcoshGrad at 0x000002427B8CCCC0>) in gradient.
[2026-02-17 17:53:04,591] tensorflow - Level 1 - Registering Atanh (<function _AtanhGrad at 0x000002427B8CCD60>) in gradient.
[2026-02-17 17:53:04,591] tensorflow - Level 1 - Registering TanhGrad (<function _TanhGradGrad at 0x000002427B8CCE00>) in gradient.
[2026-02-17 17:53:04,591] tensorflow - Level 1 - Registering Erf (<function _ErfGrad at 0x000002427B8CCEA0>) in gradient.
[2026-02-17 17:53:04,591] tensorflow - Level 1 - Registering Erfc (<function _ErfcGrad at 0x000002427B8CCF40>) in gradient.
[2026-02-17 17:53:04,591] tensorflow - Level 1 - Registering Erfinv (<function _ErfinvGrad at 0x000002427B8CCFE0>) in gradient.
[2026-02-17 17:53:04,591] tensorflow - Level 1 - Registering Ndtri (<function _NdtriGrad at 0x000002427B8CD080>) in gradient.
[2026-02-17 17:53:04,591] tensorflow - Level 1 - Registering Lgamma (<function _LgammaGrad at 0x000002427B8CD120>) in gradient.
[2026-02-17 17:53:04,591] tensorflow - Level 1 - Registering Digamma (<function _DigammaGrad at 0x000002427B8CD1C0>) in gradient.
[2026-02-17 17:53:04,591] tensorflow - Level 1 - Registering Dawsn (<function _DawsnGrad at 0x000002427B8CD260>) in gradient.
[2026-02-17 17:53:04,591] tensorflow - Level 1 - Registering Expint (<function _ExpintGrad at 0x000002427B8CD300>) in gradient.
[2026-02-17 17:53:04,591] tensorflow - Level 1 - Registering FresnelCos (<function _FresnelCosGrad at 0x000002427B8CD3A0>) in gradient.
[2026-02-17 17:53:04,591] tensorflow - Level 1 - Registering FresnelSin (<function _FresnelSinGrad at 0x000002427B8CD440>) in gradient.
[2026-02-17 17:53:04,591] tensorflow - Level 1 - Registering Spence (<function _SpenceGrad at 0x000002427B8CD4E0>) in gradient.
[2026-02-17 17:53:04,591] tensorflow - Level 1 - Registering BesselI0 (<function _BesselI0Grad at 0x000002427B8CD580>) in gradient.
[2026-02-17 17:53:04,591] tensorflow - Level 1 - Registering BesselI0e (<function _BesselI0eGrad at 0x000002427B8CD620>) in gradient.
[2026-02-17 17:53:04,591] tensorflow - Level 1 - Registering BesselI1 (<function _BesselI1Grad at 0x000002427B8CD6C0>) in gradient.
[2026-02-17 17:53:04,591] tensorflow - Level 1 - Registering BesselI1e (<function _BesselI1eGrad at 0x000002427B8CD760>) in gradient.
[2026-02-17 17:53:04,591] tensorflow - Level 1 - Registering BesselK0 (<function _BesselK0Grad at 0x000002427B8CD800>) in gradient.
[2026-02-17 17:53:04,591] tensorflow - Level 1 - Registering BesselK0e (<function _BesselK0eGrad at 0x000002427B8CD8A0>) in gradient.
[2026-02-17 17:53:04,591] tensorflow - Level 1 - Registering BesselK1 (<function _BesselK1Grad at 0x000002427B8CD940>) in gradient.
[2026-02-17 17:53:04,591] tensorflow - Level 1 - Registering BesselK1e (<function _BesselK1eGrad at 0x000002427B8CD9E0>) in gradient.
[2026-02-17 17:53:04,591] tensorflow - Level 1 - Registering BesselJ0 (<function _BesselJ0Grad at 0x000002427B8CDA80>) in gradient.
[2026-02-17 17:53:04,591] tensorflow - Level 1 - Registering BesselJ1 (<function _BesselJ1Grad at 0x000002427B8CDB20>) in gradient.
[2026-02-17 17:53:04,591] tensorflow - Level 1 - Registering BesselY0 (<function _BesselY0Grad at 0x000002427B8CDBC0>) in gradient.
[2026-02-17 17:53:04,591] tensorflow - Level 1 - Registering BesselY1 (<function _BesselY1Grad at 0x000002427B8CDC60>) in gradient.
[2026-02-17 17:53:04,591] tensorflow - Level 1 - Registering Igamma (<function _IgammaGrad at 0x000002427B8CDD00>) in gradient.
[2026-02-17 17:53:04,591] tensorflow - Level 1 - Registering Igammac (<function _IgammacGrad at 0x000002427B8CDDA0>) in gradient.
[2026-02-17 17:53:04,591] tensorflow - Level 1 - Registering Betainc (<function _BetaincGrad at 0x000002427B8CDE40>) in gradient.
[2026-02-17 17:53:04,591] tensorflow - Level 1 - Registering Zeta (<function _ZetaGrad at 0x000002427B8CDEE0>) in gradient.
[2026-02-17 17:53:04,591] tensorflow - Level 1 - Registering Polygamma (<function _PolygammaGrad at 0x000002427B8CDF80>) in gradient.
[2026-02-17 17:53:04,591] tensorflow - Level 1 - Registering Sigmoid (<function _SigmoidGrad at 0x000002427B8CE020>) in gradient.
[2026-02-17 17:53:04,591] tensorflow - Level 1 - Registering SigmoidGrad (<function _SigmoidGradGrad at 0x000002427B8CE0C0>) in gradient.
[2026-02-17 17:53:04,591] tensorflow - Level 1 - Registering Sign (<function _SignGrad at 0x000002427B8CE160>) in gradient.
[2026-02-17 17:53:04,591] tensorflow - Level 1 - Registering Sin (<function _SinGrad at 0x000002427B8CE200>) in gradient.
[2026-02-17 17:53:04,591] tensorflow - Level 1 - Registering Cos (<function _CosGrad at 0x000002427B8CE2A0>) in gradient.
[2026-02-17 17:53:04,591] tensorflow - Level 1 - Registering Tan (<function _TanGrad at 0x000002427B8CE340>) in gradient.
[2026-02-17 17:53:04,591] tensorflow - Level 1 - Registering Asin (<function _AsinGrad at 0x000002427B8CE3E0>) in gradient.
[2026-02-17 17:53:04,591] tensorflow - Level 1 - Registering Acos (<function _AcosGrad at 0x000002427B8CE480>) in gradient.
[2026-02-17 17:53:04,591] tensorflow - Level 1 - Registering Atan (<function _AtanGrad at 0x000002427B8CE520>) in gradient.
[2026-02-17 17:53:04,591] tensorflow - Level 1 - Registering Atan2 (<function _Atan2Grad at 0x000002427B8CE5C0>) in gradient.
[2026-02-17 17:53:04,591] tensorflow - Level 1 - Registering AddN (<function _AddNGrad at 0x000002427B8CE660>) in gradient.
[2026-02-17 17:53:04,591] tensorflow - Level 1 - Registering AddV2 (<function _AddGrad at 0x000002427B8CE7A0>) in gradient.
[2026-02-17 17:53:04,591] tensorflow - Level 1 - Registering Add (<function _AddGrad at 0x000002427B8CE7A0>) in gradient.
[2026-02-17 17:53:04,591] tensorflow - Level 1 - Registering Sub (<function _SubGrad at 0x000002427B8CE840>) in gradient.
[2026-02-17 17:53:04,591] tensorflow - Level 1 - Registering Mul (<function _MulGrad at 0x000002427B8CE8E0>) in gradient.
[2026-02-17 17:53:04,591] tensorflow - Level 1 - Registering MulNoNan (<function _MulNoNanGrad at 0x000002427B8CE980>) in gradient.
[2026-02-17 17:53:04,591] tensorflow - Level 1 - Registering Div (<function _DivGrad at 0x000002427B8CEA20>) in gradient.
[2026-02-17 17:53:04,591] tensorflow - Level 1 - Registering FloorDiv (<function _FloorDivGrad at 0x000002427B8CEAC0>) in gradient.
[2026-02-17 17:53:04,591] tensorflow - Level 1 - Registering FloorMod (<function _FloorModGrad at 0x000002427B8CEB60>) in gradient.
[2026-02-17 17:53:04,591] tensorflow - Level 1 - Registering TruncateDiv (<function _TruncateDivGrad at 0x000002427B8CEC00>) in gradient.
[2026-02-17 17:53:04,606] tensorflow - Level 1 - Registering RealDiv (<function _RealDivGrad at 0x000002427B8CECA0>) in gradient.
[2026-02-17 17:53:04,606] tensorflow - Level 1 - Registering DivNoNan (<function _DivNoNanGrad at 0x000002427B8CED40>) in gradient.
[2026-02-17 17:53:04,606] tensorflow - Level 1 - Registering Pow (<function _PowGrad at 0x000002427B8CEDE0>) in gradient.
[2026-02-17 17:53:04,606] tensorflow - Level 1 - Registering Maximum (<function _MaximumGrad at 0x000002427B8CEFC0>) in gradient.
[2026-02-17 17:53:04,606] tensorflow - Level 1 - Registering Minimum (<function _MinimumGrad at 0x000002427B8CF060>) in gradient.
[2026-02-17 17:53:04,606] tensorflow - Level 1 - Registering SquaredDifference (<function _SquaredDifferenceGrad at 0x000002427B8CF100>) in gradient.
[2026-02-17 17:53:04,606] tensorflow - Level 1 - Registering Less (None) in gradient.
[2026-02-17 17:53:04,606] tensorflow - Level 1 - Registering LessEqual (None) in gradient.
[2026-02-17 17:53:04,606] tensorflow - Level 1 - Registering Greater (None) in gradient.
[2026-02-17 17:53:04,606] tensorflow - Level 1 - Registering GreaterEqual (None) in gradient.
[2026-02-17 17:53:04,606] tensorflow - Level 1 - Registering Equal (None) in gradient.
[2026-02-17 17:53:04,606] tensorflow - Level 1 - Registering ApproximateEqual (None) in gradient.
[2026-02-17 17:53:04,606] tensorflow - Level 1 - Registering NotEqual (None) in gradient.
[2026-02-17 17:53:04,606] tensorflow - Level 1 - Registering LogicalAnd (None) in gradient.
[2026-02-17 17:53:04,606] tensorflow - Level 1 - Registering LogicalOr (None) in gradient.
[2026-02-17 17:53:04,606] tensorflow - Level 1 - Registering LogicalNot (None) in gradient.
[2026-02-17 17:53:04,606] tensorflow - Level 1 - Registering Select (<function _SelectGrad at 0x000002427B8CF1A0>) in gradient.
[2026-02-17 17:53:04,606] tensorflow - Level 1 - Registering SelectV2 (<function _SelectGradV2 at 0x000002427B8CF240>) in gradient.
[2026-02-17 17:53:04,606] tensorflow - Level 1 - Registering MatMul (<function _MatMulGrad at 0x000002427B8CF420>) in gradient.
[2026-02-17 17:53:04,606] tensorflow - Level 1 - Registering SparseMatMul (<function _SparseMatMulGrad at 0x000002427B8CF4C0>) in gradient.
[2026-02-17 17:53:04,606] tensorflow - Level 1 - Registering Floor (<function _FloorGrad at 0x000002427B8CF560>) in gradient.
[2026-02-17 17:53:04,606] tensorflow - Level 1 - Registering Ceil (<function _CeilGrad at 0x000002427B8CF600>) in gradient.
[2026-02-17 17:53:04,606] tensorflow - Level 1 - Registering Round (<function _RoundGrad at 0x000002427B8CF6A0>) in gradient.
[2026-02-17 17:53:04,606] tensorflow - Level 1 - Registering Rint (<function _RintGrad at 0x000002427B8CF740>) in gradient.
[2026-02-17 17:53:04,606] tensorflow - Level 1 - Registering BatchMatMul (<function _BatchMatMul at 0x000002427B8CF7E0>) in gradient.
[2026-02-17 17:53:04,606] tensorflow - Level 1 - Registering BatchMatMulV3 (<function _BatchMatMulV2 at 0x000002427B8CF880>) in gradient.
[2026-02-17 17:53:04,606] tensorflow - Level 1 - Registering BatchMatMulV2 (<function _BatchMatMulV2 at 0x000002427B8CF880>) in gradient.
[2026-02-17 17:53:04,606] tensorflow - Level 1 - Registering Range (None) in gradient.
[2026-02-17 17:53:04,606] tensorflow - Level 1 - Registering LinSpace (None) in gradient.
[2026-02-17 17:53:04,606] tensorflow - Level 1 - Registering Complex (<function _ComplexGrad at 0x000002427B8CF920>) in gradient.
[2026-02-17 17:53:04,606] tensorflow - Level 1 - Registering Real (<function _RealGrad at 0x000002427B8CF9C0>) in gradient.
[2026-02-17 17:53:04,606] tensorflow - Level 1 - Registering Imag (<function _ImagGrad at 0x000002427B8CFA60>) in gradient.
[2026-02-17 17:53:04,606] tensorflow - Level 1 - Registering Angle (<function _AngleGrad at 0x000002427B8CFB00>) in gradient.
[2026-02-17 17:53:04,606] tensorflow - Level 1 - Registering Conj (<function _ConjGrad at 0x000002427B8CFBA0>) in gradient.
[2026-02-17 17:53:04,606] tensorflow - Level 1 - Registering ComplexAbs (<function _ComplexAbsGrad at 0x000002427B8CFC40>) in gradient.
[2026-02-17 17:53:04,606] tensorflow - Level 1 - Registering Cast (<function _CastGrad at 0x000002427B8CFCE0>) in gradient.
[2026-02-17 17:53:04,606] tensorflow - Level 1 - Registering Cross (<function _CrossGrad at 0x000002427B8CFD80>) in gradient.
[2026-02-17 17:53:04,606] tensorflow - Level 1 - Registering Cumsum (<function _CumsumGrad at 0x000002427B8CFE20>) in gradient.
[2026-02-17 17:53:04,606] tensorflow - Level 1 - Registering Cumprod (<function _CumprodGrad at 0x000002427B8CFEC0>) in gradient.
[2026-02-17 17:53:04,606] tensorflow - Level 1 - Registering CumulativeLogsumexp (<function _CumulativeLogsumexpGrad at 0x000002427B8CFF60>) in gradient.
[2026-02-17 17:53:04,606] tensorflow - Level 1 - Registering NextAfter (<function _NextAfterGrad at 0x000002427B8D8040>) in gradient.
[2026-02-17 17:53:04,606] tensorflow - Level 1 - Registering NcclAllReduce (<function _all_sum_grad at 0x000002427B8D8400>) in gradient.
[2026-02-17 17:53:04,606] tensorflow - Level 1 - Registering NcclReduce (<function _reduce_sum_grad at 0x000002427B8D8FE0>) in gradient.
[2026-02-17 17:53:04,606] tensorflow - Level 1 - Registering NcclBroadcast (<function _broadcast_grad at 0x000002427B8D9120>) in gradient.
[2026-02-17 17:53:04,606] tensorflow - Level 1 - Registering OptionalFromValue (<function _OptionalFromValueGrad at 0x000002427B8D8D60>) in gradient.
[2026-02-17 17:53:04,622] tensorflow - Level 1 - Registering OptionalGetValue (<function _OptionalGetValueGrad at 0x000002427B8D9440>) in gradient.
[2026-02-17 17:53:04,622] tensorflow - Level 1 - Registering DecodeRaw (None) in gradient.
[2026-02-17 17:53:04,622] tensorflow - Level 1 - Registering DecodePaddedRaw (None) in gradient.
[2026-02-17 17:53:04,622] tensorflow - Level 1 - Registering ParseTensor (None) in gradient.
[2026-02-17 17:53:04,622] tensorflow - Level 1 - Registering SerializeTensor (None) in gradient.
[2026-02-17 17:53:04,622] tensorflow - Level 1 - Registering StringToNumber (None) in gradient.
[2026-02-17 17:53:04,622] tensorflow - Level 1 - Registering DecodeProtoV2 (None) in gradient.
[2026-02-17 17:53:04,622] tensorflow - Level 1 - Registering EncodeProto (None) in gradient.
[2026-02-17 17:53:04,622] tensorflow - Level 1 - Registering RandomGamma (<function _RandomGammaGrad at 0x000002427B8DA160>) in gradient.
[2026-02-17 17:53:04,622] tensorflow - Level 1 - Registering StatelessRandomGammaV2 (<function _StatelessRandomGammaV2Grad at 0x000002427B8DA2A0>) in gradient.
[2026-02-17 17:53:04,622] tensorflow - Level 1 - Registering StatelessRandomGammaV3 (<function _StatelessRandomGammaV3Grad at 0x000002427B8DA3E0>) in gradient.
[2026-02-17 17:53:04,622] tensorflow - Level 1 - Registering StatelessParameterizedTruncatedNormal (<function _StatelessParameterizedTruncatedNormalGrad at 0x000002427B8DA660>) in gradient.
[2026-02-17 17:53:04,643] tensorflow - Level 1 - Registering BlockLSTM (<function _block_lstm_grad at 0x000002427B8DA340>) in gradient.
[2026-02-17 17:53:04,645] tensorflow - Level 1 - Registering BlockLSTMV2 (<function _block_lstm_grad at 0x000002427B8DA340>) in gradient.
[2026-02-17 17:53:04,649] tensorflow - Level 1 - Registering SdcaFprint (None) in gradient.
[2026-02-17 17:53:04,651] tensorflow - Level 1 - Registering SdcaOptimizer (None) in gradient.
[2026-02-17 17:53:04,651] tensorflow - Level 1 - Registering SdcaOptimizerV2 (None) in gradient.
[2026-02-17 17:53:04,651] tensorflow - Level 1 - Registering SdcaShrinkL1 (None) in gradient.
[2026-02-17 17:53:04,656] tensorflow - Level 1 - Registering SetSize (None) in gradient.
[2026-02-17 17:53:04,658] tensorflow - Level 1 - Registering DenseToDenseSetOperation (None) in gradient.
[2026-02-17 17:53:04,658] tensorflow - Level 1 - Registering DenseToSparseSetOperation (None) in gradient.
[2026-02-17 17:53:04,658] tensorflow - Level 1 - Registering SparseToSparseSetOperation (None) in gradient.
[2026-02-17 17:53:04,660] tensorflow - Level 1 - Registering SparseAddGrad (None) in gradient.
[2026-02-17 17:53:04,662] tensorflow - Level 1 - Registering SparseConcat (None) in gradient.
[2026-02-17 17:53:04,662] tensorflow - Level 1 - Registering SparseReorder (<function _SparseReorderGrad at 0x000002427B9356C0>) in gradient.
[2026-02-17 17:53:04,662] tensorflow - Level 1 - Registering SparseAdd (<function _SparseAddGrad at 0x000002427B9358A0>) in gradient.
[2026-02-17 17:53:04,662] tensorflow - Level 1 - Registering SparseTensorDenseAdd (<function _SparseTensorDenseAddGrad at 0x000002427B935800>) in gradient.
[2026-02-17 17:53:04,662] tensorflow - Level 1 - Registering SparseReduceSum (<function _SparseReduceSumGrad at 0x000002427B935940>) in gradient.
[2026-02-17 17:53:04,662] tensorflow - Level 1 - Registering SparseSlice (<function _SparseSliceGrad at 0x000002427B9359E0>) in gradient.
[2026-02-17 17:53:04,663] tensorflow - Level 1 - Registering SparseTensorDenseMatMul (<function _SparseTensorDenseMatMulGrad at 0x000002427B935A80>) in gradient.
[2026-02-17 17:53:04,663] tensorflow - Level 1 - Registering SparseDenseCwiseAdd (<function _SparseDenseCwiseAddGrad at 0x000002427B935B20>) in gradient.
[2026-02-17 17:53:04,663] tensorflow - Level 1 - Registering SparseDenseCwiseMul (<function _SparseDenseCwiseMulGrad at 0x000002427B935C60>) in gradient.
[2026-02-17 17:53:04,663] tensorflow - Level 1 - Registering SparseDenseCwiseDiv (<function _SparseDenseCwiseDivGrad at 0x000002427B935D00>) in gradient.
[2026-02-17 17:53:04,663] tensorflow - Level 1 - Registering SparseSoftmax (<function _SparseSoftmaxGrad at 0x000002427B935DA0>) in gradient.
[2026-02-17 17:53:04,663] tensorflow - Level 1 - Registering SparseSparseMaximum (<function _SparseSparseMaximumGrad at 0x000002427B935E40>) in gradient.
[2026-02-17 17:53:04,664] tensorflow - Level 1 - Registering SparseSparseMinimum (<function _SparseSparseMinimumGrad at 0x000002427B935EE0>) in gradient.
[2026-02-17 17:53:04,664] tensorflow - Level 1 - Registering SparseFillEmptyRows (<function _SparseFillEmptyRowsGrad at 0x000002427B935F80>) in gradient.
[2026-02-17 17:53:04,664] tensorflow - Level 1 - Registering SparseToDense (<function _SparseToDenseGrad at 0x000002427B936020>) in gradient.
[2026-02-17 17:53:04,666] tensorflow - Level 1 - Registering TensorArray (None) in gradient.
[2026-02-17 17:53:04,667] tensorflow - Level 1 - Registering TensorArrayGrad (None) in gradient.
[2026-02-17 17:53:04,668] tensorflow - Level 1 - Registering TensorArraySize (None) in gradient.
[2026-02-17 17:53:04,668] tensorflow - Level 1 - Registering TensorArrayClose (None) in gradient.
[2026-02-17 17:53:04,668] tensorflow - Level 1 - Registering TensorArrayV2 (None) in gradient.
[2026-02-17 17:53:04,668] tensorflow - Level 1 - Registering TensorArrayGradV2 (None) in gradient.
[2026-02-17 17:53:04,669] tensorflow - Level 1 - Registering TensorArraySizeV2 (None) in gradient.
[2026-02-17 17:53:04,669] tensorflow - Level 1 - Registering TensorArrayCloseV2 (None) in gradient.
[2026-02-17 17:53:04,669] tensorflow - Level 1 - Registering TensorArrayV3 (None) in gradient.
[2026-02-17 17:53:04,669] tensorflow - Level 1 - Registering TensorArrayGradV3 (None) in gradient.
[2026-02-17 17:53:04,670] tensorflow - Level 1 - Registering TensorArrayGradWithShape (None) in gradient.
[2026-02-17 17:53:04,670] tensorflow - Level 1 - Registering TensorArraySizeV3 (None) in gradient.
[2026-02-17 17:53:04,670] tensorflow - Level 1 - Registering TensorArrayCloseV3 (None) in gradient.
[2026-02-17 17:53:04,670] tensorflow - Level 1 - Registering TensorArrayReadV3 (<function _TensorArrayReadGrad at 0x000002427B936200>) in gradient.
[2026-02-17 17:53:04,670] tensorflow - Level 1 - Registering TensorArrayReadV2 (<function _TensorArrayReadGrad at 0x000002427B936200>) in gradient.
[2026-02-17 17:53:04,670] tensorflow - Level 1 - Registering TensorArrayRead (<function _TensorArrayReadGrad at 0x000002427B936200>) in gradient.
[2026-02-17 17:53:04,670] tensorflow - Level 1 - Registering TensorArrayWriteV3 (<function _TensorArrayWriteGrad at 0x000002427B936160>) in gradient.
[2026-02-17 17:53:04,670] tensorflow - Level 1 - Registering TensorArrayWriteV2 (<function _TensorArrayWriteGrad at 0x000002427B936160>) in gradient.
[2026-02-17 17:53:04,670] tensorflow - Level 1 - Registering TensorArrayWrite (<function _TensorArrayWriteGrad at 0x000002427B936160>) in gradient.
[2026-02-17 17:53:04,670] tensorflow - Level 1 - Registering TensorArrayGatherV3 (<function _TensorArrayGatherGrad at 0x000002427B9362A0>) in gradient.
[2026-02-17 17:53:04,671] tensorflow - Level 1 - Registering TensorArrayGatherV2 (<function _TensorArrayGatherGrad at 0x000002427B9362A0>) in gradient.
[2026-02-17 17:53:04,671] tensorflow - Level 1 - Registering TensorArrayGather (<function _TensorArrayGatherGrad at 0x000002427B9362A0>) in gradient.
[2026-02-17 17:53:04,671] tensorflow - Level 1 - Registering TensorArrayScatterV3 (<function _TensorArrayScatterGrad at 0x000002427B936340>) in gradient.
[2026-02-17 17:53:04,671] tensorflow - Level 1 - Registering TensorArrayScatterV2 (<function _TensorArrayScatterGrad at 0x000002427B936340>) in gradient.
[2026-02-17 17:53:04,671] tensorflow - Level 1 - Registering TensorArrayScatter (<function _TensorArrayScatterGrad at 0x000002427B936340>) in gradient.
[2026-02-17 17:53:04,671] tensorflow - Level 1 - Registering TensorArrayConcatV3 (<function _TensorArrayConcatGrad at 0x000002427B9363E0>) in gradient.
[2026-02-17 17:53:04,671] tensorflow - Level 1 - Registering TensorArrayConcatV2 (<function _TensorArrayConcatGrad at 0x000002427B9363E0>) in gradient.
[2026-02-17 17:53:04,671] tensorflow - Level 1 - Registering TensorArrayConcat (<function _TensorArrayConcatGrad at 0x000002427B9363E0>) in gradient.
[2026-02-17 17:53:04,672] tensorflow - Level 1 - Registering TensorArraySplitV3 (<function _TensorArraySplitGrad at 0x000002427B936480>) in gradient.
[2026-02-17 17:53:04,672] tensorflow - Level 1 - Registering TensorArraySplitV2 (<function _TensorArraySplitGrad at 0x000002427B936480>) in gradient.
[2026-02-17 17:53:04,672] tensorflow - Level 1 - Registering TensorArraySplit (<function _TensorArraySplitGrad at 0x000002427B936480>) in gradient.
[2026-02-17 17:53:04,684] tensorflow - Level 1 - Registering DenseToCSRSparseMatrix (<function _DenseToCSRSparseMatrixGrad at 0x000002427B936700>) in gradient.
[2026-02-17 17:53:04,684] tensorflow - Level 1 - Registering CSRSparseMatrixToDense (<function _CSRSparseMatrixToDenseGrad at 0x000002427B936840>) in gradient.
[2026-02-17 17:53:04,684] tensorflow - Level 1 - Registering SparseTensorToCSRSparseMatrix (<function _SparseTensorToCSRSparseMatrixGrad at 0x000002427B96F240>) in gradient.
[2026-02-17 17:53:04,684] tensorflow - Level 1 - Registering CSRSparseMatrixToSparseTensor (<function _CSRSparseMatrixToSparseTensorGrad at 0x000002427B96F1A0>) in gradient.
[2026-02-17 17:53:04,684] tensorflow - Level 1 - Registering SparseMatrixNNZ (None) in gradient.
[2026-02-17 17:53:04,684] tensorflow - Level 1 - Registering SparseMatrixZeros (None) in gradient.
[2026-02-17 17:53:04,684] tensorflow - Level 1 - Registering SparseMatrixAdd (<function _SparseMatrixAddGrad at 0x000002427B96F420>) in gradient.
[2026-02-17 17:53:04,684] tensorflow - Level 1 - Registering SparseMatrixTranspose (<function _SparseMatrixTransposeGrad at 0x000002427B96F560>) in gradient.
[2026-02-17 17:53:04,684] tensorflow - Level 1 - Registering SparseMatrixSoftmax (<function _SparseMatrixSoftmaxGrad at 0x000002427B96F600>) in gradient.
[2026-02-17 17:53:04,684] tensorflow - Level 1 - Registering SparseMatrixMatMul (<function _SparseMatrixMatMulGrad at 0x000002427B96F6A0>) in gradient.
[2026-02-17 17:53:04,684] tensorflow - Level 1 - Registering SparseMatrixSparseMatMul (<function _SparseMatrixSparseMatMulGrad at 0x000002427B96F740>) in gradient.
[2026-02-17 17:53:04,684] tensorflow - Level 1 - Registering SparseMatrixMul (<function _SparseMatrixMulGrad at 0x000002427B96F7E0>) in gradient.
[2026-02-17 17:53:04,695] tensorflow - Level 1 - Registering FFT (<function _fft_grad at 0x000002427B9BD300>) in gradient.
[2026-02-17 17:53:04,700] tensorflow - Level 1 - Registering IFFT (<function _ifft_grad at 0x000002427B9BD3A0>) in gradient.
[2026-02-17 17:53:04,700] tensorflow - Level 1 - Registering FFT2D (<function _fft2d_grad at 0x000002427B9BD440>) in gradient.
[2026-02-17 17:53:04,700] tensorflow - Level 1 - Registering IFFT2D (<function _ifft2d_grad at 0x000002427B9BD580>) in gradient.
[2026-02-17 17:53:04,700] tensorflow - Level 1 - Registering FFT3D (<function _fft3d_grad at 0x000002427B9BD620>) in gradient.
[2026-02-17 17:53:04,700] tensorflow - Level 1 - Registering IFFT3D (<function _ifft3d_grad at 0x000002427B9BD6C0>) in gradient.
[2026-02-17 17:53:04,700] tensorflow - Level 1 - Registering RFFT (<function _rfft_grad_helper.<locals>._grad at 0x000002427B9BDB20>) in gradient.
[2026-02-17 17:53:04,700] tensorflow - Level 1 - Registering IRFFT (<function _irfft_grad_helper.<locals>._grad at 0x000002427B9BDD00>) in gradient.
[2026-02-17 17:53:04,700] tensorflow - Level 1 - Registering RFFT2D (<function _rfft_grad_helper.<locals>._grad at 0x000002427B9BDDA0>) in gradient.
[2026-02-17 17:53:04,700] tensorflow - Level 1 - Registering IRFFT2D (<function _irfft_grad_helper.<locals>._grad at 0x000002427B9BDE40>) in gradient.
[2026-02-17 17:53:04,702] tensorflow - Level 1 - Registering GenerateVocabRemapping (None) in gradient.
[2026-02-17 17:53:04,702] tensorflow - Level 1 - Registering LoadAndRemapMatrix (None) in gradient.
[2026-02-17 17:53:04,735] tensorflow - Level 1 - Registering XlaVariadicReduce (None) in gradient.
[2026-02-17 17:53:04,739] tensorflow - Level 1 - Registering XlaSharding (<function _sharding_grad at 0x000002427BA70860>) in gradient.
[2026-02-17 17:53:04,739] tensorflow - Level 1 - Registering XlaSpmdFullToShardShape (<function _spmd_full_to_shard_shape_grad at 0x000002427BA70900>) in gradient.
[2026-02-17 17:53:04,739] tensorflow - Level 1 - Registering XlaSpmdShardToFullShape (<function _spmd_shard_to_full_shape_grad at 0x000002427BA709A0>) in gradient.
[2026-02-17 17:53:04,766] tensorflow - Level 1 - Registering CTCLoss (<function _CTCLossGrad at 0x000002427BCC4E00>) in gradient.
[2026-02-17 17:53:04,766] tensorflow - Level 1 - Registering CTCLossV2 (<function _CTCLossV2Grad at 0x000002427BCC4EA0>) in gradient.
[2026-02-17 17:53:04,766] tensorflow - Level 1 - Registering CTCGreedyDecoder (None) in gradient.
[2026-02-17 17:53:04,770] tensorflow - Level 1 - Registering CTCBeamSearchDecoder (None) in gradient.
[2026-02-17 17:53:04,770] tensorflow - Level 1 - Registering FusedBatchNormGrad (<function _FusedBatchNormGradGrad at 0x000002427BCC68E0>) in gradient.
[2026-02-17 17:53:04,770] tensorflow - Level 1 - Registering FusedBatchNormGradV2 (<function _FusedBatchNormGradGradV2 at 0x000002427BCC6980>) in gradient.
[2026-02-17 17:53:04,770] tensorflow - Level 1 - Registering FusedBatchNormGradV3 (<function _FusedBatchNormGradGradV3 at 0x000002427BCC6B60>) in gradient.
[2026-02-17 17:53:04,785] tensorflow - Level 1 - Registering variables ((<class 'tensorflow.core.framework.variable_pb2.VariableDef'>, <function _to_proto_fn at 0x000002427BD02CA0>, <function _from_proto_fn at 0x000002427BD02F20>)) in proto functions.
[2026-02-17 17:53:04,786] tensorflow - Level 1 - Registering trainable_variables ((<class 'tensorflow.core.framework.variable_pb2.VariableDef'>, <function _to_proto_fn at 0x000002427BD02CA0>, <function _from_proto_fn at 0x000002427BD02F20>)) in proto functions.
[2026-02-17 17:53:04,786] tensorflow - Level 1 - Registering moving_average_variables ((<class 'tensorflow.core.framework.variable_pb2.VariableDef'>, <function _to_proto_fn at 0x000002427BD02CA0>, <function _from_proto_fn at 0x000002427BD02F20>)) in proto functions.
[2026-02-17 17:53:04,787] tensorflow - Level 1 - Registering local_variables ((<class 'tensorflow.core.framework.variable_pb2.VariableDef'>, <function _to_proto_fn at 0x000002427BD02CA0>, <function _from_proto_fn at 0x000002427BD02F20>)) in proto functions.
[2026-02-17 17:53:04,787] tensorflow - Level 1 - Registering model_variables ((<class 'tensorflow.core.framework.variable_pb2.VariableDef'>, <function _to_proto_fn at 0x000002427BD02CA0>, <function _from_proto_fn at 0x000002427BD02F20>)) in proto functions.
[2026-02-17 17:53:04,787] tensorflow - Level 1 - Registering global_step ((<class 'tensorflow.core.framework.variable_pb2.VariableDef'>, <function _to_proto_fn at 0x000002427BD02CA0>, <function _from_proto_fn at 0x000002427BD02F20>)) in proto functions.
[2026-02-17 17:53:04,787] tensorflow - Level 1 - Registering metric_variables ((<class 'tensorflow.core.framework.variable_pb2.VariableDef'>, <function _to_proto_fn at 0x000002427BD02CA0>, <function _from_proto_fn at 0x000002427BD02F20>)) in proto functions.
[2026-02-17 17:53:04,788] tensorflow - Level 1 - Registering RandomCrop (None) in gradient.
[2026-02-17 17:53:04,791] tensorflow - Level 1 - Registering HSVToRGB (None) in gradient.
[2026-02-17 17:53:04,792] tensorflow - Level 1 - Registering DrawBoundingBoxes (None) in gradient.
[2026-02-17 17:53:04,792] tensorflow - Level 1 - Registering SampleDistortedBoundingBox (None) in gradient.
[2026-02-17 17:53:04,792] tensorflow - Level 1 - Registering SampleDistortedBoundingBoxV2 (None) in gradient.
[2026-02-17 17:53:04,792] tensorflow - Level 1 - Registering ExtractGlimpse (None) in gradient.
[2026-02-17 17:53:04,792] tensorflow - Level 1 - Registering NonMaxSuppression (None) in gradient.
[2026-02-17 17:53:04,792] tensorflow - Level 1 - Registering NonMaxSuppressionV2 (None) in gradient.
[2026-02-17 17:53:04,792] tensorflow - Level 1 - Registering NonMaxSuppressionWithOverlaps (None) in gradient.
[2026-02-17 17:53:04,792] tensorflow - Level 1 - Registering GenerateBoundingBoxProposals (None) in gradient.
[2026-02-17 17:53:04,809] tensorflow - Level 1 - Registering ImageProjectiveTransformV2 (<function _image_projective_transform_grad at 0x000002427BDE7920>) in gradient.
[2026-02-17 17:53:04,809] tensorflow - Level 1 - Registering ImageProjectiveTransformV3 (<function _image_projective_transform_v3_grad at 0x000002427BDE7B00>) in gradient.
[2026-02-17 17:53:05,059] tensorflow - Level 1 - Registering savers ((<class 'tensorflow.core.protobuf.saver_pb2.SaverDef'>, <function Saver.to_proto at 0x000002427C0BEE80>, <function Saver.from_proto at 0x000002427C0BEF20>)) in proto functions.
[2026-02-17 17:53:05,074] tensorflow - Level 1 - Registering EagerPyFunc (<function _EagerPyFuncGrad at 0x000002427C0EBB00>) in gradient.
[2026-02-17 17:53:05,094] tensorflow - Level 1 - Registering PyFunc (None) in gradient.
[2026-02-17 17:53:05,095] tensorflow - Level 1 - Registering PyFuncStateless (None) in gradient.
[2026-02-17 17:53:05,127] tensorflow - Level 1 - Registering ReduceDataset (None) in gradient.
[2026-02-17 17:53:05,135] tensorflow - Level 1 - Registering tensorflow.python.data.ops.dataset_ops (<function _tf2_callback at 0x000002427C139F80>) in data_v2_callbacks.
[2026-02-17 17:53:05,138] tensorflow - Level 1 - Registering _resource_resolver (<function _resource_resolver at 0x000002427C1CEC00>) in acd_resource_resolvers.
[2026-02-17 17:53:05,174] tensorflow - Level 1 - Registering tensorflow.python.data.experimental.ops.counter (<function _tf2_callback at 0x000002427C1E2520>) in data_v2_callbacks.
[2026-02-17 17:53:05,202] tensorflow - Level 1 - Registering tensorflow.python.data.ops.readers (<function _tf2_callback at 0x000002427C1CF7E0>) in data_v2_callbacks.
[2026-02-17 17:53:05,222] tensorflow - Level 1 - Registering tensorflow.python.data.experimental.ops.interleave_ops (<function _tf2_callback at 0x000002427C1E3880>) in data_v2_callbacks.
[2026-02-17 17:53:05,263] tensorflow - Level 1 - Registering tensorflow.python.data.experimental.ops.random_ops (<function _tf2_callback at 0x000002427C286CA0>) in data_v2_callbacks.
[2026-02-17 17:53:05,279] tensorflow - Level 1 - Registering tensorflow.python.data.experimental.ops.readers (<function _tf2_callback at 0x000002427C2A05E0>) in data_v2_callbacks.
[2026-02-17 17:53:05,558] tensorflow - Level 1 - Registering tpu_replicated_input_resolver (<function tpu_replicated_input_resolver at 0x000002427C5145E0>) in acd_resource_resolvers.
[2026-02-17 17:53:05,559] tensorflow - DEBUG - Falling back to TensorFlow client; we recommended you install the Cloud TPU client directly with pip install cloud-tpu-client.
[2026-02-17 17:53:05,808] tensorflow - Level 1 - Registering queue_runners ((<class 'tensorflow.core.protobuf.queue_runner_pb2.QueueRunnerDef'>, <function QueueRunner.to_proto at 0x000002427C72EFC0>, <function QueueRunner.from_proto at 0x000002427C72F060>)) in proto functions.
[2026-02-17 17:53:06,591] h5py._conv - DEBUG - Creating converter from 7 to 5
[2026-02-17 17:53:06,591] h5py._conv - DEBUG - Creating converter from 5 to 7
[2026-02-17 17:53:06,591] h5py._conv - DEBUG - Creating converter from 7 to 5
[2026-02-17 17:53:06,591] h5py._conv - DEBUG - Creating converter from 5 to 7
[2026-02-17 17:53:07,029] tensorflow - Level 1 - Registering DebugGradientIdentity (<function _identify_gradient_grad at 0x000002427E1FB9C0>) in gradient.
[2026-02-17 17:53:07,029] tensorflow - Level 1 - Registering DebugGradientRefIdentity (<function _identify_gradient_grad_ref at 0x000002427E1FBA60>) in gradient.
[2026-02-17 17:53:07,105] tensorflow - Level 1 - Registering DebugIdentityV2 (<function _debug_identity_v2_grad at 0x000002427E276DE0>) in gradient.
[2026-02-17 17:53:07,626] tensorflow - Level 1 - Registering AudioMicrofrontend (None) in gradient.
[2026-02-17 17:53:07,746] tensorflow - Level 1 - Registering Reciprocal,flops (<function _reciprocal_flops at 0x000002427E86C720>) in statistical functions.
[2026-02-17 17:53:07,746] tensorflow - Level 1 - Registering Square,flops (<function _square_flops at 0x000002427E86C7C0>) in statistical functions.
[2026-02-17 17:53:07,746] tensorflow - Level 1 - Registering Rsqrt,flops (<function _rsqrt_flops at 0x000002427E86C900>) in statistical functions.
[2026-02-17 17:53:07,746] tensorflow - Level 1 - Registering Log,flops (<function _log_flops at 0x000002427E86C860>) in statistical functions.
[2026-02-17 17:53:07,746] tensorflow - Level 1 - Registering Neg,flops (<function _neg_flops at 0x000002427E86C9A0>) in statistical functions.
[2026-02-17 17:53:07,746] tensorflow - Level 1 - Registering AssignSub,flops (<function _assign_sub_flops at 0x000002427E86CA40>) in statistical functions.
[2026-02-17 17:53:07,746] tensorflow - Level 1 - Registering AssignAdd,flops (<function _assign_add_flops at 0x000002427E86CAE0>) in statistical functions.
[2026-02-17 17:53:07,746] tensorflow - Level 1 - Registering L2Loss,flops (<function _l2_loss_flops at 0x000002427E86CB80>) in statistical functions.
[2026-02-17 17:53:07,746] tensorflow - Level 1 - Registering Softmax,flops (<function _softmax_flops at 0x000002427E86CC20>) in statistical functions.
[2026-02-17 17:53:07,746] tensorflow - Level 1 - Registering AddV2,flops (<function _add_flops at 0x000002427E86CD60>) in statistical functions.
[2026-02-17 17:53:07,746] tensorflow - Level 1 - Registering Add,flops (<function _add_flops at 0x000002427E86CD60>) in statistical functions.
[2026-02-17 17:53:07,746] tensorflow - Level 1 - Registering Sub,flops (<function _sub_flops at 0x000002427E86CE00>) in statistical functions.
[2026-02-17 17:53:07,746] tensorflow - Level 1 - Registering Mul,flops (<function _mul_flops at 0x000002427E86CEA0>) in statistical functions.
[2026-02-17 17:53:07,746] tensorflow - Level 1 - Registering RealDiv,flops (<function _real_div_flops at 0x000002427E86CF40>) in statistical functions.
[2026-02-17 17:53:07,746] tensorflow - Level 1 - Registering Maximum,flops (<function _maximum_flops at 0x000002427E86CFE0>) in statistical functions.
[2026-02-17 17:53:07,746] tensorflow - Level 1 - Registering Minimum,flops (<function _minimum_flops at 0x000002427E86D080>) in statistical functions.
[2026-02-17 17:53:07,746] tensorflow - Level 1 - Registering Pow,flops (<function _pow_flops at 0x000002427E86D120>) in statistical functions.
[2026-02-17 17:53:07,746] tensorflow - Level 1 - Registering RsqrtGrad,flops (<function _rsqrt_grad_flops at 0x000002427E86D1C0>) in statistical functions.
[2026-02-17 17:53:07,746] tensorflow - Level 1 - Registering GreaterEqual,flops (<function _greater_equal_flops at 0x000002427E86D260>) in statistical functions.
[2026-02-17 17:53:07,746] tensorflow - Level 1 - Registering Greater,flops (<function _greater_flops at 0x000002427E86D300>) in statistical functions.
[2026-02-17 17:53:07,746] tensorflow - Level 1 - Registering LessEqual,flops (<function _less_equal_flops at 0x000002427E86D3A0>) in statistical functions.
[2026-02-17 17:53:07,746] tensorflow - Level 1 - Registering Less,flops (<function _less_flops at 0x000002427E86D440>) in statistical functions.
[2026-02-17 17:53:07,746] tensorflow - Level 1 - Registering Equal,flops (<function _equal_flops at 0x000002427E86D4E0>) in statistical functions.
[2026-02-17 17:53:07,746] tensorflow - Level 1 - Registering NotEqual,flops (<function _not_equal_flops at 0x000002427E86D580>) in statistical functions.
[2026-02-17 17:53:07,746] tensorflow - Level 1 - Registering SquaredDifference,flops (<function _squared_difference_flops at 0x000002427E86D620>) in statistical functions.
[2026-02-17 17:53:07,746] tensorflow - Level 1 - Registering Mean,flops (<function _mean_flops at 0x000002427E86D760>) in statistical functions.
[2026-02-17 17:53:07,746] tensorflow - Level 1 - Registering Sum,flops (<function _sum_flops at 0x000002427E86D800>) in statistical functions.
[2026-02-17 17:53:07,746] tensorflow - Level 1 - Registering ArgMax,flops (<function _arg_max_flops at 0x000002427E86D8A0>) in statistical functions.
[2026-02-17 17:53:07,746] tensorflow - Level 1 - Registering ArgMin,flops (<function _arg_min_flops at 0x000002427E86D940>) in statistical functions.
[2026-02-17 17:53:07,746] tensorflow - Level 1 - Registering BiasAddGrad,flops (<function _bias_add_grad_flops at 0x000002427E86D9E0>) in statistical functions.
[2026-02-17 17:53:07,746] tensorflow - Level 1 - Registering AvgPool,flops (<function _avg_pool_flops at 0x000002427E86DBC0>) in statistical functions.
[2026-02-17 17:53:07,746] tensorflow - Level 1 - Registering MaxPool,flops (<function _max_pool_flops at 0x000002427E86DC60>) in statistical functions.
[2026-02-17 17:53:07,746] tensorflow - Level 1 - Registering AvgPoolGrad,flops (<function _avg_pool_grad_flops at 0x000002427E86DD00>) in statistical functions.
[2026-02-17 17:53:07,746] tensorflow - Level 1 - Registering MaxPoolGrad,flops (<function _max_pool_grad_flops at 0x000002427E86DDA0>) in statistical functions.
[2026-02-17 17:53:07,746] tensorflow - Level 1 - Registering Conv2DBackpropInput,flops (<function _conv_2d_backprop_input_flops at 0x000002427E86DE40>) in statistical functions.
[2026-02-17 17:53:07,746] tensorflow - Level 1 - Registering Conv2DBackpropFilter,flops (<function _conv_2d_backprop_filter_flops at 0x000002427E86DEE0>) in statistical functions.
[2026-02-17 17:53:07,746] tensorflow - Level 1 - Registering AddN,flops (<function _add_n_flops at 0x000002427E86DF80>) in statistical functions.
[2026-02-17 17:53:07,746] tensorflow - Level 1 - Registering MatMul,flops (<function _calc_mat_mul_flops at 0x000002427E86E020>) in statistical functions.
[2026-02-17 17:53:07,746] tensorflow - Level 1 - Registering BatchMatMulV3,flops (<function _calc_batch_mat_mul_flops at 0x000002427E86E0C0>) in statistical functions.
[2026-02-17 17:53:07,746] tensorflow - Level 1 - Registering BatchMatMulV2,flops (<function _calc_batch_mat_mul_flops at 0x000002427E86E0C0>) in statistical functions.
[2026-02-17 17:53:07,746] tensorflow - Level 1 - Registering BatchMatMul,flops (<function _calc_batch_mat_mul_flops at 0x000002427E86E0C0>) in statistical functions.
[2026-02-17 17:53:09,387] tensorflow - Level 1 - Enabling eager execution
[2026-02-17 17:53:09,403] tensorflow - Level 1 - Enabling v2 tensorshape
[2026-02-17 17:53:09,403] tensorflow - Level 1 - Enabling resource variables
[2026-02-17 17:53:09,403] tensorflow - Level 1 - Enabling tensor equality
[2026-02-17 17:53:09,403] tensorflow - Level 1 - Enabling control flow v2
[2026-02-17 17:53:10,856] matplotlib - DEBUG - matplotlib data path: C:\Users\BS\anaconda3\Lib\site-packages\matplotlib\mpl-data
[2026-02-17 17:53:10,872] matplotlib - DEBUG - CONFIGDIR=C:\Users\BS\.matplotlib
[2026-02-17 17:53:10,872] matplotlib - DEBUG - interactive is False
[2026-02-17 17:53:10,872] matplotlib - DEBUG - platform is win32
[2026-02-17 17:53:11,065] matplotlib - DEBUG - CACHEDIR=C:\Users\BS\.matplotlib
[2026-02-17 17:53:11,071] matplotlib.font_manager - DEBUG - Using fontManager instance from C:\Users\BS\.matplotlib\fontlist-v390.json
[2026-02-17 17:53:24,190] tensorflow - WARNING - From C:\Users\BS\anaconda3\Lib\site-packages\tf_keras\src\losses.py:2976: The name tf.losses.sparse_softmax_cross_entropy is deprecated. Please use tf.compat.v1.losses.sparse_softmax_cross_entropy instead.

