[2026-02-14 22:08:59,498] root - INFO - Data Transformation Config: DataTransformationConfig(current_books_csv='artifacts\\dataset\\clean_data\\current_books_cleaned.csv', current_reviews_csv='artifacts\\dataset\\clean_data\\current_reviews_cleaned.csv', transformed_data_dir='artifacts\\dataset\\transformed_data', vectorstores_dir='artifacts\\vectorstores', chroma_dir='artifacts\\vectorstores\\chroma_db', train_data_csv='artifacts\\dataset\\transformed_data\\train_data.csv', test_data_csv='artifacts\\dataset\\transformed_data\\test_data.csv')
[2026-02-14 22:09:00,018] tensorflow - WARNING - From C:\Users\BS\OneDrive\Desktop\Book Recommender System\src\steps\stage_03_model_trainer\recommenders_microsoft\recommenders\models\deeprec\models\graphrec\lightgcn.py:18: The name tf.disable_eager_execution is deprecated. Please use tf.compat.v1.disable_eager_execution instead.

[2026-02-14 22:09:00,018] tensorflow - Level 1 - Disabling eager execution
[2026-02-14 22:09:02,542] root - INFO - Data Transformation Config: DataTransformationConfig(current_books_csv='artifacts\\dataset\\clean_data\\current_books_cleaned.csv', current_reviews_csv='artifacts\\dataset\\clean_data\\current_reviews_cleaned.csv', transformed_data_dir='artifacts\\dataset\\transformed_data', vectorstores_dir='artifacts\\vectorstores', chroma_dir='artifacts\\vectorstores\\chroma_db', train_data_csv='artifacts\\dataset\\transformed_data\\train_data.csv', test_data_csv='artifacts\\dataset\\transformed_data\\test_data.csv')
[2026-02-14 22:09:02,556] root - INFO - Model Trainer Config: ModelTrainerConfig(trained_model_dir='artifacts\\trained_model', trained_model_name='lightgcn_model', train_csv_file='artifacts\\dataset\\transformed_data\\train_data.csv', test_csv_file='artifacts\\dataset\\transformed_data\\test_data.csv')
[2026-02-14 22:09:02,584] tensorflow - WARNING - From C:\Users\BS\OneDrive\Desktop\Book Recommender System\api\main.py:160: The name tf.train.import_meta_graph is deprecated. Please use tf.compat.v1.train.import_meta_graph instead.

[2026-02-14 22:09:02,679] tensorflow - INFO - Restoring parameters from artifacts\trained_model\lightgcn_model
[2026-02-14 22:09:14,923] root - INFO - Data Validation Config: DataValidationConfig(clean_data_dir='artifacts\\dataset\\clean_data', current_books_csv='artifacts\\dataset\\ingested_data\\current_books.csv', current_reviews_csv='artifacts\\dataset\\ingested_data\\current_reviews.csv', serialized_objects_dir='artifacts\\serialized_objects')
[2026-02-14 22:09:23,955] root - INFO - Data Validation Config: DataValidationConfig(clean_data_dir='artifacts\\dataset\\clean_data', current_books_csv='artifacts\\dataset\\ingested_data\\current_books.csv', current_reviews_csv='artifacts\\dataset\\ingested_data\\current_reviews.csv', serialized_objects_dir='artifacts\\serialized_objects')
[2026-02-14 22:09:27,941] root - INFO - Data Validation Config: DataValidationConfig(clean_data_dir='artifacts\\dataset\\clean_data', current_books_csv='artifacts\\dataset\\ingested_data\\current_books.csv', current_reviews_csv='artifacts\\dataset\\ingested_data\\current_reviews.csv', serialized_objects_dir='artifacts\\serialized_objects')
[2026-02-14 22:09:33,040] root - INFO - Data Validation Config: DataValidationConfig(clean_data_dir='artifacts\\dataset\\clean_data', current_books_csv='artifacts\\dataset\\ingested_data\\current_books.csv', current_reviews_csv='artifacts\\dataset\\ingested_data\\current_reviews.csv', serialized_objects_dir='artifacts\\serialized_objects')
[2026-02-14 22:09:52,748] chromadb.telemetry.product.posthog - INFO - Anonymized telemetry enabled. See                     https://docs.trychroma.com/telemetry for more information.
[2026-02-14 22:09:52,818] chromadb.config - DEBUG - Starting component System
[2026-02-14 22:09:52,818] chromadb.config - DEBUG - Starting component Posthog
[2026-02-14 22:09:53,450] urllib3.connectionpool - DEBUG - Starting new HTTPS connection (1): us.i.posthog.com:443
[2026-02-14 22:09:57,671] urllib3.connectionpool - DEBUG - https://us.i.posthog.com:443 "POST /batch/ HTTP/1.1" 200 15
[2026-02-14 22:09:58,570] urllib3.connectionpool - DEBUG - https://us.i.posthog.com:443 "POST /batch/ HTTP/1.1" 200 15
[2026-02-14 22:10:04,365] root - INFO - Data Validation Config: DataValidationConfig(clean_data_dir='artifacts\\dataset\\clean_data', current_books_csv='artifacts\\dataset\\ingested_data\\current_books.csv', current_reviews_csv='artifacts\\dataset\\ingested_data\\current_reviews.csv', serialized_objects_dir='artifacts\\serialized_objects')
[2026-02-14 22:11:10,753] root - INFO - Data Validation Config: DataValidationConfig(clean_data_dir='artifacts\\dataset\\clean_data', current_books_csv='artifacts\\dataset\\ingested_data\\current_books.csv', current_reviews_csv='artifacts\\dataset\\ingested_data\\current_reviews.csv', serialized_objects_dir='artifacts\\serialized_objects')
[2026-02-14 22:11:15,366] root - INFO - Data Validation Config: DataValidationConfig(clean_data_dir='artifacts\\dataset\\clean_data', current_books_csv='artifacts\\dataset\\ingested_data\\current_books.csv', current_reviews_csv='artifacts\\dataset\\ingested_data\\current_reviews.csv', serialized_objects_dir='artifacts\\serialized_objects')
[2026-02-14 22:11:25,235] root - INFO - Data Validation Config: DataValidationConfig(clean_data_dir='artifacts\\dataset\\clean_data', current_books_csv='artifacts\\dataset\\ingested_data\\current_books.csv', current_reviews_csv='artifacts\\dataset\\ingested_data\\current_reviews.csv', serialized_objects_dir='artifacts\\serialized_objects')
[2026-02-14 22:11:32,034] root - INFO - Data Validation Config: DataValidationConfig(clean_data_dir='artifacts\\dataset\\clean_data', current_books_csv='artifacts\\dataset\\ingested_data\\current_books.csv', current_reviews_csv='artifacts\\dataset\\ingested_data\\current_reviews.csv', serialized_objects_dir='artifacts\\serialized_objects')
[2026-02-14 22:12:45,718] root - INFO - Data Validation Config: DataValidationConfig(clean_data_dir='artifacts\\dataset\\clean_data', current_books_csv='artifacts\\dataset\\ingested_data\\current_books.csv', current_reviews_csv='artifacts\\dataset\\ingested_data\\current_reviews.csv', serialized_objects_dir='artifacts\\serialized_objects')
[2026-02-14 22:16:29,422] root - INFO - Data Validation Config: DataValidationConfig(clean_data_dir='artifacts\\dataset\\clean_data', current_books_csv='artifacts\\dataset\\ingested_data\\current_books.csv', current_reviews_csv='artifacts\\dataset\\ingested_data\\current_reviews.csv', serialized_objects_dir='artifacts\\serialized_objects')
[2026-02-14 22:31:49,900] root - INFO - Data Validation Config: DataValidationConfig(clean_data_dir='artifacts\\dataset\\clean_data', current_books_csv='artifacts\\dataset\\ingested_data\\current_books.csv', current_reviews_csv='artifacts\\dataset\\ingested_data\\current_reviews.csv', serialized_objects_dir='artifacts\\serialized_objects')
