[2026-02-15 13:29:08,617] root - INFO - Data Transformation Config: DataTransformationConfig(current_books_csv='artifacts\\dataset\\clean_data\\current_books_cleaned.csv', current_reviews_csv='artifacts\\dataset\\clean_data\\current_reviews_cleaned.csv', transformed_data_dir='artifacts\\dataset\\transformed_data', vectorstores_dir='artifacts\\vectorstores', chroma_dir='artifacts\\vectorstores\\chroma_db', train_data_csv='artifacts\\dataset\\transformed_data\\train_data.csv', test_data_csv='artifacts\\dataset\\transformed_data\\test_data.csv')
[2026-02-15 13:29:09,047] tensorflow - WARNING - From C:\Users\BS\OneDrive\Desktop\Book Recommender System\src\steps\stage_03_model_trainer\recommenders_microsoft\recommenders\models\deeprec\models\graphrec\lightgcn.py:18: The name tf.disable_eager_execution is deprecated. Please use tf.compat.v1.disable_eager_execution instead.

[2026-02-15 13:29:09,063] tensorflow - Level 1 - Disabling eager execution
[2026-02-15 13:29:19,995] root - INFO - Data Transformation Config: DataTransformationConfig(current_books_csv='artifacts\\dataset\\clean_data\\current_books_cleaned.csv', current_reviews_csv='artifacts\\dataset\\clean_data\\current_reviews_cleaned.csv', transformed_data_dir='artifacts\\dataset\\transformed_data', vectorstores_dir='artifacts\\vectorstores', chroma_dir='artifacts\\vectorstores\\chroma_db', train_data_csv='artifacts\\dataset\\transformed_data\\train_data.csv', test_data_csv='artifacts\\dataset\\transformed_data\\test_data.csv')
[2026-02-15 13:29:20,218] root - INFO - Model Trainer Config: ModelTrainerConfig(trained_model_dir='artifacts\\trained_model', trained_model_name='lightgcn_model', train_csv_file='artifacts\\dataset\\transformed_data\\train_data.csv', test_csv_file='artifacts\\dataset\\transformed_data\\test_data.csv')
[2026-02-15 13:29:20,240] tensorflow - WARNING - From C:\Users\BS\OneDrive\Desktop\Book Recommender System\api\main.py:160: The name tf.train.import_meta_graph is deprecated. Please use tf.compat.v1.train.import_meta_graph instead.

[2026-02-15 13:29:20,346] tensorflow - INFO - Restoring parameters from artifacts\trained_model\lightgcn_model
[2026-02-15 13:29:27,783] root - INFO - Data Validation Config: DataValidationConfig(clean_data_dir='artifacts\\dataset\\clean_data', current_books_csv='artifacts\\dataset\\ingested_data\\current_books.csv', current_reviews_csv='artifacts\\dataset\\ingested_data\\current_reviews.csv', serialized_objects_dir='artifacts\\serialized_objects')
[2026-02-15 13:31:14,145] root - INFO - Data Validation Config: DataValidationConfig(clean_data_dir='artifacts\\dataset\\clean_data', current_books_csv='artifacts\\dataset\\ingested_data\\current_books.csv', current_reviews_csv='artifacts\\dataset\\ingested_data\\current_reviews.csv', serialized_objects_dir='artifacts\\serialized_objects')
[2026-02-15 13:31:16,800] root - INFO - Data Validation Config: DataValidationConfig(clean_data_dir='artifacts\\dataset\\clean_data', current_books_csv='artifacts\\dataset\\ingested_data\\current_books.csv', current_reviews_csv='artifacts\\dataset\\ingested_data\\current_reviews.csv', serialized_objects_dir='artifacts\\serialized_objects')
[2026-02-15 13:31:17,539] root - INFO - Data Validation Config: DataValidationConfig(clean_data_dir='artifacts\\dataset\\clean_data', current_books_csv='artifacts\\dataset\\ingested_data\\current_books.csv', current_reviews_csv='artifacts\\dataset\\ingested_data\\current_reviews.csv', serialized_objects_dir='artifacts\\serialized_objects')
[2026-02-15 13:31:20,164] root - INFO - Data Validation Config: DataValidationConfig(clean_data_dir='artifacts\\dataset\\clean_data', current_books_csv='artifacts\\dataset\\ingested_data\\current_books.csv', current_reviews_csv='artifacts\\dataset\\ingested_data\\current_reviews.csv', serialized_objects_dir='artifacts\\serialized_objects')
[2026-02-15 13:31:24,323] root - INFO - Data Validation Config: DataValidationConfig(clean_data_dir='artifacts\\dataset\\clean_data', current_books_csv='artifacts\\dataset\\ingested_data\\current_books.csv', current_reviews_csv='artifacts\\dataset\\ingested_data\\current_reviews.csv', serialized_objects_dir='artifacts\\serialized_objects')
[2026-02-15 13:31:29,785] root - INFO - Data Validation Config: DataValidationConfig(clean_data_dir='artifacts\\dataset\\clean_data', current_books_csv='artifacts\\dataset\\ingested_data\\current_books.csv', current_reviews_csv='artifacts\\dataset\\ingested_data\\current_reviews.csv', serialized_objects_dir='artifacts\\serialized_objects')
[2026-02-15 13:31:43,595] chromadb.telemetry.product.posthog - INFO - Anonymized telemetry enabled. See                     https://docs.trychroma.com/telemetry for more information.
[2026-02-15 13:31:43,688] chromadb.config - DEBUG - Starting component System
[2026-02-15 13:31:43,689] chromadb.config - DEBUG - Starting component Posthog
[2026-02-15 13:31:44,317] urllib3.connectionpool - DEBUG - Starting new HTTPS connection (1): us.i.posthog.com:443
[2026-02-15 13:31:46,472] urllib3.connectionpool - DEBUG - https://us.i.posthog.com:443 "POST /batch/ HTTP/1.1" 200 15
[2026-02-15 13:31:54,379] urllib3.connectionpool - DEBUG - https://us.i.posthog.com:443 "POST /batch/ HTTP/1.1" 200 15
[2026-02-15 13:32:04,876] root - INFO - Data Transformation Config: DataTransformationConfig(current_books_csv='artifacts\\dataset\\clean_data\\current_books_cleaned.csv', current_reviews_csv='artifacts\\dataset\\clean_data\\current_reviews_cleaned.csv', transformed_data_dir='artifacts\\dataset\\transformed_data', vectorstores_dir='artifacts\\vectorstores', chroma_dir='artifacts\\vectorstores\\chroma_db', train_data_csv='artifacts\\dataset\\transformed_data\\train_data.csv', test_data_csv='artifacts\\dataset\\transformed_data\\test_data.csv')
[2026-02-15 13:32:07,337] urllib3.connectionpool - DEBUG - https://us.i.posthog.com:443 "POST /batch/ HTTP/1.1" 200 15
[2026-02-15 13:32:08,144] urllib3.connectionpool - DEBUG - https://us.i.posthog.com:443 "POST /batch/ HTTP/1.1" 200 15
[2026-02-15 13:32:22,144] urllib3.connectionpool - DEBUG - https://us.i.posthog.com:443 "POST /batch/ HTTP/1.1" 200 15
[2026-02-15 13:32:22,951] urllib3.connectionpool - DEBUG - https://us.i.posthog.com:443 "POST /batch/ HTTP/1.1" 200 15
[2026-02-15 13:32:25,139] urllib3.connectionpool - DEBUG - https://us.i.posthog.com:443 "POST /batch/ HTTP/1.1" 200 15
[2026-02-15 13:32:26,247] urllib3.connectionpool - DEBUG - https://us.i.posthog.com:443 "POST /batch/ HTTP/1.1" 200 15
[2026-02-15 13:32:27,029] urllib3.connectionpool - DEBUG - https://us.i.posthog.com:443 "POST /batch/ HTTP/1.1" 200 15
[2026-02-15 13:32:48,578] root - INFO - Data Validation Config: DataValidationConfig(clean_data_dir='artifacts\\dataset\\clean_data', current_books_csv='artifacts\\dataset\\ingested_data\\current_books.csv', current_reviews_csv='artifacts\\dataset\\ingested_data\\current_reviews.csv', serialized_objects_dir='artifacts\\serialized_objects')
[2026-02-15 13:32:57,418] root - INFO - Data Validation Config: DataValidationConfig(clean_data_dir='artifacts\\dataset\\clean_data', current_books_csv='artifacts\\dataset\\ingested_data\\current_books.csv', current_reviews_csv='artifacts\\dataset\\ingested_data\\current_reviews.csv', serialized_objects_dir='artifacts\\serialized_objects')
[2026-02-15 13:33:04,175] root - INFO - Data Validation Config: DataValidationConfig(clean_data_dir='artifacts\\dataset\\clean_data', current_books_csv='artifacts\\dataset\\ingested_data\\current_books.csv', current_reviews_csv='artifacts\\dataset\\ingested_data\\current_reviews.csv', serialized_objects_dir='artifacts\\serialized_objects')
[2026-02-15 13:33:08,578] root - INFO - Data Validation Config: DataValidationConfig(clean_data_dir='artifacts\\dataset\\clean_data', current_books_csv='artifacts\\dataset\\ingested_data\\current_books.csv', current_reviews_csv='artifacts\\dataset\\ingested_data\\current_reviews.csv', serialized_objects_dir='artifacts\\serialized_objects')
[2026-02-15 13:33:21,857] root - INFO - Data Validation Config: DataValidationConfig(clean_data_dir='artifacts\\dataset\\clean_data', current_books_csv='artifacts\\dataset\\ingested_data\\current_books.csv', current_reviews_csv='artifacts\\dataset\\ingested_data\\current_reviews.csv', serialized_objects_dir='artifacts\\serialized_objects')
[2026-02-15 13:33:27,651] root - INFO - Data Validation Config: DataValidationConfig(clean_data_dir='artifacts\\dataset\\clean_data', current_books_csv='artifacts\\dataset\\ingested_data\\current_books.csv', current_reviews_csv='artifacts\\dataset\\ingested_data\\current_reviews.csv', serialized_objects_dir='artifacts\\serialized_objects')
[2026-02-15 13:33:30,195] root - INFO - Data Transformation Config: DataTransformationConfig(current_books_csv='artifacts\\dataset\\clean_data\\current_books_cleaned.csv', current_reviews_csv='artifacts\\dataset\\clean_data\\current_reviews_cleaned.csv', transformed_data_dir='artifacts\\dataset\\transformed_data', vectorstores_dir='artifacts\\vectorstores', chroma_dir='artifacts\\vectorstores\\chroma_db', train_data_csv='artifacts\\dataset\\transformed_data\\train_data.csv', test_data_csv='artifacts\\dataset\\transformed_data\\test_data.csv')
[2026-02-15 13:41:52,024] root - INFO - Data Validation Config: DataValidationConfig(clean_data_dir='artifacts\\dataset\\clean_data', current_books_csv='artifacts\\dataset\\ingested_data\\current_books.csv', current_reviews_csv='artifacts\\dataset\\ingested_data\\current_reviews.csv', serialized_objects_dir='artifacts\\serialized_objects')
[2026-02-15 13:41:55,366] root - INFO - Data Validation Config: DataValidationConfig(clean_data_dir='artifacts\\dataset\\clean_data', current_books_csv='artifacts\\dataset\\ingested_data\\current_books.csv', current_reviews_csv='artifacts\\dataset\\ingested_data\\current_reviews.csv', serialized_objects_dir='artifacts\\serialized_objects')
[2026-02-15 13:42:40,850] root - INFO - Data Validation Config: DataValidationConfig(clean_data_dir='artifacts\\dataset\\clean_data', current_books_csv='artifacts\\dataset\\ingested_data\\current_books.csv', current_reviews_csv='artifacts\\dataset\\ingested_data\\current_reviews.csv', serialized_objects_dir='artifacts\\serialized_objects')
[2026-02-15 13:43:44,033] root - INFO - Data Validation Config: DataValidationConfig(clean_data_dir='artifacts\\dataset\\clean_data', current_books_csv='artifacts\\dataset\\ingested_data\\current_books.csv', current_reviews_csv='artifacts\\dataset\\ingested_data\\current_reviews.csv', serialized_objects_dir='artifacts\\serialized_objects')
[2026-02-15 13:44:33,216] root - INFO - Data Validation Config: DataValidationConfig(clean_data_dir='artifacts\\dataset\\clean_data', current_books_csv='artifacts\\dataset\\ingested_data\\current_books.csv', current_reviews_csv='artifacts\\dataset\\ingested_data\\current_reviews.csv', serialized_objects_dir='artifacts\\serialized_objects')
[2026-02-15 13:44:50,311] root - INFO - Data Transformation Config: DataTransformationConfig(current_books_csv='artifacts\\dataset\\clean_data\\current_books_cleaned.csv', current_reviews_csv='artifacts\\dataset\\clean_data\\current_reviews_cleaned.csv', transformed_data_dir='artifacts\\dataset\\transformed_data', vectorstores_dir='artifacts\\vectorstores', chroma_dir='artifacts\\vectorstores\\chroma_db', train_data_csv='artifacts\\dataset\\transformed_data\\train_data.csv', test_data_csv='artifacts\\dataset\\transformed_data\\test_data.csv')
[2026-02-15 13:45:53,457] root - INFO - Data Validation Config: DataValidationConfig(clean_data_dir='artifacts\\dataset\\clean_data', current_books_csv='artifacts\\dataset\\ingested_data\\current_books.csv', current_reviews_csv='artifacts\\dataset\\ingested_data\\current_reviews.csv', serialized_objects_dir='artifacts\\serialized_objects')
[2026-02-15 14:02:44,194] root - INFO - Data Validation Config: DataValidationConfig(clean_data_dir='artifacts\\dataset\\clean_data', current_books_csv='artifacts\\dataset\\ingested_data\\current_books.csv', current_reviews_csv='artifacts\\dataset\\ingested_data\\current_reviews.csv', serialized_objects_dir='artifacts\\serialized_objects')
[2026-02-15 14:02:49,197] root - INFO - Data Validation Config: DataValidationConfig(clean_data_dir='artifacts\\dataset\\clean_data', current_books_csv='artifacts\\dataset\\ingested_data\\current_books.csv', current_reviews_csv='artifacts\\dataset\\ingested_data\\current_reviews.csv', serialized_objects_dir='artifacts\\serialized_objects')
[2026-02-15 14:02:49,393] root - INFO - Data Validation Config: DataValidationConfig(clean_data_dir='artifacts\\dataset\\clean_data', current_books_csv='artifacts\\dataset\\ingested_data\\current_books.csv', current_reviews_csv='artifacts\\dataset\\ingested_data\\current_reviews.csv', serialized_objects_dir='artifacts\\serialized_objects')
[2026-02-15 14:04:31,672] root - INFO - Data Transformation Config: DataTransformationConfig(current_books_csv='artifacts\\dataset\\clean_data\\current_books_cleaned.csv', current_reviews_csv='artifacts\\dataset\\clean_data\\current_reviews_cleaned.csv', transformed_data_dir='artifacts\\dataset\\transformed_data', vectorstores_dir='artifacts\\vectorstores', chroma_dir='artifacts\\vectorstores\\chroma_db', train_data_csv='artifacts\\dataset\\transformed_data\\train_data.csv', test_data_csv='artifacts\\dataset\\transformed_data\\test_data.csv')
[2026-02-15 14:04:56,132] root - INFO - Data Validation Config: DataValidationConfig(clean_data_dir='artifacts\\dataset\\clean_data', current_books_csv='artifacts\\dataset\\ingested_data\\current_books.csv', current_reviews_csv='artifacts\\dataset\\ingested_data\\current_reviews.csv', serialized_objects_dir='artifacts\\serialized_objects')
[2026-02-15 14:10:23,423] root - INFO - Data Validation Config: DataValidationConfig(clean_data_dir='artifacts\\dataset\\clean_data', current_books_csv='artifacts\\dataset\\ingested_data\\current_books.csv', current_reviews_csv='artifacts\\dataset\\ingested_data\\current_reviews.csv', serialized_objects_dir='artifacts\\serialized_objects')
[2026-02-15 14:16:48,708] root - INFO - Data Validation Config: DataValidationConfig(clean_data_dir='artifacts\\dataset\\clean_data', current_books_csv='artifacts\\dataset\\ingested_data\\current_books.csv', current_reviews_csv='artifacts\\dataset\\ingested_data\\current_reviews.csv', serialized_objects_dir='artifacts\\serialized_objects')
