[2026-02-20 15:30:56,105] pydot - DEBUG - pydot initializing
[2026-02-20 15:30:56,105] pydot - DEBUG - pydot 4.0.1
[2026-02-20 15:30:56,115] pydot.core - DEBUG - pydot core module initializing
[2026-02-20 15:31:15,390] tensorflow - Level 1 - Registering Relayout (<function _relayout_gradient at 0x0000021DD5781EE0>) in gradient.
[2026-02-20 15:31:15,397] tensorflow - Level 1 - Registering RelayoutLike (<function _relayout_grad_gradient at 0x0000021DD5782020>) in gradient.
[2026-02-20 15:31:15,397] tensorflow - Level 1 - Registering CopyToMesh (<function _copy_to_mesh_gradient at 0x0000021DD5782700>) in gradient.
[2026-02-20 15:31:15,397] tensorflow - Level 1 - Registering CopyToMeshGrad (<function _copy_to_mesh_grad_gradient at 0x0000021DD5782660>) in gradient.
[2026-02-20 15:31:15,426] tensorflow - Level 1 - Registering FakeQuantWithMinMaxArgs (<function _FakeQuantWithMinMaxArgsGradient at 0x0000021DD58327A0>) in gradient.
[2026-02-20 15:31:15,429] tensorflow - Level 1 - Registering FakeQuantWithMinMaxVars (<function _FakeQuantWithMinMaxVarsGradient at 0x0000021DD5832980>) in gradient.
[2026-02-20 15:31:15,430] tensorflow - Level 1 - Registering FakeQuantWithMinMaxVarsPerChannel (<function _FakeQuantWithMinMaxVarsPerChannelGradient at 0x0000021DD5832F20>) in gradient.
[2026-02-20 15:31:15,430] tensorflow - Level 1 - Registering QuantizeAndDequantizeV4 (<function _QuantizeAndDequantizeV4Grad at 0x0000021DD5832FC0>) in gradient.
[2026-02-20 15:31:15,431] tensorflow - Level 1 - Registering QuantizeAndDequantizeV4Grad (<function _QuantizeAndDequantizeV4GradGrad at 0x0000021DD5833060>) in gradient.
[2026-02-20 15:31:15,771] tensorflow - Level 1 - Registering TensorListConcatLists (None) in gradient.
[2026-02-20 15:31:15,774] tensorflow - Level 1 - Registering TensorListElementShape (None) in gradient.
[2026-02-20 15:31:15,774] tensorflow - Level 1 - Registering TensorListLength (None) in gradient.
[2026-02-20 15:31:15,775] tensorflow - Level 1 - Registering TensorListPushBackBatch (None) in gradient.
[2026-02-20 15:31:15,775] tensorflow - Level 1 - Registering TensorListPushBack (<function _PushBackGrad at 0x0000021DD59EF6A0>) in gradient.
[2026-02-20 15:31:15,775] tensorflow - Level 1 - Registering TensorListPopBack (<function _PopBackGrad at 0x0000021DD59EF740>) in gradient.
[2026-02-20 15:31:15,776] tensorflow - Level 1 - Registering TensorListStack (<function _TensorListStackGrad at 0x0000021DD59EF7E0>) in gradient.
[2026-02-20 15:31:15,776] tensorflow - Level 1 - Registering TensorListConcatV2 (<function _TensorListConcatGrad at 0x0000021DD59EF880>) in gradient.
[2026-02-20 15:31:15,776] tensorflow - Level 1 - Registering TensorListConcat (<function _TensorListConcatGrad at 0x0000021DD59EF880>) in gradient.
[2026-02-20 15:31:15,777] tensorflow - Level 1 - Registering TensorListSplit (<function _TensorListSplitGrad at 0x0000021DD59EF920>) in gradient.
[2026-02-20 15:31:15,778] tensorflow - Level 1 - Registering TensorListFromTensor (<function _TensorListFromTensorGrad at 0x0000021DD59EF9C0>) in gradient.
[2026-02-20 15:31:15,778] tensorflow - Level 1 - Registering TensorListGetItem (<function _TensorListGetItemGrad at 0x0000021DD59EFA60>) in gradient.
[2026-02-20 15:31:15,778] tensorflow - Level 1 - Registering TensorListSetItem (<function _TensorListSetItemGrad at 0x0000021DD59EFB00>) in gradient.
[2026-02-20 15:31:15,779] tensorflow - Level 1 - Registering TensorListResize (<function _TensorListResizeGrad at 0x0000021DD59EFBA0>) in gradient.
[2026-02-20 15:31:15,779] tensorflow - Level 1 - Registering TensorListGather (<function _TensorListGatherGrad at 0x0000021DD59EFC40>) in gradient.
[2026-02-20 15:31:15,779] tensorflow - Level 1 - Registering TensorListScatterV2 (<function _TensorListScatterGrad at 0x0000021DD59EFCE0>) in gradient.
[2026-02-20 15:31:15,780] tensorflow - Level 1 - Registering TensorListScatter (<function _TensorListScatterGrad at 0x0000021DD59EFCE0>) in gradient.
[2026-02-20 15:31:15,780] tensorflow - Level 1 - Registering TensorListScatterIntoExistingList (<function _TensorListScatterIntoExistingListGrad at 0x0000021DD59EFD80>) in gradient.
[2026-02-20 15:31:15,880] tensorflow - Level 1 - Registering AccumulateNV2 (<function _accumulate_n_grad at 0x0000021DD5BA8FE0>) in gradient.
[2026-02-20 15:31:15,942] tensorflow - Level 1 - Registering cond_context ((<class 'tensorflow.core.protobuf.control_flow_pb2.CondContextDef'>, <function CondContext.to_proto at 0x0000021DD5CB0040>, <function CondContext.from_proto at 0x0000021DD5CB00E0>)) in proto functions.
[2026-02-20 15:31:15,945] tensorflow - Level 1 - Registering while_context ((<class 'tensorflow.core.protobuf.control_flow_pb2.WhileContextDef'>, <function WhileContext.to_proto at 0x0000021DD5CB0EA0>, <function WhileContext.from_proto at 0x0000021DD5CB0FE0>)) in proto functions.
[2026-02-20 15:31:15,946] tensorflow - Level 1 - Registering _identity_resolver (<function _identity_resolver at 0x0000021DD5CB2E80>) in acd_resource_resolvers.
[2026-02-20 15:31:16,051] tensorflow - Level 1 - Registering Assign (None) in gradient.
[2026-02-20 15:31:16,054] tensorflow - Level 1 - Registering AssignAdd (None) in gradient.
[2026-02-20 15:31:16,054] tensorflow - Level 1 - Registering AssignSub (None) in gradient.
[2026-02-20 15:31:16,054] tensorflow - Level 1 - Registering ScatterAdd (None) in gradient.
[2026-02-20 15:31:16,055] tensorflow - Level 1 - Registering ScatterSub (None) in gradient.
[2026-02-20 15:31:16,055] tensorflow - Level 1 - Registering ScatterMul (None) in gradient.
[2026-02-20 15:31:16,055] tensorflow - Level 1 - Registering ScatterDiv (None) in gradient.
[2026-02-20 15:31:16,056] tensorflow - Level 1 - Registering ScatterNdUpdate (None) in gradient.
[2026-02-20 15:31:16,056] tensorflow - Level 1 - Registering ScatterNdAdd (None) in gradient.
[2026-02-20 15:31:16,056] tensorflow - Level 1 - Registering ScatterNdSub (None) in gradient.
[2026-02-20 15:31:16,056] tensorflow - Level 1 - Registering ScatterNdMul (None) in gradient.
[2026-02-20 15:31:16,056] tensorflow - Level 1 - Registering ScatterNdDiv (None) in gradient.
[2026-02-20 15:31:16,085] tensorflow - Level 1 - Registering ReadVariableOp (<function _ReadGrad at 0x0000021DD5E36D40>) in gradient.
[2026-02-20 15:31:16,089] tensorflow - Level 1 - Registering ResourceGather (<function _GatherGrad at 0x0000021DD5E37D80>) in gradient.
[2026-02-20 15:31:16,089] tensorflow - Level 1 - Registering Assert (None) in gradient.
[2026-02-20 15:31:16,089] tensorflow - Level 1 - Registering VarIsInitializedOp (None) in gradient.
[2026-02-20 15:31:16,090] tensorflow - Level 1 - Registering VariableShape (None) in gradient.
[2026-02-20 15:31:16,150] tensorflow - Level 1 - Registering RandomStandardNormal (None) in gradient.
[2026-02-20 15:31:16,154] tensorflow - Level 1 - Registering ParameterizedTruncatedNormal (None) in gradient.
[2026-02-20 15:31:16,155] tensorflow - Level 1 - Registering TruncatedNormal (None) in gradient.
[2026-02-20 15:31:16,156] tensorflow - Level 1 - Registering RandomUniform (None) in gradient.
[2026-02-20 15:31:16,156] tensorflow - Level 1 - Registering RandomShuffle (None) in gradient.
[2026-02-20 15:31:16,158] tensorflow - Level 1 - Registering Multinomial (None) in gradient.
[2026-02-20 15:31:16,267] tensorflow - Level 1 - Registering If (<function _IfGrad at 0x0000021DD601B560>) in gradient.
[2026-02-20 15:31:16,267] tensorflow - Level 1 - Registering StatelessIf (<function _IfGrad at 0x0000021DD601B560>) in gradient.
[2026-02-20 15:31:16,267] tensorflow - Level 1 - Registering StatelessCase (<function _CaseGrad at 0x0000021DD6040CC0>) in gradient.
[2026-02-20 15:31:16,267] tensorflow - Level 1 - Registering Case (<function _CaseGrad at 0x0000021DD6040CC0>) in gradient.
[2026-02-20 15:31:16,314] tensorflow - Level 1 - Registering While (<function _WhileGrad at 0x0000021DD609B560>) in gradient.
[2026-02-20 15:31:16,316] tensorflow - Level 1 - Registering StatelessWhile (<function _WhileGrad at 0x0000021DD609B560>) in gradient.
[2026-02-20 15:31:16,642] tensorflow - Level 1 - Registering EnsureShape (<function _ensure_shape_grad at 0x0000021DD62FED40>) in gradient.
[2026-02-20 15:31:16,678] tensorflow - Level 1 - Registering RaggedTensorToSparse (<function _ragged_tensor_to_sparse_gradient at 0x0000021DD6372D40>) in gradient.
[2026-02-20 15:31:16,743] tensorflow - Level 1 - Registering Conv2DBackpropInput (<function _Conv2DBackpropInputGrad at 0x0000021DD63EF1A0>) in gradient.
[2026-02-20 15:31:16,746] tensorflow - Level 1 - Registering Conv2DBackpropFilter (<function _Conv2DBackpropFilterGrad at 0x0000021DD63EF7E0>) in gradient.
[2026-02-20 15:31:16,746] tensorflow - Level 1 - Registering DepthwiseConv2dNativeBackpropInput (<function _DepthwiseConv2dNativeBackpropInputGrad at 0x0000021DD64340E0>) in gradient.
[2026-02-20 15:31:16,746] tensorflow - Level 1 - Registering DepthwiseConv2dNativeBackpropFilter (<function _DepthwiseConv2dNativeBackpropFilterGrad at 0x0000021DD64345E0>) in gradient.
[2026-02-20 15:31:16,747] tensorflow - Level 1 - Registering Conv3D (<function _Conv3DGrad at 0x0000021DD6434680>) in gradient.
[2026-02-20 15:31:16,747] tensorflow - Level 1 - Registering Conv3DBackpropInputV2 (<function _Conv3DBackpropInputGrad at 0x0000021DD6434720>) in gradient.
[2026-02-20 15:31:16,747] tensorflow - Level 1 - Registering Conv3DBackpropFilterV2 (<function _Conv3DBackpropFilterGrad at 0x0000021DD64347C0>) in gradient.
[2026-02-20 15:31:16,747] tensorflow - Level 1 - Registering AvgPool3D (<function _AvgPool3DGrad at 0x0000021DD6434860>) in gradient.
[2026-02-20 15:31:16,748] tensorflow - Level 1 - Registering AvgPool3DGrad (<function _AvgPool3DGradGrad at 0x0000021DD6434900>) in gradient.
[2026-02-20 15:31:16,748] tensorflow - Level 1 - Registering MaxPool3D (<function _MaxPool3DGrad at 0x0000021DD64349A0>) in gradient.
[2026-02-20 15:31:16,748] tensorflow - Level 1 - Registering MaxPool3DGrad (<function _MaxPool3DGradGrad at 0x0000021DD6434A40>) in gradient.
[2026-02-20 15:31:16,748] tensorflow - Level 1 - Registering MaxPool3DGradGrad (<function _MaxPool3DGradGradGrad at 0x0000021DD6434AE0>) in gradient.
[2026-02-20 15:31:16,749] tensorflow - Level 1 - Registering Softmax (<function _SoftmaxGrad at 0x0000021DD6434B80>) in gradient.
[2026-02-20 15:31:16,749] tensorflow - Level 1 - Registering LogSoftmax (<function _LogSoftmaxGrad at 0x0000021DD6434C20>) in gradient.
[2026-02-20 15:31:16,749] tensorflow - Level 1 - Registering BiasAdd (<function _BiasAddGrad at 0x0000021DD6434CC0>) in gradient.
[2026-02-20 15:31:16,749] tensorflow - Level 1 - Registering BiasAddGrad (<function _BiasAddGradGrad at 0x0000021DD6434D60>) in gradient.
[2026-02-20 15:31:16,750] tensorflow - Level 1 - Registering BiasAddV1 (<function _BiasAddGradV1 at 0x0000021DD6434E00>) in gradient.
[2026-02-20 15:31:16,750] tensorflow - Level 1 - Registering Relu (<function _ReluGrad at 0x0000021DD6434EA0>) in gradient.
[2026-02-20 15:31:16,750] tensorflow - Level 1 - Registering EluGrad (<function _EluGradGrad at 0x0000021DD6434F40>) in gradient.
[2026-02-20 15:31:16,750] tensorflow - Level 1 - Registering SeluGrad (<function _SeluGradGrad at 0x0000021DD6434FE0>) in gradient.
[2026-02-20 15:31:16,751] tensorflow - Level 1 - Registering Relu6 (<function _Relu6Grad at 0x0000021DD6435080>) in gradient.
[2026-02-20 15:31:16,751] tensorflow - Level 1 - Registering Relu6Grad (<function _Relu6GradGrad at 0x0000021DD6435120>) in gradient.
[2026-02-20 15:31:16,751] tensorflow - Level 1 - Registering LeakyRelu (<function _LeakyReluGrad at 0x0000021DD64351C0>) in gradient.
[2026-02-20 15:31:16,751] tensorflow - Level 1 - Registering LeakyReluGrad (<function _LeakyReluGradGrad at 0x0000021DD6435260>) in gradient.
[2026-02-20 15:31:16,752] tensorflow - Level 1 - Registering Elu (<function _EluGrad at 0x0000021DD6435300>) in gradient.
[2026-02-20 15:31:16,752] tensorflow - Level 1 - Registering Selu (<function _SeluGrad at 0x0000021DD64353A0>) in gradient.
[2026-02-20 15:31:16,752] tensorflow - Level 1 - Registering Softplus (<function _SoftplusGrad at 0x0000021DD6435440>) in gradient.
[2026-02-20 15:31:16,753] tensorflow - Level 1 - Registering SoftplusGrad (<function _SoftplusGradGrad at 0x0000021DD64354E0>) in gradient.
[2026-02-20 15:31:16,753] tensorflow - Level 1 - Registering Softsign (<function _SoftsignGrad at 0x0000021DD6435580>) in gradient.
[2026-02-20 15:31:16,753] tensorflow - Level 1 - Registering ReluGrad (<function _ReluGradGrad at 0x0000021DD6435620>) in gradient.
[2026-02-20 15:31:16,753] tensorflow - Level 1 - Registering SoftmaxCrossEntropyWithLogits (<function _SoftmaxCrossEntropyWithLogitsGrad at 0x0000021DD6435760>) in gradient.
[2026-02-20 15:31:16,753] tensorflow - Level 1 - Registering SparseSoftmaxCrossEntropyWithLogits (<function _SparseSoftmaxCrossEntropyWithLogitsGrad at 0x0000021DD6435800>) in gradient.
[2026-02-20 15:31:16,754] tensorflow - Level 1 - Registering Conv2D (<function _Conv2DGrad at 0x0000021DD64358A0>) in gradient.
[2026-02-20 15:31:16,754] tensorflow - Level 1 - Registering DepthwiseConv2dNative (<function _DepthwiseConv2dNativeGrad at 0x0000021DD6435940>) in gradient.
[2026-02-20 15:31:16,754] tensorflow - Level 1 - Registering Dilation2D (<function _Dilation2DGrad at 0x0000021DD64359E0>) in gradient.
[2026-02-20 15:31:16,754] tensorflow - Level 1 - Registering LRN (<function _LRNGrad at 0x0000021DD6435A80>) in gradient.
[2026-02-20 15:31:16,754] tensorflow - Level 1 - Registering AvgPool (<function _AvgPoolGrad at 0x0000021DD6435B20>) in gradient.
[2026-02-20 15:31:16,754] tensorflow - Level 1 - Registering AvgPoolGrad (<function _AvgPoolGradGrad at 0x0000021DD6435BC0>) in gradient.
[2026-02-20 15:31:16,755] tensorflow - Level 1 - Registering MaxPool (<function _MaxPoolGrad at 0x0000021DD6435C60>) in gradient.
[2026-02-20 15:31:16,755] tensorflow - Level 1 - Registering MaxPoolV2 (<function _MaxPoolGradV2 at 0x0000021DD6435D00>) in gradient.
[2026-02-20 15:31:16,755] tensorflow - Level 1 - Registering MaxPoolWithArgmax (<function _MaxPoolGradWithArgmax at 0x0000021DD6435DA0>) in gradient.
[2026-02-20 15:31:16,755] tensorflow - Level 1 - Registering MaxPoolGrad (<function _MaxPoolGradGrad at 0x0000021DD6435E40>) in gradient.
[2026-02-20 15:31:16,756] tensorflow - Level 1 - Registering MaxPoolGradV2 (<function _MaxPoolGradGradV2 at 0x0000021DD6435EE0>) in gradient.
[2026-02-20 15:31:16,756] tensorflow - Level 1 - Registering MaxPoolGradGrad (<function _MaxPoolGradGradGrad at 0x0000021DD6435F80>) in gradient.
[2026-02-20 15:31:16,756] tensorflow - Level 1 - Registering FractionalMaxPool (<function _FractionalMaxPoolGrad at 0x0000021DD6436020>) in gradient.
[2026-02-20 15:31:16,757] tensorflow - Level 1 - Registering FractionalAvgPool (<function _FractionalAvgPoolGrad at 0x0000021DD64360C0>) in gradient.
[2026-02-20 15:31:16,757] tensorflow - Level 1 - Registering BatchNormWithGlobalNormalization (<function _BatchNormWithGlobalNormalizationGrad at 0x0000021DD6436160>) in gradient.
[2026-02-20 15:31:16,757] tensorflow - Level 1 - Registering FusedBatchNorm (<function _FusedBatchNormGrad at 0x0000021DD64362A0>) in gradient.
[2026-02-20 15:31:16,757] tensorflow - Level 1 - Registering FusedBatchNormV2 (<function _FusedBatchNormV2Grad at 0x0000021DD6436340>) in gradient.
[2026-02-20 15:31:16,757] tensorflow - Level 1 - Registering FusedBatchNormV3 (<function _FusedBatchNormV3Grad at 0x0000021DD64363E0>) in gradient.
[2026-02-20 15:31:16,758] tensorflow - Level 1 - Registering L2Loss (<function _L2LossGrad at 0x0000021DD6436480>) in gradient.
[2026-02-20 15:31:16,758] tensorflow - Level 1 - Registering TopKV2 (<function _TopKGrad at 0x0000021DD6436520>) in gradient.
[2026-02-20 15:31:16,758] tensorflow - Level 1 - Registering TopK (<function _TopKGrad at 0x0000021DD6436520>) in gradient.
[2026-02-20 15:31:16,758] tensorflow - Level 1 - Registering ApproxTopK (<function _ApproxTopKGradient at 0x0000021DD64365C0>) in gradient.
[2026-02-20 15:31:16,759] tensorflow - Level 1 - Registering NthElement (<function _NthElementGrad at 0x0000021DD6436660>) in gradient.
[2026-02-20 15:31:16,759] tensorflow - Level 1 - Registering IsotonicRegression (<function _IsotonicRegressionGrad at 0x0000021DD64367A0>) in gradient.
[2026-02-20 15:31:16,784] tensorflow - Level 1 - Registering BitwiseAnd (None) in gradient.
[2026-02-20 15:31:16,786] tensorflow - Level 1 - Registering BitwiseOr (None) in gradient.
[2026-02-20 15:31:16,786] tensorflow - Level 1 - Registering BitwiseXor (None) in gradient.
[2026-02-20 15:31:16,786] tensorflow - Level 1 - Registering Invert (None) in gradient.
[2026-02-20 15:31:16,786] tensorflow - Level 1 - Registering PopulationCount (None) in gradient.
[2026-02-20 15:31:16,787] tensorflow - Level 1 - Registering LeftShift (None) in gradient.
[2026-02-20 15:31:16,787] tensorflow - Level 1 - Registering RightShift (None) in gradient.
[2026-02-20 15:31:16,788] tensorflow - Level 1 - Registering StatelessMultinomial (None) in gradient.
[2026-02-20 15:31:16,791] tensorflow - Level 1 - Registering StatelessRandomBinomial (None) in gradient.
[2026-02-20 15:31:16,791] tensorflow - Level 1 - Registering StatelessRandomNormal (None) in gradient.
[2026-02-20 15:31:16,792] tensorflow - Level 1 - Registering StatelessRandomPoisson (None) in gradient.
[2026-02-20 15:31:16,792] tensorflow - Level 1 - Registering StatelessRandomUniform (None) in gradient.
[2026-02-20 15:31:16,792] tensorflow - Level 1 - Registering StatelessRandomUniformInt (None) in gradient.
[2026-02-20 15:31:16,793] tensorflow - Level 1 - Registering StatelessRandomUniformFullInt (None) in gradient.
[2026-02-20 15:31:16,793] tensorflow - Level 1 - Registering StatelessTruncatedNormal (None) in gradient.
[2026-02-20 15:31:16,793] tensorflow - Level 1 - Registering StatelessRandomNormalV2 (None) in gradient.
[2026-02-20 15:31:16,793] tensorflow - Level 1 - Registering StatelessRandomUniformV2 (None) in gradient.
[2026-02-20 15:31:16,794] tensorflow - Level 1 - Registering StatelessRandomUniformIntV2 (None) in gradient.
[2026-02-20 15:31:16,794] tensorflow - Level 1 - Registering StatelessRandomUniformFullIntV2 (None) in gradient.
[2026-02-20 15:31:16,794] tensorflow - Level 1 - Registering StatelessTruncatedNormalV2 (None) in gradient.
[2026-02-20 15:31:16,794] tensorflow - Level 1 - Registering StatelessRandomShuffle (None) in gradient.
[2026-02-20 15:31:16,795] tensorflow - Level 1 - Registering RandomIndexShuffle (None) in gradient.
[2026-02-20 15:31:16,819] tensorflow - Level 1 - Registering Conv3D,flops (<function _calc_conv3d_flops at 0x0000021DD64E8F40>) in statistical functions.
[2026-02-20 15:31:16,825] tensorflow - Level 1 - Registering Conv2D,flops (<function _calc_conv_flops at 0x0000021DD64E9120>) in statistical functions.
[2026-02-20 15:31:16,825] tensorflow - Level 1 - Registering DepthwiseConv2dNative,flops (<function _calc_depthwise_conv_flops at 0x0000021DD64E96C0>) in statistical functions.
[2026-02-20 15:31:16,825] tensorflow - Level 1 - Registering BiasAdd,flops (<function _calc_bias_add_flops at 0x0000021DD64E9760>) in statistical functions.
[2026-02-20 15:31:16,830] tensorflow - Level 1 - Registering Dilation2D,flops (<function _calc_dilation2d_flops at 0x0000021DD64EB240>) in statistical functions.
[2026-02-20 15:31:16,857] tensorflow - Level 1 - Registering CompositeTensorVariantFromComponents (<function _composite_tensor_to_variants_grad at 0x0000021DD65CC2C0>) in gradient.
[2026-02-20 15:31:16,859] tensorflow - Level 1 - Registering CompositeTensorVariantToComponents (<function _composite_tensor_from_variant_grad at 0x0000021DD65CC360>) in gradient.
[2026-02-20 15:31:16,883] tensorflow - Level 1 - Registering RaggedRange (None) in gradient.
[2026-02-20 15:31:16,895] tensorflow - Level 1 - Registering RaggedFillEmptyRows (<function _ragged_fill_empty_rows_grad at 0x0000021DD66291C0>) in gradient.
[2026-02-20 15:31:16,908] tensorflow - Level 1 - Registering RaggedGather (<function _ragged_gather_grad at 0x0000021DD662B060>) in gradient.
[2026-02-20 15:31:16,923] tensorflow - Level 1 - Registering RegexReplace (None) in gradient.
[2026-02-20 15:31:16,925] tensorflow - Level 1 - Registering StringToHashBucket (None) in gradient.
[2026-02-20 15:31:16,926] tensorflow - Level 1 - Registering StringToHashBucketFast (None) in gradient.
[2026-02-20 15:31:16,926] tensorflow - Level 1 - Registering StringToHashBucketStrong (None) in gradient.
[2026-02-20 15:31:16,926] tensorflow - Level 1 - Registering ReduceJoin (None) in gradient.
[2026-02-20 15:31:16,927] tensorflow - Level 1 - Registering StringJoin (None) in gradient.
[2026-02-20 15:31:16,927] tensorflow - Level 1 - Registering StringSplit (None) in gradient.
[2026-02-20 15:31:16,927] tensorflow - Level 1 - Registering AsString (None) in gradient.
[2026-02-20 15:31:16,927] tensorflow - Level 1 - Registering EncodeBase64 (None) in gradient.
[2026-02-20 15:31:16,928] tensorflow - Level 1 - Registering DecodeBase64 (None) in gradient.
[2026-02-20 15:31:16,931] tensorflow - Level 1 - Registering Print (<function _PrintGrad at 0x0000021DD6669D00>) in gradient.
[2026-02-20 15:31:16,935] tensorflow - Level 1 - Registering HistogramSummary (None) in gradient.
[2026-02-20 15:31:16,936] tensorflow - Level 1 - Registering ImageSummary (None) in gradient.
[2026-02-20 15:31:16,936] tensorflow - Level 1 - Registering AudioSummary (None) in gradient.
[2026-02-20 15:31:16,936] tensorflow - Level 1 - Registering AudioSummaryV2 (None) in gradient.
[2026-02-20 15:31:16,936] tensorflow - Level 1 - Registering MergeSummary (None) in gradient.
[2026-02-20 15:31:16,937] tensorflow - Level 1 - Registering ScalarSummary (None) in gradient.
[2026-02-20 15:31:16,937] tensorflow - Level 1 - Registering TensorSummary (None) in gradient.
[2026-02-20 15:31:16,937] tensorflow - Level 1 - Registering TensorSummaryV2 (None) in gradient.
[2026-02-20 15:31:16,937] tensorflow - Level 1 - Registering Timestamp (None) in gradient.
[2026-02-20 15:31:17,000] tensorflow - Level 1 - Registering XlaEinsum (<function _einsum_grad at 0x0000021DD6710D60>) in gradient.
[2026-02-20 15:31:17,018] tensorflow - Level 1 - Registering RaggedTensorToTensor (<function _ragged_tensor_to_tensor_grad at 0x0000021DD6745D00>) in gradient.
[2026-02-20 15:31:17,021] tensorflow - Level 1 - Registering RaggedTensorFromVariant (<function _ragged_tensor_from_variant_grad at 0x0000021DD6745F80>) in gradient.
[2026-02-20 15:31:17,021] tensorflow - Level 1 - Registering RaggedTensorToVariant (<function _ragged_tensor_to_variant_grad at 0x0000021DD6746020>) in gradient.
[2026-02-20 15:31:17,030] tensorflow - Level 1 - Registering ClipByValue (<function _clip_by_value_grad at 0x0000021DD6746700>) in gradient.
[2026-02-20 15:31:17,037] tensorflow - Level 1 - Registering DynamicPartition (<function _DynamicPartitionGrads at 0x0000021DD6747100>) in gradient.
[2026-02-20 15:31:17,037] tensorflow - Level 1 - Registering ParallelDynamicStitch (<function _DynamicStitchGrads at 0x0000021DD6747420>) in gradient.
[2026-02-20 15:31:17,037] tensorflow - Level 1 - Registering DynamicStitch (<function _DynamicStitchGrads at 0x0000021DD6747420>) in gradient.
[2026-02-20 15:31:17,037] tensorflow - Level 1 - Registering Queue (None) in gradient.
[2026-02-20 15:31:17,040] tensorflow - Level 1 - Registering QueueEnqueue (None) in gradient.
[2026-02-20 15:31:17,040] tensorflow - Level 1 - Registering QueueEnqueueMany (None) in gradient.
[2026-02-20 15:31:17,040] tensorflow - Level 1 - Registering QueueDequeue (None) in gradient.
[2026-02-20 15:31:17,040] tensorflow - Level 1 - Registering QueueDequeueMany (None) in gradient.
[2026-02-20 15:31:17,041] tensorflow - Level 1 - Registering QueueDequeueUpTo (None) in gradient.
[2026-02-20 15:31:17,041] tensorflow - Level 1 - Registering QueueClose (None) in gradient.
[2026-02-20 15:31:17,041] tensorflow - Level 1 - Registering QueueSize (None) in gradient.
[2026-02-20 15:31:17,041] tensorflow - Level 1 - Registering Stack (None) in gradient.
[2026-02-20 15:31:17,042] tensorflow - Level 1 - Registering StackPush (None) in gradient.
[2026-02-20 15:31:17,042] tensorflow - Level 1 - Registering StackPop (None) in gradient.
[2026-02-20 15:31:17,042] tensorflow - Level 1 - Registering StackClose (None) in gradient.
[2026-02-20 15:31:17,042] tensorflow - Level 1 - Registering GetSessionHandle (None) in gradient.
[2026-02-20 15:31:17,042] tensorflow - Level 1 - Registering GetSessionHandleV2 (None) in gradient.
[2026-02-20 15:31:17,042] tensorflow - Level 1 - Registering GetSessionTensor (None) in gradient.
[2026-02-20 15:31:17,042] tensorflow - Level 1 - Registering DeleteSessionTensor (None) in gradient.
[2026-02-20 15:31:17,154] tensorflow - Level 1 - Registering TPUReplicatedInput (None) in gradient.
[2026-02-20 15:31:17,158] tensorflow - Level 1 - Registering AllToAll (<function _all_to_all_grad at 0x0000021DD68C5760>) in gradient.
[2026-02-20 15:31:17,158] tensorflow - Level 1 - Registering CollectivePermute (<function _collective_permute_grad at 0x0000021DD68C5940>) in gradient.
[2026-02-20 15:31:17,158] tensorflow - Level 1 - Registering CrossReplicaSum (<function _cross_replica_sum_grad at 0x0000021DD68C59E0>) in gradient.
[2026-02-20 15:31:17,158] tensorflow - Level 1 - Registering TPUEmbeddingActivations (<function _embedding_activations_grad at 0x0000021DD68C5A80>) in gradient.
[2026-02-20 15:31:17,210] tensorflow - Level 1 - Registering XlaClusterOutput (<function _XlaClusterOutputGrad at 0x0000021DD6934CC0>) in gradient.
[2026-02-20 15:31:17,215] tensorflow - Level 1 - Registering Pack (<function _PackGrad at 0x0000021DD6935120>) in gradient.
[2026-02-20 15:31:17,217] tensorflow - Level 1 - Registering Unpack (<function _UnpackGrad at 0x0000021DD6935260>) in gradient.
[2026-02-20 15:31:17,217] tensorflow - Level 1 - Registering Concat (<function _ConcatGrad at 0x0000021DD6935440>) in gradient.
[2026-02-20 15:31:17,217] tensorflow - Level 1 - Registering ConcatV2 (<function _ConcatGradV2 at 0x0000021DD69354E0>) in gradient.
[2026-02-20 15:31:17,217] tensorflow - Level 1 - Registering ConcatOffset (None) in gradient.
[2026-02-20 15:31:17,217] tensorflow - Level 1 - Registering Slice (<function _SliceGrad at 0x0000021DD6935580>) in gradient.
[2026-02-20 15:31:17,217] tensorflow - Level 1 - Registering StridedSlice (<function _StridedSliceGrad at 0x0000021DD6935760>) in gradient.
[2026-02-20 15:31:17,217] tensorflow - Level 1 - Registering StridedSliceGrad (<function _StridedSliceGradGrad at 0x0000021DD6935800>) in gradient.
[2026-02-20 15:31:17,217] tensorflow - Level 1 - Registering TensorStridedSliceUpdate (<function _TensorStridedSliceUpdateGrad at 0x0000021DD69358A0>) in gradient.
[2026-02-20 15:31:17,217] tensorflow - Level 1 - Registering Split (<function _SplitGrad at 0x0000021DD6935940>) in gradient.
[2026-02-20 15:31:17,217] tensorflow - Level 1 - Registering SplitV (<function _SplitVGrad at 0x0000021DD69359E0>) in gradient.
[2026-02-20 15:31:17,217] tensorflow - Level 1 - Registering Const (None) in gradient.
[2026-02-20 15:31:17,217] tensorflow - Level 1 - Registering Diag (<function _DiagGrad at 0x0000021DD6935A80>) in gradient.
[2026-02-20 15:31:17,217] tensorflow - Level 1 - Registering DiagPart (<function _DiagPartGrad at 0x0000021DD6935B20>) in gradient.
[2026-02-20 15:31:17,217] tensorflow - Level 1 - Registering MatrixDiag (<function _MatrixDiagGrad at 0x0000021DD6935BC0>) in gradient.
[2026-02-20 15:31:17,217] tensorflow - Level 1 - Registering MatrixDiagV2 (<function _MatrixDiagV2Grad at 0x0000021DD6935C60>) in gradient.
[2026-02-20 15:31:17,217] tensorflow - Level 1 - Registering MatrixDiagV3 (<function _MatrixDiagV3Grad at 0x0000021DD6935D00>) in gradient.
[2026-02-20 15:31:17,217] tensorflow - Level 1 - Registering MatrixDiagPart (<function _MatrixDiagPartGrad at 0x0000021DD6935DA0>) in gradient.
[2026-02-20 15:31:17,224] tensorflow - Level 1 - Registering MatrixDiagPartV2 (<function _MatrixDiagPartV2Grad at 0x0000021DD6935E40>) in gradient.
[2026-02-20 15:31:17,224] tensorflow - Level 1 - Registering MatrixDiagPartV3 (<function _MatrixDiagPartV3Grad at 0x0000021DD6935EE0>) in gradient.
[2026-02-20 15:31:17,225] tensorflow - Level 1 - Registering MatrixSetDiag (<function _MatrixSetDiagGrad at 0x0000021DD6935F80>) in gradient.
[2026-02-20 15:31:17,225] tensorflow - Level 1 - Registering MatrixSetDiagV2 (<function _MatrixSetDiagGradV2 at 0x0000021DD6936020>) in gradient.
[2026-02-20 15:31:17,225] tensorflow - Level 1 - Registering MatrixSetDiagV3 (<function _MatrixSetDiagGradV3 at 0x0000021DD69360C0>) in gradient.
[2026-02-20 15:31:17,225] tensorflow - Level 1 - Registering MatrixBandPart (<function _MatrixBandPartGrad at 0x0000021DD6936160>) in gradient.
[2026-02-20 15:31:17,226] tensorflow - Level 1 - Registering EditDistance (None) in gradient.
[2026-02-20 15:31:17,226] tensorflow - Level 1 - Registering Fill (<function _FillGrad at 0x0000021DD6936200>) in gradient.
[2026-02-20 15:31:17,226] tensorflow - Level 1 - Registering ZerosLike (None) in gradient.
[2026-02-20 15:31:17,227] tensorflow - Level 1 - Registering OnesLike (None) in gradient.
[2026-02-20 15:31:17,227] tensorflow - Level 1 - Registering PreventGradient (<function _PreventGradientGrad at 0x0000021DD69362A0>) in gradient.
[2026-02-20 15:31:17,227] tensorflow - Level 1 - Registering Gather (<function _GatherGrad at 0x0000021DD69363E0>) in gradient.
[2026-02-20 15:31:17,227] tensorflow - Level 1 - Registering GatherV2 (<function _GatherV2Grad at 0x0000021DD69365C0>) in gradient.
[2026-02-20 15:31:17,227] tensorflow - Level 1 - Registering GatherNd (<function _GatherNdGrad at 0x0000021DD6936660>) in gradient.
[2026-02-20 15:31:17,227] tensorflow - Level 1 - Registering ResourceGatherNd (<function _ResourceGatherNdGrad at 0x0000021DD6936700>) in gradient.
[2026-02-20 15:31:17,228] tensorflow - Level 1 - Registering CheckNumerics (<function _CheckNumericsGrad at 0x0000021DD69367A0>) in gradient.
[2026-02-20 15:31:17,228] tensorflow - Level 1 - Registering CheckNumericsV2 (<function _CheckNumericsV2Grad at 0x0000021DD6936840>) in gradient.
[2026-02-20 15:31:17,228] tensorflow - Level 1 - Registering Identity (<function _IdGrad at 0x0000021DD69368E0>) in gradient.
[2026-02-20 15:31:17,228] tensorflow - Level 1 - Registering PlaceholderWithDefault (<function _IdGrad at 0x0000021DD69368E0>) in gradient.
[2026-02-20 15:31:17,228] tensorflow - Level 1 - Registering _EagerConst (<function _EagerConstGrad at 0x0000021DD6936980>) in gradient.
[2026-02-20 15:31:17,229] tensorflow - Level 1 - Registering RefIdentity (<function _RefIdGrad at 0x0000021DD6936A20>) in gradient.
[2026-02-20 15:31:17,229] tensorflow - Level 1 - Registering IdentityN (<function _IdNGrad at 0x0000021DD6936AC0>) in gradient.
[2026-02-20 15:31:17,229] tensorflow - Level 1 - Registering StopGradient (None) in gradient.
[2026-02-20 15:31:17,229] tensorflow - Level 1 - Registering Reshape (<function _ReshapeGrad at 0x0000021DD6936B60>) in gradient.
[2026-02-20 15:31:17,230] tensorflow - Level 1 - Registering InvertPermutation (None) in gradient.
[2026-02-20 15:31:17,230] tensorflow - Level 1 - Registering ExpandDims (<function _ExpandDimsGrad at 0x0000021DD6936CA0>) in gradient.
[2026-02-20 15:31:17,230] tensorflow - Level 1 - Registering Squeeze (<function _SqueezeGrad at 0x0000021DD6936D40>) in gradient.
[2026-02-20 15:31:17,231] tensorflow - Level 1 - Registering Transpose (<function _TransposeGrad at 0x0000021DD6936DE0>) in gradient.
[2026-02-20 15:31:17,231] tensorflow - Level 1 - Registering ConjugateTranspose (<function _ConjugateTransposeGrad at 0x0000021DD6936E80>) in gradient.
[2026-02-20 15:31:17,231] tensorflow - Level 1 - Registering Shape (None) in gradient.
[2026-02-20 15:31:17,231] tensorflow - Level 1 - Registering ShapeN (None) in gradient.
[2026-02-20 15:31:17,232] tensorflow - Level 1 - Registering Rank (None) in gradient.
[2026-02-20 15:31:17,232] tensorflow - Level 1 - Registering Size (None) in gradient.
[2026-02-20 15:31:17,232] tensorflow - Level 1 - Registering Tile (<function _TileGrad at 0x0000021DD6936F20>) in gradient.
[2026-02-20 15:31:17,233] tensorflow - Level 1 - Registering BroadcastGradientArgs (None) in gradient.
[2026-02-20 15:31:17,233] tensorflow - Level 1 - Registering Pad (<function _PadGrad at 0x0000021DD6936FC0>) in gradient.
[2026-02-20 15:31:17,233] tensorflow - Level 1 - Registering PadV2 (<function _PadGrad at 0x0000021DD6936FC0>) in gradient.
[2026-02-20 15:31:17,233] tensorflow - Level 1 - Registering ReverseSequence (<function _ReverseSequenceGrad at 0x0000021DD6937060>) in gradient.
[2026-02-20 15:31:17,234] tensorflow - Level 1 - Registering Reverse (<function _ReverseGrad at 0x0000021DD6937100>) in gradient.
[2026-02-20 15:31:17,234] tensorflow - Level 1 - Registering ReverseV2 (<function _ReverseV2Grad at 0x0000021DD69371A0>) in gradient.
[2026-02-20 15:31:17,234] tensorflow - Level 1 - Registering SpaceToBatch (<function _SpaceToBatchGrad at 0x0000021DD6937240>) in gradient.
[2026-02-20 15:31:17,235] tensorflow - Level 1 - Registering SpaceToBatchND (<function _SpaceToBatchNDGrad at 0x0000021DD69372E0>) in gradient.
[2026-02-20 15:31:17,235] tensorflow - Level 1 - Registering BatchToSpace (<function _BatchToSpaceGrad at 0x0000021DD6937380>) in gradient.
[2026-02-20 15:31:17,235] tensorflow - Level 1 - Registering BatchToSpaceND (<function _BatchToSpaceNDGrad at 0x0000021DD6937420>) in gradient.
[2026-02-20 15:31:17,236] tensorflow - Level 1 - Registering SpaceToDepth (<function _SpaceToDepthGrad at 0x0000021DD69374C0>) in gradient.
[2026-02-20 15:31:17,236] tensorflow - Level 1 - Registering DepthToSpace (<function _DepthToSpaceGrad at 0x0000021DD6937560>) in gradient.
[2026-02-20 15:31:17,236] tensorflow - Level 1 - Registering OneHot (None) in gradient.
[2026-02-20 15:31:17,236] tensorflow - Level 1 - Registering MirrorPad (<function _MirrorPadGrad at 0x0000021DD6937600>) in gradient.
[2026-02-20 15:31:17,237] tensorflow - Level 1 - Registering MirrorPadGrad (<function _MirrorPadGradGrad at 0x0000021DD69376A0>) in gradient.
[2026-02-20 15:31:17,237] tensorflow - Level 1 - Registering FakeQuantWithMinMaxArgsGradient (None) in gradient.
[2026-02-20 15:31:17,238] tensorflow - Level 1 - Registering FakeQuantWithMinMaxVarsGradient (None) in gradient.
[2026-02-20 15:31:17,238] tensorflow - Level 1 - Registering FakeQuantWithMinMaxVarsPerChannelGradient (None) in gradient.
[2026-02-20 15:31:17,238] tensorflow - Level 1 - Registering QuantizeAndDequantize (<function _QuantizeAndDequantizeGrad at 0x0000021DD6937740>) in gradient.
[2026-02-20 15:31:17,238] tensorflow - Level 1 - Registering QuantizeAndDequantizeV2 (<function _QuantizeAndDequantizeV2Grad at 0x0000021DD6937880>) in gradient.
[2026-02-20 15:31:17,238] tensorflow - Level 1 - Registering QuantizeAndDequantizeV3 (<function _QuantizeAndDequantizeV3Grad at 0x0000021DD6937920>) in gradient.
[2026-02-20 15:31:17,238] tensorflow - Level 1 - Registering ExtractImagePatches (<function _ExtractImagePatchesGrad at 0x0000021DD69377E0>) in gradient.
[2026-02-20 15:31:17,239] tensorflow - Level 1 - Registering ExtractVolumePatches (<function _ExtractVolumePatchesGrad at 0x0000021DD69379C0>) in gradient.
[2026-02-20 15:31:17,239] tensorflow - Level 1 - Registering ScatterNd (<function _ScatterNdGrad at 0x0000021DD6937A60>) in gradient.
[2026-02-20 15:31:17,239] tensorflow - Level 1 - Registering TensorScatterUpdate (<function _TensorScatterUpdateGrad at 0x0000021DD6937B00>) in gradient.
[2026-02-20 15:31:17,240] tensorflow - Level 1 - Registering TensorScatterAdd (<function _TensorScatterAddGrad at 0x0000021DD6937BA0>) in gradient.
[2026-02-20 15:31:17,240] tensorflow - Level 1 - Registering TensorScatterMax (<function _TensorScatterMaxGrad at 0x0000021DD6937CE0>) in gradient.
[2026-02-20 15:31:17,240] tensorflow - Level 1 - Registering TensorScatterMin (<function _TensorScatterMinGrad at 0x0000021DD6937D80>) in gradient.
[2026-02-20 15:31:17,240] tensorflow - Level 1 - Registering TensorScatterSub (<function _TensorScatterSubGrad at 0x0000021DD6937E20>) in gradient.
[2026-02-20 15:31:17,240] tensorflow - Level 1 - Registering ScatterNdNonAliasingAdd (<function _ScatterNdNonAliasingAddGrad at 0x0000021DD6937EC0>) in gradient.
[2026-02-20 15:31:17,241] tensorflow - Level 1 - Registering BroadcastTo (<function _BroadcastToGrad at 0x0000021DD6937F60>) in gradient.
[2026-02-20 15:31:17,244] tensorflow - Level 1 - Registering Switch (<function _SwitchGrad at 0x0000021DD6974180>) in gradient.
[2026-02-20 15:31:17,247] tensorflow - Level 1 - Registering RefSwitch (<function _SwitchGrad at 0x0000021DD6974180>) in gradient.
[2026-02-20 15:31:17,247] tensorflow - Level 1 - Registering Merge (<function _MergeGrad at 0x0000021DD6974220>) in gradient.
[2026-02-20 15:31:17,248] tensorflow - Level 1 - Registering RefMerge (<function _RefMergeGrad at 0x0000021DD6974360>) in gradient.
[2026-02-20 15:31:17,248] tensorflow - Level 1 - Registering Exit (<function _ExitGrad at 0x0000021DD69742C0>) in gradient.
[2026-02-20 15:31:17,248] tensorflow - Level 1 - Registering RefExit (<function _ExitGrad at 0x0000021DD69742C0>) in gradient.
[2026-02-20 15:31:17,249] tensorflow - Level 1 - Registering NextIteration (<function _NextIterationGrad at 0x0000021DD6974400>) in gradient.
[2026-02-20 15:31:17,249] tensorflow - Level 1 - Registering RefNextIteration (<function _RefNextIterationGrad at 0x0000021DD69744A0>) in gradient.
[2026-02-20 15:31:17,249] tensorflow - Level 1 - Registering Enter (<function _EnterGrad at 0x0000021DD6974540>) in gradient.
[2026-02-20 15:31:17,249] tensorflow - Level 1 - Registering RefEnter (<function _RefEnterGrad at 0x0000021DD69745E0>) in gradient.
[2026-02-20 15:31:17,250] tensorflow - Level 1 - Registering LoopCond (<function _LoopCondGrad at 0x0000021DD6974680>) in gradient.
[2026-02-20 15:31:17,264] tensorflow - Level 1 - Registering CudnnRNN (<function _cudnn_rnn_backward at 0x0000021DD69747C0>) in gradient.
[2026-02-20 15:31:17,266] tensorflow - Level 1 - Registering CudnnRNNV2 (<function _cudnn_rnn_backward_v2 at 0x0000021DD69749A0>) in gradient.
[2026-02-20 15:31:17,267] tensorflow - Level 1 - Registering CudnnRNNV3 (<function _cudnn_rnn_backwardv3 at 0x0000021DD69A0AE0>) in gradient.
[2026-02-20 15:31:17,271] tensorflow - Level 1 - Registering ResizeNearestNeighbor (<function _ResizeNearestNeighborGrad at 0x0000021DD69A0A40>) in gradient.
[2026-02-20 15:31:17,274] tensorflow - Level 1 - Registering ResizeBilinear (<function _ResizeBilinearGrad at 0x0000021DD69A0B80>) in gradient.
[2026-02-20 15:31:17,274] tensorflow - Level 1 - Registering ResizeBilinearGrad (None) in gradient.
[2026-02-20 15:31:17,274] tensorflow - Level 1 - Registering ScaleAndTranslate (<function _ScaleAndTranslateGrad at 0x0000021DD69A0D60>) in gradient.
[2026-02-20 15:31:17,275] tensorflow - Level 1 - Registering ResizeBicubic (<function _ResizeBicubicGrad at 0x0000021DD69A0CC0>) in gradient.
[2026-02-20 15:31:17,275] tensorflow - Level 1 - Registering CropAndResize (<function _CropAndResizeGrad at 0x0000021DD69A0E00>) in gradient.
[2026-02-20 15:31:17,275] tensorflow - Level 1 - Registering RGBToHSV (<function _RGBToHSVGrad at 0x0000021DD69A0F40>) in gradient.
[2026-02-20 15:31:17,290] tensorflow - Level 1 - Registering ReaderRead (None) in gradient.
[2026-02-20 15:31:17,292] tensorflow - Level 1 - Registering ReaderReadUpTo (None) in gradient.
[2026-02-20 15:31:17,292] tensorflow - Level 1 - Registering ReaderNumRecordsProduced (None) in gradient.
[2026-02-20 15:31:17,293] tensorflow - Level 1 - Registering ReaderNumWorkUnitsCompleted (None) in gradient.
[2026-02-20 15:31:17,293] tensorflow - Level 1 - Registering ReaderSerializeState (None) in gradient.
[2026-02-20 15:31:17,293] tensorflow - Level 1 - Registering ReaderRestoreState (None) in gradient.
[2026-02-20 15:31:17,293] tensorflow - Level 1 - Registering ReaderReset (None) in gradient.
[2026-02-20 15:31:17,294] tensorflow - Level 1 - Registering WholeFileReader (None) in gradient.
[2026-02-20 15:31:17,294] tensorflow - Level 1 - Registering TextLineReader (None) in gradient.
[2026-02-20 15:31:17,295] tensorflow - Level 1 - Registering FixedLengthRecordReader (None) in gradient.
[2026-02-20 15:31:17,295] tensorflow - Level 1 - Registering TFRecordReader (None) in gradient.
[2026-02-20 15:31:17,296] tensorflow - Level 1 - Registering LMDBReader (None) in gradient.
[2026-02-20 15:31:17,297] tensorflow - Level 1 - Registering IdentityReader (None) in gradient.
[2026-02-20 15:31:17,309] tensorflow - Level 1 - Registering MatrixInverse (<function _MatrixInverseGrad at 0x0000021DD69EA3E0>) in gradient.
[2026-02-20 15:31:17,310] tensorflow - Level 1 - Registering Einsum (<function _EinsumGrad at 0x0000021DD69EA660>) in gradient.
[2026-02-20 15:31:17,311] tensorflow - Level 1 - Registering MatrixDeterminant (<function _MatrixDeterminantGrad at 0x0000021DD6A1CAE0>) in gradient.
[2026-02-20 15:31:17,311] tensorflow - Level 1 - Registering MatrixSquareRoot (<function _MatrixSquareRootGrad at 0x0000021DD6A1CC20>) in gradient.
[2026-02-20 15:31:17,311] tensorflow - Level 1 - Registering LogMatrixDeterminant (<function _LogMatrixDeterminantGrad at 0x0000021DD6A1CCC0>) in gradient.
[2026-02-20 15:31:17,312] tensorflow - Level 1 - Registering Cholesky (<function _CholeskyGrad at 0x0000021DD6A1CD60>) in gradient.
[2026-02-20 15:31:17,312] tensorflow - Level 1 - Registering Qr (<function _QrGrad at 0x0000021DD6A1CE00>) in gradient.
[2026-02-20 15:31:17,312] tensorflow - Level 1 - Registering MatrixSolve (<function _MatrixSolveGrad at 0x0000021DD6A1CEA0>) in gradient.
[2026-02-20 15:31:17,312] tensorflow - Level 1 - Registering MatrixSolveLs (<function _MatrixSolveLsGrad at 0x0000021DD6A1CF40>) in gradient.
[2026-02-20 15:31:17,313] tensorflow - Level 1 - Registering BandedTriangularSolve (<function _BandedTriangularSolveGrad at 0x0000021DD6A1CFE0>) in gradient.
[2026-02-20 15:31:17,313] tensorflow - Level 1 - Registering MatrixTriangularSolve (<function _MatrixTriangularSolveGrad at 0x0000021DD6A1D080>) in gradient.
[2026-02-20 15:31:17,313] tensorflow - Level 1 - Registering Eig (<function _EigGrad at 0x0000021DD6A1D1C0>) in gradient.
[2026-02-20 15:31:17,314] tensorflow - Level 1 - Registering SelfAdjointEigV2 (<function _SelfAdjointEigV2Grad at 0x0000021DD6A1D260>) in gradient.
[2026-02-20 15:31:17,314] tensorflow - Level 1 - Registering Svd (<function _SvdGrad at 0x0000021DD6A1D300>) in gradient.
[2026-02-20 15:31:17,314] tensorflow - Level 1 - Registering TridiagonalMatMul (<function _TridiagonalMatMulGrad at 0x0000021DD6A1D4E0>) in gradient.
[2026-02-20 15:31:17,315] tensorflow - Level 1 - Registering TridiagonalSolve (<function _TridiagonalSolveGrad at 0x0000021DD6A1D580>) in gradient.
[2026-02-20 15:31:17,318] tensorflow - Level 1 - Registering LookupTableFind (None) in gradient.
[2026-02-20 15:31:17,320] tensorflow - Level 1 - Registering LookupTableFindV2 (None) in gradient.
[2026-02-20 15:31:17,321] tensorflow - Level 1 - Registering LookupTableInsert (None) in gradient.
[2026-02-20 15:31:17,321] tensorflow - Level 1 - Registering LookupTableInsertV2 (None) in gradient.
[2026-02-20 15:31:17,321] tensorflow - Level 1 - Registering LookupTableSize (None) in gradient.
[2026-02-20 15:31:17,322] tensorflow - Level 1 - Registering LookupTableSizeV2 (None) in gradient.
[2026-02-20 15:31:17,322] tensorflow - Level 1 - Registering HashTable (None) in gradient.
[2026-02-20 15:31:17,322] tensorflow - Level 1 - Registering HashTableV2 (None) in gradient.
[2026-02-20 15:31:17,323] tensorflow - Level 1 - Registering InitializeTable (None) in gradient.
[2026-02-20 15:31:17,323] tensorflow - Level 1 - Registering InitializeTableV2 (None) in gradient.
[2026-02-20 15:31:17,323] tensorflow - Level 1 - Registering InitializeTableFromTextFile (None) in gradient.
[2026-02-20 15:31:17,324] tensorflow - Level 1 - Registering InitializeTableFromTextFileV2 (None) in gradient.
[2026-02-20 15:31:17,324] tensorflow - Level 1 - Registering MutableDenseHashTable (None) in gradient.
[2026-02-20 15:31:17,324] tensorflow - Level 1 - Registering MutableDenseHashTableV2 (None) in gradient.
[2026-02-20 15:31:17,325] tensorflow - Level 1 - Registering MutableHashTable (None) in gradient.
[2026-02-20 15:31:17,325] tensorflow - Level 1 - Registering MutableHashTableV2 (None) in gradient.
[2026-02-20 15:31:17,325] tensorflow - Level 1 - Registering MutableHashTableOfTensors (None) in gradient.
[2026-02-20 15:31:17,326] tensorflow - Level 1 - Registering MutableHashTableOfTensorsV2 (None) in gradient.
[2026-02-20 15:31:17,340] tensorflow - Level 1 - Registering Roll (<function _RollGrad at 0x0000021DD6974720>) in gradient.
[2026-02-20 15:31:17,346] tensorflow - Level 1 - Registering ArgMax (<function _ArgMaxGrad at 0x0000021DD6A1C900>) in gradient.
[2026-02-20 15:31:17,349] tensorflow - Level 1 - Registering ArgMin (<function _ArgMinGrad at 0x0000021DD6A1E660>) in gradient.
[2026-02-20 15:31:17,349] tensorflow - Level 1 - Registering EuclideanNorm (<function _EuclideanNormGrad at 0x0000021DD6A1E8E0>) in gradient.
[2026-02-20 15:31:17,349] tensorflow - Level 1 - Registering Sum (<function _SumGrad at 0x0000021DD6A1ED40>) in gradient.
[2026-02-20 15:31:17,351] tensorflow - Level 1 - Registering Max (<function _MaxGrad at 0x0000021DD6A1EE80>) in gradient.
[2026-02-20 15:31:17,351] tensorflow - Level 1 - Registering Min (<function _MinGrad at 0x0000021DD6A1EF20>) in gradient.
[2026-02-20 15:31:17,351] tensorflow - Level 1 - Registering Mean (<function _MeanGrad at 0x0000021DD6A1EFC0>) in gradient.
[2026-02-20 15:31:17,351] tensorflow - Level 1 - Registering Prod (<function _ProdGrad at 0x0000021DD6A1F060>) in gradient.
[2026-02-20 15:31:17,352] tensorflow - Level 1 - Registering SegmentSum (<function _SegmentSumGrad at 0x0000021DD6A1F100>) in gradient.
[2026-02-20 15:31:17,352] tensorflow - Level 1 - Registering SegmentMean (<function _SegmentMeanGrad at 0x0000021DD6A1F1A0>) in gradient.
[2026-02-20 15:31:17,352] tensorflow - Level 1 - Registering SparseSegmentSum (<function _SparseSegmentSumGrad at 0x0000021DD6A1F380>) in gradient.
[2026-02-20 15:31:17,352] tensorflow - Level 1 - Registering SparseSegmentSumWithNumSegments (<function _SparseSegmentSumWithNumSegmentsGrad at 0x0000021DD6A1F420>) in gradient.
[2026-02-20 15:31:17,353] tensorflow - Level 1 - Registering SparseSegmentMean (<function _SparseSegmentMeanGrad at 0x0000021DD6A1F4C0>) in gradient.
[2026-02-20 15:31:17,353] tensorflow - Level 1 - Registering SparseSegmentMeanWithNumSegments (<function _SparseSegmentMeanWithNumSegmentsGrad at 0x0000021DD6A1F560>) in gradient.
[2026-02-20 15:31:17,353] tensorflow - Level 1 - Registering SparseSegmentSqrtN (<function _SparseSegmentSqrtNGrad at 0x0000021DD6A1F600>) in gradient.
[2026-02-20 15:31:17,353] tensorflow - Level 1 - Registering SparseSegmentSqrtNWithNumSegments (<function _SparseSegmentSqrtNWithNumSegmentsGrad at 0x0000021DD6A1F6A0>) in gradient.
[2026-02-20 15:31:17,354] tensorflow - Level 1 - Registering SegmentMin (<function _SegmentMinGrad at 0x0000021DD6A1F7E0>) in gradient.
[2026-02-20 15:31:17,354] tensorflow - Level 1 - Registering SegmentMax (<function _SegmentMaxGrad at 0x0000021DD6A1F880>) in gradient.
[2026-02-20 15:31:17,354] tensorflow - Level 1 - Registering SegmentProd (<function _SegmentProdGrad at 0x0000021DD6A1F920>) in gradient.
[2026-02-20 15:31:17,354] tensorflow - Level 1 - Registering UnsortedSegmentSum (<function _UnsortedSegmentSumGrad at 0x0000021DD6A1FB00>) in gradient.
[2026-02-20 15:31:17,354] tensorflow - Level 1 - Registering UnsortedSegmentMax (<function _UnsortedSegmentMaxGrad at 0x0000021DD6A1FBA0>) in gradient.
[2026-02-20 15:31:17,356] tensorflow - Level 1 - Registering UnsortedSegmentMin (<function _UnsortedSegmentMinGrad at 0x0000021DD6A1FC40>) in gradient.
[2026-02-20 15:31:17,356] tensorflow - Level 1 - Registering UnsortedSegmentProd (<function _UnsortedSegmentProdGrad at 0x0000021DD6A1FCE0>) in gradient.
[2026-02-20 15:31:17,356] tensorflow - Level 1 - Registering Abs (<function _AbsGrad at 0x0000021DD6A1FD80>) in gradient.
[2026-02-20 15:31:17,356] tensorflow - Level 1 - Registering Neg (<function _NegGrad at 0x0000021DD6A1FE20>) in gradient.
[2026-02-20 15:31:17,357] tensorflow - Level 1 - Registering Inv (<function _InvGrad at 0x0000021DD6A1FEC0>) in gradient.
[2026-02-20 15:31:17,357] tensorflow - Level 1 - Registering Reciprocal (<function _ReciprocalGrad at 0x0000021DD6A1FF60>) in gradient.
[2026-02-20 15:31:17,357] tensorflow - Level 1 - Registering InvGrad (<function _InvGradGrad at 0x0000021DD6A8C040>) in gradient.
[2026-02-20 15:31:17,357] tensorflow - Level 1 - Registering ReciprocalGrad (<function _ReciprocalGradGrad at 0x0000021DD6A8C0E0>) in gradient.
[2026-02-20 15:31:17,357] tensorflow - Level 1 - Registering Square (<function _SquareGrad at 0x0000021DD6A8C180>) in gradient.
[2026-02-20 15:31:17,358] tensorflow - Level 1 - Registering Sqrt (<function _SqrtGrad at 0x0000021DD6A8C220>) in gradient.
[2026-02-20 15:31:17,358] tensorflow - Level 1 - Registering SqrtGrad (<function _SqrtGradGrad at 0x0000021DD6A8C2C0>) in gradient.
[2026-02-20 15:31:17,358] tensorflow - Level 1 - Registering Rsqrt (<function _RsqrtGrad at 0x0000021DD6A8C360>) in gradient.
[2026-02-20 15:31:17,359] tensorflow - Level 1 - Registering RsqrtGrad (<function _RsqrtGradGrad at 0x0000021DD6A8C400>) in gradient.
[2026-02-20 15:31:17,359] tensorflow - Level 1 - Registering Exp (<function _ExpGrad at 0x0000021DD6A8C4A0>) in gradient.
[2026-02-20 15:31:17,359] tensorflow - Level 1 - Registering Expm1 (<function _Expm1Grad at 0x0000021DD6A8C540>) in gradient.
[2026-02-20 15:31:17,360] tensorflow - Level 1 - Registering Log (<function _LogGrad at 0x0000021DD6A8C5E0>) in gradient.
[2026-02-20 15:31:17,360] tensorflow - Level 1 - Registering Log1p (<function _Log1pGrad at 0x0000021DD6A8C680>) in gradient.
[2026-02-20 15:31:17,360] tensorflow - Level 1 - Registering Xlogy (<function _XLogyGrad at 0x0000021DD6A8C720>) in gradient.
[2026-02-20 15:31:17,361] tensorflow - Level 1 - Registering Xlog1py (<function _XLog1pyGrad at 0x0000021DD6A8C7C0>) in gradient.
[2026-02-20 15:31:17,361] tensorflow - Level 1 - Registering Xdivy (<function _XDivyGrad at 0x0000021DD6A8C860>) in gradient.
[2026-02-20 15:31:17,361] tensorflow - Level 1 - Registering Sinh (<function _SinhGrad at 0x0000021DD6A8C900>) in gradient.
[2026-02-20 15:31:17,361] tensorflow - Level 1 - Registering Cosh (<function _CoshGrad at 0x0000021DD6A8C9A0>) in gradient.
[2026-02-20 15:31:17,362] tensorflow - Level 1 - Registering Tanh (<function _TanhGrad at 0x0000021DD6A8CA40>) in gradient.
[2026-02-20 15:31:17,362] tensorflow - Level 1 - Registering Asinh (<function _AsinhGrad at 0x0000021DD6A8CAE0>) in gradient.
[2026-02-20 15:31:17,362] tensorflow - Level 1 - Registering Acosh (<function _AcoshGrad at 0x0000021DD6A8CB80>) in gradient.
[2026-02-20 15:31:17,363] tensorflow - Level 1 - Registering Atanh (<function _AtanhGrad at 0x0000021DD6A8CC20>) in gradient.
[2026-02-20 15:31:17,363] tensorflow - Level 1 - Registering TanhGrad (<function _TanhGradGrad at 0x0000021DD6A8CCC0>) in gradient.
[2026-02-20 15:31:17,363] tensorflow - Level 1 - Registering Erf (<function _ErfGrad at 0x0000021DD6A8CD60>) in gradient.
[2026-02-20 15:31:17,363] tensorflow - Level 1 - Registering Erfc (<function _ErfcGrad at 0x0000021DD6A8CE00>) in gradient.
[2026-02-20 15:31:17,364] tensorflow - Level 1 - Registering Erfinv (<function _ErfinvGrad at 0x0000021DD6A8CEA0>) in gradient.
[2026-02-20 15:31:17,364] tensorflow - Level 1 - Registering Ndtri (<function _NdtriGrad at 0x0000021DD6A8CF40>) in gradient.
[2026-02-20 15:31:17,364] tensorflow - Level 1 - Registering Lgamma (<function _LgammaGrad at 0x0000021DD6A8CFE0>) in gradient.
[2026-02-20 15:31:17,365] tensorflow - Level 1 - Registering Digamma (<function _DigammaGrad at 0x0000021DD6A8D080>) in gradient.
[2026-02-20 15:31:17,365] tensorflow - Level 1 - Registering Dawsn (<function _DawsnGrad at 0x0000021DD6A8D120>) in gradient.
[2026-02-20 15:31:17,365] tensorflow - Level 1 - Registering Expint (<function _ExpintGrad at 0x0000021DD6A8D1C0>) in gradient.
[2026-02-20 15:31:17,365] tensorflow - Level 1 - Registering FresnelCos (<function _FresnelCosGrad at 0x0000021DD6A8D260>) in gradient.
[2026-02-20 15:31:17,366] tensorflow - Level 1 - Registering FresnelSin (<function _FresnelSinGrad at 0x0000021DD6A8D300>) in gradient.
[2026-02-20 15:31:17,366] tensorflow - Level 1 - Registering Spence (<function _SpenceGrad at 0x0000021DD6A8D3A0>) in gradient.
[2026-02-20 15:31:17,366] tensorflow - Level 1 - Registering BesselI0 (<function _BesselI0Grad at 0x0000021DD6A8D440>) in gradient.
[2026-02-20 15:31:17,367] tensorflow - Level 1 - Registering BesselI0e (<function _BesselI0eGrad at 0x0000021DD6A8D4E0>) in gradient.
[2026-02-20 15:31:17,367] tensorflow - Level 1 - Registering BesselI1 (<function _BesselI1Grad at 0x0000021DD6A8D580>) in gradient.
[2026-02-20 15:31:17,368] tensorflow - Level 1 - Registering BesselI1e (<function _BesselI1eGrad at 0x0000021DD6A8D620>) in gradient.
[2026-02-20 15:31:17,368] tensorflow - Level 1 - Registering BesselK0 (<function _BesselK0Grad at 0x0000021DD6A8D6C0>) in gradient.
[2026-02-20 15:31:17,368] tensorflow - Level 1 - Registering BesselK0e (<function _BesselK0eGrad at 0x0000021DD6A8D760>) in gradient.
[2026-02-20 15:31:17,368] tensorflow - Level 1 - Registering BesselK1 (<function _BesselK1Grad at 0x0000021DD6A8D800>) in gradient.
[2026-02-20 15:31:17,369] tensorflow - Level 1 - Registering BesselK1e (<function _BesselK1eGrad at 0x0000021DD6A8D8A0>) in gradient.
[2026-02-20 15:31:17,369] tensorflow - Level 1 - Registering BesselJ0 (<function _BesselJ0Grad at 0x0000021DD6A8D940>) in gradient.
[2026-02-20 15:31:17,369] tensorflow - Level 1 - Registering BesselJ1 (<function _BesselJ1Grad at 0x0000021DD6A8D9E0>) in gradient.
[2026-02-20 15:31:17,370] tensorflow - Level 1 - Registering BesselY0 (<function _BesselY0Grad at 0x0000021DD6A8DA80>) in gradient.
[2026-02-20 15:31:17,370] tensorflow - Level 1 - Registering BesselY1 (<function _BesselY1Grad at 0x0000021DD6A8DB20>) in gradient.
[2026-02-20 15:31:17,370] tensorflow - Level 1 - Registering Igamma (<function _IgammaGrad at 0x0000021DD6A8DBC0>) in gradient.
[2026-02-20 15:31:17,371] tensorflow - Level 1 - Registering Igammac (<function _IgammacGrad at 0x0000021DD6A8DC60>) in gradient.
[2026-02-20 15:31:17,371] tensorflow - Level 1 - Registering Betainc (<function _BetaincGrad at 0x0000021DD6A8DD00>) in gradient.
[2026-02-20 15:31:17,371] tensorflow - Level 1 - Registering Zeta (<function _ZetaGrad at 0x0000021DD6A8DDA0>) in gradient.
[2026-02-20 15:31:17,372] tensorflow - Level 1 - Registering Polygamma (<function _PolygammaGrad at 0x0000021DD6A8DE40>) in gradient.
[2026-02-20 15:31:17,372] tensorflow - Level 1 - Registering Sigmoid (<function _SigmoidGrad at 0x0000021DD6A8DEE0>) in gradient.
[2026-02-20 15:31:17,372] tensorflow - Level 1 - Registering SigmoidGrad (<function _SigmoidGradGrad at 0x0000021DD6A8DF80>) in gradient.
[2026-02-20 15:31:17,372] tensorflow - Level 1 - Registering Sign (<function _SignGrad at 0x0000021DD6A8E020>) in gradient.
[2026-02-20 15:31:17,373] tensorflow - Level 1 - Registering Sin (<function _SinGrad at 0x0000021DD6A8E0C0>) in gradient.
[2026-02-20 15:31:17,373] tensorflow - Level 1 - Registering Cos (<function _CosGrad at 0x0000021DD6A8E160>) in gradient.
[2026-02-20 15:31:17,373] tensorflow - Level 1 - Registering Tan (<function _TanGrad at 0x0000021DD6A8E200>) in gradient.
[2026-02-20 15:31:17,374] tensorflow - Level 1 - Registering Asin (<function _AsinGrad at 0x0000021DD6A8E2A0>) in gradient.
[2026-02-20 15:31:17,374] tensorflow - Level 1 - Registering Acos (<function _AcosGrad at 0x0000021DD6A8E340>) in gradient.
[2026-02-20 15:31:17,374] tensorflow - Level 1 - Registering Atan (<function _AtanGrad at 0x0000021DD6A8E3E0>) in gradient.
[2026-02-20 15:31:17,375] tensorflow - Level 1 - Registering Atan2 (<function _Atan2Grad at 0x0000021DD6A8E480>) in gradient.
[2026-02-20 15:31:17,375] tensorflow - Level 1 - Registering AddN (<function _AddNGrad at 0x0000021DD6A8E520>) in gradient.
[2026-02-20 15:31:17,375] tensorflow - Level 1 - Registering AddV2 (<function _AddGrad at 0x0000021DD6A8E660>) in gradient.
[2026-02-20 15:31:17,376] tensorflow - Level 1 - Registering Add (<function _AddGrad at 0x0000021DD6A8E660>) in gradient.
[2026-02-20 15:31:17,376] tensorflow - Level 1 - Registering Sub (<function _SubGrad at 0x0000021DD6A8E700>) in gradient.
[2026-02-20 15:31:17,376] tensorflow - Level 1 - Registering Mul (<function _MulGrad at 0x0000021DD6A8E7A0>) in gradient.
[2026-02-20 15:31:17,376] tensorflow - Level 1 - Registering MulNoNan (<function _MulNoNanGrad at 0x0000021DD6A8E840>) in gradient.
[2026-02-20 15:31:17,377] tensorflow - Level 1 - Registering Div (<function _DivGrad at 0x0000021DD6A8E8E0>) in gradient.
[2026-02-20 15:31:17,377] tensorflow - Level 1 - Registering FloorDiv (<function _FloorDivGrad at 0x0000021DD6A8E980>) in gradient.
[2026-02-20 15:31:17,378] tensorflow - Level 1 - Registering FloorMod (<function _FloorModGrad at 0x0000021DD6A8EA20>) in gradient.
[2026-02-20 15:31:17,379] tensorflow - Level 1 - Registering TruncateDiv (<function _TruncateDivGrad at 0x0000021DD6A8EAC0>) in gradient.
[2026-02-20 15:31:17,379] tensorflow - Level 1 - Registering RealDiv (<function _RealDivGrad at 0x0000021DD6A8EB60>) in gradient.
[2026-02-20 15:31:17,379] tensorflow - Level 1 - Registering DivNoNan (<function _DivNoNanGrad at 0x0000021DD6A8EC00>) in gradient.
[2026-02-20 15:31:17,379] tensorflow - Level 1 - Registering Pow (<function _PowGrad at 0x0000021DD6A8ECA0>) in gradient.
[2026-02-20 15:31:17,380] tensorflow - Level 1 - Registering Maximum (<function _MaximumGrad at 0x0000021DD6A8EE80>) in gradient.
[2026-02-20 15:31:17,381] tensorflow - Level 1 - Registering Minimum (<function _MinimumGrad at 0x0000021DD6A8EF20>) in gradient.
[2026-02-20 15:31:17,381] tensorflow - Level 1 - Registering SquaredDifference (<function _SquaredDifferenceGrad at 0x0000021DD6A8EFC0>) in gradient.
[2026-02-20 15:31:17,382] tensorflow - Level 1 - Registering Less (None) in gradient.
[2026-02-20 15:31:17,382] tensorflow - Level 1 - Registering LessEqual (None) in gradient.
[2026-02-20 15:31:17,382] tensorflow - Level 1 - Registering Greater (None) in gradient.
[2026-02-20 15:31:17,383] tensorflow - Level 1 - Registering GreaterEqual (None) in gradient.
[2026-02-20 15:31:17,383] tensorflow - Level 1 - Registering Equal (None) in gradient.
[2026-02-20 15:31:17,384] tensorflow - Level 1 - Registering ApproximateEqual (None) in gradient.
[2026-02-20 15:31:17,384] tensorflow - Level 1 - Registering NotEqual (None) in gradient.
[2026-02-20 15:31:17,385] tensorflow - Level 1 - Registering LogicalAnd (None) in gradient.
[2026-02-20 15:31:17,385] tensorflow - Level 1 - Registering LogicalOr (None) in gradient.
[2026-02-20 15:31:17,386] tensorflow - Level 1 - Registering LogicalNot (None) in gradient.
[2026-02-20 15:31:17,386] tensorflow - Level 1 - Registering Select (<function _SelectGrad at 0x0000021DD6A8F060>) in gradient.
[2026-02-20 15:31:17,386] tensorflow - Level 1 - Registering SelectV2 (<function _SelectGradV2 at 0x0000021DD6A8F100>) in gradient.
[2026-02-20 15:31:17,386] tensorflow - Level 1 - Registering MatMul (<function _MatMulGrad at 0x0000021DD6A8F2E0>) in gradient.
[2026-02-20 15:31:17,386] tensorflow - Level 1 - Registering SparseMatMul (<function _SparseMatMulGrad at 0x0000021DD6A8F380>) in gradient.
[2026-02-20 15:31:17,386] tensorflow - Level 1 - Registering Floor (<function _FloorGrad at 0x0000021DD6A8F420>) in gradient.
[2026-02-20 15:31:17,386] tensorflow - Level 1 - Registering Ceil (<function _CeilGrad at 0x0000021DD6A8F4C0>) in gradient.
[2026-02-20 15:31:17,386] tensorflow - Level 1 - Registering Round (<function _RoundGrad at 0x0000021DD6A8F560>) in gradient.
[2026-02-20 15:31:17,387] tensorflow - Level 1 - Registering Rint (<function _RintGrad at 0x0000021DD6A8F600>) in gradient.
[2026-02-20 15:31:17,387] tensorflow - Level 1 - Registering BatchMatMul (<function _BatchMatMul at 0x0000021DD6A8F6A0>) in gradient.
[2026-02-20 15:31:17,387] tensorflow - Level 1 - Registering BatchMatMulV3 (<function _BatchMatMulV2 at 0x0000021DD6A8F740>) in gradient.
[2026-02-20 15:31:17,388] tensorflow - Level 1 - Registering BatchMatMulV2 (<function _BatchMatMulV2 at 0x0000021DD6A8F740>) in gradient.
[2026-02-20 15:31:17,388] tensorflow - Level 1 - Registering Range (None) in gradient.
[2026-02-20 15:31:17,388] tensorflow - Level 1 - Registering LinSpace (None) in gradient.
[2026-02-20 15:31:17,389] tensorflow - Level 1 - Registering Complex (<function _ComplexGrad at 0x0000021DD6A8F7E0>) in gradient.
[2026-02-20 15:31:17,389] tensorflow - Level 1 - Registering Real (<function _RealGrad at 0x0000021DD6A8F880>) in gradient.
[2026-02-20 15:31:17,389] tensorflow - Level 1 - Registering Imag (<function _ImagGrad at 0x0000021DD6A8F920>) in gradient.
[2026-02-20 15:31:17,389] tensorflow - Level 1 - Registering Angle (<function _AngleGrad at 0x0000021DD6A8F9C0>) in gradient.
[2026-02-20 15:31:17,390] tensorflow - Level 1 - Registering Conj (<function _ConjGrad at 0x0000021DD6A8FA60>) in gradient.
[2026-02-20 15:31:17,390] tensorflow - Level 1 - Registering ComplexAbs (<function _ComplexAbsGrad at 0x0000021DD6A8FB00>) in gradient.
[2026-02-20 15:31:17,390] tensorflow - Level 1 - Registering Cast (<function _CastGrad at 0x0000021DD6A8FBA0>) in gradient.
[2026-02-20 15:31:17,390] tensorflow - Level 1 - Registering Cross (<function _CrossGrad at 0x0000021DD6A8FC40>) in gradient.
[2026-02-20 15:31:17,390] tensorflow - Level 1 - Registering Cumsum (<function _CumsumGrad at 0x0000021DD6A8FCE0>) in gradient.
[2026-02-20 15:31:17,391] tensorflow - Level 1 - Registering Cumprod (<function _CumprodGrad at 0x0000021DD6A8FD80>) in gradient.
[2026-02-20 15:31:17,391] tensorflow - Level 1 - Registering CumulativeLogsumexp (<function _CumulativeLogsumexpGrad at 0x0000021DD6A8FE20>) in gradient.
[2026-02-20 15:31:17,391] tensorflow - Level 1 - Registering NextAfter (<function _NextAfterGrad at 0x0000021DD6A8FEC0>) in gradient.
[2026-02-20 15:31:17,398] tensorflow - Level 1 - Registering NcclAllReduce (<function _all_sum_grad at 0x0000021DD6AA42C0>) in gradient.
[2026-02-20 15:31:17,398] tensorflow - Level 1 - Registering NcclReduce (<function _reduce_sum_grad at 0x0000021DD6AA4EA0>) in gradient.
[2026-02-20 15:31:17,398] tensorflow - Level 1 - Registering NcclBroadcast (<function _broadcast_grad at 0x0000021DD6AA4FE0>) in gradient.
[2026-02-20 15:31:17,398] tensorflow - Level 1 - Registering OptionalFromValue (<function _OptionalFromValueGrad at 0x0000021DD6AA4C20>) in gradient.
[2026-02-20 15:31:17,398] tensorflow - Level 1 - Registering OptionalGetValue (<function _OptionalGetValueGrad at 0x0000021DD6AA5300>) in gradient.
[2026-02-20 15:31:17,398] tensorflow - Level 1 - Registering DecodeRaw (None) in gradient.
[2026-02-20 15:31:17,408] tensorflow - Level 1 - Registering DecodePaddedRaw (None) in gradient.
[2026-02-20 15:31:17,408] tensorflow - Level 1 - Registering ParseTensor (None) in gradient.
[2026-02-20 15:31:17,408] tensorflow - Level 1 - Registering SerializeTensor (None) in gradient.
[2026-02-20 15:31:17,409] tensorflow - Level 1 - Registering StringToNumber (None) in gradient.
[2026-02-20 15:31:17,416] tensorflow - Level 1 - Registering DecodeProtoV2 (None) in gradient.
[2026-02-20 15:31:17,418] tensorflow - Level 1 - Registering EncodeProto (None) in gradient.
[2026-02-20 15:31:17,421] tensorflow - Level 1 - Registering RandomGamma (<function _RandomGammaGrad at 0x0000021DD6AA6020>) in gradient.
[2026-02-20 15:31:17,423] tensorflow - Level 1 - Registering StatelessRandomGammaV2 (<function _StatelessRandomGammaV2Grad at 0x0000021DD6AA6160>) in gradient.
[2026-02-20 15:31:17,423] tensorflow - Level 1 - Registering StatelessRandomGammaV3 (<function _StatelessRandomGammaV3Grad at 0x0000021DD6AA62A0>) in gradient.
[2026-02-20 15:31:17,424] tensorflow - Level 1 - Registering StatelessParameterizedTruncatedNormal (<function _StatelessParameterizedTruncatedNormalGrad at 0x0000021DD6AA6520>) in gradient.
[2026-02-20 15:31:17,438] tensorflow - Level 1 - Registering BlockLSTM (<function _block_lstm_grad at 0x0000021DD6AA6200>) in gradient.
[2026-02-20 15:31:17,440] tensorflow - Level 1 - Registering BlockLSTMV2 (<function _block_lstm_grad at 0x0000021DD6AA6200>) in gradient.
[2026-02-20 15:31:17,449] tensorflow - Level 1 - Registering SdcaFprint (None) in gradient.
[2026-02-20 15:31:17,452] tensorflow - Level 1 - Registering SdcaOptimizer (None) in gradient.
[2026-02-20 15:31:17,452] tensorflow - Level 1 - Registering SdcaOptimizerV2 (None) in gradient.
[2026-02-20 15:31:17,452] tensorflow - Level 1 - Registering SdcaShrinkL1 (None) in gradient.
[2026-02-20 15:31:17,462] tensorflow - Level 1 - Registering SetSize (None) in gradient.
[2026-02-20 15:31:17,464] tensorflow - Level 1 - Registering DenseToDenseSetOperation (None) in gradient.
[2026-02-20 15:31:17,465] tensorflow - Level 1 - Registering DenseToSparseSetOperation (None) in gradient.
[2026-02-20 15:31:17,465] tensorflow - Level 1 - Registering SparseToSparseSetOperation (None) in gradient.
[2026-02-20 15:31:17,470] tensorflow - Level 1 - Registering SparseAddGrad (None) in gradient.
[2026-02-20 15:31:17,473] tensorflow - Level 1 - Registering SparseConcat (None) in gradient.
[2026-02-20 15:31:17,473] tensorflow - Level 1 - Registering SparseReorder (<function _SparseReorderGrad at 0x0000021DD6AF9580>) in gradient.
[2026-02-20 15:31:17,474] tensorflow - Level 1 - Registering SparseAdd (<function _SparseAddGrad at 0x0000021DD6AF9760>) in gradient.
[2026-02-20 15:31:17,474] tensorflow - Level 1 - Registering SparseTensorDenseAdd (<function _SparseTensorDenseAddGrad at 0x0000021DD6AF96C0>) in gradient.
[2026-02-20 15:31:17,474] tensorflow - Level 1 - Registering SparseReduceSum (<function _SparseReduceSumGrad at 0x0000021DD6AF9800>) in gradient.
[2026-02-20 15:31:17,474] tensorflow - Level 1 - Registering SparseSlice (<function _SparseSliceGrad at 0x0000021DD6AF98A0>) in gradient.
[2026-02-20 15:31:17,475] tensorflow - Level 1 - Registering SparseTensorDenseMatMul (<function _SparseTensorDenseMatMulGrad at 0x0000021DD6AF9940>) in gradient.
[2026-02-20 15:31:17,475] tensorflow - Level 1 - Registering SparseDenseCwiseAdd (<function _SparseDenseCwiseAddGrad at 0x0000021DD6AF99E0>) in gradient.
[2026-02-20 15:31:17,476] tensorflow - Level 1 - Registering SparseDenseCwiseMul (<function _SparseDenseCwiseMulGrad at 0x0000021DD6AF9B20>) in gradient.
[2026-02-20 15:31:17,476] tensorflow - Level 1 - Registering SparseDenseCwiseDiv (<function _SparseDenseCwiseDivGrad at 0x0000021DD6AF9BC0>) in gradient.
[2026-02-20 15:31:17,476] tensorflow - Level 1 - Registering SparseSoftmax (<function _SparseSoftmaxGrad at 0x0000021DD6AF9C60>) in gradient.
[2026-02-20 15:31:17,477] tensorflow - Level 1 - Registering SparseSparseMaximum (<function _SparseSparseMaximumGrad at 0x0000021DD6AF9D00>) in gradient.
[2026-02-20 15:31:17,478] tensorflow - Level 1 - Registering SparseSparseMinimum (<function _SparseSparseMinimumGrad at 0x0000021DD6AF9DA0>) in gradient.
[2026-02-20 15:31:17,478] tensorflow - Level 1 - Registering SparseFillEmptyRows (<function _SparseFillEmptyRowsGrad at 0x0000021DD6AF9E40>) in gradient.
[2026-02-20 15:31:17,478] tensorflow - Level 1 - Registering SparseToDense (<function _SparseToDenseGrad at 0x0000021DD6AF9EE0>) in gradient.
[2026-02-20 15:31:17,481] tensorflow - Level 1 - Registering TensorArray (None) in gradient.
[2026-02-20 15:31:17,484] tensorflow - Level 1 - Registering TensorArrayGrad (None) in gradient.
[2026-02-20 15:31:17,484] tensorflow - Level 1 - Registering TensorArraySize (None) in gradient.
[2026-02-20 15:31:17,484] tensorflow - Level 1 - Registering TensorArrayClose (None) in gradient.
[2026-02-20 15:31:17,485] tensorflow - Level 1 - Registering TensorArrayV2 (None) in gradient.
[2026-02-20 15:31:17,485] tensorflow - Level 1 - Registering TensorArrayGradV2 (None) in gradient.
[2026-02-20 15:31:17,485] tensorflow - Level 1 - Registering TensorArraySizeV2 (None) in gradient.
[2026-02-20 15:31:17,486] tensorflow - Level 1 - Registering TensorArrayCloseV2 (None) in gradient.
[2026-02-20 15:31:17,486] tensorflow - Level 1 - Registering TensorArrayV3 (None) in gradient.
[2026-02-20 15:31:17,487] tensorflow - Level 1 - Registering TensorArrayGradV3 (None) in gradient.
[2026-02-20 15:31:17,487] tensorflow - Level 1 - Registering TensorArrayGradWithShape (None) in gradient.
[2026-02-20 15:31:17,487] tensorflow - Level 1 - Registering TensorArraySizeV3 (None) in gradient.
[2026-02-20 15:31:17,487] tensorflow - Level 1 - Registering TensorArrayCloseV3 (None) in gradient.
[2026-02-20 15:31:17,487] tensorflow - Level 1 - Registering TensorArrayReadV3 (<function _TensorArrayReadGrad at 0x0000021DD6AFA0C0>) in gradient.
[2026-02-20 15:31:17,488] tensorflow - Level 1 - Registering TensorArrayReadV2 (<function _TensorArrayReadGrad at 0x0000021DD6AFA0C0>) in gradient.
[2026-02-20 15:31:17,488] tensorflow - Level 1 - Registering TensorArrayRead (<function _TensorArrayReadGrad at 0x0000021DD6AFA0C0>) in gradient.
[2026-02-20 15:31:17,488] tensorflow - Level 1 - Registering TensorArrayWriteV3 (<function _TensorArrayWriteGrad at 0x0000021DD6AFA020>) in gradient.
[2026-02-20 15:31:17,488] tensorflow - Level 1 - Registering TensorArrayWriteV2 (<function _TensorArrayWriteGrad at 0x0000021DD6AFA020>) in gradient.
[2026-02-20 15:31:17,489] tensorflow - Level 1 - Registering TensorArrayWrite (<function _TensorArrayWriteGrad at 0x0000021DD6AFA020>) in gradient.
[2026-02-20 15:31:17,489] tensorflow - Level 1 - Registering TensorArrayGatherV3 (<function _TensorArrayGatherGrad at 0x0000021DD6AFA160>) in gradient.
[2026-02-20 15:31:17,489] tensorflow - Level 1 - Registering TensorArrayGatherV2 (<function _TensorArrayGatherGrad at 0x0000021DD6AFA160>) in gradient.
[2026-02-20 15:31:17,490] tensorflow - Level 1 - Registering TensorArrayGather (<function _TensorArrayGatherGrad at 0x0000021DD6AFA160>) in gradient.
[2026-02-20 15:31:17,491] tensorflow - Level 1 - Registering TensorArrayScatterV3 (<function _TensorArrayScatterGrad at 0x0000021DD6AFA200>) in gradient.
[2026-02-20 15:31:17,491] tensorflow - Level 1 - Registering TensorArrayScatterV2 (<function _TensorArrayScatterGrad at 0x0000021DD6AFA200>) in gradient.
[2026-02-20 15:31:17,491] tensorflow - Level 1 - Registering TensorArrayScatter (<function _TensorArrayScatterGrad at 0x0000021DD6AFA200>) in gradient.
[2026-02-20 15:31:17,492] tensorflow - Level 1 - Registering TensorArrayConcatV3 (<function _TensorArrayConcatGrad at 0x0000021DD6AFA2A0>) in gradient.
[2026-02-20 15:31:17,492] tensorflow - Level 1 - Registering TensorArrayConcatV2 (<function _TensorArrayConcatGrad at 0x0000021DD6AFA2A0>) in gradient.
[2026-02-20 15:31:17,493] tensorflow - Level 1 - Registering TensorArrayConcat (<function _TensorArrayConcatGrad at 0x0000021DD6AFA2A0>) in gradient.
[2026-02-20 15:31:17,493] tensorflow - Level 1 - Registering TensorArraySplitV3 (<function _TensorArraySplitGrad at 0x0000021DD6AFA340>) in gradient.
[2026-02-20 15:31:17,494] tensorflow - Level 1 - Registering TensorArraySplitV2 (<function _TensorArraySplitGrad at 0x0000021DD6AFA340>) in gradient.
[2026-02-20 15:31:17,494] tensorflow - Level 1 - Registering TensorArraySplit (<function _TensorArraySplitGrad at 0x0000021DD6AFA340>) in gradient.
[2026-02-20 15:31:17,515] tensorflow - Level 1 - Registering DenseToCSRSparseMatrix (<function _DenseToCSRSparseMatrixGrad at 0x0000021DD6AFA5C0>) in gradient.
[2026-02-20 15:31:17,517] tensorflow - Level 1 - Registering CSRSparseMatrixToDense (<function _CSRSparseMatrixToDenseGrad at 0x0000021DD6AFA700>) in gradient.
[2026-02-20 15:31:17,517] tensorflow - Level 1 - Registering SparseTensorToCSRSparseMatrix (<function _SparseTensorToCSRSparseMatrixGrad at 0x0000021DD6B2F100>) in gradient.
[2026-02-20 15:31:17,517] tensorflow - Level 1 - Registering CSRSparseMatrixToSparseTensor (<function _CSRSparseMatrixToSparseTensorGrad at 0x0000021DD6B2F060>) in gradient.
[2026-02-20 15:31:17,517] tensorflow - Level 1 - Registering SparseMatrixNNZ (None) in gradient.
[2026-02-20 15:31:17,517] tensorflow - Level 1 - Registering SparseMatrixZeros (None) in gradient.
[2026-02-20 15:31:17,517] tensorflow - Level 1 - Registering SparseMatrixAdd (<function _SparseMatrixAddGrad at 0x0000021DD6B2F2E0>) in gradient.
[2026-02-20 15:31:17,517] tensorflow - Level 1 - Registering SparseMatrixTranspose (<function _SparseMatrixTransposeGrad at 0x0000021DD6B2F420>) in gradient.
[2026-02-20 15:31:17,517] tensorflow - Level 1 - Registering SparseMatrixSoftmax (<function _SparseMatrixSoftmaxGrad at 0x0000021DD6B2F4C0>) in gradient.
[2026-02-20 15:31:17,517] tensorflow - Level 1 - Registering SparseMatrixMatMul (<function _SparseMatrixMatMulGrad at 0x0000021DD6B2F560>) in gradient.
[2026-02-20 15:31:17,517] tensorflow - Level 1 - Registering SparseMatrixSparseMatMul (<function _SparseMatrixSparseMatMulGrad at 0x0000021DD6B2F600>) in gradient.
[2026-02-20 15:31:17,517] tensorflow - Level 1 - Registering SparseMatrixMul (<function _SparseMatrixMulGrad at 0x0000021DD6B2F6A0>) in gradient.
[2026-02-20 15:31:17,546] tensorflow - Level 1 - Registering FFT (<function _fft_grad at 0x0000021DD6B751C0>) in gradient.
[2026-02-20 15:31:17,550] tensorflow - Level 1 - Registering IFFT (<function _ifft_grad at 0x0000021DD6B75260>) in gradient.
[2026-02-20 15:31:17,551] tensorflow - Level 1 - Registering FFT2D (<function _fft2d_grad at 0x0000021DD6B75300>) in gradient.
[2026-02-20 15:31:17,551] tensorflow - Level 1 - Registering IFFT2D (<function _ifft2d_grad at 0x0000021DD6B75440>) in gradient.
[2026-02-20 15:31:17,551] tensorflow - Level 1 - Registering FFT3D (<function _fft3d_grad at 0x0000021DD6B754E0>) in gradient.
[2026-02-20 15:31:17,552] tensorflow - Level 1 - Registering IFFT3D (<function _ifft3d_grad at 0x0000021DD6B75580>) in gradient.
[2026-02-20 15:31:17,553] tensorflow - Level 1 - Registering RFFT (<function _rfft_grad_helper.<locals>._grad at 0x0000021DD6B759E0>) in gradient.
[2026-02-20 15:31:17,553] tensorflow - Level 1 - Registering IRFFT (<function _irfft_grad_helper.<locals>._grad at 0x0000021DD6B75BC0>) in gradient.
[2026-02-20 15:31:17,554] tensorflow - Level 1 - Registering RFFT2D (<function _rfft_grad_helper.<locals>._grad at 0x0000021DD6B75C60>) in gradient.
[2026-02-20 15:31:17,554] tensorflow - Level 1 - Registering IRFFT2D (<function _irfft_grad_helper.<locals>._grad at 0x0000021DD6B75D00>) in gradient.
[2026-02-20 15:31:17,562] tensorflow - Level 1 - Registering GenerateVocabRemapping (None) in gradient.
[2026-02-20 15:31:17,566] tensorflow - Level 1 - Registering LoadAndRemapMatrix (None) in gradient.
[2026-02-20 15:31:17,610] tensorflow - Level 1 - Registering XlaVariadicReduce (None) in gradient.
[2026-02-20 15:31:17,610] tensorflow - Level 1 - Registering XlaSharding (<function _sharding_grad at 0x0000021DD6C30720>) in gradient.
[2026-02-20 15:31:17,610] tensorflow - Level 1 - Registering XlaSpmdFullToShardShape (<function _spmd_full_to_shard_shape_grad at 0x0000021DD6C307C0>) in gradient.
[2026-02-20 15:31:17,610] tensorflow - Level 1 - Registering XlaSpmdShardToFullShape (<function _spmd_shard_to_full_shape_grad at 0x0000021DD6C30860>) in gradient.
[2026-02-20 15:31:17,646] tensorflow - Level 1 - Registering CTCLoss (<function _CTCLossGrad at 0x0000021DD6E84CC0>) in gradient.
[2026-02-20 15:31:17,649] tensorflow - Level 1 - Registering CTCLossV2 (<function _CTCLossV2Grad at 0x0000021DD6E84D60>) in gradient.
[2026-02-20 15:31:17,651] tensorflow - Level 1 - Registering CTCGreedyDecoder (None) in gradient.
[2026-02-20 15:31:17,652] tensorflow - Level 1 - Registering CTCBeamSearchDecoder (None) in gradient.
[2026-02-20 15:31:17,657] tensorflow - Level 1 - Registering FusedBatchNormGrad (<function _FusedBatchNormGradGrad at 0x0000021DD6E867A0>) in gradient.
[2026-02-20 15:31:17,659] tensorflow - Level 1 - Registering FusedBatchNormGradV2 (<function _FusedBatchNormGradGradV2 at 0x0000021DD6E86840>) in gradient.
[2026-02-20 15:31:17,660] tensorflow - Level 1 - Registering FusedBatchNormGradV3 (<function _FusedBatchNormGradGradV3 at 0x0000021DD6E86A20>) in gradient.
[2026-02-20 15:31:17,678] tensorflow - Level 1 - Registering variables ((<class 'tensorflow.core.framework.variable_pb2.VariableDef'>, <function _to_proto_fn at 0x0000021DD6EC6B60>, <function _from_proto_fn at 0x0000021DD6EC6DE0>)) in proto functions.
[2026-02-20 15:31:17,681] tensorflow - Level 1 - Registering trainable_variables ((<class 'tensorflow.core.framework.variable_pb2.VariableDef'>, <function _to_proto_fn at 0x0000021DD6EC6B60>, <function _from_proto_fn at 0x0000021DD6EC6DE0>)) in proto functions.
[2026-02-20 15:31:17,681] tensorflow - Level 1 - Registering moving_average_variables ((<class 'tensorflow.core.framework.variable_pb2.VariableDef'>, <function _to_proto_fn at 0x0000021DD6EC6B60>, <function _from_proto_fn at 0x0000021DD6EC6DE0>)) in proto functions.
[2026-02-20 15:31:17,681] tensorflow - Level 1 - Registering local_variables ((<class 'tensorflow.core.framework.variable_pb2.VariableDef'>, <function _to_proto_fn at 0x0000021DD6EC6B60>, <function _from_proto_fn at 0x0000021DD6EC6DE0>)) in proto functions.
[2026-02-20 15:31:17,682] tensorflow - Level 1 - Registering model_variables ((<class 'tensorflow.core.framework.variable_pb2.VariableDef'>, <function _to_proto_fn at 0x0000021DD6EC6B60>, <function _from_proto_fn at 0x0000021DD6EC6DE0>)) in proto functions.
[2026-02-20 15:31:17,682] tensorflow - Level 1 - Registering global_step ((<class 'tensorflow.core.framework.variable_pb2.VariableDef'>, <function _to_proto_fn at 0x0000021DD6EC6B60>, <function _from_proto_fn at 0x0000021DD6EC6DE0>)) in proto functions.
[2026-02-20 15:31:17,682] tensorflow - Level 1 - Registering metric_variables ((<class 'tensorflow.core.framework.variable_pb2.VariableDef'>, <function _to_proto_fn at 0x0000021DD6EC6B60>, <function _from_proto_fn at 0x0000021DD6EC6DE0>)) in proto functions.
[2026-02-20 15:31:17,685] tensorflow - Level 1 - Registering RandomCrop (None) in gradient.
[2026-02-20 15:31:17,690] tensorflow - Level 1 - Registering HSVToRGB (None) in gradient.
[2026-02-20 15:31:17,690] tensorflow - Level 1 - Registering DrawBoundingBoxes (None) in gradient.
[2026-02-20 15:31:17,691] tensorflow - Level 1 - Registering SampleDistortedBoundingBox (None) in gradient.
[2026-02-20 15:31:17,691] tensorflow - Level 1 - Registering SampleDistortedBoundingBoxV2 (None) in gradient.
[2026-02-20 15:31:17,691] tensorflow - Level 1 - Registering ExtractGlimpse (None) in gradient.
[2026-02-20 15:31:17,691] tensorflow - Level 1 - Registering NonMaxSuppression (None) in gradient.
[2026-02-20 15:31:17,691] tensorflow - Level 1 - Registering NonMaxSuppressionV2 (None) in gradient.
[2026-02-20 15:31:17,691] tensorflow - Level 1 - Registering NonMaxSuppressionWithOverlaps (None) in gradient.
[2026-02-20 15:31:17,691] tensorflow - Level 1 - Registering GenerateBoundingBoxProposals (None) in gradient.
[2026-02-20 15:31:17,715] tensorflow - Level 1 - Registering ImageProjectiveTransformV2 (<function _image_projective_transform_grad at 0x0000021DD6FAB7E0>) in gradient.
[2026-02-20 15:31:17,719] tensorflow - Level 1 - Registering ImageProjectiveTransformV3 (<function _image_projective_transform_v3_grad at 0x0000021DD6FAB9C0>) in gradient.
[2026-02-20 15:31:17,926] tensorflow - Level 1 - Registering savers ((<class 'tensorflow.core.protobuf.saver_pb2.SaverDef'>, <function Saver.to_proto at 0x0000021DD727ED40>, <function Saver.from_proto at 0x0000021DD727EDE0>)) in proto functions.
[2026-02-20 15:31:17,949] tensorflow - Level 1 - Registering EagerPyFunc (<function _EagerPyFuncGrad at 0x0000021DD72AB9C0>) in gradient.
[2026-02-20 15:31:17,952] tensorflow - Level 1 - Registering PyFunc (None) in gradient.
[2026-02-20 15:31:17,953] tensorflow - Level 1 - Registering PyFuncStateless (None) in gradient.
[2026-02-20 15:31:17,984] tensorflow - Level 1 - Registering ReduceDataset (None) in gradient.
[2026-02-20 15:31:17,993] tensorflow - Level 1 - Registering tensorflow.python.data.ops.dataset_ops (<function _tf2_callback at 0x0000021DD7301E40>) in data_v2_callbacks.
[2026-02-20 15:31:18,009] tensorflow - Level 1 - Registering _resource_resolver (<function _resource_resolver at 0x0000021DD738EAC0>) in acd_resource_resolvers.
[2026-02-20 15:31:18,033] tensorflow - Level 1 - Registering tensorflow.python.data.experimental.ops.counter (<function _tf2_callback at 0x0000021DD738FE20>) in data_v2_callbacks.
[2026-02-20 15:31:18,068] tensorflow - Level 1 - Registering tensorflow.python.data.ops.readers (<function _tf2_callback at 0x0000021DD738F6A0>) in data_v2_callbacks.
[2026-02-20 15:31:18,075] tensorflow - Level 1 - Registering tensorflow.python.data.experimental.ops.interleave_ops (<function _tf2_callback at 0x0000021DD73A3740>) in data_v2_callbacks.
[2026-02-20 15:31:18,124] tensorflow - Level 1 - Registering tensorflow.python.data.experimental.ops.random_ops (<function _tf2_callback at 0x0000021DD7446B60>) in data_v2_callbacks.
[2026-02-20 15:31:18,132] tensorflow - Level 1 - Registering tensorflow.python.data.experimental.ops.readers (<function _tf2_callback at 0x0000021DD74644A0>) in data_v2_callbacks.
[2026-02-20 15:31:18,421] tensorflow - Level 1 - Registering tpu_replicated_input_resolver (<function tpu_replicated_input_resolver at 0x0000021DD76D44A0>) in acd_resource_resolvers.
[2026-02-20 15:31:18,432] tensorflow - DEBUG - Falling back to TensorFlow client; we recommended you install the Cloud TPU client directly with pip install cloud-tpu-client.
[2026-02-20 15:31:18,694] tensorflow - Level 1 - Registering queue_runners ((<class 'tensorflow.core.protobuf.queue_runner_pb2.QueueRunnerDef'>, <function QueueRunner.to_proto at 0x0000021DD78EEE80>, <function QueueRunner.from_proto at 0x0000021DD78EEF20>)) in proto functions.
[2026-02-20 15:31:19,513] h5py._conv - DEBUG - Creating converter from 7 to 5
[2026-02-20 15:31:19,514] h5py._conv - DEBUG - Creating converter from 5 to 7
[2026-02-20 15:31:19,514] h5py._conv - DEBUG - Creating converter from 7 to 5
[2026-02-20 15:31:19,514] h5py._conv - DEBUG - Creating converter from 5 to 7
[2026-02-20 15:31:19,932] tensorflow - Level 1 - Registering DebugGradientIdentity (<function _identify_gradient_grad at 0x0000021DD93BF880>) in gradient.
[2026-02-20 15:31:19,934] tensorflow - Level 1 - Registering DebugGradientRefIdentity (<function _identify_gradient_grad_ref at 0x0000021DD93BF920>) in gradient.
[2026-02-20 15:31:20,022] tensorflow - Level 1 - Registering DebugIdentityV2 (<function _debug_identity_v2_grad at 0x0000021DD9436CA0>) in gradient.
[2026-02-20 15:31:20,547] tensorflow - Level 1 - Registering AudioMicrofrontend (None) in gradient.
[2026-02-20 15:31:20,707] tensorflow - Level 1 - Registering Reciprocal,flops (<function _reciprocal_flops at 0x0000021DD9A305E0>) in statistical functions.
[2026-02-20 15:31:20,707] tensorflow - Level 1 - Registering Square,flops (<function _square_flops at 0x0000021DD9A30680>) in statistical functions.
[2026-02-20 15:31:20,707] tensorflow - Level 1 - Registering Rsqrt,flops (<function _rsqrt_flops at 0x0000021DD9A307C0>) in statistical functions.
[2026-02-20 15:31:20,707] tensorflow - Level 1 - Registering Log,flops (<function _log_flops at 0x0000021DD9A30720>) in statistical functions.
[2026-02-20 15:31:20,707] tensorflow - Level 1 - Registering Neg,flops (<function _neg_flops at 0x0000021DD9A30860>) in statistical functions.
[2026-02-20 15:31:20,707] tensorflow - Level 1 - Registering AssignSub,flops (<function _assign_sub_flops at 0x0000021DD9A30900>) in statistical functions.
[2026-02-20 15:31:20,707] tensorflow - Level 1 - Registering AssignAdd,flops (<function _assign_add_flops at 0x0000021DD9A309A0>) in statistical functions.
[2026-02-20 15:31:20,707] tensorflow - Level 1 - Registering L2Loss,flops (<function _l2_loss_flops at 0x0000021DD9A30A40>) in statistical functions.
[2026-02-20 15:31:20,707] tensorflow - Level 1 - Registering Softmax,flops (<function _softmax_flops at 0x0000021DD9A30AE0>) in statistical functions.
[2026-02-20 15:31:20,707] tensorflow - Level 1 - Registering AddV2,flops (<function _add_flops at 0x0000021DD9A30C20>) in statistical functions.
[2026-02-20 15:31:20,707] tensorflow - Level 1 - Registering Add,flops (<function _add_flops at 0x0000021DD9A30C20>) in statistical functions.
[2026-02-20 15:31:20,707] tensorflow - Level 1 - Registering Sub,flops (<function _sub_flops at 0x0000021DD9A30CC0>) in statistical functions.
[2026-02-20 15:31:20,707] tensorflow - Level 1 - Registering Mul,flops (<function _mul_flops at 0x0000021DD9A30D60>) in statistical functions.
[2026-02-20 15:31:20,707] tensorflow - Level 1 - Registering RealDiv,flops (<function _real_div_flops at 0x0000021DD9A30E00>) in statistical functions.
[2026-02-20 15:31:20,707] tensorflow - Level 1 - Registering Maximum,flops (<function _maximum_flops at 0x0000021DD9A30EA0>) in statistical functions.
[2026-02-20 15:31:20,707] tensorflow - Level 1 - Registering Minimum,flops (<function _minimum_flops at 0x0000021DD9A30F40>) in statistical functions.
[2026-02-20 15:31:20,717] tensorflow - Level 1 - Registering Pow,flops (<function _pow_flops at 0x0000021DD9A30FE0>) in statistical functions.
[2026-02-20 15:31:20,717] tensorflow - Level 1 - Registering RsqrtGrad,flops (<function _rsqrt_grad_flops at 0x0000021DD9A31080>) in statistical functions.
[2026-02-20 15:31:20,717] tensorflow - Level 1 - Registering GreaterEqual,flops (<function _greater_equal_flops at 0x0000021DD9A31120>) in statistical functions.
[2026-02-20 15:31:20,717] tensorflow - Level 1 - Registering Greater,flops (<function _greater_flops at 0x0000021DD9A311C0>) in statistical functions.
[2026-02-20 15:31:20,717] tensorflow - Level 1 - Registering LessEqual,flops (<function _less_equal_flops at 0x0000021DD9A31260>) in statistical functions.
[2026-02-20 15:31:20,717] tensorflow - Level 1 - Registering Less,flops (<function _less_flops at 0x0000021DD9A31300>) in statistical functions.
[2026-02-20 15:31:20,717] tensorflow - Level 1 - Registering Equal,flops (<function _equal_flops at 0x0000021DD9A313A0>) in statistical functions.
[2026-02-20 15:31:20,717] tensorflow - Level 1 - Registering NotEqual,flops (<function _not_equal_flops at 0x0000021DD9A31440>) in statistical functions.
[2026-02-20 15:31:20,717] tensorflow - Level 1 - Registering SquaredDifference,flops (<function _squared_difference_flops at 0x0000021DD9A314E0>) in statistical functions.
[2026-02-20 15:31:20,717] tensorflow - Level 1 - Registering Mean,flops (<function _mean_flops at 0x0000021DD9A31620>) in statistical functions.
[2026-02-20 15:31:20,717] tensorflow - Level 1 - Registering Sum,flops (<function _sum_flops at 0x0000021DD9A316C0>) in statistical functions.
[2026-02-20 15:31:20,717] tensorflow - Level 1 - Registering ArgMax,flops (<function _arg_max_flops at 0x0000021DD9A31760>) in statistical functions.
[2026-02-20 15:31:20,717] tensorflow - Level 1 - Registering ArgMin,flops (<function _arg_min_flops at 0x0000021DD9A31800>) in statistical functions.
[2026-02-20 15:31:20,721] tensorflow - Level 1 - Registering BiasAddGrad,flops (<function _bias_add_grad_flops at 0x0000021DD9A318A0>) in statistical functions.
[2026-02-20 15:31:20,721] tensorflow - Level 1 - Registering AvgPool,flops (<function _avg_pool_flops at 0x0000021DD9A31A80>) in statistical functions.
[2026-02-20 15:31:20,721] tensorflow - Level 1 - Registering MaxPool,flops (<function _max_pool_flops at 0x0000021DD9A31B20>) in statistical functions.
[2026-02-20 15:31:20,721] tensorflow - Level 1 - Registering AvgPoolGrad,flops (<function _avg_pool_grad_flops at 0x0000021DD9A31BC0>) in statistical functions.
[2026-02-20 15:31:20,721] tensorflow - Level 1 - Registering MaxPoolGrad,flops (<function _max_pool_grad_flops at 0x0000021DD9A31C60>) in statistical functions.
[2026-02-20 15:31:20,721] tensorflow - Level 1 - Registering Conv2DBackpropInput,flops (<function _conv_2d_backprop_input_flops at 0x0000021DD9A31D00>) in statistical functions.
[2026-02-20 15:31:20,721] tensorflow - Level 1 - Registering Conv2DBackpropFilter,flops (<function _conv_2d_backprop_filter_flops at 0x0000021DD9A31DA0>) in statistical functions.
[2026-02-20 15:31:20,721] tensorflow - Level 1 - Registering AddN,flops (<function _add_n_flops at 0x0000021DD9A31E40>) in statistical functions.
[2026-02-20 15:31:20,721] tensorflow - Level 1 - Registering MatMul,flops (<function _calc_mat_mul_flops at 0x0000021DD9A31EE0>) in statistical functions.
[2026-02-20 15:31:20,721] tensorflow - Level 1 - Registering BatchMatMulV3,flops (<function _calc_batch_mat_mul_flops at 0x0000021DD9A31F80>) in statistical functions.
[2026-02-20 15:31:20,721] tensorflow - Level 1 - Registering BatchMatMulV2,flops (<function _calc_batch_mat_mul_flops at 0x0000021DD9A31F80>) in statistical functions.
[2026-02-20 15:31:20,721] tensorflow - Level 1 - Registering BatchMatMul,flops (<function _calc_batch_mat_mul_flops at 0x0000021DD9A31F80>) in statistical functions.
[2026-02-20 15:31:22,491] tensorflow - Level 1 - Enabling eager execution
[2026-02-20 15:31:22,497] tensorflow - Level 1 - Enabling v2 tensorshape
[2026-02-20 15:31:22,497] tensorflow - Level 1 - Enabling resource variables
[2026-02-20 15:31:22,497] tensorflow - Level 1 - Enabling tensor equality
[2026-02-20 15:31:22,497] tensorflow - Level 1 - Enabling control flow v2
[2026-02-20 15:31:23,937] matplotlib - DEBUG - matplotlib data path: C:\Users\BS\anaconda3\Lib\site-packages\matplotlib\mpl-data
[2026-02-20 15:31:23,955] matplotlib - DEBUG - CONFIGDIR=C:\Users\BS\.matplotlib
[2026-02-20 15:31:23,958] matplotlib - DEBUG - interactive is False
[2026-02-20 15:31:23,958] matplotlib - DEBUG - platform is win32
[2026-02-20 15:31:24,112] matplotlib - DEBUG - CACHEDIR=C:\Users\BS\.matplotlib
[2026-02-20 15:31:24,122] matplotlib.font_manager - DEBUG - Using fontManager instance from C:\Users\BS\.matplotlib\fontlist-v390.json
[2026-02-20 15:31:37,162] tensorflow - WARNING - From C:\Users\BS\anaconda3\Lib\site-packages\tf_keras\src\losses.py:2976: The name tf.losses.sparse_softmax_cross_entropy is deprecated. Please use tf.compat.v1.losses.sparse_softmax_cross_entropy instead.

