[2026-02-24 01:58:11,270] book_recommender - INFO - Logging initialized successfully
[2026-02-24 01:58:11,270] book_recommender - INFO - ******************** Data Ingestion log started.********************
[2026-02-24 01:58:11,270] root - INFO - Data Ingestion Config: DatasetConfig(artifacts_dir='artifacts', dataset_dir='artifacts\\dataset', raw_data_dir='artifacts\\dataset\\raw_data', ingested_data_dir='artifacts\\dataset\\ingested_data', support_ratings_dir='artifacts\\dataset\\raw_data\\Support Ratings', Amazon_data_dir='artifacts\\dataset\\raw_data\\Amazon', download_data_dir='artifacts\\dataset\\raw_data\\download_data', Openlibrary_data_dir='artifacts\\dataset\\raw_data\\Openlibrary', Amazon_books_data='artifacts\\dataset\\raw_data\\Amazon\\books_data.csv', Amazon_books_rating='artifacts\\dataset\\raw_data\\Amazon\\books_rating.csv', Openlibrary_books='artifacts\\dataset\\raw_data\\Openlibrary\\openlibrary_books.csv', Current_books='artifacts\\dataset\\ingested_data\\current_books.csv', Current_reviews='artifacts\\dataset\\ingested_data\\current_reviews.csv')
[2026-02-24 01:58:11,274] root - INFO - Data Ingestion Config: DatasetConfig(artifacts_dir='artifacts', dataset_dir='artifacts\\dataset', raw_data_dir='artifacts\\dataset\\raw_data', ingested_data_dir='artifacts\\dataset\\ingested_data', support_ratings_dir='artifacts\\dataset\\raw_data\\Support Ratings', Amazon_data_dir='artifacts\\dataset\\raw_data\\Amazon', download_data_dir='artifacts\\dataset\\raw_data\\download_data', Openlibrary_data_dir='artifacts\\dataset\\raw_data\\Openlibrary', Amazon_books_data='artifacts\\dataset\\raw_data\\Amazon\\books_data.csv', Amazon_books_rating='artifacts\\dataset\\raw_data\\Amazon\\books_rating.csv', Openlibrary_books='artifacts\\dataset\\raw_data\\Openlibrary\\openlibrary_books.csv', Current_books='artifacts\\dataset\\ingested_data\\current_books.csv', Current_reviews='artifacts\\dataset\\ingested_data\\current_reviews.csv')
[2026-02-24 01:58:11,274] root - INFO - Data Ingestion Config: DatasetConfig(artifacts_dir='artifacts', dataset_dir='artifacts\\dataset', raw_data_dir='artifacts\\dataset\\raw_data', ingested_data_dir='artifacts\\dataset\\ingested_data', support_ratings_dir='artifacts\\dataset\\raw_data\\Support Ratings', Amazon_data_dir='artifacts\\dataset\\raw_data\\Amazon', download_data_dir='artifacts\\dataset\\raw_data\\download_data', Openlibrary_data_dir='artifacts\\dataset\\raw_data\\Openlibrary', Amazon_books_data='artifacts\\dataset\\raw_data\\Amazon\\books_data.csv', Amazon_books_rating='artifacts\\dataset\\raw_data\\Amazon\\books_rating.csv', Openlibrary_books='artifacts\\dataset\\raw_data\\Openlibrary\\openlibrary_books.csv', Current_books='artifacts\\dataset\\ingested_data\\current_books.csv', Current_reviews='artifacts\\dataset\\ingested_data\\current_reviews.csv')
[2026-02-24 01:58:11,276] book_recommender - INFO - Dataset already exists. Skipping download.
[2026-02-24 01:58:43,596] book_recommender - INFO - Amazon books are ready for merging
[2026-02-24 01:58:48,749] book_recommender - INFO - ******************** Data Validation log started.********************
[2026-02-24 01:58:48,749] root - INFO - Data Validation Config: DataValidationConfig(clean_data_dir='artifacts\\dataset\\clean_data', current_books_csv='artifacts\\dataset\\ingested_data\\current_books.csv', current_reviews_csv='artifacts\\dataset\\ingested_data\\current_reviews.csv', serialized_objects_dir='artifacts\\serialized_objects')
[2026-02-24 01:58:48,749] root - INFO - Data Transformation Config: DataTransformationConfig(current_books_csv='artifacts\\dataset\\clean_data\\current_books_cleaned.csv', current_reviews_csv='artifacts\\dataset\\clean_data\\current_reviews_cleaned.csv', transformed_data_dir='artifacts\\dataset\\transformed_data', vectorstores_dir='artifacts\\vectorstores', chroma_dir='artifacts\\vectorstores\\chroma_db', train_data_csv='artifacts\\dataset\\transformed_data\\train_data.csv', test_data_csv='artifacts\\dataset\\transformed_data\\test_data.csv')
[2026-02-24 01:58:48,749] root - INFO - Data Validation Config: DataValidationConfig(clean_data_dir='artifacts\\dataset\\clean_data', current_books_csv='artifacts\\dataset\\ingested_data\\current_books.csv', current_reviews_csv='artifacts\\dataset\\ingested_data\\current_reviews.csv', serialized_objects_dir='artifacts\\serialized_objects')
[2026-02-24 01:58:48,749] root - INFO - Model Trainer Config: ModelTrainerConfig(trained_model_dir='artifacts\\trained_model', trained_model_name='lightgcn_model', train_csv_file='artifacts\\dataset\\transformed_data\\train_data.csv', test_csv_file='artifacts\\dataset\\transformed_data\\test_data.csv')
[2026-02-24 01:58:48,749] root - INFO - Data Validation Config: DataValidationConfig(clean_data_dir='artifacts\\dataset\\clean_data', current_books_csv='artifacts\\dataset\\ingested_data\\current_books.csv', current_reviews_csv='artifacts\\dataset\\ingested_data\\current_reviews.csv', serialized_objects_dir='artifacts\\serialized_objects')
[2026-02-24 01:58:53,179] book_recommender - INFO - ====================Data Ingestion log completed.==================== 


[2026-02-24 01:58:53,179] book_recommender - INFO - ====================Data Validation log started.==================== 
[2026-02-24 01:58:55,533] book_recommender - INFO -  Shape of ratings data file: (18516, 8)
[2026-02-24 01:58:55,533] book_recommender - INFO -  Shape of books data file: (1459709, 4)
[2026-02-24 01:58:56,216] book_recommender - INFO - Current books           ISBN  ...                                              Image
1   0826414346  ...  http://books.google.com/books/content?id=IjvHQ...
3   0595344550  ...  http://books.google.com/books/content?id=aRSIg...
5   0802841899  ...  http://books.google.com/books/content?id=kVqRa...
8   0895554224  ...  http://books.google.com/books/content?id=lmLqA...
10  0854968350  ...  http://books.google.com/books/content?id=o7izA...

[5 rows x 8 columns]
[2026-02-24 01:58:56,216] book_recommender - INFO - ****************************************
[2026-02-24 01:58:56,224] book_recommender - INFO - Current reviews          ISBN  ...                                             review
0  0826414346  ...  I don't care much for Dr. Seuss but after read...
1  0826414346  ...  If people become the books they read and if "t...
2  0826414346  ...  Theodore Seuss Geisel (1904-1991), aka &quot;D...
3  0826414346  ...  Philip Nel - Dr. Seuss: American IconThis is b...
4  0826414346  ...  "Dr. Seuss: American Icon" by Philip Nel is a ...

[5 rows x 4 columns]
[2026-02-24 01:58:59,720] book_recommender - INFO - Saved cleaned data to artifacts\dataset\clean_data
[2026-02-24 01:58:59,752] book_recommender - INFO - ====================Data Validation log completed.==================== 


[2026-02-24 01:58:59,752] book_recommender - INFO - ====================Data Transformation log started.==================== 
[2026-02-24 01:58:59,752] book_recommender - INFO - ====================Transforming data.====================


[2026-02-24 01:59:01,921] book_recommender - INFO - ====================Making most popular books list.====================
[2026-02-24 01:59:01,931] book_recommender - INFO - Most popular books :             ISBN  ... rating
0     B000NWU3I4  ...    4.6
1     B000HVR6KY  ...    4.4
2     B000TNGU5M  ...    4.4
3     B000OYFOG2  ...    4.4
4     9562910334  ...    4.4
...          ...  ...    ...
5874  0894102133  ...    2.6
5875  1558740643  ...    2.6
5876  0415315484  ...    2.6
5877  B000H0SAS2  ...    2.6
5878  1412040817  ...    2.6

[5879 rows x 9 columns]
[2026-02-24 01:59:01,955] book_recommender - INFO - Save most popular book : artifacts\serialized_objects
[2026-02-24 01:59:01,955] book_recommender - INFO - ====================Making pivot table====================
[2026-02-24 01:59:19,245] book_recommender - INFO -  Shape of book pivot table: (67739, 5928)
[2026-02-24 01:59:52,098] book_recommender - INFO - Saved pivot table sparse data to artifacts\dataset\transformed_data
[2026-02-24 01:59:52,123] book_recommender - INFO - Saved book_ISBNs serialization object to artifacts\serialized_objects
[2026-02-24 02:00:51,845] book_recommender - INFO - Saved book_pivot serialization object to artifacts\serialized_objects
[2026-02-24 02:00:52,822] sentence_transformers.SentenceTransformer - INFO - Use pytorch device_name: cpu
[2026-02-24 02:00:52,822] sentence_transformers.SentenceTransformer - INFO - Load pretrained SentenceTransformer: sentence-transformers/all-MiniLM-L6-v2
[2026-02-24 02:00:52,855] urllib3.connectionpool - DEBUG - Starting new HTTPS connection (1): huggingface.co:443
[2026-02-24 02:00:54,381] urllib3.connectionpool - DEBUG - https://huggingface.co:443 "HEAD /sentence-transformers/all-MiniLM-L6-v2/resolve/main/modules.json HTTP/1.1" 307 0
[2026-02-24 02:00:54,702] urllib3.connectionpool - DEBUG - https://huggingface.co:443 "HEAD /api/resolve-cache/models/sentence-transformers/all-MiniLM-L6-v2/c9745ed1d9f207416be6d2e6f8de32d1f16199bf/modules.json HTTP/1.1" 200 0
[2026-02-24 02:00:55,180] urllib3.connectionpool - DEBUG - https://huggingface.co:443 "HEAD /sentence-transformers/all-MiniLM-L6-v2/resolve/main/config_sentence_transformers.json HTTP/1.1" 307 0
[2026-02-24 02:00:55,489] urllib3.connectionpool - DEBUG - https://huggingface.co:443 "HEAD /api/resolve-cache/models/sentence-transformers/all-MiniLM-L6-v2/c9745ed1d9f207416be6d2e6f8de32d1f16199bf/config_sentence_transformers.json HTTP/1.1" 200 0
[2026-02-24 02:00:55,974] urllib3.connectionpool - DEBUG - https://huggingface.co:443 "HEAD /sentence-transformers/all-MiniLM-L6-v2/resolve/main/config_sentence_transformers.json HTTP/1.1" 307 0
[2026-02-24 02:00:56,273] urllib3.connectionpool - DEBUG - https://huggingface.co:443 "HEAD /api/resolve-cache/models/sentence-transformers/all-MiniLM-L6-v2/c9745ed1d9f207416be6d2e6f8de32d1f16199bf/config_sentence_transformers.json HTTP/1.1" 200 0
[2026-02-24 02:00:56,746] urllib3.connectionpool - DEBUG - https://huggingface.co:443 "HEAD /sentence-transformers/all-MiniLM-L6-v2/resolve/main/README.md HTTP/1.1" 307 0
[2026-02-24 02:00:57,051] urllib3.connectionpool - DEBUG - https://huggingface.co:443 "HEAD /api/resolve-cache/models/sentence-transformers/all-MiniLM-L6-v2/c9745ed1d9f207416be6d2e6f8de32d1f16199bf/README.md HTTP/1.1" 200 0
[2026-02-24 02:00:57,906] urllib3.connectionpool - DEBUG - https://huggingface.co:443 "HEAD /sentence-transformers/all-MiniLM-L6-v2/resolve/main/modules.json HTTP/1.1" 307 0
[2026-02-24 02:00:58,204] urllib3.connectionpool - DEBUG - https://huggingface.co:443 "HEAD /api/resolve-cache/models/sentence-transformers/all-MiniLM-L6-v2/c9745ed1d9f207416be6d2e6f8de32d1f16199bf/modules.json HTTP/1.1" 200 0
[2026-02-24 02:00:58,676] urllib3.connectionpool - DEBUG - https://huggingface.co:443 "HEAD /sentence-transformers/all-MiniLM-L6-v2/resolve/main/sentence_bert_config.json HTTP/1.1" 307 0
[2026-02-24 02:00:58,963] urllib3.connectionpool - DEBUG - https://huggingface.co:443 "HEAD /api/resolve-cache/models/sentence-transformers/all-MiniLM-L6-v2/c9745ed1d9f207416be6d2e6f8de32d1f16199bf/sentence_bert_config.json HTTP/1.1" 200 0
[2026-02-24 02:00:59,458] urllib3.connectionpool - DEBUG - https://huggingface.co:443 "HEAD /sentence-transformers/all-MiniLM-L6-v2/resolve/main/adapter_config.json HTTP/1.1" 404 0
[2026-02-24 02:00:59,924] urllib3.connectionpool - DEBUG - https://huggingface.co:443 "HEAD /sentence-transformers/all-MiniLM-L6-v2/resolve/main/config.json HTTP/1.1" 307 0
[2026-02-24 02:01:00,229] urllib3.connectionpool - DEBUG - https://huggingface.co:443 "HEAD /api/resolve-cache/models/sentence-transformers/all-MiniLM-L6-v2/c9745ed1d9f207416be6d2e6f8de32d1f16199bf/config.json HTTP/1.1" 200 0
[2026-02-24 02:01:01,284] urllib3.connectionpool - DEBUG - https://huggingface.co:443 "HEAD /sentence-transformers/all-MiniLM-L6-v2/resolve/main/tokenizer_config.json HTTP/1.1" 307 0
[2026-02-24 02:01:01,585] urllib3.connectionpool - DEBUG - https://huggingface.co:443 "HEAD /api/resolve-cache/models/sentence-transformers/all-MiniLM-L6-v2/c9745ed1d9f207416be6d2e6f8de32d1f16199bf/tokenizer_config.json HTTP/1.1" 200 0
[2026-02-24 02:01:02,093] urllib3.connectionpool - DEBUG - https://huggingface.co:443 "GET /api/models/sentence-transformers/all-MiniLM-L6-v2/tree/main/additional_chat_templates?recursive=False&expand=False HTTP/1.1" 404 64
[2026-02-24 02:01:02,583] urllib3.connectionpool - DEBUG - https://huggingface.co:443 "GET /api/models/sentence-transformers/all-MiniLM-L6-v2/tree/main?recursive=True&expand=False HTTP/1.1" 200 6465
[2026-02-24 02:01:03,170] urllib3.connectionpool - DEBUG - https://huggingface.co:443 "HEAD /sentence-transformers/all-MiniLM-L6-v2/resolve/main/1_Pooling/config.json HTTP/1.1" 307 0
[2026-02-24 02:01:03,462] urllib3.connectionpool - DEBUG - https://huggingface.co:443 "HEAD /api/resolve-cache/models/sentence-transformers/all-MiniLM-L6-v2/c9745ed1d9f207416be6d2e6f8de32d1f16199bf/1_Pooling%2Fconfig.json HTTP/1.1" 200 0
[2026-02-24 02:01:03,952] urllib3.connectionpool - DEBUG - https://huggingface.co:443 "GET /api/models/sentence-transformers/all-MiniLM-L6-v2 HTTP/1.1" 200 6922
[2026-02-24 02:01:04,123] chromadb.telemetry.product.posthog - INFO - Anonymized telemetry enabled. See                     https://docs.trychroma.com/telemetry for more information.
[2026-02-24 02:01:04,237] chromadb.config - DEBUG - Starting component System
[2026-02-24 02:01:04,237] chromadb.config - DEBUG - Starting component Posthog
[2026-02-24 02:01:05,118] urllib3.connectionpool - DEBUG - Starting new HTTPS connection (1): us.i.posthog.com:443
[2026-02-24 02:01:06,795] urllib3.connectionpool - DEBUG - https://us.i.posthog.com:443 "POST /batch/ HTTP/1.1" 200 15
[2026-02-24 02:03:47,575] book_recommender - INFO - Start splitting data.

[2026-02-24 02:04:02,866] book_recommender - INFO - ====================Data Transformation log completed.==================== 


[2026-02-24 02:04:02,866] book_recommender - INFO - ====================Model Trainer log started.==================== 
[2026-02-24 02:04:21,029] git.cmd - DEBUG - Popen(['git', 'version'], cwd=C:\Users\BS\OneDrive\Desktop\Book Recommender System, stdin=None, shell=False, universal_newlines=False)
[2026-02-24 02:04:21,091] git.cmd - DEBUG - Popen(['git', 'version'], cwd=C:\Users\BS\OneDrive\Desktop\Book Recommender System, stdin=None, shell=False, universal_newlines=False)
[2026-02-24 02:04:21,135] git.util - DEBUG - sys.platform='win32', git_executable='git'
[2026-02-24 02:04:21,135] git.cmd - DEBUG - Popen(['git', 'check-ignore', 'C:\\Users\\BS\\OneDrive\\Desktop\\Book Recommender System'], cwd=C:\Users\BS\OneDrive\Desktop\Book Recommender System, stdin=None, shell=False, universal_newlines=False)
[2026-02-24 02:04:21,178] git.cmd - DEBUG - Popen(['git', 'cat-file', '--batch-check'], cwd=C:\Users\BS\OneDrive\Desktop\Book Recommender System, stdin=<valid stream>, shell=False, universal_newlines=False)
[2026-02-24 02:04:21,257] urllib3.connectionpool - DEBUG - Starting new HTTPS connection (1): config.mlflow-telemetry.io:443
[2026-02-24 02:04:22,346] book_recommender - INFO - Filtered test set: 307264 -> 307264 pairs (removed 0 invalid pairs)
[2026-02-24 02:04:22,346] book_recommender - INFO - Train shape:" (1093938, 3) , columns:" ['itemID', 'userID', 'rating']
[2026-02-24 02:04:22,356] book_recommender - INFO - Train head:
"       itemID                 userID  rating
0  B000HBCTMO  A00540411RKGTDNU543WS     2.0
1  0312913788  A00540411RKGTDNU543WS     3.0
2  1585443719  A00540411RKGTDNU543WS     3.0
3  0764131567  A00540411RKGTDNU543WS     3.0
4  B000KL60F8  A00540411RKGTDNU543WS     2.0
[2026-02-24 02:04:22,356] book_recommender - INFO - 
Test shape:" (307264, 3), "| columns:" ['itemID', 'userID', 'rating']
[2026-02-24 02:04:22,489] urllib3.connectionpool - DEBUG - https://config.mlflow-telemetry.io:443 "GET /3.8.1.json HTTP/1.1" 200 306
[2026-02-24 02:04:23,809] urllib3.connectionpool - DEBUG - Starting new HTTPS connection (1): api.mlflow-telemetry.io:443
[2026-02-24 02:04:26,018] urllib3.connectionpool - DEBUG - https://api.mlflow-telemetry.io:443 "POST /log HTTP/1.1" 200 30
[2026-02-24 02:04:59,940] tensorflow - WARNING - From C:\Users\BS\OneDrive\Desktop\Book Recommender System\src\steps\stage_03_model_trainer\recommenders_microsoft\recommenders\models\deeprec\models\graphrec\lightgcn.py:110: The name tf.train.AdamOptimizer is deprecated. Please use tf.compat.v1.train.AdamOptimizer instead.

[2026-02-24 02:05:00,631] book_recommender - INFO - ==================== Model Start Training. ====================
[2026-02-24 02:05:06,759] urllib3.connectionpool - DEBUG - Starting new HTTPS connection (1): api.mlflow-telemetry.io:443
[2026-02-24 02:05:08,280] urllib3.connectionpool - DEBUG - https://api.mlflow-telemetry.io:443 "POST /log HTTP/1.1" 200 30
[2026-02-24 02:09:55,830] tensorflow - WARNING - From C:\Users\BS\anaconda3\Lib\site-packages\tensorflow\python\training\saver.py:1068: remove_checkpoint (from tensorflow.python.checkpoint.checkpoint_management) is deprecated and will be removed in a future version.
Instructions for updating:
Use standard file APIs to delete files with this prefix.
