[2026-02-14 14:57:53,745] root - INFO - Data Transformation Config: DataTransformationConfig(current_books_csv='artifacts\\dataset\\clean_data\\current_books_cleaned.csv', current_reviews_csv='artifacts\\dataset\\clean_data\\current_reviews_cleaned.csv', transformed_data_dir='artifacts\\dataset\\transformed_data', vectorstores_dir='artifacts\\vectorstores', chroma_dir='artifacts\\vectorstores\\chroma_db', train_data_csv='artifacts\\dataset\\transformed_data\\train_data.csv', test_data_csv='artifacts\\dataset\\transformed_data\\test_data.csv')
[2026-02-14 14:57:54,200] tensorflow - WARNING - From C:\Users\BS\OneDrive\Desktop\Book Recommender System\src\steps\stage_03_model_trainer\recommenders_microsoft\recommenders\models\deeprec\models\graphrec\lightgcn.py:18: The name tf.disable_eager_execution is deprecated. Please use tf.compat.v1.disable_eager_execution instead.

[2026-02-14 14:57:54,209] tensorflow - Level 1 - Disabling eager execution
[2026-02-14 14:57:59,382] root - INFO - Data Transformation Config: DataTransformationConfig(current_books_csv='artifacts\\dataset\\clean_data\\current_books_cleaned.csv', current_reviews_csv='artifacts\\dataset\\clean_data\\current_reviews_cleaned.csv', transformed_data_dir='artifacts\\dataset\\transformed_data', vectorstores_dir='artifacts\\vectorstores', chroma_dir='artifacts\\vectorstores\\chroma_db', train_data_csv='artifacts\\dataset\\transformed_data\\train_data.csv', test_data_csv='artifacts\\dataset\\transformed_data\\test_data.csv')
[2026-02-14 14:57:59,387] root - INFO - Model Trainer Config: ModelTrainerConfig(trained_model_dir='artifacts\\trained_model', trained_model_name='lightgcn_model', train_csv_file='artifacts\\dataset\\transformed_data\\train_data.csv', test_csv_file='artifacts\\dataset\\transformed_data\\test_data.csv')
[2026-02-14 14:57:59,415] tensorflow - WARNING - From C:\Users\BS\OneDrive\Desktop\Book Recommender System\api\main.py:160: The name tf.train.import_meta_graph is deprecated. Please use tf.compat.v1.train.import_meta_graph instead.

[2026-02-14 14:57:59,550] tensorflow - INFO - Restoring parameters from artifacts\trained_model\model
[2026-02-14 14:58:09,797] root - INFO - Data Validation Config: DataValidationConfig(clean_data_dir='artifacts\\dataset\\clean_data', current_books_csv='artifacts\\dataset\\ingested_data\\current_books.csv', current_reviews_csv='artifacts\\dataset\\ingested_data\\current_reviews.csv', serialized_objects_dir='artifacts\\serialized_objects')
[2026-02-14 14:58:15,489] root - INFO - Data Validation Config: DataValidationConfig(clean_data_dir='artifacts\\dataset\\clean_data', current_books_csv='artifacts\\dataset\\ingested_data\\current_books.csv', current_reviews_csv='artifacts\\dataset\\ingested_data\\current_reviews.csv', serialized_objects_dir='artifacts\\serialized_objects')
[2026-02-14 14:58:23,855] root - INFO - Data Validation Config: DataValidationConfig(clean_data_dir='artifacts\\dataset\\clean_data', current_books_csv='artifacts\\dataset\\ingested_data\\current_books.csv', current_reviews_csv='artifacts\\dataset\\ingested_data\\current_reviews.csv', serialized_objects_dir='artifacts\\serialized_objects')
[2026-02-14 14:58:31,735] chromadb.telemetry.product.posthog - INFO - Anonymized telemetry enabled. See                     https://docs.trychroma.com/telemetry for more information.
[2026-02-14 14:58:31,800] chromadb.config - DEBUG - Starting component System
[2026-02-14 14:58:31,801] chromadb.config - DEBUG - Starting component Posthog
[2026-02-14 14:58:32,343] urllib3.connectionpool - DEBUG - Starting new HTTPS connection (1): us.i.posthog.com:443
[2026-02-14 14:58:33,638] urllib3.connectionpool - DEBUG - https://us.i.posthog.com:443 "POST /batch/ HTTP/1.1" 200 15
[2026-02-14 15:00:06,503] root - INFO - Data Validation Config: DataValidationConfig(clean_data_dir='artifacts\\dataset\\clean_data', current_books_csv='artifacts\\dataset\\ingested_data\\current_books.csv', current_reviews_csv='artifacts\\dataset\\ingested_data\\current_reviews.csv', serialized_objects_dir='artifacts\\serialized_objects')
[2026-02-14 15:01:17,728] root - INFO - Data Validation Config: DataValidationConfig(clean_data_dir='artifacts\\dataset\\clean_data', current_books_csv='artifacts\\dataset\\ingested_data\\current_books.csv', current_reviews_csv='artifacts\\dataset\\ingested_data\\current_reviews.csv', serialized_objects_dir='artifacts\\serialized_objects')
[2026-02-14 15:01:39,190] root - INFO - Data Validation Config: DataValidationConfig(clean_data_dir='artifacts\\dataset\\clean_data', current_books_csv='artifacts\\dataset\\ingested_data\\current_books.csv', current_reviews_csv='artifacts\\dataset\\ingested_data\\current_reviews.csv', serialized_objects_dir='artifacts\\serialized_objects')
[2026-02-14 15:02:47,207] root - INFO - Data Validation Config: DataValidationConfig(clean_data_dir='artifacts\\dataset\\clean_data', current_books_csv='artifacts\\dataset\\ingested_data\\current_books.csv', current_reviews_csv='artifacts\\dataset\\ingested_data\\current_reviews.csv', serialized_objects_dir='artifacts\\serialized_objects')
[2026-02-14 15:02:52,747] root - INFO - Data Validation Config: DataValidationConfig(clean_data_dir='artifacts\\dataset\\clean_data', current_books_csv='artifacts\\dataset\\ingested_data\\current_books.csv', current_reviews_csv='artifacts\\dataset\\ingested_data\\current_reviews.csv', serialized_objects_dir='artifacts\\serialized_objects')
[2026-02-14 15:03:27,371] root - INFO - Data Validation Config: DataValidationConfig(clean_data_dir='artifacts\\dataset\\clean_data', current_books_csv='artifacts\\dataset\\ingested_data\\current_books.csv', current_reviews_csv='artifacts\\dataset\\ingested_data\\current_reviews.csv', serialized_objects_dir='artifacts\\serialized_objects')
[2026-02-14 15:03:31,642] root - INFO - Data Validation Config: DataValidationConfig(clean_data_dir='artifacts\\dataset\\clean_data', current_books_csv='artifacts\\dataset\\ingested_data\\current_books.csv', current_reviews_csv='artifacts\\dataset\\ingested_data\\current_reviews.csv', serialized_objects_dir='artifacts\\serialized_objects')
