[2026-02-17 00:06:45,633] pydot - DEBUG - pydot initializing
[2026-02-17 00:06:45,634] pydot - DEBUG - pydot 4.0.1
[2026-02-17 00:06:45,647] pydot.core - DEBUG - pydot core module initializing
[2026-02-17 00:07:06,322] tensorflow - Level 1 - Registering Relayout (<function _relayout_gradient at 0x000001FFC6B5E020>) in gradient.
[2026-02-17 00:07:06,322] tensorflow - Level 1 - Registering RelayoutLike (<function _relayout_grad_gradient at 0x000001FFC6B5E160>) in gradient.
[2026-02-17 00:07:06,322] tensorflow - Level 1 - Registering CopyToMesh (<function _copy_to_mesh_gradient at 0x000001FFC6B5E840>) in gradient.
[2026-02-17 00:07:06,322] tensorflow - Level 1 - Registering CopyToMeshGrad (<function _copy_to_mesh_grad_gradient at 0x000001FFC6B5E7A0>) in gradient.
[2026-02-17 00:07:06,338] tensorflow - Level 1 - Registering FakeQuantWithMinMaxArgs (<function _FakeQuantWithMinMaxArgsGradient at 0x000001FFC6C0A8E0>) in gradient.
[2026-02-17 00:07:06,338] tensorflow - Level 1 - Registering FakeQuantWithMinMaxVars (<function _FakeQuantWithMinMaxVarsGradient at 0x000001FFC6C0AAC0>) in gradient.
[2026-02-17 00:07:06,338] tensorflow - Level 1 - Registering FakeQuantWithMinMaxVarsPerChannel (<function _FakeQuantWithMinMaxVarsPerChannelGradient at 0x000001FFC6C0B060>) in gradient.
[2026-02-17 00:07:06,338] tensorflow - Level 1 - Registering QuantizeAndDequantizeV4 (<function _QuantizeAndDequantizeV4Grad at 0x000001FFC6C0B100>) in gradient.
[2026-02-17 00:07:06,338] tensorflow - Level 1 - Registering QuantizeAndDequantizeV4Grad (<function _QuantizeAndDequantizeV4GradGrad at 0x000001FFC6C0B1A0>) in gradient.
[2026-02-17 00:07:06,689] tensorflow - Level 1 - Registering TensorListConcatLists (None) in gradient.
[2026-02-17 00:07:06,689] tensorflow - Level 1 - Registering TensorListElementShape (None) in gradient.
[2026-02-17 00:07:06,689] tensorflow - Level 1 - Registering TensorListLength (None) in gradient.
[2026-02-17 00:07:06,689] tensorflow - Level 1 - Registering TensorListPushBackBatch (None) in gradient.
[2026-02-17 00:07:06,689] tensorflow - Level 1 - Registering TensorListPushBack (<function _PushBackGrad at 0x000001FFC6DD37E0>) in gradient.
[2026-02-17 00:07:06,689] tensorflow - Level 1 - Registering TensorListPopBack (<function _PopBackGrad at 0x000001FFC6DD3880>) in gradient.
[2026-02-17 00:07:06,689] tensorflow - Level 1 - Registering TensorListStack (<function _TensorListStackGrad at 0x000001FFC6DD3920>) in gradient.
[2026-02-17 00:07:06,689] tensorflow - Level 1 - Registering TensorListConcatV2 (<function _TensorListConcatGrad at 0x000001FFC6DD39C0>) in gradient.
[2026-02-17 00:07:06,689] tensorflow - Level 1 - Registering TensorListConcat (<function _TensorListConcatGrad at 0x000001FFC6DD39C0>) in gradient.
[2026-02-17 00:07:06,689] tensorflow - Level 1 - Registering TensorListSplit (<function _TensorListSplitGrad at 0x000001FFC6DD3A60>) in gradient.
[2026-02-17 00:07:06,689] tensorflow - Level 1 - Registering TensorListFromTensor (<function _TensorListFromTensorGrad at 0x000001FFC6DD3B00>) in gradient.
[2026-02-17 00:07:06,689] tensorflow - Level 1 - Registering TensorListGetItem (<function _TensorListGetItemGrad at 0x000001FFC6DD3BA0>) in gradient.
[2026-02-17 00:07:06,689] tensorflow - Level 1 - Registering TensorListSetItem (<function _TensorListSetItemGrad at 0x000001FFC6DD3C40>) in gradient.
[2026-02-17 00:07:06,689] tensorflow - Level 1 - Registering TensorListResize (<function _TensorListResizeGrad at 0x000001FFC6DD3CE0>) in gradient.
[2026-02-17 00:07:06,689] tensorflow - Level 1 - Registering TensorListGather (<function _TensorListGatherGrad at 0x000001FFC6DD3D80>) in gradient.
[2026-02-17 00:07:06,689] tensorflow - Level 1 - Registering TensorListScatterV2 (<function _TensorListScatterGrad at 0x000001FFC6DD3E20>) in gradient.
[2026-02-17 00:07:06,689] tensorflow - Level 1 - Registering TensorListScatter (<function _TensorListScatterGrad at 0x000001FFC6DD3E20>) in gradient.
[2026-02-17 00:07:06,689] tensorflow - Level 1 - Registering TensorListScatterIntoExistingList (<function _TensorListScatterIntoExistingListGrad at 0x000001FFC6DD3EC0>) in gradient.
[2026-02-17 00:07:06,783] tensorflow - Level 1 - Registering AccumulateNV2 (<function _accumulate_n_grad at 0x000001FFC6F89120>) in gradient.
[2026-02-17 00:07:06,855] tensorflow - Level 1 - Registering cond_context ((<class 'tensorflow.core.protobuf.control_flow_pb2.CondContextDef'>, <function CondContext.to_proto at 0x000001FFC708C180>, <function CondContext.from_proto at 0x000001FFC708C220>)) in proto functions.
[2026-02-17 00:07:06,855] tensorflow - Level 1 - Registering while_context ((<class 'tensorflow.core.protobuf.control_flow_pb2.WhileContextDef'>, <function WhileContext.to_proto at 0x000001FFC708CFE0>, <function WhileContext.from_proto at 0x000001FFC708D120>)) in proto functions.
[2026-02-17 00:07:06,855] tensorflow - Level 1 - Registering _identity_resolver (<function _identity_resolver at 0x000001FFC708EFC0>) in acd_resource_resolvers.
[2026-02-17 00:07:06,964] tensorflow - Level 1 - Registering Assign (None) in gradient.
[2026-02-17 00:07:06,965] tensorflow - Level 1 - Registering AssignAdd (None) in gradient.
[2026-02-17 00:07:06,967] tensorflow - Level 1 - Registering AssignSub (None) in gradient.
[2026-02-17 00:07:06,967] tensorflow - Level 1 - Registering ScatterAdd (None) in gradient.
[2026-02-17 00:07:06,967] tensorflow - Level 1 - Registering ScatterSub (None) in gradient.
[2026-02-17 00:07:06,968] tensorflow - Level 1 - Registering ScatterMul (None) in gradient.
[2026-02-17 00:07:06,968] tensorflow - Level 1 - Registering ScatterDiv (None) in gradient.
[2026-02-17 00:07:06,968] tensorflow - Level 1 - Registering ScatterNdUpdate (None) in gradient.
[2026-02-17 00:07:06,969] tensorflow - Level 1 - Registering ScatterNdAdd (None) in gradient.
[2026-02-17 00:07:06,969] tensorflow - Level 1 - Registering ScatterNdSub (None) in gradient.
[2026-02-17 00:07:06,969] tensorflow - Level 1 - Registering ScatterNdMul (None) in gradient.
[2026-02-17 00:07:06,969] tensorflow - Level 1 - Registering ScatterNdDiv (None) in gradient.
[2026-02-17 00:07:06,993] tensorflow - Level 1 - Registering ReadVariableOp (<function _ReadGrad at 0x000001FFC7216E80>) in gradient.
[2026-02-17 00:07:06,995] tensorflow - Level 1 - Registering ResourceGather (<function _GatherGrad at 0x000001FFC7217EC0>) in gradient.
[2026-02-17 00:07:06,996] tensorflow - Level 1 - Registering Assert (None) in gradient.
[2026-02-17 00:07:06,996] tensorflow - Level 1 - Registering VarIsInitializedOp (None) in gradient.
[2026-02-17 00:07:06,996] tensorflow - Level 1 - Registering VariableShape (None) in gradient.
[2026-02-17 00:07:07,054] tensorflow - Level 1 - Registering RandomStandardNormal (None) in gradient.
[2026-02-17 00:07:07,054] tensorflow - Level 1 - Registering ParameterizedTruncatedNormal (None) in gradient.
[2026-02-17 00:07:07,054] tensorflow - Level 1 - Registering TruncatedNormal (None) in gradient.
[2026-02-17 00:07:07,054] tensorflow - Level 1 - Registering RandomUniform (None) in gradient.
[2026-02-17 00:07:07,054] tensorflow - Level 1 - Registering RandomShuffle (None) in gradient.
[2026-02-17 00:07:07,054] tensorflow - Level 1 - Registering Multinomial (None) in gradient.
[2026-02-17 00:07:07,165] tensorflow - Level 1 - Registering If (<function _IfGrad at 0x000001FFC73FB6A0>) in gradient.
[2026-02-17 00:07:07,180] tensorflow - Level 1 - Registering StatelessIf (<function _IfGrad at 0x000001FFC73FB6A0>) in gradient.
[2026-02-17 00:07:07,180] tensorflow - Level 1 - Registering StatelessCase (<function _CaseGrad at 0x000001FFC7418E00>) in gradient.
[2026-02-17 00:07:07,180] tensorflow - Level 1 - Registering Case (<function _CaseGrad at 0x000001FFC7418E00>) in gradient.
[2026-02-17 00:07:07,209] tensorflow - Level 1 - Registering While (<function _WhileGrad at 0x000001FFC747B6A0>) in gradient.
[2026-02-17 00:07:07,211] tensorflow - Level 1 - Registering StatelessWhile (<function _WhileGrad at 0x000001FFC747B6A0>) in gradient.
[2026-02-17 00:07:07,502] tensorflow - Level 1 - Registering EnsureShape (<function _ensure_shape_grad at 0x000001FFC76DAE80>) in gradient.
[2026-02-17 00:07:07,534] tensorflow - Level 1 - Registering RaggedTensorToSparse (<function _ragged_tensor_to_sparse_gradient at 0x000001FFC774EE80>) in gradient.
[2026-02-17 00:07:07,606] tensorflow - Level 1 - Registering Conv2DBackpropInput (<function _Conv2DBackpropInputGrad at 0x000001FFC77BB2E0>) in gradient.
[2026-02-17 00:07:07,609] tensorflow - Level 1 - Registering Conv2DBackpropFilter (<function _Conv2DBackpropFilterGrad at 0x000001FFC77BB920>) in gradient.
[2026-02-17 00:07:07,609] tensorflow - Level 1 - Registering DepthwiseConv2dNativeBackpropInput (<function _DepthwiseConv2dNativeBackpropInputGrad at 0x000001FFC780C0E0>) in gradient.
[2026-02-17 00:07:07,609] tensorflow - Level 1 - Registering DepthwiseConv2dNativeBackpropFilter (<function _DepthwiseConv2dNativeBackpropFilterGrad at 0x000001FFC780C720>) in gradient.
[2026-02-17 00:07:07,610] tensorflow - Level 1 - Registering Conv3D (<function _Conv3DGrad at 0x000001FFC780C7C0>) in gradient.
[2026-02-17 00:07:07,610] tensorflow - Level 1 - Registering Conv3DBackpropInputV2 (<function _Conv3DBackpropInputGrad at 0x000001FFC780C860>) in gradient.
[2026-02-17 00:07:07,610] tensorflow - Level 1 - Registering Conv3DBackpropFilterV2 (<function _Conv3DBackpropFilterGrad at 0x000001FFC780C900>) in gradient.
[2026-02-17 00:07:07,610] tensorflow - Level 1 - Registering AvgPool3D (<function _AvgPool3DGrad at 0x000001FFC780C9A0>) in gradient.
[2026-02-17 00:07:07,610] tensorflow - Level 1 - Registering AvgPool3DGrad (<function _AvgPool3DGradGrad at 0x000001FFC780CA40>) in gradient.
[2026-02-17 00:07:07,611] tensorflow - Level 1 - Registering MaxPool3D (<function _MaxPool3DGrad at 0x000001FFC780CAE0>) in gradient.
[2026-02-17 00:07:07,611] tensorflow - Level 1 - Registering MaxPool3DGrad (<function _MaxPool3DGradGrad at 0x000001FFC780CB80>) in gradient.
[2026-02-17 00:07:07,611] tensorflow - Level 1 - Registering MaxPool3DGradGrad (<function _MaxPool3DGradGradGrad at 0x000001FFC780CC20>) in gradient.
[2026-02-17 00:07:07,611] tensorflow - Level 1 - Registering Softmax (<function _SoftmaxGrad at 0x000001FFC780CCC0>) in gradient.
[2026-02-17 00:07:07,612] tensorflow - Level 1 - Registering LogSoftmax (<function _LogSoftmaxGrad at 0x000001FFC780CD60>) in gradient.
[2026-02-17 00:07:07,612] tensorflow - Level 1 - Registering BiasAdd (<function _BiasAddGrad at 0x000001FFC780CE00>) in gradient.
[2026-02-17 00:07:07,612] tensorflow - Level 1 - Registering BiasAddGrad (<function _BiasAddGradGrad at 0x000001FFC780CEA0>) in gradient.
[2026-02-17 00:07:07,612] tensorflow - Level 1 - Registering BiasAddV1 (<function _BiasAddGradV1 at 0x000001FFC780CF40>) in gradient.
[2026-02-17 00:07:07,612] tensorflow - Level 1 - Registering Relu (<function _ReluGrad at 0x000001FFC780CFE0>) in gradient.
[2026-02-17 00:07:07,612] tensorflow - Level 1 - Registering EluGrad (<function _EluGradGrad at 0x000001FFC780D080>) in gradient.
[2026-02-17 00:07:07,613] tensorflow - Level 1 - Registering SeluGrad (<function _SeluGradGrad at 0x000001FFC780D120>) in gradient.
[2026-02-17 00:07:07,613] tensorflow - Level 1 - Registering Relu6 (<function _Relu6Grad at 0x000001FFC780D1C0>) in gradient.
[2026-02-17 00:07:07,613] tensorflow - Level 1 - Registering Relu6Grad (<function _Relu6GradGrad at 0x000001FFC780D260>) in gradient.
[2026-02-17 00:07:07,613] tensorflow - Level 1 - Registering LeakyRelu (<function _LeakyReluGrad at 0x000001FFC780D300>) in gradient.
[2026-02-17 00:07:07,613] tensorflow - Level 1 - Registering LeakyReluGrad (<function _LeakyReluGradGrad at 0x000001FFC780D3A0>) in gradient.
[2026-02-17 00:07:07,614] tensorflow - Level 1 - Registering Elu (<function _EluGrad at 0x000001FFC780D440>) in gradient.
[2026-02-17 00:07:07,614] tensorflow - Level 1 - Registering Selu (<function _SeluGrad at 0x000001FFC780D4E0>) in gradient.
[2026-02-17 00:07:07,614] tensorflow - Level 1 - Registering Softplus (<function _SoftplusGrad at 0x000001FFC780D580>) in gradient.
[2026-02-17 00:07:07,614] tensorflow - Level 1 - Registering SoftplusGrad (<function _SoftplusGradGrad at 0x000001FFC780D620>) in gradient.
[2026-02-17 00:07:07,615] tensorflow - Level 1 - Registering Softsign (<function _SoftsignGrad at 0x000001FFC780D6C0>) in gradient.
[2026-02-17 00:07:07,615] tensorflow - Level 1 - Registering ReluGrad (<function _ReluGradGrad at 0x000001FFC780D760>) in gradient.
[2026-02-17 00:07:07,615] tensorflow - Level 1 - Registering SoftmaxCrossEntropyWithLogits (<function _SoftmaxCrossEntropyWithLogitsGrad at 0x000001FFC780D8A0>) in gradient.
[2026-02-17 00:07:07,615] tensorflow - Level 1 - Registering SparseSoftmaxCrossEntropyWithLogits (<function _SparseSoftmaxCrossEntropyWithLogitsGrad at 0x000001FFC780D940>) in gradient.
[2026-02-17 00:07:07,615] tensorflow - Level 1 - Registering Conv2D (<function _Conv2DGrad at 0x000001FFC780D9E0>) in gradient.
[2026-02-17 00:07:07,616] tensorflow - Level 1 - Registering DepthwiseConv2dNative (<function _DepthwiseConv2dNativeGrad at 0x000001FFC780DA80>) in gradient.
[2026-02-17 00:07:07,616] tensorflow - Level 1 - Registering Dilation2D (<function _Dilation2DGrad at 0x000001FFC780DB20>) in gradient.
[2026-02-17 00:07:07,616] tensorflow - Level 1 - Registering LRN (<function _LRNGrad at 0x000001FFC780DBC0>) in gradient.
[2026-02-17 00:07:07,616] tensorflow - Level 1 - Registering AvgPool (<function _AvgPoolGrad at 0x000001FFC780DC60>) in gradient.
[2026-02-17 00:07:07,617] tensorflow - Level 1 - Registering AvgPoolGrad (<function _AvgPoolGradGrad at 0x000001FFC780DD00>) in gradient.
[2026-02-17 00:07:07,617] tensorflow - Level 1 - Registering MaxPool (<function _MaxPoolGrad at 0x000001FFC780DDA0>) in gradient.
[2026-02-17 00:07:07,617] tensorflow - Level 1 - Registering MaxPoolV2 (<function _MaxPoolGradV2 at 0x000001FFC780DE40>) in gradient.
[2026-02-17 00:07:07,618] tensorflow - Level 1 - Registering MaxPoolWithArgmax (<function _MaxPoolGradWithArgmax at 0x000001FFC780DEE0>) in gradient.
[2026-02-17 00:07:07,618] tensorflow - Level 1 - Registering MaxPoolGrad (<function _MaxPoolGradGrad at 0x000001FFC780DF80>) in gradient.
[2026-02-17 00:07:07,618] tensorflow - Level 1 - Registering MaxPoolGradV2 (<function _MaxPoolGradGradV2 at 0x000001FFC780E020>) in gradient.
[2026-02-17 00:07:07,618] tensorflow - Level 1 - Registering MaxPoolGradGrad (<function _MaxPoolGradGradGrad at 0x000001FFC780E0C0>) in gradient.
[2026-02-17 00:07:07,619] tensorflow - Level 1 - Registering FractionalMaxPool (<function _FractionalMaxPoolGrad at 0x000001FFC780E160>) in gradient.
[2026-02-17 00:07:07,619] tensorflow - Level 1 - Registering FractionalAvgPool (<function _FractionalAvgPoolGrad at 0x000001FFC780E200>) in gradient.
[2026-02-17 00:07:07,619] tensorflow - Level 1 - Registering BatchNormWithGlobalNormalization (<function _BatchNormWithGlobalNormalizationGrad at 0x000001FFC780E2A0>) in gradient.
[2026-02-17 00:07:07,619] tensorflow - Level 1 - Registering FusedBatchNorm (<function _FusedBatchNormGrad at 0x000001FFC780E3E0>) in gradient.
[2026-02-17 00:07:07,619] tensorflow - Level 1 - Registering FusedBatchNormV2 (<function _FusedBatchNormV2Grad at 0x000001FFC780E480>) in gradient.
[2026-02-17 00:07:07,620] tensorflow - Level 1 - Registering FusedBatchNormV3 (<function _FusedBatchNormV3Grad at 0x000001FFC780E520>) in gradient.
[2026-02-17 00:07:07,620] tensorflow - Level 1 - Registering L2Loss (<function _L2LossGrad at 0x000001FFC780E5C0>) in gradient.
[2026-02-17 00:07:07,620] tensorflow - Level 1 - Registering TopKV2 (<function _TopKGrad at 0x000001FFC780E660>) in gradient.
[2026-02-17 00:07:07,620] tensorflow - Level 1 - Registering TopK (<function _TopKGrad at 0x000001FFC780E660>) in gradient.
[2026-02-17 00:07:07,621] tensorflow - Level 1 - Registering ApproxTopK (<function _ApproxTopKGradient at 0x000001FFC780E700>) in gradient.
[2026-02-17 00:07:07,621] tensorflow - Level 1 - Registering NthElement (<function _NthElementGrad at 0x000001FFC780E7A0>) in gradient.
[2026-02-17 00:07:07,621] tensorflow - Level 1 - Registering IsotonicRegression (<function _IsotonicRegressionGrad at 0x000001FFC780E8E0>) in gradient.
[2026-02-17 00:07:07,642] tensorflow - Level 1 - Registering BitwiseAnd (None) in gradient.
[2026-02-17 00:07:07,645] tensorflow - Level 1 - Registering BitwiseOr (None) in gradient.
[2026-02-17 00:07:07,646] tensorflow - Level 1 - Registering BitwiseXor (None) in gradient.
[2026-02-17 00:07:07,646] tensorflow - Level 1 - Registering Invert (None) in gradient.
[2026-02-17 00:07:07,646] tensorflow - Level 1 - Registering PopulationCount (None) in gradient.
[2026-02-17 00:07:07,646] tensorflow - Level 1 - Registering LeftShift (None) in gradient.
[2026-02-17 00:07:07,647] tensorflow - Level 1 - Registering RightShift (None) in gradient.
[2026-02-17 00:07:07,647] tensorflow - Level 1 - Registering StatelessMultinomial (None) in gradient.
[2026-02-17 00:07:07,650] tensorflow - Level 1 - Registering StatelessRandomBinomial (None) in gradient.
[2026-02-17 00:07:07,650] tensorflow - Level 1 - Registering StatelessRandomNormal (None) in gradient.
[2026-02-17 00:07:07,651] tensorflow - Level 1 - Registering StatelessRandomPoisson (None) in gradient.
[2026-02-17 00:07:07,651] tensorflow - Level 1 - Registering StatelessRandomUniform (None) in gradient.
[2026-02-17 00:07:07,651] tensorflow - Level 1 - Registering StatelessRandomUniformInt (None) in gradient.
[2026-02-17 00:07:07,651] tensorflow - Level 1 - Registering StatelessRandomUniformFullInt (None) in gradient.
[2026-02-17 00:07:07,652] tensorflow - Level 1 - Registering StatelessTruncatedNormal (None) in gradient.
[2026-02-17 00:07:07,652] tensorflow - Level 1 - Registering StatelessRandomNormalV2 (None) in gradient.
[2026-02-17 00:07:07,652] tensorflow - Level 1 - Registering StatelessRandomUniformV2 (None) in gradient.
[2026-02-17 00:07:07,652] tensorflow - Level 1 - Registering StatelessRandomUniformIntV2 (None) in gradient.
[2026-02-17 00:07:07,653] tensorflow - Level 1 - Registering StatelessRandomUniformFullIntV2 (None) in gradient.
[2026-02-17 00:07:07,653] tensorflow - Level 1 - Registering StatelessTruncatedNormalV2 (None) in gradient.
[2026-02-17 00:07:07,653] tensorflow - Level 1 - Registering StatelessRandomShuffle (None) in gradient.
[2026-02-17 00:07:07,653] tensorflow - Level 1 - Registering RandomIndexShuffle (None) in gradient.
[2026-02-17 00:07:07,672] tensorflow - Level 1 - Registering Conv3D,flops (<function _calc_conv3d_flops at 0x000001FFC78CD080>) in statistical functions.
[2026-02-17 00:07:07,672] tensorflow - Level 1 - Registering Conv2D,flops (<function _calc_conv_flops at 0x000001FFC78CD260>) in statistical functions.
[2026-02-17 00:07:07,672] tensorflow - Level 1 - Registering DepthwiseConv2dNative,flops (<function _calc_depthwise_conv_flops at 0x000001FFC78CD800>) in statistical functions.
[2026-02-17 00:07:07,672] tensorflow - Level 1 - Registering BiasAdd,flops (<function _calc_bias_add_flops at 0x000001FFC78CD8A0>) in statistical functions.
[2026-02-17 00:07:07,672] tensorflow - Level 1 - Registering Dilation2D,flops (<function _calc_dilation2d_flops at 0x000001FFC78CF380>) in statistical functions.
[2026-02-17 00:07:07,703] tensorflow - Level 1 - Registering CompositeTensorVariantFromComponents (<function _composite_tensor_to_variants_grad at 0x000001FFC79AC400>) in gradient.
[2026-02-17 00:07:07,703] tensorflow - Level 1 - Registering CompositeTensorVariantToComponents (<function _composite_tensor_from_variant_grad at 0x000001FFC79AC4A0>) in gradient.
[2026-02-17 00:07:07,735] tensorflow - Level 1 - Registering RaggedRange (None) in gradient.
[2026-02-17 00:07:07,751] tensorflow - Level 1 - Registering RaggedFillEmptyRows (<function _ragged_fill_empty_rows_grad at 0x000001FFC7A09300>) in gradient.
[2026-02-17 00:07:07,767] tensorflow - Level 1 - Registering RaggedGather (<function _ragged_gather_grad at 0x000001FFC7A0B1A0>) in gradient.
[2026-02-17 00:07:07,783] tensorflow - Level 1 - Registering RegexReplace (None) in gradient.
[2026-02-17 00:07:07,783] tensorflow - Level 1 - Registering StringToHashBucket (None) in gradient.
[2026-02-17 00:07:07,783] tensorflow - Level 1 - Registering StringToHashBucketFast (None) in gradient.
[2026-02-17 00:07:07,783] tensorflow - Level 1 - Registering StringToHashBucketStrong (None) in gradient.
[2026-02-17 00:07:07,783] tensorflow - Level 1 - Registering ReduceJoin (None) in gradient.
[2026-02-17 00:07:07,783] tensorflow - Level 1 - Registering StringJoin (None) in gradient.
[2026-02-17 00:07:07,783] tensorflow - Level 1 - Registering StringSplit (None) in gradient.
[2026-02-17 00:07:07,783] tensorflow - Level 1 - Registering AsString (None) in gradient.
[2026-02-17 00:07:07,783] tensorflow - Level 1 - Registering EncodeBase64 (None) in gradient.
[2026-02-17 00:07:07,783] tensorflow - Level 1 - Registering DecodeBase64 (None) in gradient.
[2026-02-17 00:07:07,783] tensorflow - Level 1 - Registering Print (<function _PrintGrad at 0x000001FFC7A41E40>) in gradient.
[2026-02-17 00:07:07,783] tensorflow - Level 1 - Registering HistogramSummary (None) in gradient.
[2026-02-17 00:07:07,783] tensorflow - Level 1 - Registering ImageSummary (None) in gradient.
[2026-02-17 00:07:07,783] tensorflow - Level 1 - Registering AudioSummary (None) in gradient.
[2026-02-17 00:07:07,783] tensorflow - Level 1 - Registering AudioSummaryV2 (None) in gradient.
[2026-02-17 00:07:07,783] tensorflow - Level 1 - Registering MergeSummary (None) in gradient.
[2026-02-17 00:07:07,783] tensorflow - Level 1 - Registering ScalarSummary (None) in gradient.
[2026-02-17 00:07:07,783] tensorflow - Level 1 - Registering TensorSummary (None) in gradient.
[2026-02-17 00:07:07,783] tensorflow - Level 1 - Registering TensorSummaryV2 (None) in gradient.
[2026-02-17 00:07:07,783] tensorflow - Level 1 - Registering Timestamp (None) in gradient.
[2026-02-17 00:07:07,862] tensorflow - Level 1 - Registering XlaEinsum (<function _einsum_grad at 0x000001FFC7AF4EA0>) in gradient.
[2026-02-17 00:07:07,878] tensorflow - Level 1 - Registering RaggedTensorToTensor (<function _ragged_tensor_to_tensor_grad at 0x000001FFC7B29E40>) in gradient.
[2026-02-17 00:07:07,878] tensorflow - Level 1 - Registering RaggedTensorFromVariant (<function _ragged_tensor_from_variant_grad at 0x000001FFC7B2A0C0>) in gradient.
[2026-02-17 00:07:07,878] tensorflow - Level 1 - Registering RaggedTensorToVariant (<function _ragged_tensor_to_variant_grad at 0x000001FFC7B2A160>) in gradient.
[2026-02-17 00:07:07,895] tensorflow - Level 1 - Registering ClipByValue (<function _clip_by_value_grad at 0x000001FFC7B2A840>) in gradient.
[2026-02-17 00:07:07,899] tensorflow - Level 1 - Registering DynamicPartition (<function _DynamicPartitionGrads at 0x000001FFC7B2B240>) in gradient.
[2026-02-17 00:07:07,899] tensorflow - Level 1 - Registering ParallelDynamicStitch (<function _DynamicStitchGrads at 0x000001FFC7B2B560>) in gradient.
[2026-02-17 00:07:07,899] tensorflow - Level 1 - Registering DynamicStitch (<function _DynamicStitchGrads at 0x000001FFC7B2B560>) in gradient.
[2026-02-17 00:07:07,899] tensorflow - Level 1 - Registering Queue (None) in gradient.
[2026-02-17 00:07:07,899] tensorflow - Level 1 - Registering QueueEnqueue (None) in gradient.
[2026-02-17 00:07:07,899] tensorflow - Level 1 - Registering QueueEnqueueMany (None) in gradient.
[2026-02-17 00:07:07,899] tensorflow - Level 1 - Registering QueueDequeue (None) in gradient.
[2026-02-17 00:07:07,899] tensorflow - Level 1 - Registering QueueDequeueMany (None) in gradient.
[2026-02-17 00:07:07,899] tensorflow - Level 1 - Registering QueueDequeueUpTo (None) in gradient.
[2026-02-17 00:07:07,899] tensorflow - Level 1 - Registering QueueClose (None) in gradient.
[2026-02-17 00:07:07,899] tensorflow - Level 1 - Registering QueueSize (None) in gradient.
[2026-02-17 00:07:07,899] tensorflow - Level 1 - Registering Stack (None) in gradient.
[2026-02-17 00:07:07,899] tensorflow - Level 1 - Registering StackPush (None) in gradient.
[2026-02-17 00:07:07,899] tensorflow - Level 1 - Registering StackPop (None) in gradient.
[2026-02-17 00:07:07,899] tensorflow - Level 1 - Registering StackClose (None) in gradient.
[2026-02-17 00:07:07,899] tensorflow - Level 1 - Registering GetSessionHandle (None) in gradient.
[2026-02-17 00:07:07,899] tensorflow - Level 1 - Registering GetSessionHandleV2 (None) in gradient.
[2026-02-17 00:07:07,899] tensorflow - Level 1 - Registering GetSessionTensor (None) in gradient.
[2026-02-17 00:07:07,899] tensorflow - Level 1 - Registering DeleteSessionTensor (None) in gradient.
[2026-02-17 00:07:08,004] tensorflow - Level 1 - Registering TPUReplicatedInput (None) in gradient.
[2026-02-17 00:07:08,004] tensorflow - Level 1 - Registering AllToAll (<function _all_to_all_grad at 0x000001FFC7CA58A0>) in gradient.
[2026-02-17 00:07:08,004] tensorflow - Level 1 - Registering CollectivePermute (<function _collective_permute_grad at 0x000001FFC7CA5A80>) in gradient.
[2026-02-17 00:07:08,004] tensorflow - Level 1 - Registering CrossReplicaSum (<function _cross_replica_sum_grad at 0x000001FFC7CA5B20>) in gradient.
[2026-02-17 00:07:08,004] tensorflow - Level 1 - Registering TPUEmbeddingActivations (<function _embedding_activations_grad at 0x000001FFC7CA5BC0>) in gradient.
[2026-02-17 00:07:08,070] tensorflow - Level 1 - Registering XlaClusterOutput (<function _XlaClusterOutputGrad at 0x000001FFC7D100E0>) in gradient.
[2026-02-17 00:07:08,076] tensorflow - Level 1 - Registering Pack (<function _PackGrad at 0x000001FFC7D11260>) in gradient.
[2026-02-17 00:07:08,079] tensorflow - Level 1 - Registering Unpack (<function _UnpackGrad at 0x000001FFC7D113A0>) in gradient.
[2026-02-17 00:07:08,079] tensorflow - Level 1 - Registering Concat (<function _ConcatGrad at 0x000001FFC7D11580>) in gradient.
[2026-02-17 00:07:08,080] tensorflow - Level 1 - Registering ConcatV2 (<function _ConcatGradV2 at 0x000001FFC7D11620>) in gradient.
[2026-02-17 00:07:08,080] tensorflow - Level 1 - Registering ConcatOffset (None) in gradient.
[2026-02-17 00:07:08,080] tensorflow - Level 1 - Registering Slice (<function _SliceGrad at 0x000001FFC7D116C0>) in gradient.
[2026-02-17 00:07:08,080] tensorflow - Level 1 - Registering StridedSlice (<function _StridedSliceGrad at 0x000001FFC7D118A0>) in gradient.
[2026-02-17 00:07:08,081] tensorflow - Level 1 - Registering StridedSliceGrad (<function _StridedSliceGradGrad at 0x000001FFC7D11940>) in gradient.
[2026-02-17 00:07:08,081] tensorflow - Level 1 - Registering TensorStridedSliceUpdate (<function _TensorStridedSliceUpdateGrad at 0x000001FFC7D119E0>) in gradient.
[2026-02-17 00:07:08,081] tensorflow - Level 1 - Registering Split (<function _SplitGrad at 0x000001FFC7D11A80>) in gradient.
[2026-02-17 00:07:08,081] tensorflow - Level 1 - Registering SplitV (<function _SplitVGrad at 0x000001FFC7D11B20>) in gradient.
[2026-02-17 00:07:08,081] tensorflow - Level 1 - Registering Const (None) in gradient.
[2026-02-17 00:07:08,081] tensorflow - Level 1 - Registering Diag (<function _DiagGrad at 0x000001FFC7D11BC0>) in gradient.
[2026-02-17 00:07:08,081] tensorflow - Level 1 - Registering DiagPart (<function _DiagPartGrad at 0x000001FFC7D11C60>) in gradient.
[2026-02-17 00:07:08,081] tensorflow - Level 1 - Registering MatrixDiag (<function _MatrixDiagGrad at 0x000001FFC7D11D00>) in gradient.
[2026-02-17 00:07:08,081] tensorflow - Level 1 - Registering MatrixDiagV2 (<function _MatrixDiagV2Grad at 0x000001FFC7D11DA0>) in gradient.
[2026-02-17 00:07:08,081] tensorflow - Level 1 - Registering MatrixDiagV3 (<function _MatrixDiagV3Grad at 0x000001FFC7D11E40>) in gradient.
[2026-02-17 00:07:08,081] tensorflow - Level 1 - Registering MatrixDiagPart (<function _MatrixDiagPartGrad at 0x000001FFC7D11EE0>) in gradient.
[2026-02-17 00:07:08,081] tensorflow - Level 1 - Registering MatrixDiagPartV2 (<function _MatrixDiagPartV2Grad at 0x000001FFC7D11F80>) in gradient.
[2026-02-17 00:07:08,081] tensorflow - Level 1 - Registering MatrixDiagPartV3 (<function _MatrixDiagPartV3Grad at 0x000001FFC7D12020>) in gradient.
[2026-02-17 00:07:08,081] tensorflow - Level 1 - Registering MatrixSetDiag (<function _MatrixSetDiagGrad at 0x000001FFC7D120C0>) in gradient.
[2026-02-17 00:07:08,081] tensorflow - Level 1 - Registering MatrixSetDiagV2 (<function _MatrixSetDiagGradV2 at 0x000001FFC7D12160>) in gradient.
[2026-02-17 00:07:08,081] tensorflow - Level 1 - Registering MatrixSetDiagV3 (<function _MatrixSetDiagGradV3 at 0x000001FFC7D12200>) in gradient.
[2026-02-17 00:07:08,081] tensorflow - Level 1 - Registering MatrixBandPart (<function _MatrixBandPartGrad at 0x000001FFC7D122A0>) in gradient.
[2026-02-17 00:07:08,081] tensorflow - Level 1 - Registering EditDistance (None) in gradient.
[2026-02-17 00:07:08,081] tensorflow - Level 1 - Registering Fill (<function _FillGrad at 0x000001FFC7D12340>) in gradient.
[2026-02-17 00:07:08,081] tensorflow - Level 1 - Registering ZerosLike (None) in gradient.
[2026-02-17 00:07:08,081] tensorflow - Level 1 - Registering OnesLike (None) in gradient.
[2026-02-17 00:07:08,081] tensorflow - Level 1 - Registering PreventGradient (<function _PreventGradientGrad at 0x000001FFC7D123E0>) in gradient.
[2026-02-17 00:07:08,081] tensorflow - Level 1 - Registering Gather (<function _GatherGrad at 0x000001FFC7D12520>) in gradient.
[2026-02-17 00:07:08,081] tensorflow - Level 1 - Registering GatherV2 (<function _GatherV2Grad at 0x000001FFC7D12700>) in gradient.
[2026-02-17 00:07:08,081] tensorflow - Level 1 - Registering GatherNd (<function _GatherNdGrad at 0x000001FFC7D127A0>) in gradient.
[2026-02-17 00:07:08,081] tensorflow - Level 1 - Registering ResourceGatherNd (<function _ResourceGatherNdGrad at 0x000001FFC7D12840>) in gradient.
[2026-02-17 00:07:08,081] tensorflow - Level 1 - Registering CheckNumerics (<function _CheckNumericsGrad at 0x000001FFC7D128E0>) in gradient.
[2026-02-17 00:07:08,081] tensorflow - Level 1 - Registering CheckNumericsV2 (<function _CheckNumericsV2Grad at 0x000001FFC7D12980>) in gradient.
[2026-02-17 00:07:08,081] tensorflow - Level 1 - Registering Identity (<function _IdGrad at 0x000001FFC7D12A20>) in gradient.
[2026-02-17 00:07:08,081] tensorflow - Level 1 - Registering PlaceholderWithDefault (<function _IdGrad at 0x000001FFC7D12A20>) in gradient.
[2026-02-17 00:07:08,081] tensorflow - Level 1 - Registering _EagerConst (<function _EagerConstGrad at 0x000001FFC7D12AC0>) in gradient.
[2026-02-17 00:07:08,081] tensorflow - Level 1 - Registering RefIdentity (<function _RefIdGrad at 0x000001FFC7D12B60>) in gradient.
[2026-02-17 00:07:08,081] tensorflow - Level 1 - Registering IdentityN (<function _IdNGrad at 0x000001FFC7D12C00>) in gradient.
[2026-02-17 00:07:08,081] tensorflow - Level 1 - Registering StopGradient (None) in gradient.
[2026-02-17 00:07:08,081] tensorflow - Level 1 - Registering Reshape (<function _ReshapeGrad at 0x000001FFC7D12CA0>) in gradient.
[2026-02-17 00:07:08,081] tensorflow - Level 1 - Registering InvertPermutation (None) in gradient.
[2026-02-17 00:07:08,081] tensorflow - Level 1 - Registering ExpandDims (<function _ExpandDimsGrad at 0x000001FFC7D12DE0>) in gradient.
[2026-02-17 00:07:08,081] tensorflow - Level 1 - Registering Squeeze (<function _SqueezeGrad at 0x000001FFC7D12E80>) in gradient.
[2026-02-17 00:07:08,081] tensorflow - Level 1 - Registering Transpose (<function _TransposeGrad at 0x000001FFC7D12F20>) in gradient.
[2026-02-17 00:07:08,081] tensorflow - Level 1 - Registering ConjugateTranspose (<function _ConjugateTransposeGrad at 0x000001FFC7D12FC0>) in gradient.
[2026-02-17 00:07:08,081] tensorflow - Level 1 - Registering Shape (None) in gradient.
[2026-02-17 00:07:08,081] tensorflow - Level 1 - Registering ShapeN (None) in gradient.
[2026-02-17 00:07:08,081] tensorflow - Level 1 - Registering Rank (None) in gradient.
[2026-02-17 00:07:08,081] tensorflow - Level 1 - Registering Size (None) in gradient.
[2026-02-17 00:07:08,081] tensorflow - Level 1 - Registering Tile (<function _TileGrad at 0x000001FFC7D13060>) in gradient.
[2026-02-17 00:07:08,081] tensorflow - Level 1 - Registering BroadcastGradientArgs (None) in gradient.
[2026-02-17 00:07:08,081] tensorflow - Level 1 - Registering Pad (<function _PadGrad at 0x000001FFC7D13100>) in gradient.
[2026-02-17 00:07:08,081] tensorflow - Level 1 - Registering PadV2 (<function _PadGrad at 0x000001FFC7D13100>) in gradient.
[2026-02-17 00:07:08,081] tensorflow - Level 1 - Registering ReverseSequence (<function _ReverseSequenceGrad at 0x000001FFC7D131A0>) in gradient.
[2026-02-17 00:07:08,081] tensorflow - Level 1 - Registering Reverse (<function _ReverseGrad at 0x000001FFC7D13240>) in gradient.
[2026-02-17 00:07:08,081] tensorflow - Level 1 - Registering ReverseV2 (<function _ReverseV2Grad at 0x000001FFC7D132E0>) in gradient.
[2026-02-17 00:07:08,081] tensorflow - Level 1 - Registering SpaceToBatch (<function _SpaceToBatchGrad at 0x000001FFC7D13380>) in gradient.
[2026-02-17 00:07:08,081] tensorflow - Level 1 - Registering SpaceToBatchND (<function _SpaceToBatchNDGrad at 0x000001FFC7D13420>) in gradient.
[2026-02-17 00:07:08,081] tensorflow - Level 1 - Registering BatchToSpace (<function _BatchToSpaceGrad at 0x000001FFC7D134C0>) in gradient.
[2026-02-17 00:07:08,081] tensorflow - Level 1 - Registering BatchToSpaceND (<function _BatchToSpaceNDGrad at 0x000001FFC7D13560>) in gradient.
[2026-02-17 00:07:08,097] tensorflow - Level 1 - Registering SpaceToDepth (<function _SpaceToDepthGrad at 0x000001FFC7D13600>) in gradient.
[2026-02-17 00:07:08,097] tensorflow - Level 1 - Registering DepthToSpace (<function _DepthToSpaceGrad at 0x000001FFC7D136A0>) in gradient.
[2026-02-17 00:07:08,097] tensorflow - Level 1 - Registering OneHot (None) in gradient.
[2026-02-17 00:07:08,097] tensorflow - Level 1 - Registering MirrorPad (<function _MirrorPadGrad at 0x000001FFC7D13740>) in gradient.
[2026-02-17 00:07:08,097] tensorflow - Level 1 - Registering MirrorPadGrad (<function _MirrorPadGradGrad at 0x000001FFC7D137E0>) in gradient.
[2026-02-17 00:07:08,099] tensorflow - Level 1 - Registering FakeQuantWithMinMaxArgsGradient (None) in gradient.
[2026-02-17 00:07:08,099] tensorflow - Level 1 - Registering FakeQuantWithMinMaxVarsGradient (None) in gradient.
[2026-02-17 00:07:08,099] tensorflow - Level 1 - Registering FakeQuantWithMinMaxVarsPerChannelGradient (None) in gradient.
[2026-02-17 00:07:08,099] tensorflow - Level 1 - Registering QuantizeAndDequantize (<function _QuantizeAndDequantizeGrad at 0x000001FFC7D13880>) in gradient.
[2026-02-17 00:07:08,099] tensorflow - Level 1 - Registering QuantizeAndDequantizeV2 (<function _QuantizeAndDequantizeV2Grad at 0x000001FFC7D139C0>) in gradient.
[2026-02-17 00:07:08,099] tensorflow - Level 1 - Registering QuantizeAndDequantizeV3 (<function _QuantizeAndDequantizeV3Grad at 0x000001FFC7D13A60>) in gradient.
[2026-02-17 00:07:08,099] tensorflow - Level 1 - Registering ExtractImagePatches (<function _ExtractImagePatchesGrad at 0x000001FFC7D13920>) in gradient.
[2026-02-17 00:07:08,099] tensorflow - Level 1 - Registering ExtractVolumePatches (<function _ExtractVolumePatchesGrad at 0x000001FFC7D13B00>) in gradient.
[2026-02-17 00:07:08,101] tensorflow - Level 1 - Registering ScatterNd (<function _ScatterNdGrad at 0x000001FFC7D13BA0>) in gradient.
[2026-02-17 00:07:08,101] tensorflow - Level 1 - Registering TensorScatterUpdate (<function _TensorScatterUpdateGrad at 0x000001FFC7D13C40>) in gradient.
[2026-02-17 00:07:08,101] tensorflow - Level 1 - Registering TensorScatterAdd (<function _TensorScatterAddGrad at 0x000001FFC7D13CE0>) in gradient.
[2026-02-17 00:07:08,101] tensorflow - Level 1 - Registering TensorScatterMax (<function _TensorScatterMaxGrad at 0x000001FFC7D13E20>) in gradient.
[2026-02-17 00:07:08,101] tensorflow - Level 1 - Registering TensorScatterMin (<function _TensorScatterMinGrad at 0x000001FFC7D13EC0>) in gradient.
[2026-02-17 00:07:08,101] tensorflow - Level 1 - Registering TensorScatterSub (<function _TensorScatterSubGrad at 0x000001FFC7D13F60>) in gradient.
[2026-02-17 00:07:08,101] tensorflow - Level 1 - Registering ScatterNdNonAliasingAdd (<function _ScatterNdNonAliasingAddGrad at 0x000001FFC7D50040>) in gradient.
[2026-02-17 00:07:08,101] tensorflow - Level 1 - Registering BroadcastTo (<function _BroadcastToGrad at 0x000001FFC7D500E0>) in gradient.
[2026-02-17 00:07:08,101] tensorflow - Level 1 - Registering Switch (<function _SwitchGrad at 0x000001FFC7D502C0>) in gradient.
[2026-02-17 00:07:08,101] tensorflow - Level 1 - Registering RefSwitch (<function _SwitchGrad at 0x000001FFC7D502C0>) in gradient.
[2026-02-17 00:07:08,101] tensorflow - Level 1 - Registering Merge (<function _MergeGrad at 0x000001FFC7D50360>) in gradient.
[2026-02-17 00:07:08,101] tensorflow - Level 1 - Registering RefMerge (<function _RefMergeGrad at 0x000001FFC7D504A0>) in gradient.
[2026-02-17 00:07:08,101] tensorflow - Level 1 - Registering Exit (<function _ExitGrad at 0x000001FFC7D50400>) in gradient.
[2026-02-17 00:07:08,101] tensorflow - Level 1 - Registering RefExit (<function _ExitGrad at 0x000001FFC7D50400>) in gradient.
[2026-02-17 00:07:08,101] tensorflow - Level 1 - Registering NextIteration (<function _NextIterationGrad at 0x000001FFC7D50540>) in gradient.
[2026-02-17 00:07:08,101] tensorflow - Level 1 - Registering RefNextIteration (<function _RefNextIterationGrad at 0x000001FFC7D505E0>) in gradient.
[2026-02-17 00:07:08,101] tensorflow - Level 1 - Registering Enter (<function _EnterGrad at 0x000001FFC7D50680>) in gradient.
[2026-02-17 00:07:08,101] tensorflow - Level 1 - Registering RefEnter (<function _RefEnterGrad at 0x000001FFC7D50720>) in gradient.
[2026-02-17 00:07:08,101] tensorflow - Level 1 - Registering LoopCond (<function _LoopCondGrad at 0x000001FFC7D507C0>) in gradient.
[2026-02-17 00:07:08,113] tensorflow - Level 1 - Registering CudnnRNN (<function _cudnn_rnn_backward at 0x000001FFC7D50900>) in gradient.
[2026-02-17 00:07:08,113] tensorflow - Level 1 - Registering CudnnRNNV2 (<function _cudnn_rnn_backward_v2 at 0x000001FFC7D50AE0>) in gradient.
[2026-02-17 00:07:08,113] tensorflow - Level 1 - Registering CudnnRNNV3 (<function _cudnn_rnn_backwardv3 at 0x000001FFC7D78C20>) in gradient.
[2026-02-17 00:07:08,130] tensorflow - Level 1 - Registering ResizeNearestNeighbor (<function _ResizeNearestNeighborGrad at 0x000001FFC7D78B80>) in gradient.
[2026-02-17 00:07:08,130] tensorflow - Level 1 - Registering ResizeBilinear (<function _ResizeBilinearGrad at 0x000001FFC7D78CC0>) in gradient.
[2026-02-17 00:07:08,130] tensorflow - Level 1 - Registering ResizeBilinearGrad (None) in gradient.
[2026-02-17 00:07:08,130] tensorflow - Level 1 - Registering ScaleAndTranslate (<function _ScaleAndTranslateGrad at 0x000001FFC7D78EA0>) in gradient.
[2026-02-17 00:07:08,130] tensorflow - Level 1 - Registering ResizeBicubic (<function _ResizeBicubicGrad at 0x000001FFC7D78E00>) in gradient.
[2026-02-17 00:07:08,130] tensorflow - Level 1 - Registering CropAndResize (<function _CropAndResizeGrad at 0x000001FFC7D78F40>) in gradient.
[2026-02-17 00:07:08,130] tensorflow - Level 1 - Registering RGBToHSV (<function _RGBToHSVGrad at 0x000001FFC7D79080>) in gradient.
[2026-02-17 00:07:08,149] tensorflow - Level 1 - Registering ReaderRead (None) in gradient.
[2026-02-17 00:07:08,150] tensorflow - Level 1 - Registering ReaderReadUpTo (None) in gradient.
[2026-02-17 00:07:08,150] tensorflow - Level 1 - Registering ReaderNumRecordsProduced (None) in gradient.
[2026-02-17 00:07:08,151] tensorflow - Level 1 - Registering ReaderNumWorkUnitsCompleted (None) in gradient.
[2026-02-17 00:07:08,151] tensorflow - Level 1 - Registering ReaderSerializeState (None) in gradient.
[2026-02-17 00:07:08,151] tensorflow - Level 1 - Registering ReaderRestoreState (None) in gradient.
[2026-02-17 00:07:08,152] tensorflow - Level 1 - Registering ReaderReset (None) in gradient.
[2026-02-17 00:07:08,152] tensorflow - Level 1 - Registering WholeFileReader (None) in gradient.
[2026-02-17 00:07:08,153] tensorflow - Level 1 - Registering TextLineReader (None) in gradient.
[2026-02-17 00:07:08,155] tensorflow - Level 1 - Registering FixedLengthRecordReader (None) in gradient.
[2026-02-17 00:07:08,155] tensorflow - Level 1 - Registering TFRecordReader (None) in gradient.
[2026-02-17 00:07:08,156] tensorflow - Level 1 - Registering LMDBReader (None) in gradient.
[2026-02-17 00:07:08,156] tensorflow - Level 1 - Registering IdentityReader (None) in gradient.
[2026-02-17 00:07:08,170] tensorflow - Level 1 - Registering MatrixInverse (<function _MatrixInverseGrad at 0x000001FFC7DCA520>) in gradient.
[2026-02-17 00:07:08,172] tensorflow - Level 1 - Registering Einsum (<function _EinsumGrad at 0x000001FFC7DCA7A0>) in gradient.
[2026-02-17 00:07:08,172] tensorflow - Level 1 - Registering MatrixDeterminant (<function _MatrixDeterminantGrad at 0x000001FFC7DFCC20>) in gradient.
[2026-02-17 00:07:08,172] tensorflow - Level 1 - Registering MatrixSquareRoot (<function _MatrixSquareRootGrad at 0x000001FFC7DFCD60>) in gradient.
[2026-02-17 00:07:08,175] tensorflow - Level 1 - Registering LogMatrixDeterminant (<function _LogMatrixDeterminantGrad at 0x000001FFC7DFCE00>) in gradient.
[2026-02-17 00:07:08,175] tensorflow - Level 1 - Registering Cholesky (<function _CholeskyGrad at 0x000001FFC7DFCEA0>) in gradient.
[2026-02-17 00:07:08,175] tensorflow - Level 1 - Registering Qr (<function _QrGrad at 0x000001FFC7DFCF40>) in gradient.
[2026-02-17 00:07:08,175] tensorflow - Level 1 - Registering MatrixSolve (<function _MatrixSolveGrad at 0x000001FFC7DFCFE0>) in gradient.
[2026-02-17 00:07:08,175] tensorflow - Level 1 - Registering MatrixSolveLs (<function _MatrixSolveLsGrad at 0x000001FFC7DFD080>) in gradient.
[2026-02-17 00:07:08,175] tensorflow - Level 1 - Registering BandedTriangularSolve (<function _BandedTriangularSolveGrad at 0x000001FFC7DFD120>) in gradient.
[2026-02-17 00:07:08,175] tensorflow - Level 1 - Registering MatrixTriangularSolve (<function _MatrixTriangularSolveGrad at 0x000001FFC7DFD1C0>) in gradient.
[2026-02-17 00:07:08,175] tensorflow - Level 1 - Registering Eig (<function _EigGrad at 0x000001FFC7DFD300>) in gradient.
[2026-02-17 00:07:08,177] tensorflow - Level 1 - Registering SelfAdjointEigV2 (<function _SelfAdjointEigV2Grad at 0x000001FFC7DFD3A0>) in gradient.
[2026-02-17 00:07:08,177] tensorflow - Level 1 - Registering Svd (<function _SvdGrad at 0x000001FFC7DFD440>) in gradient.
[2026-02-17 00:07:08,177] tensorflow - Level 1 - Registering TridiagonalMatMul (<function _TridiagonalMatMulGrad at 0x000001FFC7DFD620>) in gradient.
[2026-02-17 00:07:08,177] tensorflow - Level 1 - Registering TridiagonalSolve (<function _TridiagonalSolveGrad at 0x000001FFC7DFD6C0>) in gradient.
[2026-02-17 00:07:08,179] tensorflow - Level 1 - Registering LookupTableFind (None) in gradient.
[2026-02-17 00:07:08,179] tensorflow - Level 1 - Registering LookupTableFindV2 (None) in gradient.
[2026-02-17 00:07:08,179] tensorflow - Level 1 - Registering LookupTableInsert (None) in gradient.
[2026-02-17 00:07:08,179] tensorflow - Level 1 - Registering LookupTableInsertV2 (None) in gradient.
[2026-02-17 00:07:08,179] tensorflow - Level 1 - Registering LookupTableSize (None) in gradient.
[2026-02-17 00:07:08,185] tensorflow - Level 1 - Registering LookupTableSizeV2 (None) in gradient.
[2026-02-17 00:07:08,185] tensorflow - Level 1 - Registering HashTable (None) in gradient.
[2026-02-17 00:07:08,185] tensorflow - Level 1 - Registering HashTableV2 (None) in gradient.
[2026-02-17 00:07:08,185] tensorflow - Level 1 - Registering InitializeTable (None) in gradient.
[2026-02-17 00:07:08,185] tensorflow - Level 1 - Registering InitializeTableV2 (None) in gradient.
[2026-02-17 00:07:08,185] tensorflow - Level 1 - Registering InitializeTableFromTextFile (None) in gradient.
[2026-02-17 00:07:08,185] tensorflow - Level 1 - Registering InitializeTableFromTextFileV2 (None) in gradient.
[2026-02-17 00:07:08,187] tensorflow - Level 1 - Registering MutableDenseHashTable (None) in gradient.
[2026-02-17 00:07:08,187] tensorflow - Level 1 - Registering MutableDenseHashTableV2 (None) in gradient.
[2026-02-17 00:07:08,187] tensorflow - Level 1 - Registering MutableHashTable (None) in gradient.
[2026-02-17 00:07:08,187] tensorflow - Level 1 - Registering MutableHashTableV2 (None) in gradient.
[2026-02-17 00:07:08,187] tensorflow - Level 1 - Registering MutableHashTableOfTensors (None) in gradient.
[2026-02-17 00:07:08,187] tensorflow - Level 1 - Registering MutableHashTableOfTensorsV2 (None) in gradient.
[2026-02-17 00:07:08,189] tensorflow - Level 1 - Registering Roll (<function _RollGrad at 0x000001FFC7D50860>) in gradient.
[2026-02-17 00:07:08,189] tensorflow - Level 1 - Registering ArgMax (<function _ArgMaxGrad at 0x000001FFC7DFCA40>) in gradient.
[2026-02-17 00:07:08,203] tensorflow - Level 1 - Registering ArgMin (<function _ArgMinGrad at 0x000001FFC7DFE7A0>) in gradient.
[2026-02-17 00:07:08,203] tensorflow - Level 1 - Registering EuclideanNorm (<function _EuclideanNormGrad at 0x000001FFC7DFEA20>) in gradient.
[2026-02-17 00:07:08,203] tensorflow - Level 1 - Registering Sum (<function _SumGrad at 0x000001FFC7DFEE80>) in gradient.
[2026-02-17 00:07:08,203] tensorflow - Level 1 - Registering Max (<function _MaxGrad at 0x000001FFC7DFEFC0>) in gradient.
[2026-02-17 00:07:08,203] tensorflow - Level 1 - Registering Min (<function _MinGrad at 0x000001FFC7DFF060>) in gradient.
[2026-02-17 00:07:08,203] tensorflow - Level 1 - Registering Mean (<function _MeanGrad at 0x000001FFC7DFF100>) in gradient.
[2026-02-17 00:07:08,203] tensorflow - Level 1 - Registering Prod (<function _ProdGrad at 0x000001FFC7DFF1A0>) in gradient.
[2026-02-17 00:07:08,203] tensorflow - Level 1 - Registering SegmentSum (<function _SegmentSumGrad at 0x000001FFC7DFF240>) in gradient.
[2026-02-17 00:07:08,203] tensorflow - Level 1 - Registering SegmentMean (<function _SegmentMeanGrad at 0x000001FFC7DFF2E0>) in gradient.
[2026-02-17 00:07:08,203] tensorflow - Level 1 - Registering SparseSegmentSum (<function _SparseSegmentSumGrad at 0x000001FFC7DFF4C0>) in gradient.
[2026-02-17 00:07:08,203] tensorflow - Level 1 - Registering SparseSegmentSumWithNumSegments (<function _SparseSegmentSumWithNumSegmentsGrad at 0x000001FFC7DFF560>) in gradient.
[2026-02-17 00:07:08,203] tensorflow - Level 1 - Registering SparseSegmentMean (<function _SparseSegmentMeanGrad at 0x000001FFC7DFF600>) in gradient.
[2026-02-17 00:07:08,203] tensorflow - Level 1 - Registering SparseSegmentMeanWithNumSegments (<function _SparseSegmentMeanWithNumSegmentsGrad at 0x000001FFC7DFF6A0>) in gradient.
[2026-02-17 00:07:08,203] tensorflow - Level 1 - Registering SparseSegmentSqrtN (<function _SparseSegmentSqrtNGrad at 0x000001FFC7DFF740>) in gradient.
[2026-02-17 00:07:08,203] tensorflow - Level 1 - Registering SparseSegmentSqrtNWithNumSegments (<function _SparseSegmentSqrtNWithNumSegmentsGrad at 0x000001FFC7DFF7E0>) in gradient.
[2026-02-17 00:07:08,203] tensorflow - Level 1 - Registering SegmentMin (<function _SegmentMinGrad at 0x000001FFC7DFF920>) in gradient.
[2026-02-17 00:07:08,203] tensorflow - Level 1 - Registering SegmentMax (<function _SegmentMaxGrad at 0x000001FFC7DFF9C0>) in gradient.
[2026-02-17 00:07:08,203] tensorflow - Level 1 - Registering SegmentProd (<function _SegmentProdGrad at 0x000001FFC7DFFA60>) in gradient.
[2026-02-17 00:07:08,203] tensorflow - Level 1 - Registering UnsortedSegmentSum (<function _UnsortedSegmentSumGrad at 0x000001FFC7DFFC40>) in gradient.
[2026-02-17 00:07:08,203] tensorflow - Level 1 - Registering UnsortedSegmentMax (<function _UnsortedSegmentMaxGrad at 0x000001FFC7DFFCE0>) in gradient.
[2026-02-17 00:07:08,203] tensorflow - Level 1 - Registering UnsortedSegmentMin (<function _UnsortedSegmentMinGrad at 0x000001FFC7DFFD80>) in gradient.
[2026-02-17 00:07:08,203] tensorflow - Level 1 - Registering UnsortedSegmentProd (<function _UnsortedSegmentProdGrad at 0x000001FFC7DFFE20>) in gradient.
[2026-02-17 00:07:08,203] tensorflow - Level 1 - Registering Abs (<function _AbsGrad at 0x000001FFC7DFFEC0>) in gradient.
[2026-02-17 00:07:08,203] tensorflow - Level 1 - Registering Neg (<function _NegGrad at 0x000001FFC7DFFF60>) in gradient.
[2026-02-17 00:07:08,203] tensorflow - Level 1 - Registering Inv (<function _InvGrad at 0x000001FFC7E6C040>) in gradient.
[2026-02-17 00:07:08,203] tensorflow - Level 1 - Registering Reciprocal (<function _ReciprocalGrad at 0x000001FFC7E6C0E0>) in gradient.
[2026-02-17 00:07:08,203] tensorflow - Level 1 - Registering InvGrad (<function _InvGradGrad at 0x000001FFC7E6C180>) in gradient.
[2026-02-17 00:07:08,203] tensorflow - Level 1 - Registering ReciprocalGrad (<function _ReciprocalGradGrad at 0x000001FFC7E6C220>) in gradient.
[2026-02-17 00:07:08,203] tensorflow - Level 1 - Registering Square (<function _SquareGrad at 0x000001FFC7E6C2C0>) in gradient.
[2026-02-17 00:07:08,203] tensorflow - Level 1 - Registering Sqrt (<function _SqrtGrad at 0x000001FFC7E6C360>) in gradient.
[2026-02-17 00:07:08,203] tensorflow - Level 1 - Registering SqrtGrad (<function _SqrtGradGrad at 0x000001FFC7E6C400>) in gradient.
[2026-02-17 00:07:08,203] tensorflow - Level 1 - Registering Rsqrt (<function _RsqrtGrad at 0x000001FFC7E6C4A0>) in gradient.
[2026-02-17 00:07:08,203] tensorflow - Level 1 - Registering RsqrtGrad (<function _RsqrtGradGrad at 0x000001FFC7E6C540>) in gradient.
[2026-02-17 00:07:08,203] tensorflow - Level 1 - Registering Exp (<function _ExpGrad at 0x000001FFC7E6C5E0>) in gradient.
[2026-02-17 00:07:08,203] tensorflow - Level 1 - Registering Expm1 (<function _Expm1Grad at 0x000001FFC7E6C680>) in gradient.
[2026-02-17 00:07:08,203] tensorflow - Level 1 - Registering Log (<function _LogGrad at 0x000001FFC7E6C720>) in gradient.
[2026-02-17 00:07:08,203] tensorflow - Level 1 - Registering Log1p (<function _Log1pGrad at 0x000001FFC7E6C7C0>) in gradient.
[2026-02-17 00:07:08,203] tensorflow - Level 1 - Registering Xlogy (<function _XLogyGrad at 0x000001FFC7E6C860>) in gradient.
[2026-02-17 00:07:08,203] tensorflow - Level 1 - Registering Xlog1py (<function _XLog1pyGrad at 0x000001FFC7E6C900>) in gradient.
[2026-02-17 00:07:08,203] tensorflow - Level 1 - Registering Xdivy (<function _XDivyGrad at 0x000001FFC7E6C9A0>) in gradient.
[2026-02-17 00:07:08,203] tensorflow - Level 1 - Registering Sinh (<function _SinhGrad at 0x000001FFC7E6CA40>) in gradient.
[2026-02-17 00:07:08,203] tensorflow - Level 1 - Registering Cosh (<function _CoshGrad at 0x000001FFC7E6CAE0>) in gradient.
[2026-02-17 00:07:08,203] tensorflow - Level 1 - Registering Tanh (<function _TanhGrad at 0x000001FFC7E6CB80>) in gradient.
[2026-02-17 00:07:08,203] tensorflow - Level 1 - Registering Asinh (<function _AsinhGrad at 0x000001FFC7E6CC20>) in gradient.
[2026-02-17 00:07:08,203] tensorflow - Level 1 - Registering Acosh (<function _AcoshGrad at 0x000001FFC7E6CCC0>) in gradient.
[2026-02-17 00:07:08,203] tensorflow - Level 1 - Registering Atanh (<function _AtanhGrad at 0x000001FFC7E6CD60>) in gradient.
[2026-02-17 00:07:08,219] tensorflow - Level 1 - Registering TanhGrad (<function _TanhGradGrad at 0x000001FFC7E6CE00>) in gradient.
[2026-02-17 00:07:08,219] tensorflow - Level 1 - Registering Erf (<function _ErfGrad at 0x000001FFC7E6CEA0>) in gradient.
[2026-02-17 00:07:08,219] tensorflow - Level 1 - Registering Erfc (<function _ErfcGrad at 0x000001FFC7E6CF40>) in gradient.
[2026-02-17 00:07:08,219] tensorflow - Level 1 - Registering Erfinv (<function _ErfinvGrad at 0x000001FFC7E6CFE0>) in gradient.
[2026-02-17 00:07:08,219] tensorflow - Level 1 - Registering Ndtri (<function _NdtriGrad at 0x000001FFC7E6D080>) in gradient.
[2026-02-17 00:07:08,219] tensorflow - Level 1 - Registering Lgamma (<function _LgammaGrad at 0x000001FFC7E6D120>) in gradient.
[2026-02-17 00:07:08,219] tensorflow - Level 1 - Registering Digamma (<function _DigammaGrad at 0x000001FFC7E6D1C0>) in gradient.
[2026-02-17 00:07:08,219] tensorflow - Level 1 - Registering Dawsn (<function _DawsnGrad at 0x000001FFC7E6D260>) in gradient.
[2026-02-17 00:07:08,219] tensorflow - Level 1 - Registering Expint (<function _ExpintGrad at 0x000001FFC7E6D300>) in gradient.
[2026-02-17 00:07:08,219] tensorflow - Level 1 - Registering FresnelCos (<function _FresnelCosGrad at 0x000001FFC7E6D3A0>) in gradient.
[2026-02-17 00:07:08,219] tensorflow - Level 1 - Registering FresnelSin (<function _FresnelSinGrad at 0x000001FFC7E6D440>) in gradient.
[2026-02-17 00:07:08,219] tensorflow - Level 1 - Registering Spence (<function _SpenceGrad at 0x000001FFC7E6D4E0>) in gradient.
[2026-02-17 00:07:08,219] tensorflow - Level 1 - Registering BesselI0 (<function _BesselI0Grad at 0x000001FFC7E6D580>) in gradient.
[2026-02-17 00:07:08,219] tensorflow - Level 1 - Registering BesselI0e (<function _BesselI0eGrad at 0x000001FFC7E6D620>) in gradient.
[2026-02-17 00:07:08,219] tensorflow - Level 1 - Registering BesselI1 (<function _BesselI1Grad at 0x000001FFC7E6D6C0>) in gradient.
[2026-02-17 00:07:08,219] tensorflow - Level 1 - Registering BesselI1e (<function _BesselI1eGrad at 0x000001FFC7E6D760>) in gradient.
[2026-02-17 00:07:08,219] tensorflow - Level 1 - Registering BesselK0 (<function _BesselK0Grad at 0x000001FFC7E6D800>) in gradient.
[2026-02-17 00:07:08,219] tensorflow - Level 1 - Registering BesselK0e (<function _BesselK0eGrad at 0x000001FFC7E6D8A0>) in gradient.
[2026-02-17 00:07:08,219] tensorflow - Level 1 - Registering BesselK1 (<function _BesselK1Grad at 0x000001FFC7E6D940>) in gradient.
[2026-02-17 00:07:08,219] tensorflow - Level 1 - Registering BesselK1e (<function _BesselK1eGrad at 0x000001FFC7E6D9E0>) in gradient.
[2026-02-17 00:07:08,219] tensorflow - Level 1 - Registering BesselJ0 (<function _BesselJ0Grad at 0x000001FFC7E6DA80>) in gradient.
[2026-02-17 00:07:08,219] tensorflow - Level 1 - Registering BesselJ1 (<function _BesselJ1Grad at 0x000001FFC7E6DB20>) in gradient.
[2026-02-17 00:07:08,219] tensorflow - Level 1 - Registering BesselY0 (<function _BesselY0Grad at 0x000001FFC7E6DBC0>) in gradient.
[2026-02-17 00:07:08,219] tensorflow - Level 1 - Registering BesselY1 (<function _BesselY1Grad at 0x000001FFC7E6DC60>) in gradient.
[2026-02-17 00:07:08,219] tensorflow - Level 1 - Registering Igamma (<function _IgammaGrad at 0x000001FFC7E6DD00>) in gradient.
[2026-02-17 00:07:08,219] tensorflow - Level 1 - Registering Igammac (<function _IgammacGrad at 0x000001FFC7E6DDA0>) in gradient.
[2026-02-17 00:07:08,219] tensorflow - Level 1 - Registering Betainc (<function _BetaincGrad at 0x000001FFC7E6DE40>) in gradient.
[2026-02-17 00:07:08,219] tensorflow - Level 1 - Registering Zeta (<function _ZetaGrad at 0x000001FFC7E6DEE0>) in gradient.
[2026-02-17 00:07:08,219] tensorflow - Level 1 - Registering Polygamma (<function _PolygammaGrad at 0x000001FFC7E6DF80>) in gradient.
[2026-02-17 00:07:08,219] tensorflow - Level 1 - Registering Sigmoid (<function _SigmoidGrad at 0x000001FFC7E6E020>) in gradient.
[2026-02-17 00:07:08,219] tensorflow - Level 1 - Registering SigmoidGrad (<function _SigmoidGradGrad at 0x000001FFC7E6E0C0>) in gradient.
[2026-02-17 00:07:08,219] tensorflow - Level 1 - Registering Sign (<function _SignGrad at 0x000001FFC7E6E160>) in gradient.
[2026-02-17 00:07:08,219] tensorflow - Level 1 - Registering Sin (<function _SinGrad at 0x000001FFC7E6E200>) in gradient.
[2026-02-17 00:07:08,219] tensorflow - Level 1 - Registering Cos (<function _CosGrad at 0x000001FFC7E6E2A0>) in gradient.
[2026-02-17 00:07:08,219] tensorflow - Level 1 - Registering Tan (<function _TanGrad at 0x000001FFC7E6E340>) in gradient.
[2026-02-17 00:07:08,219] tensorflow - Level 1 - Registering Asin (<function _AsinGrad at 0x000001FFC7E6E3E0>) in gradient.
[2026-02-17 00:07:08,219] tensorflow - Level 1 - Registering Acos (<function _AcosGrad at 0x000001FFC7E6E480>) in gradient.
[2026-02-17 00:07:08,219] tensorflow - Level 1 - Registering Atan (<function _AtanGrad at 0x000001FFC7E6E520>) in gradient.
[2026-02-17 00:07:08,219] tensorflow - Level 1 - Registering Atan2 (<function _Atan2Grad at 0x000001FFC7E6E5C0>) in gradient.
[2026-02-17 00:07:08,219] tensorflow - Level 1 - Registering AddN (<function _AddNGrad at 0x000001FFC7E6E660>) in gradient.
[2026-02-17 00:07:08,219] tensorflow - Level 1 - Registering AddV2 (<function _AddGrad at 0x000001FFC7E6E7A0>) in gradient.
[2026-02-17 00:07:08,219] tensorflow - Level 1 - Registering Add (<function _AddGrad at 0x000001FFC7E6E7A0>) in gradient.
[2026-02-17 00:07:08,219] tensorflow - Level 1 - Registering Sub (<function _SubGrad at 0x000001FFC7E6E840>) in gradient.
[2026-02-17 00:07:08,219] tensorflow - Level 1 - Registering Mul (<function _MulGrad at 0x000001FFC7E6E8E0>) in gradient.
[2026-02-17 00:07:08,219] tensorflow - Level 1 - Registering MulNoNan (<function _MulNoNanGrad at 0x000001FFC7E6E980>) in gradient.
[2026-02-17 00:07:08,219] tensorflow - Level 1 - Registering Div (<function _DivGrad at 0x000001FFC7E6EA20>) in gradient.
[2026-02-17 00:07:08,219] tensorflow - Level 1 - Registering FloorDiv (<function _FloorDivGrad at 0x000001FFC7E6EAC0>) in gradient.
[2026-02-17 00:07:08,219] tensorflow - Level 1 - Registering FloorMod (<function _FloorModGrad at 0x000001FFC7E6EB60>) in gradient.
[2026-02-17 00:07:08,219] tensorflow - Level 1 - Registering TruncateDiv (<function _TruncateDivGrad at 0x000001FFC7E6EC00>) in gradient.
[2026-02-17 00:07:08,219] tensorflow - Level 1 - Registering RealDiv (<function _RealDivGrad at 0x000001FFC7E6ECA0>) in gradient.
[2026-02-17 00:07:08,219] tensorflow - Level 1 - Registering DivNoNan (<function _DivNoNanGrad at 0x000001FFC7E6ED40>) in gradient.
[2026-02-17 00:07:08,219] tensorflow - Level 1 - Registering Pow (<function _PowGrad at 0x000001FFC7E6EDE0>) in gradient.
[2026-02-17 00:07:08,219] tensorflow - Level 1 - Registering Maximum (<function _MaximumGrad at 0x000001FFC7E6EFC0>) in gradient.
[2026-02-17 00:07:08,219] tensorflow - Level 1 - Registering Minimum (<function _MinimumGrad at 0x000001FFC7E6F060>) in gradient.
[2026-02-17 00:07:08,219] tensorflow - Level 1 - Registering SquaredDifference (<function _SquaredDifferenceGrad at 0x000001FFC7E6F100>) in gradient.
[2026-02-17 00:07:08,219] tensorflow - Level 1 - Registering Less (None) in gradient.
[2026-02-17 00:07:08,219] tensorflow - Level 1 - Registering LessEqual (None) in gradient.
[2026-02-17 00:07:08,235] tensorflow - Level 1 - Registering Greater (None) in gradient.
[2026-02-17 00:07:08,235] tensorflow - Level 1 - Registering GreaterEqual (None) in gradient.
[2026-02-17 00:07:08,235] tensorflow - Level 1 - Registering Equal (None) in gradient.
[2026-02-17 00:07:08,235] tensorflow - Level 1 - Registering ApproximateEqual (None) in gradient.
[2026-02-17 00:07:08,235] tensorflow - Level 1 - Registering NotEqual (None) in gradient.
[2026-02-17 00:07:08,235] tensorflow - Level 1 - Registering LogicalAnd (None) in gradient.
[2026-02-17 00:07:08,235] tensorflow - Level 1 - Registering LogicalOr (None) in gradient.
[2026-02-17 00:07:08,235] tensorflow - Level 1 - Registering LogicalNot (None) in gradient.
[2026-02-17 00:07:08,235] tensorflow - Level 1 - Registering Select (<function _SelectGrad at 0x000001FFC7E6F1A0>) in gradient.
[2026-02-17 00:07:08,235] tensorflow - Level 1 - Registering SelectV2 (<function _SelectGradV2 at 0x000001FFC7E6F240>) in gradient.
[2026-02-17 00:07:08,235] tensorflow - Level 1 - Registering MatMul (<function _MatMulGrad at 0x000001FFC7E6F420>) in gradient.
[2026-02-17 00:07:08,235] tensorflow - Level 1 - Registering SparseMatMul (<function _SparseMatMulGrad at 0x000001FFC7E6F4C0>) in gradient.
[2026-02-17 00:07:08,235] tensorflow - Level 1 - Registering Floor (<function _FloorGrad at 0x000001FFC7E6F560>) in gradient.
[2026-02-17 00:07:08,235] tensorflow - Level 1 - Registering Ceil (<function _CeilGrad at 0x000001FFC7E6F600>) in gradient.
[2026-02-17 00:07:08,235] tensorflow - Level 1 - Registering Round (<function _RoundGrad at 0x000001FFC7E6F6A0>) in gradient.
[2026-02-17 00:07:08,235] tensorflow - Level 1 - Registering Rint (<function _RintGrad at 0x000001FFC7E6F740>) in gradient.
[2026-02-17 00:07:08,235] tensorflow - Level 1 - Registering BatchMatMul (<function _BatchMatMul at 0x000001FFC7E6F7E0>) in gradient.
[2026-02-17 00:07:08,235] tensorflow - Level 1 - Registering BatchMatMulV3 (<function _BatchMatMulV2 at 0x000001FFC7E6F880>) in gradient.
[2026-02-17 00:07:08,235] tensorflow - Level 1 - Registering BatchMatMulV2 (<function _BatchMatMulV2 at 0x000001FFC7E6F880>) in gradient.
[2026-02-17 00:07:08,235] tensorflow - Level 1 - Registering Range (None) in gradient.
[2026-02-17 00:07:08,235] tensorflow - Level 1 - Registering LinSpace (None) in gradient.
[2026-02-17 00:07:08,235] tensorflow - Level 1 - Registering Complex (<function _ComplexGrad at 0x000001FFC7E6F920>) in gradient.
[2026-02-17 00:07:08,235] tensorflow - Level 1 - Registering Real (<function _RealGrad at 0x000001FFC7E6F9C0>) in gradient.
[2026-02-17 00:07:08,235] tensorflow - Level 1 - Registering Imag (<function _ImagGrad at 0x000001FFC7E6FA60>) in gradient.
[2026-02-17 00:07:08,235] tensorflow - Level 1 - Registering Angle (<function _AngleGrad at 0x000001FFC7E6FB00>) in gradient.
[2026-02-17 00:07:08,235] tensorflow - Level 1 - Registering Conj (<function _ConjGrad at 0x000001FFC7E6FBA0>) in gradient.
[2026-02-17 00:07:08,235] tensorflow - Level 1 - Registering ComplexAbs (<function _ComplexAbsGrad at 0x000001FFC7E6FC40>) in gradient.
[2026-02-17 00:07:08,235] tensorflow - Level 1 - Registering Cast (<function _CastGrad at 0x000001FFC7E6FCE0>) in gradient.
[2026-02-17 00:07:08,235] tensorflow - Level 1 - Registering Cross (<function _CrossGrad at 0x000001FFC7E6FD80>) in gradient.
[2026-02-17 00:07:08,235] tensorflow - Level 1 - Registering Cumsum (<function _CumsumGrad at 0x000001FFC7E6FE20>) in gradient.
[2026-02-17 00:07:08,235] tensorflow - Level 1 - Registering Cumprod (<function _CumprodGrad at 0x000001FFC7E6FEC0>) in gradient.
[2026-02-17 00:07:08,235] tensorflow - Level 1 - Registering CumulativeLogsumexp (<function _CumulativeLogsumexpGrad at 0x000001FFC7E6FF60>) in gradient.
[2026-02-17 00:07:08,235] tensorflow - Level 1 - Registering NextAfter (<function _NextAfterGrad at 0x000001FFC7E78040>) in gradient.
[2026-02-17 00:07:08,235] tensorflow - Level 1 - Registering NcclAllReduce (<function _all_sum_grad at 0x000001FFC7E78400>) in gradient.
[2026-02-17 00:07:08,250] tensorflow - Level 1 - Registering NcclReduce (<function _reduce_sum_grad at 0x000001FFC7E78FE0>) in gradient.
[2026-02-17 00:07:08,250] tensorflow - Level 1 - Registering NcclBroadcast (<function _broadcast_grad at 0x000001FFC7E79120>) in gradient.
[2026-02-17 00:07:08,250] tensorflow - Level 1 - Registering OptionalFromValue (<function _OptionalFromValueGrad at 0x000001FFC7E78D60>) in gradient.
[2026-02-17 00:07:08,250] tensorflow - Level 1 - Registering OptionalGetValue (<function _OptionalGetValueGrad at 0x000001FFC7E79440>) in gradient.
[2026-02-17 00:07:08,250] tensorflow - Level 1 - Registering DecodeRaw (None) in gradient.
[2026-02-17 00:07:08,250] tensorflow - Level 1 - Registering DecodePaddedRaw (None) in gradient.
[2026-02-17 00:07:08,250] tensorflow - Level 1 - Registering ParseTensor (None) in gradient.
[2026-02-17 00:07:08,250] tensorflow - Level 1 - Registering SerializeTensor (None) in gradient.
[2026-02-17 00:07:08,250] tensorflow - Level 1 - Registering StringToNumber (None) in gradient.
[2026-02-17 00:07:08,266] tensorflow - Level 1 - Registering DecodeProtoV2 (None) in gradient.
[2026-02-17 00:07:08,266] tensorflow - Level 1 - Registering EncodeProto (None) in gradient.
[2026-02-17 00:07:08,266] tensorflow - Level 1 - Registering RandomGamma (<function _RandomGammaGrad at 0x000001FFC7E7A160>) in gradient.
[2026-02-17 00:07:08,266] tensorflow - Level 1 - Registering StatelessRandomGammaV2 (<function _StatelessRandomGammaV2Grad at 0x000001FFC7E7A2A0>) in gradient.
[2026-02-17 00:07:08,266] tensorflow - Level 1 - Registering StatelessRandomGammaV3 (<function _StatelessRandomGammaV3Grad at 0x000001FFC7E7A3E0>) in gradient.
[2026-02-17 00:07:08,266] tensorflow - Level 1 - Registering StatelessParameterizedTruncatedNormal (<function _StatelessParameterizedTruncatedNormalGrad at 0x000001FFC7E7A660>) in gradient.
[2026-02-17 00:07:08,291] tensorflow - Level 1 - Registering BlockLSTM (<function _block_lstm_grad at 0x000001FFC7E7A340>) in gradient.
[2026-02-17 00:07:08,294] tensorflow - Level 1 - Registering BlockLSTMV2 (<function _block_lstm_grad at 0x000001FFC7E7A340>) in gradient.
[2026-02-17 00:07:08,299] tensorflow - Level 1 - Registering SdcaFprint (None) in gradient.
[2026-02-17 00:07:08,299] tensorflow - Level 1 - Registering SdcaOptimizer (None) in gradient.
[2026-02-17 00:07:08,299] tensorflow - Level 1 - Registering SdcaOptimizerV2 (None) in gradient.
[2026-02-17 00:07:08,299] tensorflow - Level 1 - Registering SdcaShrinkL1 (None) in gradient.
[2026-02-17 00:07:08,315] tensorflow - Level 1 - Registering SetSize (None) in gradient.
[2026-02-17 00:07:08,315] tensorflow - Level 1 - Registering DenseToDenseSetOperation (None) in gradient.
[2026-02-17 00:07:08,315] tensorflow - Level 1 - Registering DenseToSparseSetOperation (None) in gradient.
[2026-02-17 00:07:08,315] tensorflow - Level 1 - Registering SparseToSparseSetOperation (None) in gradient.
[2026-02-17 00:07:08,315] tensorflow - Level 1 - Registering SparseAddGrad (None) in gradient.
[2026-02-17 00:07:08,315] tensorflow - Level 1 - Registering SparseConcat (None) in gradient.
[2026-02-17 00:07:08,315] tensorflow - Level 1 - Registering SparseReorder (<function _SparseReorderGrad at 0x000001FFC7ED56C0>) in gradient.
[2026-02-17 00:07:08,315] tensorflow - Level 1 - Registering SparseAdd (<function _SparseAddGrad at 0x000001FFC7ED58A0>) in gradient.
[2026-02-17 00:07:08,315] tensorflow - Level 1 - Registering SparseTensorDenseAdd (<function _SparseTensorDenseAddGrad at 0x000001FFC7ED5800>) in gradient.
[2026-02-17 00:07:08,315] tensorflow - Level 1 - Registering SparseReduceSum (<function _SparseReduceSumGrad at 0x000001FFC7ED5940>) in gradient.
[2026-02-17 00:07:08,315] tensorflow - Level 1 - Registering SparseSlice (<function _SparseSliceGrad at 0x000001FFC7ED59E0>) in gradient.
[2026-02-17 00:07:08,315] tensorflow - Level 1 - Registering SparseTensorDenseMatMul (<function _SparseTensorDenseMatMulGrad at 0x000001FFC7ED5A80>) in gradient.
[2026-02-17 00:07:08,315] tensorflow - Level 1 - Registering SparseDenseCwiseAdd (<function _SparseDenseCwiseAddGrad at 0x000001FFC7ED5B20>) in gradient.
[2026-02-17 00:07:08,315] tensorflow - Level 1 - Registering SparseDenseCwiseMul (<function _SparseDenseCwiseMulGrad at 0x000001FFC7ED5C60>) in gradient.
[2026-02-17 00:07:08,315] tensorflow - Level 1 - Registering SparseDenseCwiseDiv (<function _SparseDenseCwiseDivGrad at 0x000001FFC7ED5D00>) in gradient.
[2026-02-17 00:07:08,315] tensorflow - Level 1 - Registering SparseSoftmax (<function _SparseSoftmaxGrad at 0x000001FFC7ED5DA0>) in gradient.
[2026-02-17 00:07:08,315] tensorflow - Level 1 - Registering SparseSparseMaximum (<function _SparseSparseMaximumGrad at 0x000001FFC7ED5E40>) in gradient.
[2026-02-17 00:07:08,315] tensorflow - Level 1 - Registering SparseSparseMinimum (<function _SparseSparseMinimumGrad at 0x000001FFC7ED5EE0>) in gradient.
[2026-02-17 00:07:08,315] tensorflow - Level 1 - Registering SparseFillEmptyRows (<function _SparseFillEmptyRowsGrad at 0x000001FFC7ED5F80>) in gradient.
[2026-02-17 00:07:08,315] tensorflow - Level 1 - Registering SparseToDense (<function _SparseToDenseGrad at 0x000001FFC7ED6020>) in gradient.
[2026-02-17 00:07:08,331] tensorflow - Level 1 - Registering TensorArray (None) in gradient.
[2026-02-17 00:07:08,331] tensorflow - Level 1 - Registering TensorArrayGrad (None) in gradient.
[2026-02-17 00:07:08,331] tensorflow - Level 1 - Registering TensorArraySize (None) in gradient.
[2026-02-17 00:07:08,331] tensorflow - Level 1 - Registering TensorArrayClose (None) in gradient.
[2026-02-17 00:07:08,331] tensorflow - Level 1 - Registering TensorArrayV2 (None) in gradient.
[2026-02-17 00:07:08,331] tensorflow - Level 1 - Registering TensorArrayGradV2 (None) in gradient.
[2026-02-17 00:07:08,331] tensorflow - Level 1 - Registering TensorArraySizeV2 (None) in gradient.
[2026-02-17 00:07:08,331] tensorflow - Level 1 - Registering TensorArrayCloseV2 (None) in gradient.
[2026-02-17 00:07:08,331] tensorflow - Level 1 - Registering TensorArrayV3 (None) in gradient.
[2026-02-17 00:07:08,331] tensorflow - Level 1 - Registering TensorArrayGradV3 (None) in gradient.
[2026-02-17 00:07:08,331] tensorflow - Level 1 - Registering TensorArrayGradWithShape (None) in gradient.
[2026-02-17 00:07:08,331] tensorflow - Level 1 - Registering TensorArraySizeV3 (None) in gradient.
[2026-02-17 00:07:08,331] tensorflow - Level 1 - Registering TensorArrayCloseV3 (None) in gradient.
[2026-02-17 00:07:08,331] tensorflow - Level 1 - Registering TensorArrayReadV3 (<function _TensorArrayReadGrad at 0x000001FFC7ED6200>) in gradient.
[2026-02-17 00:07:08,331] tensorflow - Level 1 - Registering TensorArrayReadV2 (<function _TensorArrayReadGrad at 0x000001FFC7ED6200>) in gradient.
[2026-02-17 00:07:08,331] tensorflow - Level 1 - Registering TensorArrayRead (<function _TensorArrayReadGrad at 0x000001FFC7ED6200>) in gradient.
[2026-02-17 00:07:08,331] tensorflow - Level 1 - Registering TensorArrayWriteV3 (<function _TensorArrayWriteGrad at 0x000001FFC7ED6160>) in gradient.
[2026-02-17 00:07:08,331] tensorflow - Level 1 - Registering TensorArrayWriteV2 (<function _TensorArrayWriteGrad at 0x000001FFC7ED6160>) in gradient.
[2026-02-17 00:07:08,331] tensorflow - Level 1 - Registering TensorArrayWrite (<function _TensorArrayWriteGrad at 0x000001FFC7ED6160>) in gradient.
[2026-02-17 00:07:08,331] tensorflow - Level 1 - Registering TensorArrayGatherV3 (<function _TensorArrayGatherGrad at 0x000001FFC7ED62A0>) in gradient.
[2026-02-17 00:07:08,331] tensorflow - Level 1 - Registering TensorArrayGatherV2 (<function _TensorArrayGatherGrad at 0x000001FFC7ED62A0>) in gradient.
[2026-02-17 00:07:08,331] tensorflow - Level 1 - Registering TensorArrayGather (<function _TensorArrayGatherGrad at 0x000001FFC7ED62A0>) in gradient.
[2026-02-17 00:07:08,331] tensorflow - Level 1 - Registering TensorArrayScatterV3 (<function _TensorArrayScatterGrad at 0x000001FFC7ED6340>) in gradient.
[2026-02-17 00:07:08,331] tensorflow - Level 1 - Registering TensorArrayScatterV2 (<function _TensorArrayScatterGrad at 0x000001FFC7ED6340>) in gradient.
[2026-02-17 00:07:08,331] tensorflow - Level 1 - Registering TensorArrayScatter (<function _TensorArrayScatterGrad at 0x000001FFC7ED6340>) in gradient.
[2026-02-17 00:07:08,331] tensorflow - Level 1 - Registering TensorArrayConcatV3 (<function _TensorArrayConcatGrad at 0x000001FFC7ED63E0>) in gradient.
[2026-02-17 00:07:08,331] tensorflow - Level 1 - Registering TensorArrayConcatV2 (<function _TensorArrayConcatGrad at 0x000001FFC7ED63E0>) in gradient.
[2026-02-17 00:07:08,331] tensorflow - Level 1 - Registering TensorArrayConcat (<function _TensorArrayConcatGrad at 0x000001FFC7ED63E0>) in gradient.
[2026-02-17 00:07:08,331] tensorflow - Level 1 - Registering TensorArraySplitV3 (<function _TensorArraySplitGrad at 0x000001FFC7ED6480>) in gradient.
[2026-02-17 00:07:08,331] tensorflow - Level 1 - Registering TensorArraySplitV2 (<function _TensorArraySplitGrad at 0x000001FFC7ED6480>) in gradient.
[2026-02-17 00:07:08,331] tensorflow - Level 1 - Registering TensorArraySplit (<function _TensorArraySplitGrad at 0x000001FFC7ED6480>) in gradient.
[2026-02-17 00:07:08,347] tensorflow - Level 1 - Registering DenseToCSRSparseMatrix (<function _DenseToCSRSparseMatrixGrad at 0x000001FFC7ED6700>) in gradient.
[2026-02-17 00:07:08,363] tensorflow - Level 1 - Registering CSRSparseMatrixToDense (<function _CSRSparseMatrixToDenseGrad at 0x000001FFC7ED6840>) in gradient.
[2026-02-17 00:07:08,363] tensorflow - Level 1 - Registering SparseTensorToCSRSparseMatrix (<function _SparseTensorToCSRSparseMatrixGrad at 0x000001FFC7F0F240>) in gradient.
[2026-02-17 00:07:08,363] tensorflow - Level 1 - Registering CSRSparseMatrixToSparseTensor (<function _CSRSparseMatrixToSparseTensorGrad at 0x000001FFC7F0F1A0>) in gradient.
[2026-02-17 00:07:08,363] tensorflow - Level 1 - Registering SparseMatrixNNZ (None) in gradient.
[2026-02-17 00:07:08,363] tensorflow - Level 1 - Registering SparseMatrixZeros (None) in gradient.
[2026-02-17 00:07:08,363] tensorflow - Level 1 - Registering SparseMatrixAdd (<function _SparseMatrixAddGrad at 0x000001FFC7F0F420>) in gradient.
[2026-02-17 00:07:08,363] tensorflow - Level 1 - Registering SparseMatrixTranspose (<function _SparseMatrixTransposeGrad at 0x000001FFC7F0F560>) in gradient.
[2026-02-17 00:07:08,363] tensorflow - Level 1 - Registering SparseMatrixSoftmax (<function _SparseMatrixSoftmaxGrad at 0x000001FFC7F0F600>) in gradient.
[2026-02-17 00:07:08,363] tensorflow - Level 1 - Registering SparseMatrixMatMul (<function _SparseMatrixMatMulGrad at 0x000001FFC7F0F6A0>) in gradient.
[2026-02-17 00:07:08,363] tensorflow - Level 1 - Registering SparseMatrixSparseMatMul (<function _SparseMatrixSparseMatMulGrad at 0x000001FFC7F0F740>) in gradient.
[2026-02-17 00:07:08,363] tensorflow - Level 1 - Registering SparseMatrixMul (<function _SparseMatrixMulGrad at 0x000001FFC7F0F7E0>) in gradient.
[2026-02-17 00:07:08,379] tensorflow - Level 1 - Registering FFT (<function _fft_grad at 0x000001FFC7F51300>) in gradient.
[2026-02-17 00:07:08,382] tensorflow - Level 1 - Registering IFFT (<function _ifft_grad at 0x000001FFC7F513A0>) in gradient.
[2026-02-17 00:07:08,382] tensorflow - Level 1 - Registering FFT2D (<function _fft2d_grad at 0x000001FFC7F51440>) in gradient.
[2026-02-17 00:07:08,382] tensorflow - Level 1 - Registering IFFT2D (<function _ifft2d_grad at 0x000001FFC7F51580>) in gradient.
[2026-02-17 00:07:08,382] tensorflow - Level 1 - Registering FFT3D (<function _fft3d_grad at 0x000001FFC7F51620>) in gradient.
[2026-02-17 00:07:08,382] tensorflow - Level 1 - Registering IFFT3D (<function _ifft3d_grad at 0x000001FFC7F516C0>) in gradient.
[2026-02-17 00:07:08,383] tensorflow - Level 1 - Registering RFFT (<function _rfft_grad_helper.<locals>._grad at 0x000001FFC7F51B20>) in gradient.
[2026-02-17 00:07:08,383] tensorflow - Level 1 - Registering IRFFT (<function _irfft_grad_helper.<locals>._grad at 0x000001FFC7F51D00>) in gradient.
[2026-02-17 00:07:08,383] tensorflow - Level 1 - Registering RFFT2D (<function _rfft_grad_helper.<locals>._grad at 0x000001FFC7F51DA0>) in gradient.
[2026-02-17 00:07:08,384] tensorflow - Level 1 - Registering IRFFT2D (<function _irfft_grad_helper.<locals>._grad at 0x000001FFC7F51E40>) in gradient.
[2026-02-17 00:07:08,388] tensorflow - Level 1 - Registering GenerateVocabRemapping (None) in gradient.
[2026-02-17 00:07:08,391] tensorflow - Level 1 - Registering LoadAndRemapMatrix (None) in gradient.
[2026-02-17 00:07:08,421] tensorflow - Level 1 - Registering XlaVariadicReduce (None) in gradient.
[2026-02-17 00:07:08,424] tensorflow - Level 1 - Registering XlaSharding (<function _sharding_grad at 0x000001FFC800C860>) in gradient.
[2026-02-17 00:07:08,424] tensorflow - Level 1 - Registering XlaSpmdFullToShardShape (<function _spmd_full_to_shard_shape_grad at 0x000001FFC800C900>) in gradient.
[2026-02-17 00:07:08,425] tensorflow - Level 1 - Registering XlaSpmdShardToFullShape (<function _spmd_shard_to_full_shape_grad at 0x000001FFC800C9A0>) in gradient.
[2026-02-17 00:07:08,441] tensorflow - Level 1 - Registering CTCLoss (<function _CTCLossGrad at 0x000001FFC8264E00>) in gradient.
[2026-02-17 00:07:08,441] tensorflow - Level 1 - Registering CTCLossV2 (<function _CTCLossV2Grad at 0x000001FFC8264EA0>) in gradient.
[2026-02-17 00:07:08,441] tensorflow - Level 1 - Registering CTCGreedyDecoder (None) in gradient.
[2026-02-17 00:07:08,441] tensorflow - Level 1 - Registering CTCBeamSearchDecoder (None) in gradient.
[2026-02-17 00:07:08,457] tensorflow - Level 1 - Registering FusedBatchNormGrad (<function _FusedBatchNormGradGrad at 0x000001FFC82668E0>) in gradient.
[2026-02-17 00:07:08,457] tensorflow - Level 1 - Registering FusedBatchNormGradV2 (<function _FusedBatchNormGradGradV2 at 0x000001FFC8266980>) in gradient.
[2026-02-17 00:07:08,457] tensorflow - Level 1 - Registering FusedBatchNormGradV3 (<function _FusedBatchNormGradGradV3 at 0x000001FFC8266B60>) in gradient.
[2026-02-17 00:07:08,473] tensorflow - Level 1 - Registering variables ((<class 'tensorflow.core.framework.variable_pb2.VariableDef'>, <function _to_proto_fn at 0x000001FFC829ACA0>, <function _from_proto_fn at 0x000001FFC829AF20>)) in proto functions.
[2026-02-17 00:07:08,473] tensorflow - Level 1 - Registering trainable_variables ((<class 'tensorflow.core.framework.variable_pb2.VariableDef'>, <function _to_proto_fn at 0x000001FFC829ACA0>, <function _from_proto_fn at 0x000001FFC829AF20>)) in proto functions.
[2026-02-17 00:07:08,473] tensorflow - Level 1 - Registering moving_average_variables ((<class 'tensorflow.core.framework.variable_pb2.VariableDef'>, <function _to_proto_fn at 0x000001FFC829ACA0>, <function _from_proto_fn at 0x000001FFC829AF20>)) in proto functions.
[2026-02-17 00:07:08,473] tensorflow - Level 1 - Registering local_variables ((<class 'tensorflow.core.framework.variable_pb2.VariableDef'>, <function _to_proto_fn at 0x000001FFC829ACA0>, <function _from_proto_fn at 0x000001FFC829AF20>)) in proto functions.
[2026-02-17 00:07:08,473] tensorflow - Level 1 - Registering model_variables ((<class 'tensorflow.core.framework.variable_pb2.VariableDef'>, <function _to_proto_fn at 0x000001FFC829ACA0>, <function _from_proto_fn at 0x000001FFC829AF20>)) in proto functions.
[2026-02-17 00:07:08,473] tensorflow - Level 1 - Registering global_step ((<class 'tensorflow.core.framework.variable_pb2.VariableDef'>, <function _to_proto_fn at 0x000001FFC829ACA0>, <function _from_proto_fn at 0x000001FFC829AF20>)) in proto functions.
[2026-02-17 00:07:08,473] tensorflow - Level 1 - Registering metric_variables ((<class 'tensorflow.core.framework.variable_pb2.VariableDef'>, <function _to_proto_fn at 0x000001FFC829ACA0>, <function _from_proto_fn at 0x000001FFC829AF20>)) in proto functions.
[2026-02-17 00:07:08,473] tensorflow - Level 1 - Registering RandomCrop (None) in gradient.
[2026-02-17 00:07:08,488] tensorflow - Level 1 - Registering HSVToRGB (None) in gradient.
[2026-02-17 00:07:08,488] tensorflow - Level 1 - Registering DrawBoundingBoxes (None) in gradient.
[2026-02-17 00:07:08,488] tensorflow - Level 1 - Registering SampleDistortedBoundingBox (None) in gradient.
[2026-02-17 00:07:08,488] tensorflow - Level 1 - Registering SampleDistortedBoundingBoxV2 (None) in gradient.
[2026-02-17 00:07:08,488] tensorflow - Level 1 - Registering ExtractGlimpse (None) in gradient.
[2026-02-17 00:07:08,488] tensorflow - Level 1 - Registering NonMaxSuppression (None) in gradient.
[2026-02-17 00:07:08,488] tensorflow - Level 1 - Registering NonMaxSuppressionV2 (None) in gradient.
[2026-02-17 00:07:08,488] tensorflow - Level 1 - Registering NonMaxSuppressionWithOverlaps (None) in gradient.
[2026-02-17 00:07:08,488] tensorflow - Level 1 - Registering GenerateBoundingBoxProposals (None) in gradient.
[2026-02-17 00:07:08,512] tensorflow - Level 1 - Registering ImageProjectiveTransformV2 (<function _image_projective_transform_grad at 0x000001FFC8387920>) in gradient.
[2026-02-17 00:07:08,514] tensorflow - Level 1 - Registering ImageProjectiveTransformV3 (<function _image_projective_transform_v3_grad at 0x000001FFC8387B00>) in gradient.
[2026-02-17 00:07:08,729] tensorflow - Level 1 - Registering savers ((<class 'tensorflow.core.protobuf.saver_pb2.SaverDef'>, <function Saver.to_proto at 0x000001FFC865EE80>, <function Saver.from_proto at 0x000001FFC865EF20>)) in proto functions.
[2026-02-17 00:07:08,737] tensorflow - Level 1 - Registering EagerPyFunc (<function _EagerPyFuncGrad at 0x000001FFC868BB00>) in gradient.
[2026-02-17 00:07:08,757] tensorflow - Level 1 - Registering PyFunc (None) in gradient.
[2026-02-17 00:07:08,757] tensorflow - Level 1 - Registering PyFuncStateless (None) in gradient.
[2026-02-17 00:07:08,785] tensorflow - Level 1 - Registering ReduceDataset (None) in gradient.
[2026-02-17 00:07:08,785] tensorflow - Level 1 - Registering tensorflow.python.data.ops.dataset_ops (<function _tf2_callback at 0x000001FFC86D9F80>) in data_v2_callbacks.
[2026-02-17 00:07:08,819] tensorflow - Level 1 - Registering _resource_resolver (<function _resource_resolver at 0x000001FFC876EC00>) in acd_resource_resolvers.
[2026-02-17 00:07:08,847] tensorflow - Level 1 - Registering tensorflow.python.data.experimental.ops.counter (<function _tf2_callback at 0x000001FFC8782520>) in data_v2_callbacks.
[2026-02-17 00:07:08,879] tensorflow - Level 1 - Registering tensorflow.python.data.ops.readers (<function _tf2_callback at 0x000001FFC876F7E0>) in data_v2_callbacks.
[2026-02-17 00:07:08,879] tensorflow - Level 1 - Registering tensorflow.python.data.experimental.ops.interleave_ops (<function _tf2_callback at 0x000001FFC8783880>) in data_v2_callbacks.
[2026-02-17 00:07:08,937] tensorflow - Level 1 - Registering tensorflow.python.data.experimental.ops.random_ops (<function _tf2_callback at 0x000001FFC8826CA0>) in data_v2_callbacks.
[2026-02-17 00:07:08,942] tensorflow - Level 1 - Registering tensorflow.python.data.experimental.ops.readers (<function _tf2_callback at 0x000001FFC88405E0>) in data_v2_callbacks.
[2026-02-17 00:07:09,237] tensorflow - Level 1 - Registering tpu_replicated_input_resolver (<function tpu_replicated_input_resolver at 0x000001FFC8AB05E0>) in acd_resource_resolvers.
[2026-02-17 00:07:09,248] tensorflow - DEBUG - Falling back to TensorFlow client; we recommended you install the Cloud TPU client directly with pip install cloud-tpu-client.
[2026-02-17 00:07:09,419] tensorflow - Level 1 - Registering queue_runners ((<class 'tensorflow.core.protobuf.queue_runner_pb2.QueueRunnerDef'>, <function QueueRunner.to_proto at 0x000001FFC8CCEFC0>, <function QueueRunner.from_proto at 0x000001FFC8CCF060>)) in proto functions.
[2026-02-17 00:07:10,213] h5py._conv - DEBUG - Creating converter from 7 to 5
[2026-02-17 00:07:10,214] h5py._conv - DEBUG - Creating converter from 5 to 7
[2026-02-17 00:07:10,214] h5py._conv - DEBUG - Creating converter from 7 to 5
[2026-02-17 00:07:10,214] h5py._conv - DEBUG - Creating converter from 5 to 7
[2026-02-17 00:07:10,688] tensorflow - Level 1 - Registering DebugGradientIdentity (<function _identify_gradient_grad at 0x000001FFCA7AB9C0>) in gradient.
[2026-02-17 00:07:10,688] tensorflow - Level 1 - Registering DebugGradientRefIdentity (<function _identify_gradient_grad_ref at 0x000001FFCA7ABA60>) in gradient.
[2026-02-17 00:07:10,768] tensorflow - Level 1 - Registering DebugIdentityV2 (<function _debug_identity_v2_grad at 0x000001FFCA826DE0>) in gradient.
[2026-02-17 00:07:11,362] tensorflow - Level 1 - Registering AudioMicrofrontend (None) in gradient.
[2026-02-17 00:07:11,536] tensorflow - Level 1 - Registering Reciprocal,flops (<function _reciprocal_flops at 0x000001FFCAE20720>) in statistical functions.
[2026-02-17 00:07:11,536] tensorflow - Level 1 - Registering Square,flops (<function _square_flops at 0x000001FFCAE207C0>) in statistical functions.
[2026-02-17 00:07:11,536] tensorflow - Level 1 - Registering Rsqrt,flops (<function _rsqrt_flops at 0x000001FFCAE20900>) in statistical functions.
[2026-02-17 00:07:11,536] tensorflow - Level 1 - Registering Log,flops (<function _log_flops at 0x000001FFCAE20860>) in statistical functions.
[2026-02-17 00:07:11,536] tensorflow - Level 1 - Registering Neg,flops (<function _neg_flops at 0x000001FFCAE209A0>) in statistical functions.
[2026-02-17 00:07:11,536] tensorflow - Level 1 - Registering AssignSub,flops (<function _assign_sub_flops at 0x000001FFCAE20A40>) in statistical functions.
[2026-02-17 00:07:11,543] tensorflow - Level 1 - Registering AssignAdd,flops (<function _assign_add_flops at 0x000001FFCAE20AE0>) in statistical functions.
[2026-02-17 00:07:11,543] tensorflow - Level 1 - Registering L2Loss,flops (<function _l2_loss_flops at 0x000001FFCAE20B80>) in statistical functions.
[2026-02-17 00:07:11,543] tensorflow - Level 1 - Registering Softmax,flops (<function _softmax_flops at 0x000001FFCAE20C20>) in statistical functions.
[2026-02-17 00:07:11,543] tensorflow - Level 1 - Registering AddV2,flops (<function _add_flops at 0x000001FFCAE20D60>) in statistical functions.
[2026-02-17 00:07:11,543] tensorflow - Level 1 - Registering Add,flops (<function _add_flops at 0x000001FFCAE20D60>) in statistical functions.
[2026-02-17 00:07:11,543] tensorflow - Level 1 - Registering Sub,flops (<function _sub_flops at 0x000001FFCAE20E00>) in statistical functions.
[2026-02-17 00:07:11,543] tensorflow - Level 1 - Registering Mul,flops (<function _mul_flops at 0x000001FFCAE20EA0>) in statistical functions.
[2026-02-17 00:07:11,543] tensorflow - Level 1 - Registering RealDiv,flops (<function _real_div_flops at 0x000001FFCAE20F40>) in statistical functions.
[2026-02-17 00:07:11,545] tensorflow - Level 1 - Registering Maximum,flops (<function _maximum_flops at 0x000001FFCAE20FE0>) in statistical functions.
[2026-02-17 00:07:11,545] tensorflow - Level 1 - Registering Minimum,flops (<function _minimum_flops at 0x000001FFCAE21080>) in statistical functions.
[2026-02-17 00:07:11,545] tensorflow - Level 1 - Registering Pow,flops (<function _pow_flops at 0x000001FFCAE21120>) in statistical functions.
[2026-02-17 00:07:11,545] tensorflow - Level 1 - Registering RsqrtGrad,flops (<function _rsqrt_grad_flops at 0x000001FFCAE211C0>) in statistical functions.
[2026-02-17 00:07:11,545] tensorflow - Level 1 - Registering GreaterEqual,flops (<function _greater_equal_flops at 0x000001FFCAE21260>) in statistical functions.
[2026-02-17 00:07:11,545] tensorflow - Level 1 - Registering Greater,flops (<function _greater_flops at 0x000001FFCAE21300>) in statistical functions.
[2026-02-17 00:07:11,545] tensorflow - Level 1 - Registering LessEqual,flops (<function _less_equal_flops at 0x000001FFCAE213A0>) in statistical functions.
[2026-02-17 00:07:11,545] tensorflow - Level 1 - Registering Less,flops (<function _less_flops at 0x000001FFCAE21440>) in statistical functions.
[2026-02-17 00:07:11,547] tensorflow - Level 1 - Registering Equal,flops (<function _equal_flops at 0x000001FFCAE214E0>) in statistical functions.
[2026-02-17 00:07:11,547] tensorflow - Level 1 - Registering NotEqual,flops (<function _not_equal_flops at 0x000001FFCAE21580>) in statistical functions.
[2026-02-17 00:07:11,547] tensorflow - Level 1 - Registering SquaredDifference,flops (<function _squared_difference_flops at 0x000001FFCAE21620>) in statistical functions.
[2026-02-17 00:07:11,547] tensorflow - Level 1 - Registering Mean,flops (<function _mean_flops at 0x000001FFCAE21760>) in statistical functions.
[2026-02-17 00:07:11,547] tensorflow - Level 1 - Registering Sum,flops (<function _sum_flops at 0x000001FFCAE21800>) in statistical functions.
[2026-02-17 00:07:11,547] tensorflow - Level 1 - Registering ArgMax,flops (<function _arg_max_flops at 0x000001FFCAE218A0>) in statistical functions.
[2026-02-17 00:07:11,547] tensorflow - Level 1 - Registering ArgMin,flops (<function _arg_min_flops at 0x000001FFCAE21940>) in statistical functions.
[2026-02-17 00:07:11,547] tensorflow - Level 1 - Registering BiasAddGrad,flops (<function _bias_add_grad_flops at 0x000001FFCAE219E0>) in statistical functions.
[2026-02-17 00:07:11,547] tensorflow - Level 1 - Registering AvgPool,flops (<function _avg_pool_flops at 0x000001FFCAE21BC0>) in statistical functions.
[2026-02-17 00:07:11,549] tensorflow - Level 1 - Registering MaxPool,flops (<function _max_pool_flops at 0x000001FFCAE21C60>) in statistical functions.
[2026-02-17 00:07:11,549] tensorflow - Level 1 - Registering AvgPoolGrad,flops (<function _avg_pool_grad_flops at 0x000001FFCAE21D00>) in statistical functions.
[2026-02-17 00:07:11,549] tensorflow - Level 1 - Registering MaxPoolGrad,flops (<function _max_pool_grad_flops at 0x000001FFCAE21DA0>) in statistical functions.
[2026-02-17 00:07:11,549] tensorflow - Level 1 - Registering Conv2DBackpropInput,flops (<function _conv_2d_backprop_input_flops at 0x000001FFCAE21E40>) in statistical functions.
[2026-02-17 00:07:11,549] tensorflow - Level 1 - Registering Conv2DBackpropFilter,flops (<function _conv_2d_backprop_filter_flops at 0x000001FFCAE21EE0>) in statistical functions.
[2026-02-17 00:07:11,549] tensorflow - Level 1 - Registering AddN,flops (<function _add_n_flops at 0x000001FFCAE21F80>) in statistical functions.
[2026-02-17 00:07:11,549] tensorflow - Level 1 - Registering MatMul,flops (<function _calc_mat_mul_flops at 0x000001FFCAE22020>) in statistical functions.
[2026-02-17 00:07:11,549] tensorflow - Level 1 - Registering BatchMatMulV3,flops (<function _calc_batch_mat_mul_flops at 0x000001FFCAE220C0>) in statistical functions.
[2026-02-17 00:07:11,551] tensorflow - Level 1 - Registering BatchMatMulV2,flops (<function _calc_batch_mat_mul_flops at 0x000001FFCAE220C0>) in statistical functions.
[2026-02-17 00:07:11,551] tensorflow - Level 1 - Registering BatchMatMul,flops (<function _calc_batch_mat_mul_flops at 0x000001FFCAE220C0>) in statistical functions.
[2026-02-17 00:07:13,233] tensorflow - Level 1 - Enabling eager execution
[2026-02-17 00:07:13,233] tensorflow - Level 1 - Enabling v2 tensorshape
[2026-02-17 00:07:13,233] tensorflow - Level 1 - Enabling resource variables
[2026-02-17 00:07:13,233] tensorflow - Level 1 - Enabling tensor equality
[2026-02-17 00:07:13,233] tensorflow - Level 1 - Enabling control flow v2
[2026-02-17 00:07:14,663] matplotlib - DEBUG - matplotlib data path: C:\Users\BS\anaconda3\Lib\site-packages\matplotlib\mpl-data
[2026-02-17 00:07:14,680] matplotlib - DEBUG - CONFIGDIR=C:\Users\BS\.matplotlib
[2026-02-17 00:07:14,685] matplotlib - DEBUG - interactive is False
[2026-02-17 00:07:14,686] matplotlib - DEBUG - platform is win32
[2026-02-17 00:07:14,851] matplotlib - DEBUG - CACHEDIR=C:\Users\BS\.matplotlib
[2026-02-17 00:07:14,873] matplotlib.font_manager - DEBUG - Using fontManager instance from C:\Users\BS\.matplotlib\fontlist-v390.json
[2026-02-17 00:07:27,283] tensorflow - WARNING - From C:\Users\BS\anaconda3\Lib\site-packages\tf_keras\src\losses.py:2976: The name tf.losses.sparse_softmax_cross_entropy is deprecated. Please use tf.compat.v1.losses.sparse_softmax_cross_entropy instead.

