[2026-02-25 02:02:03,790] book_recommender - INFO - Logging initialized successfully
[2026-02-25 02:02:03,791] book_recommender - INFO - ******************** Data Ingestion log started.********************
[2026-02-25 02:02:03,791] root - INFO - Data Ingestion Config: DatasetConfig(artifacts_dir='artifacts', dataset_dir='artifacts\\dataset', raw_data_dir='artifacts\\dataset\\raw_data', ingested_data_dir='artifacts\\dataset\\ingested_data', support_ratings_dir='artifacts\\dataset\\raw_data\\Support Ratings', Amazon_data_dir='artifacts\\dataset\\raw_data\\Amazon', download_data_dir='artifacts\\dataset\\raw_data\\download_data', Openlibrary_data_dir='artifacts\\dataset\\raw_data\\Openlibrary', Amazon_books_data='artifacts\\dataset\\raw_data\\Amazon\\books_data.csv', Amazon_books_rating='artifacts\\dataset\\raw_data\\Amazon\\Books_rating.csv', Openlibrary_books='artifacts\\dataset\\raw_data\\Openlibrary\\openlibrary_books.csv', Current_books='artifacts\\dataset\\ingested_data\\current_books.csv', Current_reviews='artifacts\\dataset\\ingested_data\\current_reviews.csv')
[2026-02-25 02:02:03,800] root - INFO - Data Ingestion Config: DatasetConfig(artifacts_dir='artifacts', dataset_dir='artifacts\\dataset', raw_data_dir='artifacts\\dataset\\raw_data', ingested_data_dir='artifacts\\dataset\\ingested_data', support_ratings_dir='artifacts\\dataset\\raw_data\\Support Ratings', Amazon_data_dir='artifacts\\dataset\\raw_data\\Amazon', download_data_dir='artifacts\\dataset\\raw_data\\download_data', Openlibrary_data_dir='artifacts\\dataset\\raw_data\\Openlibrary', Amazon_books_data='artifacts\\dataset\\raw_data\\Amazon\\books_data.csv', Amazon_books_rating='artifacts\\dataset\\raw_data\\Amazon\\Books_rating.csv', Openlibrary_books='artifacts\\dataset\\raw_data\\Openlibrary\\openlibrary_books.csv', Current_books='artifacts\\dataset\\ingested_data\\current_books.csv', Current_reviews='artifacts\\dataset\\ingested_data\\current_reviews.csv')
[2026-02-25 02:02:03,800] root - INFO - Data Ingestion Config: DatasetConfig(artifacts_dir='artifacts', dataset_dir='artifacts\\dataset', raw_data_dir='artifacts\\dataset\\raw_data', ingested_data_dir='artifacts\\dataset\\ingested_data', support_ratings_dir='artifacts\\dataset\\raw_data\\Support Ratings', Amazon_data_dir='artifacts\\dataset\\raw_data\\Amazon', download_data_dir='artifacts\\dataset\\raw_data\\download_data', Openlibrary_data_dir='artifacts\\dataset\\raw_data\\Openlibrary', Amazon_books_data='artifacts\\dataset\\raw_data\\Amazon\\books_data.csv', Amazon_books_rating='artifacts\\dataset\\raw_data\\Amazon\\Books_rating.csv', Openlibrary_books='artifacts\\dataset\\raw_data\\Openlibrary\\openlibrary_books.csv', Current_books='artifacts\\dataset\\ingested_data\\current_books.csv', Current_reviews='artifacts\\dataset\\ingested_data\\current_reviews.csv')
[2026-02-25 02:02:03,801] book_recommender - INFO - Dataset already exists. Skipping download.
[2026-02-25 02:02:54,896] book_recommender - INFO - Amazon books are ready for merging
[2026-02-25 02:03:02,831] book_recommender - INFO - ******************** Data Validation log started.********************
[2026-02-25 02:03:02,833] root - INFO - Data Validation Config: DataValidationConfig(clean_data_dir='artifacts\\dataset\\clean_data', current_books_csv='artifacts\\dataset\\ingested_data\\current_books.csv', current_reviews_csv='artifacts\\dataset\\ingested_data\\current_reviews.csv', serialized_objects_dir='artifacts\\serialized_objects')
[2026-02-25 02:03:02,833] root - INFO - Data Transformation Config: DataTransformationConfig(current_books_csv='artifacts\\dataset\\clean_data\\current_books_cleaned.csv', current_reviews_csv='artifacts\\dataset\\clean_data\\current_reviews_cleaned.csv', transformed_data_dir='artifacts\\dataset\\transformed_data', vectorstores_dir='artifacts\\vectorstores', chroma_dir='artifacts\\vectorstores\\chroma_db', train_data_csv='artifacts\\dataset\\transformed_data\\train_data.csv', test_data_csv='artifacts\\dataset\\transformed_data\\test_data.csv')
[2026-02-25 02:03:02,833] root - INFO - Data Validation Config: DataValidationConfig(clean_data_dir='artifacts\\dataset\\clean_data', current_books_csv='artifacts\\dataset\\ingested_data\\current_books.csv', current_reviews_csv='artifacts\\dataset\\ingested_data\\current_reviews.csv', serialized_objects_dir='artifacts\\serialized_objects')
[2026-02-25 02:03:02,833] root - INFO - Model Trainer Config: ModelTrainerConfig(trained_model_dir='artifacts\\trained_model', trained_model_name='lightgcn_model', train_csv_file='artifacts\\dataset\\transformed_data\\train_data.csv', test_csv_file='artifacts\\dataset\\transformed_data\\test_data.csv')
[2026-02-25 02:03:02,833] root - INFO - Data Validation Config: DataValidationConfig(clean_data_dir='artifacts\\dataset\\clean_data', current_books_csv='artifacts\\dataset\\ingested_data\\current_books.csv', current_reviews_csv='artifacts\\dataset\\ingested_data\\current_reviews.csv', serialized_objects_dir='artifacts\\serialized_objects')
[2026-02-25 02:03:10,165] book_recommender - INFO - ====================Data Ingestion log completed.==================== 


[2026-02-25 02:03:10,165] book_recommender - INFO - ====================Data Validation log started.==================== 
[2026-02-25 02:03:13,442] book_recommender - INFO -  Shape of ratings data file: (16016, 8)
[2026-02-25 02:03:13,442] book_recommender - INFO -  Shape of books data file: (1619111, 4)
[2026-02-25 02:03:14,781] book_recommender - INFO - Current books           ISBN  ...                                              Image
1   0826414346  ...  http://books.google.com/books/content?id=IjvHQ...
3   0595344550  ...  http://books.google.com/books/content?id=aRSIg...
5   0802841899  ...  http://books.google.com/books/content?id=kVqRa...
8   0895554224  ...  http://books.google.com/books/content?id=lmLqA...
10  0854968350  ...  http://books.google.com/books/content?id=o7izA...

[5 rows x 8 columns]
[2026-02-25 02:03:14,781] book_recommender - INFO - ****************************************
[2026-02-25 02:03:14,785] book_recommender - INFO - Current reviews          ISBN         User_id  rating                                             review
0  0826414346  A30TK6U7DNS82R     5.0  I don't care much for Dr. Seuss but after read...
1  0826414346  A3UH4UZ4RSVO82     5.0  If people become the books they read and if "t...
2  0826414346  A2MVUWT453QH61     4.0  Theodore Seuss Geisel (1904-1991), aka &quot;D...
3  0826414346  A22X4XUPKF66MR     4.0  Philip Nel - Dr. Seuss: American IconThis is b...
4  0826414346  A2F6NONFUDB6UK     4.0  "Dr. Seuss: American Icon" by Philip Nel is a ...
[2026-02-25 02:03:21,948] book_recommender - INFO - Saved cleaned data to artifacts\dataset\clean_data
[2026-02-25 02:03:22,014] book_recommender - INFO - ====================Data Validation log completed.==================== 


[2026-02-25 02:03:22,014] book_recommender - INFO - ====================Data Transformation log started.==================== 
[2026-02-25 02:03:22,015] book_recommender - INFO - ====================Transforming data.====================


[2026-02-25 02:03:24,722] book_recommender - INFO - ====================Making most popular books list.====================
[2026-02-25 02:03:24,754] book_recommender - INFO - Most popular books :             ISBN  ... rating
0     0911019561  ...    5.0
1     B0006BM4HK  ...    5.0
2     0806525495  ...    5.0
3     1930865163  ...    5.0
4     1886157383  ...    5.0
...          ...  ...    ...
2955  0816188599  ...    1.0
2956  B000FO7LI0  ...    1.0
2957  B0006QXVWM  ...    1.0
2958  B000N7EUUQ  ...    1.0
2959  037575346X  ...    1.0

[2960 rows x 9 columns]
[2026-02-25 02:03:24,782] book_recommender - INFO - Save most popular book : artifacts\serialized_objects
[2026-02-25 02:03:24,782] book_recommender - INFO - ====================Making pivot table====================
[2026-02-25 02:03:39,615] book_recommender - INFO -  Shape of book pivot table: (63621, 4422)
[2026-02-25 02:04:02,765] book_recommender - INFO - Saved pivot table sparse data to artifacts\dataset\transformed_data
[2026-02-25 02:04:02,782] book_recommender - INFO - Saved book_ISBNs serialization object to artifacts\serialized_objects
[2026-02-25 02:04:47,284] book_recommender - INFO - Saved book_pivot serialization object to artifacts\serialized_objects
[2026-02-25 02:04:47,966] sentence_transformers.SentenceTransformer - INFO - Use pytorch device_name: cpu
[2026-02-25 02:04:47,966] sentence_transformers.SentenceTransformer - INFO - Load pretrained SentenceTransformer: sentence-transformers/all-MiniLM-L6-v2
[2026-02-25 02:04:48,082] urllib3.connectionpool - DEBUG - Starting new HTTPS connection (1): huggingface.co:443
[2026-02-25 02:04:49,020] urllib3.connectionpool - DEBUG - https://huggingface.co:443 "HEAD /sentence-transformers/all-MiniLM-L6-v2/resolve/main/modules.json HTTP/1.1" 307 0
[2026-02-25 02:04:49,214] urllib3.connectionpool - DEBUG - https://huggingface.co:443 "HEAD /api/resolve-cache/models/sentence-transformers/all-MiniLM-L6-v2/c9745ed1d9f207416be6d2e6f8de32d1f16199bf/modules.json HTTP/1.1" 200 0
[2026-02-25 02:04:49,498] urllib3.connectionpool - DEBUG - https://huggingface.co:443 "HEAD /sentence-transformers/all-MiniLM-L6-v2/resolve/main/config_sentence_transformers.json HTTP/1.1" 307 0
[2026-02-25 02:04:49,637] urllib3.connectionpool - DEBUG - https://huggingface.co:443 "HEAD /api/resolve-cache/models/sentence-transformers/all-MiniLM-L6-v2/c9745ed1d9f207416be6d2e6f8de32d1f16199bf/config_sentence_transformers.json HTTP/1.1" 200 0
[2026-02-25 02:04:49,882] urllib3.connectionpool - DEBUG - https://huggingface.co:443 "HEAD /sentence-transformers/all-MiniLM-L6-v2/resolve/main/config_sentence_transformers.json HTTP/1.1" 307 0
[2026-02-25 02:04:49,998] urllib3.connectionpool - DEBUG - https://huggingface.co:443 "HEAD /api/resolve-cache/models/sentence-transformers/all-MiniLM-L6-v2/c9745ed1d9f207416be6d2e6f8de32d1f16199bf/config_sentence_transformers.json HTTP/1.1" 200 0
[2026-02-25 02:04:50,308] urllib3.connectionpool - DEBUG - https://huggingface.co:443 "HEAD /sentence-transformers/all-MiniLM-L6-v2/resolve/main/README.md HTTP/1.1" 307 0
[2026-02-25 02:04:50,426] urllib3.connectionpool - DEBUG - https://huggingface.co:443 "HEAD /api/resolve-cache/models/sentence-transformers/all-MiniLM-L6-v2/c9745ed1d9f207416be6d2e6f8de32d1f16199bf/README.md HTTP/1.1" 200 0
[2026-02-25 02:04:50,648] urllib3.connectionpool - DEBUG - https://huggingface.co:443 "HEAD /sentence-transformers/all-MiniLM-L6-v2/resolve/main/modules.json HTTP/1.1" 307 0
[2026-02-25 02:04:50,782] urllib3.connectionpool - DEBUG - https://huggingface.co:443 "HEAD /api/resolve-cache/models/sentence-transformers/all-MiniLM-L6-v2/c9745ed1d9f207416be6d2e6f8de32d1f16199bf/modules.json HTTP/1.1" 200 0
[2026-02-25 02:04:51,065] urllib3.connectionpool - DEBUG - https://huggingface.co:443 "HEAD /sentence-transformers/all-MiniLM-L6-v2/resolve/main/sentence_bert_config.json HTTP/1.1" 307 0
[2026-02-25 02:04:51,201] urllib3.connectionpool - DEBUG - https://huggingface.co:443 "HEAD /api/resolve-cache/models/sentence-transformers/all-MiniLM-L6-v2/c9745ed1d9f207416be6d2e6f8de32d1f16199bf/sentence_bert_config.json HTTP/1.1" 200 0
[2026-02-25 02:04:51,498] urllib3.connectionpool - DEBUG - https://huggingface.co:443 "HEAD /sentence-transformers/all-MiniLM-L6-v2/resolve/main/adapter_config.json HTTP/1.1" 404 0
[2026-02-25 02:04:52,125] urllib3.connectionpool - DEBUG - https://huggingface.co:443 "HEAD /sentence-transformers/all-MiniLM-L6-v2/resolve/main/config.json HTTP/1.1" 307 0
[2026-02-25 02:04:52,498] urllib3.connectionpool - DEBUG - https://huggingface.co:443 "HEAD /api/resolve-cache/models/sentence-transformers/all-MiniLM-L6-v2/c9745ed1d9f207416be6d2e6f8de32d1f16199bf/config.json HTTP/1.1" 200 0
[2026-02-25 02:04:54,284] urllib3.connectionpool - DEBUG - https://huggingface.co:443 "HEAD /sentence-transformers/all-MiniLM-L6-v2/resolve/main/tokenizer_config.json HTTP/1.1" 307 0
[2026-02-25 02:04:54,394] urllib3.connectionpool - DEBUG - https://huggingface.co:443 "HEAD /api/resolve-cache/models/sentence-transformers/all-MiniLM-L6-v2/c9745ed1d9f207416be6d2e6f8de32d1f16199bf/tokenizer_config.json HTTP/1.1" 200 0
[2026-02-25 02:04:54,859] urllib3.connectionpool - DEBUG - https://huggingface.co:443 "GET /api/models/sentence-transformers/all-MiniLM-L6-v2/tree/main/additional_chat_templates?recursive=False&expand=False HTTP/1.1" 404 64
[2026-02-25 02:04:55,216] urllib3.connectionpool - DEBUG - https://huggingface.co:443 "GET /api/models/sentence-transformers/all-MiniLM-L6-v2/tree/main?recursive=True&expand=False HTTP/1.1" 200 6465
[2026-02-25 02:04:55,676] urllib3.connectionpool - DEBUG - https://huggingface.co:443 "HEAD /sentence-transformers/all-MiniLM-L6-v2/resolve/main/1_Pooling/config.json HTTP/1.1" 307 0
[2026-02-25 02:04:55,785] urllib3.connectionpool - DEBUG - https://huggingface.co:443 "HEAD /api/resolve-cache/models/sentence-transformers/all-MiniLM-L6-v2/c9745ed1d9f207416be6d2e6f8de32d1f16199bf/1_Pooling%2Fconfig.json HTTP/1.1" 200 0
[2026-02-25 02:04:56,035] urllib3.connectionpool - DEBUG - https://huggingface.co:443 "GET /api/models/sentence-transformers/all-MiniLM-L6-v2 HTTP/1.1" 200 6913
[2026-02-25 02:04:56,935] chromadb.telemetry.product.posthog - INFO - Anonymized telemetry enabled. See                     https://docs.trychroma.com/telemetry for more information.
[2026-02-25 02:04:57,265] chromadb.config - DEBUG - Starting component System
[2026-02-25 02:04:57,281] chromadb.config - DEBUG - Starting component Posthog
[2026-02-25 02:04:58,732] urllib3.connectionpool - DEBUG - Starting new HTTPS connection (1): us.i.posthog.com:443
[2026-02-25 02:04:59,636] urllib3.connectionpool - DEBUG - https://us.i.posthog.com:443 "POST /batch/ HTTP/1.1" 200 15
[2026-02-25 02:06:32,300] book_recommender - INFO - Start splitting data.

[2026-02-25 02:06:47,151] book_recommender - INFO - ====================Data Transformation log completed.==================== 


[2026-02-25 02:06:47,151] book_recommender - INFO - ====================Model Trainer log started.==================== 
[2026-02-25 02:07:01,362] git.cmd - DEBUG - Popen(['git', 'version'], cwd=C:\Users\BS\OneDrive\Desktop\Book Recommender System, stdin=None, shell=False, universal_newlines=False)
[2026-02-25 02:07:01,425] git.cmd - DEBUG - Popen(['git', 'version'], cwd=C:\Users\BS\OneDrive\Desktop\Book Recommender System, stdin=None, shell=False, universal_newlines=False)
[2026-02-25 02:07:01,468] git.util - DEBUG - sys.platform='win32', git_executable='git'
[2026-02-25 02:07:01,468] git.cmd - DEBUG - Popen(['git', 'check-ignore', 'C:\\Users\\BS\\OneDrive\\Desktop\\Book Recommender System'], cwd=C:\Users\BS\OneDrive\Desktop\Book Recommender System, stdin=None, shell=False, universal_newlines=False)
[2026-02-25 02:07:01,520] git.cmd - DEBUG - Popen(['git', 'cat-file', '--batch-check'], cwd=C:\Users\BS\OneDrive\Desktop\Book Recommender System, stdin=<valid stream>, shell=False, universal_newlines=False)
[2026-02-25 02:07:01,600] urllib3.connectionpool - DEBUG - Starting new HTTPS connection (1): config.mlflow-telemetry.io:443
[2026-02-25 02:07:02,484] urllib3.connectionpool - DEBUG - https://config.mlflow-telemetry.io:443 "GET /3.8.1.json HTTP/1.1" 200 306
[2026-02-25 02:07:02,920] book_recommender - INFO - Filtered test set: 345228 -> 333298 pairs (removed 11930 invalid pairs)
[2026-02-25 02:07:02,920] book_recommender - INFO - Train shape:" (1230056, 3) , columns:" ['itemID', 'userID', 'rating']
[2026-02-25 02:07:02,930] book_recommender - INFO - Train head:
"       itemID                 userID  rating
0  B000NDWGWE  A00540411RKGTDNU543WS     3.0
1  B000GPGEKO  A00540411RKGTDNU543WS     4.0
2  B000IOF1GG  A00540411RKGTDNU543WS     3.0
3  0472095315  A00540411RKGTDNU543WS     2.0
4  0807041076  A00540411RKGTDNU543WS     3.0
[2026-02-25 02:07:02,930] book_recommender - INFO - 
Test shape:" (333298, 3), "| columns:" ['itemID', 'userID', 'rating']
[2026-02-25 02:07:03,711] urllib3.connectionpool - DEBUG - Starting new HTTPS connection (1): api.mlflow-telemetry.io:443
[2026-02-25 02:07:04,960] urllib3.connectionpool - DEBUG - https://api.mlflow-telemetry.io:443 "POST /log HTTP/1.1" 200 30
[2026-02-25 02:07:41,859] tensorflow - WARNING - From C:\Users\BS\OneDrive\Desktop\Book Recommender System\src\steps\stage_03_model_trainer\recommenders_microsoft\recommenders\models\deeprec\models\graphrec\lightgcn.py:110: The name tf.train.AdamOptimizer is deprecated. Please use tf.compat.v1.train.AdamOptimizer instead.

[2026-02-25 02:07:42,816] book_recommender - INFO - ==================== Model Start Training. ====================
[2026-02-25 02:07:45,461] urllib3.connectionpool - DEBUG - Starting new HTTPS connection (1): api.mlflow-telemetry.io:443
[2026-02-25 02:07:46,606] urllib3.connectionpool - DEBUG - https://api.mlflow-telemetry.io:443 "POST /log HTTP/1.1" 200 30
[2026-02-25 02:11:42,501] tensorflow - WARNING - From C:\Users\BS\anaconda3\Lib\site-packages\tensorflow\python\training\saver.py:1068: remove_checkpoint (from tensorflow.python.checkpoint.checkpoint_management) is deprecated and will be removed in a future version.
Instructions for updating:
Use standard file APIs to delete files with this prefix.
[2026-02-25 02:17:48,661] book_recommender - INFO - None
[2026-02-25 02:17:59,182] urllib3.connectionpool - DEBUG - Starting new HTTPS connection (1): api.mlflow-telemetry.io:443
[2026-02-25 02:17:59,954] book_recommender - INFO - Saving final model to artifacts\trained_model\lightgcn_model
[2026-02-25 02:18:00,344] urllib3.connectionpool - DEBUG - https://api.mlflow-telemetry.io:443 "POST /log HTTP/1.1" 200 30
[2026-02-25 02:18:09,801] urllib3.connectionpool - DEBUG - Starting new HTTPS connection (1): api.mlflow-telemetry.io:443
[2026-02-25 02:18:10,968] urllib3.connectionpool - DEBUG - https://api.mlflow-telemetry.io:443 "POST /log HTTP/1.1" 200 30
[2026-02-25 02:18:26,379] book_recommender - INFO - Saving model metadata to artifacts\trained_model\model_metadata.pkl
[2026-02-25 02:18:26,525] book_recommender - INFO - ====================Model Trainer log completed.==================== 


