[2026-02-15 16:51:53,240] pydot - DEBUG - pydot initializing
[2026-02-15 16:51:53,240] pydot - DEBUG - pydot 4.0.1
[2026-02-15 16:51:53,247] pydot.core - DEBUG - pydot core module initializing
[2026-02-15 16:52:05,851] tensorflow - Level 1 - Registering Relayout (<function _relayout_gradient at 0x000002096BFF5E40>) in gradient.
[2026-02-15 16:52:05,851] tensorflow - Level 1 - Registering RelayoutLike (<function _relayout_grad_gradient at 0x000002096BFF5F80>) in gradient.
[2026-02-15 16:52:05,851] tensorflow - Level 1 - Registering CopyToMesh (<function _copy_to_mesh_gradient at 0x000002096BFF6660>) in gradient.
[2026-02-15 16:52:05,851] tensorflow - Level 1 - Registering CopyToMeshGrad (<function _copy_to_mesh_grad_gradient at 0x000002096BFF65C0>) in gradient.
[2026-02-15 16:52:05,868] tensorflow - Level 1 - Registering FakeQuantWithMinMaxArgs (<function _FakeQuantWithMinMaxArgsGradient at 0x000002096C09E700>) in gradient.
[2026-02-15 16:52:05,870] tensorflow - Level 1 - Registering FakeQuantWithMinMaxVars (<function _FakeQuantWithMinMaxVarsGradient at 0x000002096C09E8E0>) in gradient.
[2026-02-15 16:52:05,870] tensorflow - Level 1 - Registering FakeQuantWithMinMaxVarsPerChannel (<function _FakeQuantWithMinMaxVarsPerChannelGradient at 0x000002096C09EE80>) in gradient.
[2026-02-15 16:52:05,870] tensorflow - Level 1 - Registering QuantizeAndDequantizeV4 (<function _QuantizeAndDequantizeV4Grad at 0x000002096C09EF20>) in gradient.
[2026-02-15 16:52:05,870] tensorflow - Level 1 - Registering QuantizeAndDequantizeV4Grad (<function _QuantizeAndDequantizeV4GradGrad at 0x000002096C09EFC0>) in gradient.
[2026-02-15 16:52:05,895] tensorflow - Level 1 - Registering TensorListConcatLists (None) in gradient.
[2026-02-15 16:52:05,897] tensorflow - Level 1 - Registering TensorListElementShape (None) in gradient.
[2026-02-15 16:52:05,897] tensorflow - Level 1 - Registering TensorListLength (None) in gradient.
[2026-02-15 16:52:05,897] tensorflow - Level 1 - Registering TensorListPushBackBatch (None) in gradient.
[2026-02-15 16:52:05,897] tensorflow - Level 1 - Registering TensorListPushBack (<function _PushBackGrad at 0x000002096C263880>) in gradient.
[2026-02-15 16:52:05,897] tensorflow - Level 1 - Registering TensorListPopBack (<function _PopBackGrad at 0x000002096C263920>) in gradient.
[2026-02-15 16:52:05,897] tensorflow - Level 1 - Registering TensorListStack (<function _TensorListStackGrad at 0x000002096C2639C0>) in gradient.
[2026-02-15 16:52:05,897] tensorflow - Level 1 - Registering TensorListConcatV2 (<function _TensorListConcatGrad at 0x000002096C263A60>) in gradient.
[2026-02-15 16:52:05,897] tensorflow - Level 1 - Registering TensorListConcat (<function _TensorListConcatGrad at 0x000002096C263A60>) in gradient.
[2026-02-15 16:52:05,897] tensorflow - Level 1 - Registering TensorListSplit (<function _TensorListSplitGrad at 0x000002096C263B00>) in gradient.
[2026-02-15 16:52:05,897] tensorflow - Level 1 - Registering TensorListFromTensor (<function _TensorListFromTensorGrad at 0x000002096C263BA0>) in gradient.
[2026-02-15 16:52:05,897] tensorflow - Level 1 - Registering TensorListGetItem (<function _TensorListGetItemGrad at 0x000002096C263C40>) in gradient.
[2026-02-15 16:52:05,897] tensorflow - Level 1 - Registering TensorListSetItem (<function _TensorListSetItemGrad at 0x000002096C263CE0>) in gradient.
[2026-02-15 16:52:05,897] tensorflow - Level 1 - Registering TensorListResize (<function _TensorListResizeGrad at 0x000002096C263D80>) in gradient.
[2026-02-15 16:52:05,897] tensorflow - Level 1 - Registering TensorListGather (<function _TensorListGatherGrad at 0x000002096C263E20>) in gradient.
[2026-02-15 16:52:05,897] tensorflow - Level 1 - Registering TensorListScatterV2 (<function _TensorListScatterGrad at 0x000002096C263EC0>) in gradient.
[2026-02-15 16:52:05,897] tensorflow - Level 1 - Registering TensorListScatter (<function _TensorListScatterGrad at 0x000002096C263EC0>) in gradient.
[2026-02-15 16:52:05,897] tensorflow - Level 1 - Registering TensorListScatterIntoExistingList (<function _TensorListScatterIntoExistingListGrad at 0x000002096C263F60>) in gradient.
[2026-02-15 16:52:05,939] tensorflow - Level 1 - Registering AccumulateNV2 (<function _accumulate_n_grad at 0x000002096C41D1C0>) in gradient.
[2026-02-15 16:52:06,134] tensorflow - Level 1 - Registering cond_context ((<class 'tensorflow.core.protobuf.control_flow_pb2.CondContextDef'>, <function CondContext.to_proto at 0x000002096C5200E0>, <function CondContext.from_proto at 0x000002096C520180>)) in proto functions.
[2026-02-15 16:52:06,135] tensorflow - Level 1 - Registering while_context ((<class 'tensorflow.core.protobuf.control_flow_pb2.WhileContextDef'>, <function WhileContext.to_proto at 0x000002096C520F40>, <function WhileContext.from_proto at 0x000002096C521080>)) in proto functions.
[2026-02-15 16:52:06,135] tensorflow - Level 1 - Registering _identity_resolver (<function _identity_resolver at 0x000002096C522F20>) in acd_resource_resolvers.
[2026-02-15 16:52:06,183] tensorflow - Level 1 - Registering Assign (None) in gradient.
[2026-02-15 16:52:06,185] tensorflow - Level 1 - Registering AssignAdd (None) in gradient.
[2026-02-15 16:52:06,185] tensorflow - Level 1 - Registering AssignSub (None) in gradient.
[2026-02-15 16:52:06,185] tensorflow - Level 1 - Registering ScatterAdd (None) in gradient.
[2026-02-15 16:52:06,186] tensorflow - Level 1 - Registering ScatterSub (None) in gradient.
[2026-02-15 16:52:06,186] tensorflow - Level 1 - Registering ScatterMul (None) in gradient.
[2026-02-15 16:52:06,186] tensorflow - Level 1 - Registering ScatterDiv (None) in gradient.
[2026-02-15 16:52:06,186] tensorflow - Level 1 - Registering ScatterNdUpdate (None) in gradient.
[2026-02-15 16:52:06,186] tensorflow - Level 1 - Registering ScatterNdAdd (None) in gradient.
[2026-02-15 16:52:06,187] tensorflow - Level 1 - Registering ScatterNdSub (None) in gradient.
[2026-02-15 16:52:06,187] tensorflow - Level 1 - Registering ScatterNdMul (None) in gradient.
[2026-02-15 16:52:06,187] tensorflow - Level 1 - Registering ScatterNdDiv (None) in gradient.
[2026-02-15 16:52:06,197] tensorflow - Level 1 - Registering ReadVariableOp (<function _ReadGrad at 0x000002096C6A6DE0>) in gradient.
[2026-02-15 16:52:06,197] tensorflow - Level 1 - Registering ResourceGather (<function _GatherGrad at 0x000002096C6A7E20>) in gradient.
[2026-02-15 16:52:06,197] tensorflow - Level 1 - Registering Assert (None) in gradient.
[2026-02-15 16:52:06,197] tensorflow - Level 1 - Registering VarIsInitializedOp (None) in gradient.
[2026-02-15 16:52:06,197] tensorflow - Level 1 - Registering VariableShape (None) in gradient.
[2026-02-15 16:52:06,229] tensorflow - Level 1 - Registering RandomStandardNormal (None) in gradient.
[2026-02-15 16:52:06,231] tensorflow - Level 1 - Registering ParameterizedTruncatedNormal (None) in gradient.
[2026-02-15 16:52:06,231] tensorflow - Level 1 - Registering TruncatedNormal (None) in gradient.
[2026-02-15 16:52:06,232] tensorflow - Level 1 - Registering RandomUniform (None) in gradient.
[2026-02-15 16:52:06,232] tensorflow - Level 1 - Registering RandomShuffle (None) in gradient.
[2026-02-15 16:52:06,232] tensorflow - Level 1 - Registering Multinomial (None) in gradient.
[2026-02-15 16:52:06,283] tensorflow - Level 1 - Registering If (<function _IfGrad at 0x000002096C88B600>) in gradient.
[2026-02-15 16:52:06,285] tensorflow - Level 1 - Registering StatelessIf (<function _IfGrad at 0x000002096C88B600>) in gradient.
[2026-02-15 16:52:06,286] tensorflow - Level 1 - Registering StatelessCase (<function _CaseGrad at 0x000002096C8A8D60>) in gradient.
[2026-02-15 16:52:06,286] tensorflow - Level 1 - Registering Case (<function _CaseGrad at 0x000002096C8A8D60>) in gradient.
[2026-02-15 16:52:06,295] tensorflow - Level 1 - Registering While (<function _WhileGrad at 0x000002096C90B600>) in gradient.
[2026-02-15 16:52:06,295] tensorflow - Level 1 - Registering StatelessWhile (<function _WhileGrad at 0x000002096C90B600>) in gradient.
[2026-02-15 16:52:06,413] tensorflow - Level 1 - Registering EnsureShape (<function _ensure_shape_grad at 0x000002096CB66DE0>) in gradient.
[2026-02-15 16:52:06,442] tensorflow - Level 1 - Registering RaggedTensorToSparse (<function _ragged_tensor_to_sparse_gradient at 0x000002096CBE2DE0>) in gradient.
[2026-02-15 16:52:06,462] tensorflow - Level 1 - Registering Conv2DBackpropInput (<function _Conv2DBackpropInputGrad at 0x000002096CC63240>) in gradient.
[2026-02-15 16:52:06,462] tensorflow - Level 1 - Registering Conv2DBackpropFilter (<function _Conv2DBackpropFilterGrad at 0x000002096CC63880>) in gradient.
[2026-02-15 16:52:06,462] tensorflow - Level 1 - Registering DepthwiseConv2dNativeBackpropInput (<function _DepthwiseConv2dNativeBackpropInputGrad at 0x000002096CC9C040>) in gradient.
[2026-02-15 16:52:06,462] tensorflow - Level 1 - Registering DepthwiseConv2dNativeBackpropFilter (<function _DepthwiseConv2dNativeBackpropFilterGrad at 0x000002096CC9C680>) in gradient.
[2026-02-15 16:52:06,462] tensorflow - Level 1 - Registering Conv3D (<function _Conv3DGrad at 0x000002096CC9C720>) in gradient.
[2026-02-15 16:52:06,462] tensorflow - Level 1 - Registering Conv3DBackpropInputV2 (<function _Conv3DBackpropInputGrad at 0x000002096CC9C7C0>) in gradient.
[2026-02-15 16:52:06,462] tensorflow - Level 1 - Registering Conv3DBackpropFilterV2 (<function _Conv3DBackpropFilterGrad at 0x000002096CC9C860>) in gradient.
[2026-02-15 16:52:06,462] tensorflow - Level 1 - Registering AvgPool3D (<function _AvgPool3DGrad at 0x000002096CC9C900>) in gradient.
[2026-02-15 16:52:06,462] tensorflow - Level 1 - Registering AvgPool3DGrad (<function _AvgPool3DGradGrad at 0x000002096CC9C9A0>) in gradient.
[2026-02-15 16:52:06,462] tensorflow - Level 1 - Registering MaxPool3D (<function _MaxPool3DGrad at 0x000002096CC9CA40>) in gradient.
[2026-02-15 16:52:06,462] tensorflow - Level 1 - Registering MaxPool3DGrad (<function _MaxPool3DGradGrad at 0x000002096CC9CAE0>) in gradient.
[2026-02-15 16:52:06,462] tensorflow - Level 1 - Registering MaxPool3DGradGrad (<function _MaxPool3DGradGradGrad at 0x000002096CC9CB80>) in gradient.
[2026-02-15 16:52:06,462] tensorflow - Level 1 - Registering Softmax (<function _SoftmaxGrad at 0x000002096CC9CC20>) in gradient.
[2026-02-15 16:52:06,462] tensorflow - Level 1 - Registering LogSoftmax (<function _LogSoftmaxGrad at 0x000002096CC9CCC0>) in gradient.
[2026-02-15 16:52:06,462] tensorflow - Level 1 - Registering BiasAdd (<function _BiasAddGrad at 0x000002096CC9CD60>) in gradient.
[2026-02-15 16:52:06,462] tensorflow - Level 1 - Registering BiasAddGrad (<function _BiasAddGradGrad at 0x000002096CC9CE00>) in gradient.
[2026-02-15 16:52:06,462] tensorflow - Level 1 - Registering BiasAddV1 (<function _BiasAddGradV1 at 0x000002096CC9CEA0>) in gradient.
[2026-02-15 16:52:06,473] tensorflow - Level 1 - Registering Relu (<function _ReluGrad at 0x000002096CC9CF40>) in gradient.
[2026-02-15 16:52:06,473] tensorflow - Level 1 - Registering EluGrad (<function _EluGradGrad at 0x000002096CC9CFE0>) in gradient.
[2026-02-15 16:52:06,473] tensorflow - Level 1 - Registering SeluGrad (<function _SeluGradGrad at 0x000002096CC9D080>) in gradient.
[2026-02-15 16:52:06,473] tensorflow - Level 1 - Registering Relu6 (<function _Relu6Grad at 0x000002096CC9D120>) in gradient.
[2026-02-15 16:52:06,473] tensorflow - Level 1 - Registering Relu6Grad (<function _Relu6GradGrad at 0x000002096CC9D1C0>) in gradient.
[2026-02-15 16:52:06,473] tensorflow - Level 1 - Registering LeakyRelu (<function _LeakyReluGrad at 0x000002096CC9D260>) in gradient.
[2026-02-15 16:52:06,473] tensorflow - Level 1 - Registering LeakyReluGrad (<function _LeakyReluGradGrad at 0x000002096CC9D300>) in gradient.
[2026-02-15 16:52:06,473] tensorflow - Level 1 - Registering Elu (<function _EluGrad at 0x000002096CC9D3A0>) in gradient.
[2026-02-15 16:52:06,473] tensorflow - Level 1 - Registering Selu (<function _SeluGrad at 0x000002096CC9D440>) in gradient.
[2026-02-15 16:52:06,473] tensorflow - Level 1 - Registering Softplus (<function _SoftplusGrad at 0x000002096CC9D4E0>) in gradient.
[2026-02-15 16:52:06,473] tensorflow - Level 1 - Registering SoftplusGrad (<function _SoftplusGradGrad at 0x000002096CC9D580>) in gradient.
[2026-02-15 16:52:06,473] tensorflow - Level 1 - Registering Softsign (<function _SoftsignGrad at 0x000002096CC9D620>) in gradient.
[2026-02-15 16:52:06,473] tensorflow - Level 1 - Registering ReluGrad (<function _ReluGradGrad at 0x000002096CC9D6C0>) in gradient.
[2026-02-15 16:52:06,473] tensorflow - Level 1 - Registering SoftmaxCrossEntropyWithLogits (<function _SoftmaxCrossEntropyWithLogitsGrad at 0x000002096CC9D800>) in gradient.
[2026-02-15 16:52:06,473] tensorflow - Level 1 - Registering SparseSoftmaxCrossEntropyWithLogits (<function _SparseSoftmaxCrossEntropyWithLogitsGrad at 0x000002096CC9D8A0>) in gradient.
[2026-02-15 16:52:06,473] tensorflow - Level 1 - Registering Conv2D (<function _Conv2DGrad at 0x000002096CC9D940>) in gradient.
[2026-02-15 16:52:06,473] tensorflow - Level 1 - Registering DepthwiseConv2dNative (<function _DepthwiseConv2dNativeGrad at 0x000002096CC9D9E0>) in gradient.
[2026-02-15 16:52:06,473] tensorflow - Level 1 - Registering Dilation2D (<function _Dilation2DGrad at 0x000002096CC9DA80>) in gradient.
[2026-02-15 16:52:06,473] tensorflow - Level 1 - Registering LRN (<function _LRNGrad at 0x000002096CC9DB20>) in gradient.
[2026-02-15 16:52:06,473] tensorflow - Level 1 - Registering AvgPool (<function _AvgPoolGrad at 0x000002096CC9DBC0>) in gradient.
[2026-02-15 16:52:06,473] tensorflow - Level 1 - Registering AvgPoolGrad (<function _AvgPoolGradGrad at 0x000002096CC9DC60>) in gradient.
[2026-02-15 16:52:06,473] tensorflow - Level 1 - Registering MaxPool (<function _MaxPoolGrad at 0x000002096CC9DD00>) in gradient.
[2026-02-15 16:52:06,475] tensorflow - Level 1 - Registering MaxPoolV2 (<function _MaxPoolGradV2 at 0x000002096CC9DDA0>) in gradient.
[2026-02-15 16:52:06,475] tensorflow - Level 1 - Registering MaxPoolWithArgmax (<function _MaxPoolGradWithArgmax at 0x000002096CC9DE40>) in gradient.
[2026-02-15 16:52:06,475] tensorflow - Level 1 - Registering MaxPoolGrad (<function _MaxPoolGradGrad at 0x000002096CC9DEE0>) in gradient.
[2026-02-15 16:52:06,475] tensorflow - Level 1 - Registering MaxPoolGradV2 (<function _MaxPoolGradGradV2 at 0x000002096CC9DF80>) in gradient.
[2026-02-15 16:52:06,475] tensorflow - Level 1 - Registering MaxPoolGradGrad (<function _MaxPoolGradGradGrad at 0x000002096CC9E020>) in gradient.
[2026-02-15 16:52:06,475] tensorflow - Level 1 - Registering FractionalMaxPool (<function _FractionalMaxPoolGrad at 0x000002096CC9E0C0>) in gradient.
[2026-02-15 16:52:06,475] tensorflow - Level 1 - Registering FractionalAvgPool (<function _FractionalAvgPoolGrad at 0x000002096CC9E160>) in gradient.
[2026-02-15 16:52:06,475] tensorflow - Level 1 - Registering BatchNormWithGlobalNormalization (<function _BatchNormWithGlobalNormalizationGrad at 0x000002096CC9E200>) in gradient.
[2026-02-15 16:52:06,475] tensorflow - Level 1 - Registering FusedBatchNorm (<function _FusedBatchNormGrad at 0x000002096CC9E340>) in gradient.
[2026-02-15 16:52:06,475] tensorflow - Level 1 - Registering FusedBatchNormV2 (<function _FusedBatchNormV2Grad at 0x000002096CC9E3E0>) in gradient.
[2026-02-15 16:52:06,475] tensorflow - Level 1 - Registering FusedBatchNormV3 (<function _FusedBatchNormV3Grad at 0x000002096CC9E480>) in gradient.
[2026-02-15 16:52:06,475] tensorflow - Level 1 - Registering L2Loss (<function _L2LossGrad at 0x000002096CC9E520>) in gradient.
[2026-02-15 16:52:06,475] tensorflow - Level 1 - Registering TopKV2 (<function _TopKGrad at 0x000002096CC9E5C0>) in gradient.
[2026-02-15 16:52:06,475] tensorflow - Level 1 - Registering TopK (<function _TopKGrad at 0x000002096CC9E5C0>) in gradient.
[2026-02-15 16:52:06,475] tensorflow - Level 1 - Registering ApproxTopK (<function _ApproxTopKGradient at 0x000002096CC9E660>) in gradient.
[2026-02-15 16:52:06,475] tensorflow - Level 1 - Registering NthElement (<function _NthElementGrad at 0x000002096CC9E700>) in gradient.
[2026-02-15 16:52:06,475] tensorflow - Level 1 - Registering IsotonicRegression (<function _IsotonicRegressionGrad at 0x000002096CC9E840>) in gradient.
[2026-02-15 16:52:06,486] tensorflow - Level 1 - Registering BitwiseAnd (None) in gradient.
[2026-02-15 16:52:06,487] tensorflow - Level 1 - Registering BitwiseOr (None) in gradient.
[2026-02-15 16:52:06,487] tensorflow - Level 1 - Registering BitwiseXor (None) in gradient.
[2026-02-15 16:52:06,487] tensorflow - Level 1 - Registering Invert (None) in gradient.
[2026-02-15 16:52:06,487] tensorflow - Level 1 - Registering PopulationCount (None) in gradient.
[2026-02-15 16:52:06,487] tensorflow - Level 1 - Registering LeftShift (None) in gradient.
[2026-02-15 16:52:06,487] tensorflow - Level 1 - Registering RightShift (None) in gradient.
[2026-02-15 16:52:06,488] tensorflow - Level 1 - Registering StatelessMultinomial (None) in gradient.
[2026-02-15 16:52:06,489] tensorflow - Level 1 - Registering StatelessRandomBinomial (None) in gradient.
[2026-02-15 16:52:06,489] tensorflow - Level 1 - Registering StatelessRandomNormal (None) in gradient.
[2026-02-15 16:52:06,490] tensorflow - Level 1 - Registering StatelessRandomPoisson (None) in gradient.
[2026-02-15 16:52:06,490] tensorflow - Level 1 - Registering StatelessRandomUniform (None) in gradient.
[2026-02-15 16:52:06,490] tensorflow - Level 1 - Registering StatelessRandomUniformInt (None) in gradient.
[2026-02-15 16:52:06,490] tensorflow - Level 1 - Registering StatelessRandomUniformFullInt (None) in gradient.
[2026-02-15 16:52:06,490] tensorflow - Level 1 - Registering StatelessTruncatedNormal (None) in gradient.
[2026-02-15 16:52:06,490] tensorflow - Level 1 - Registering StatelessRandomNormalV2 (None) in gradient.
[2026-02-15 16:52:06,490] tensorflow - Level 1 - Registering StatelessRandomUniformV2 (None) in gradient.
[2026-02-15 16:52:06,490] tensorflow - Level 1 - Registering StatelessRandomUniformIntV2 (None) in gradient.
[2026-02-15 16:52:06,490] tensorflow - Level 1 - Registering StatelessRandomUniformFullIntV2 (None) in gradient.
[2026-02-15 16:52:06,490] tensorflow - Level 1 - Registering StatelessTruncatedNormalV2 (None) in gradient.
[2026-02-15 16:52:06,491] tensorflow - Level 1 - Registering StatelessRandomShuffle (None) in gradient.
[2026-02-15 16:52:06,491] tensorflow - Level 1 - Registering RandomIndexShuffle (None) in gradient.
[2026-02-15 16:52:06,502] tensorflow - Level 1 - Registering Conv3D,flops (<function _calc_conv3d_flops at 0x000002096CD58FE0>) in statistical functions.
[2026-02-15 16:52:06,505] tensorflow - Level 1 - Registering Conv2D,flops (<function _calc_conv_flops at 0x000002096CD591C0>) in statistical functions.
[2026-02-15 16:52:06,505] tensorflow - Level 1 - Registering DepthwiseConv2dNative,flops (<function _calc_depthwise_conv_flops at 0x000002096CD59760>) in statistical functions.
[2026-02-15 16:52:06,505] tensorflow - Level 1 - Registering BiasAdd,flops (<function _calc_bias_add_flops at 0x000002096CD59800>) in statistical functions.
[2026-02-15 16:52:06,507] tensorflow - Level 1 - Registering Dilation2D,flops (<function _calc_dilation2d_flops at 0x000002096CD5B2E0>) in statistical functions.
[2026-02-15 16:52:06,512] tensorflow - Level 1 - Registering CompositeTensorVariantFromComponents (<function _composite_tensor_to_variants_grad at 0x000002096CE3C360>) in gradient.
[2026-02-15 16:52:06,512] tensorflow - Level 1 - Registering CompositeTensorVariantToComponents (<function _composite_tensor_from_variant_grad at 0x000002096CE3C400>) in gradient.
[2026-02-15 16:52:06,532] tensorflow - Level 1 - Registering RaggedRange (None) in gradient.
[2026-02-15 16:52:06,538] tensorflow - Level 1 - Registering RaggedFillEmptyRows (<function _ragged_fill_empty_rows_grad at 0x000002096CE95260>) in gradient.
[2026-02-15 16:52:06,546] tensorflow - Level 1 - Registering RaggedGather (<function _ragged_gather_grad at 0x000002096CE97100>) in gradient.
[2026-02-15 16:52:06,546] tensorflow - Level 1 - Registering RegexReplace (None) in gradient.
[2026-02-15 16:52:06,555] tensorflow - Level 1 - Registering StringToHashBucket (None) in gradient.
[2026-02-15 16:52:06,555] tensorflow - Level 1 - Registering StringToHashBucketFast (None) in gradient.
[2026-02-15 16:52:06,555] tensorflow - Level 1 - Registering StringToHashBucketStrong (None) in gradient.
[2026-02-15 16:52:06,555] tensorflow - Level 1 - Registering ReduceJoin (None) in gradient.
[2026-02-15 16:52:06,555] tensorflow - Level 1 - Registering StringJoin (None) in gradient.
[2026-02-15 16:52:06,555] tensorflow - Level 1 - Registering StringSplit (None) in gradient.
[2026-02-15 16:52:06,555] tensorflow - Level 1 - Registering AsString (None) in gradient.
[2026-02-15 16:52:06,555] tensorflow - Level 1 - Registering EncodeBase64 (None) in gradient.
[2026-02-15 16:52:06,555] tensorflow - Level 1 - Registering DecodeBase64 (None) in gradient.
[2026-02-15 16:52:06,557] tensorflow - Level 1 - Registering Print (<function _PrintGrad at 0x000002096CED1DA0>) in gradient.
[2026-02-15 16:52:06,557] tensorflow - Level 1 - Registering HistogramSummary (None) in gradient.
[2026-02-15 16:52:06,557] tensorflow - Level 1 - Registering ImageSummary (None) in gradient.
[2026-02-15 16:52:06,557] tensorflow - Level 1 - Registering AudioSummary (None) in gradient.
[2026-02-15 16:52:06,557] tensorflow - Level 1 - Registering AudioSummaryV2 (None) in gradient.
[2026-02-15 16:52:06,557] tensorflow - Level 1 - Registering MergeSummary (None) in gradient.
[2026-02-15 16:52:06,557] tensorflow - Level 1 - Registering ScalarSummary (None) in gradient.
[2026-02-15 16:52:06,557] tensorflow - Level 1 - Registering TensorSummary (None) in gradient.
[2026-02-15 16:52:06,557] tensorflow - Level 1 - Registering TensorSummaryV2 (None) in gradient.
[2026-02-15 16:52:06,560] tensorflow - Level 1 - Registering Timestamp (None) in gradient.
[2026-02-15 16:52:06,587] tensorflow - Level 1 - Registering XlaEinsum (<function _einsum_grad at 0x000002096CF84E00>) in gradient.
[2026-02-15 16:52:06,595] tensorflow - Level 1 - Registering RaggedTensorToTensor (<function _ragged_tensor_to_tensor_grad at 0x000002096CFB9DA0>) in gradient.
[2026-02-15 16:52:06,595] tensorflow - Level 1 - Registering RaggedTensorFromVariant (<function _ragged_tensor_from_variant_grad at 0x000002096CFBA020>) in gradient.
[2026-02-15 16:52:06,595] tensorflow - Level 1 - Registering RaggedTensorToVariant (<function _ragged_tensor_to_variant_grad at 0x000002096CFBA0C0>) in gradient.
[2026-02-15 16:52:06,595] tensorflow - Level 1 - Registering ClipByValue (<function _clip_by_value_grad at 0x000002096CFBA7A0>) in gradient.
[2026-02-15 16:52:06,595] tensorflow - Level 1 - Registering DynamicPartition (<function _DynamicPartitionGrads at 0x000002096CFBB1A0>) in gradient.
[2026-02-15 16:52:06,595] tensorflow - Level 1 - Registering ParallelDynamicStitch (<function _DynamicStitchGrads at 0x000002096CFBB4C0>) in gradient.
[2026-02-15 16:52:06,595] tensorflow - Level 1 - Registering DynamicStitch (<function _DynamicStitchGrads at 0x000002096CFBB4C0>) in gradient.
[2026-02-15 16:52:06,595] tensorflow - Level 1 - Registering Queue (None) in gradient.
[2026-02-15 16:52:06,595] tensorflow - Level 1 - Registering QueueEnqueue (None) in gradient.
[2026-02-15 16:52:06,595] tensorflow - Level 1 - Registering QueueEnqueueMany (None) in gradient.
[2026-02-15 16:52:06,595] tensorflow - Level 1 - Registering QueueDequeue (None) in gradient.
[2026-02-15 16:52:06,595] tensorflow - Level 1 - Registering QueueDequeueMany (None) in gradient.
[2026-02-15 16:52:06,595] tensorflow - Level 1 - Registering QueueDequeueUpTo (None) in gradient.
[2026-02-15 16:52:06,595] tensorflow - Level 1 - Registering QueueClose (None) in gradient.
[2026-02-15 16:52:06,595] tensorflow - Level 1 - Registering QueueSize (None) in gradient.
[2026-02-15 16:52:06,595] tensorflow - Level 1 - Registering Stack (None) in gradient.
[2026-02-15 16:52:06,595] tensorflow - Level 1 - Registering StackPush (None) in gradient.
[2026-02-15 16:52:06,595] tensorflow - Level 1 - Registering StackPop (None) in gradient.
[2026-02-15 16:52:06,595] tensorflow - Level 1 - Registering StackClose (None) in gradient.
[2026-02-15 16:52:06,595] tensorflow - Level 1 - Registering GetSessionHandle (None) in gradient.
[2026-02-15 16:52:06,595] tensorflow - Level 1 - Registering GetSessionHandleV2 (None) in gradient.
[2026-02-15 16:52:06,595] tensorflow - Level 1 - Registering GetSessionTensor (None) in gradient.
[2026-02-15 16:52:06,595] tensorflow - Level 1 - Registering DeleteSessionTensor (None) in gradient.
[2026-02-15 16:52:06,645] tensorflow - Level 1 - Registering TPUReplicatedInput (None) in gradient.
[2026-02-15 16:52:06,645] tensorflow - Level 1 - Registering AllToAll (<function _all_to_all_grad at 0x000002096D135800>) in gradient.
[2026-02-15 16:52:06,645] tensorflow - Level 1 - Registering CollectivePermute (<function _collective_permute_grad at 0x000002096D1359E0>) in gradient.
[2026-02-15 16:52:06,645] tensorflow - Level 1 - Registering CrossReplicaSum (<function _cross_replica_sum_grad at 0x000002096D135A80>) in gradient.
[2026-02-15 16:52:06,645] tensorflow - Level 1 - Registering TPUEmbeddingActivations (<function _embedding_activations_grad at 0x000002096D135B20>) in gradient.
[2026-02-15 16:52:06,675] tensorflow - Level 1 - Registering XlaClusterOutput (<function _XlaClusterOutputGrad at 0x000002096D1A0040>) in gradient.
[2026-02-15 16:52:06,678] tensorflow - Level 1 - Registering Pack (<function _PackGrad at 0x000002096D1A11C0>) in gradient.
[2026-02-15 16:52:06,680] tensorflow - Level 1 - Registering Unpack (<function _UnpackGrad at 0x000002096D1A1300>) in gradient.
[2026-02-15 16:52:06,680] tensorflow - Level 1 - Registering Concat (<function _ConcatGrad at 0x000002096D1A14E0>) in gradient.
[2026-02-15 16:52:06,680] tensorflow - Level 1 - Registering ConcatV2 (<function _ConcatGradV2 at 0x000002096D1A1580>) in gradient.
[2026-02-15 16:52:06,680] tensorflow - Level 1 - Registering ConcatOffset (None) in gradient.
[2026-02-15 16:52:06,680] tensorflow - Level 1 - Registering Slice (<function _SliceGrad at 0x000002096D1A1620>) in gradient.
[2026-02-15 16:52:06,680] tensorflow - Level 1 - Registering StridedSlice (<function _StridedSliceGrad at 0x000002096D1A1800>) in gradient.
[2026-02-15 16:52:06,680] tensorflow - Level 1 - Registering StridedSliceGrad (<function _StridedSliceGradGrad at 0x000002096D1A18A0>) in gradient.
[2026-02-15 16:52:06,681] tensorflow - Level 1 - Registering TensorStridedSliceUpdate (<function _TensorStridedSliceUpdateGrad at 0x000002096D1A1940>) in gradient.
[2026-02-15 16:52:06,681] tensorflow - Level 1 - Registering Split (<function _SplitGrad at 0x000002096D1A19E0>) in gradient.
[2026-02-15 16:52:06,681] tensorflow - Level 1 - Registering SplitV (<function _SplitVGrad at 0x000002096D1A1A80>) in gradient.
[2026-02-15 16:52:06,681] tensorflow - Level 1 - Registering Const (None) in gradient.
[2026-02-15 16:52:06,681] tensorflow - Level 1 - Registering Diag (<function _DiagGrad at 0x000002096D1A1B20>) in gradient.
[2026-02-15 16:52:06,681] tensorflow - Level 1 - Registering DiagPart (<function _DiagPartGrad at 0x000002096D1A1BC0>) in gradient.
[2026-02-15 16:52:06,681] tensorflow - Level 1 - Registering MatrixDiag (<function _MatrixDiagGrad at 0x000002096D1A1C60>) in gradient.
[2026-02-15 16:52:06,681] tensorflow - Level 1 - Registering MatrixDiagV2 (<function _MatrixDiagV2Grad at 0x000002096D1A1D00>) in gradient.
[2026-02-15 16:52:06,681] tensorflow - Level 1 - Registering MatrixDiagV3 (<function _MatrixDiagV3Grad at 0x000002096D1A1DA0>) in gradient.
[2026-02-15 16:52:06,681] tensorflow - Level 1 - Registering MatrixDiagPart (<function _MatrixDiagPartGrad at 0x000002096D1A1E40>) in gradient.
[2026-02-15 16:52:06,682] tensorflow - Level 1 - Registering MatrixDiagPartV2 (<function _MatrixDiagPartV2Grad at 0x000002096D1A1EE0>) in gradient.
[2026-02-15 16:52:06,682] tensorflow - Level 1 - Registering MatrixDiagPartV3 (<function _MatrixDiagPartV3Grad at 0x000002096D1A1F80>) in gradient.
[2026-02-15 16:52:06,682] tensorflow - Level 1 - Registering MatrixSetDiag (<function _MatrixSetDiagGrad at 0x000002096D1A2020>) in gradient.
[2026-02-15 16:52:06,682] tensorflow - Level 1 - Registering MatrixSetDiagV2 (<function _MatrixSetDiagGradV2 at 0x000002096D1A20C0>) in gradient.
[2026-02-15 16:52:06,682] tensorflow - Level 1 - Registering MatrixSetDiagV3 (<function _MatrixSetDiagGradV3 at 0x000002096D1A2160>) in gradient.
[2026-02-15 16:52:06,682] tensorflow - Level 1 - Registering MatrixBandPart (<function _MatrixBandPartGrad at 0x000002096D1A2200>) in gradient.
[2026-02-15 16:52:06,682] tensorflow - Level 1 - Registering EditDistance (None) in gradient.
[2026-02-15 16:52:06,682] tensorflow - Level 1 - Registering Fill (<function _FillGrad at 0x000002096D1A22A0>) in gradient.
[2026-02-15 16:52:06,682] tensorflow - Level 1 - Registering ZerosLike (None) in gradient.
[2026-02-15 16:52:06,682] tensorflow - Level 1 - Registering OnesLike (None) in gradient.
[2026-02-15 16:52:06,683] tensorflow - Level 1 - Registering PreventGradient (<function _PreventGradientGrad at 0x000002096D1A2340>) in gradient.
[2026-02-15 16:52:06,683] tensorflow - Level 1 - Registering Gather (<function _GatherGrad at 0x000002096D1A2480>) in gradient.
[2026-02-15 16:52:06,683] tensorflow - Level 1 - Registering GatherV2 (<function _GatherV2Grad at 0x000002096D1A2660>) in gradient.
[2026-02-15 16:52:06,683] tensorflow - Level 1 - Registering GatherNd (<function _GatherNdGrad at 0x000002096D1A2700>) in gradient.
[2026-02-15 16:52:06,683] tensorflow - Level 1 - Registering ResourceGatherNd (<function _ResourceGatherNdGrad at 0x000002096D1A27A0>) in gradient.
[2026-02-15 16:52:06,683] tensorflow - Level 1 - Registering CheckNumerics (<function _CheckNumericsGrad at 0x000002096D1A2840>) in gradient.
[2026-02-15 16:52:06,683] tensorflow - Level 1 - Registering CheckNumericsV2 (<function _CheckNumericsV2Grad at 0x000002096D1A28E0>) in gradient.
[2026-02-15 16:52:06,683] tensorflow - Level 1 - Registering Identity (<function _IdGrad at 0x000002096D1A2980>) in gradient.
[2026-02-15 16:52:06,683] tensorflow - Level 1 - Registering PlaceholderWithDefault (<function _IdGrad at 0x000002096D1A2980>) in gradient.
[2026-02-15 16:52:06,684] tensorflow - Level 1 - Registering _EagerConst (<function _EagerConstGrad at 0x000002096D1A2A20>) in gradient.
[2026-02-15 16:52:06,684] tensorflow - Level 1 - Registering RefIdentity (<function _RefIdGrad at 0x000002096D1A2AC0>) in gradient.
[2026-02-15 16:52:06,684] tensorflow - Level 1 - Registering IdentityN (<function _IdNGrad at 0x000002096D1A2B60>) in gradient.
[2026-02-15 16:52:06,684] tensorflow - Level 1 - Registering StopGradient (None) in gradient.
[2026-02-15 16:52:06,684] tensorflow - Level 1 - Registering Reshape (<function _ReshapeGrad at 0x000002096D1A2C00>) in gradient.
[2026-02-15 16:52:06,684] tensorflow - Level 1 - Registering InvertPermutation (None) in gradient.
[2026-02-15 16:52:06,684] tensorflow - Level 1 - Registering ExpandDims (<function _ExpandDimsGrad at 0x000002096D1A2D40>) in gradient.
[2026-02-15 16:52:06,684] tensorflow - Level 1 - Registering Squeeze (<function _SqueezeGrad at 0x000002096D1A2DE0>) in gradient.
[2026-02-15 16:52:06,684] tensorflow - Level 1 - Registering Transpose (<function _TransposeGrad at 0x000002096D1A2E80>) in gradient.
[2026-02-15 16:52:06,686] tensorflow - Level 1 - Registering ConjugateTranspose (<function _ConjugateTransposeGrad at 0x000002096D1A2F20>) in gradient.
[2026-02-15 16:52:06,686] tensorflow - Level 1 - Registering Shape (None) in gradient.
[2026-02-15 16:52:06,686] tensorflow - Level 1 - Registering ShapeN (None) in gradient.
[2026-02-15 16:52:06,686] tensorflow - Level 1 - Registering Rank (None) in gradient.
[2026-02-15 16:52:06,686] tensorflow - Level 1 - Registering Size (None) in gradient.
[2026-02-15 16:52:06,686] tensorflow - Level 1 - Registering Tile (<function _TileGrad at 0x000002096D1A2FC0>) in gradient.
[2026-02-15 16:52:06,686] tensorflow - Level 1 - Registering BroadcastGradientArgs (None) in gradient.
[2026-02-15 16:52:06,686] tensorflow - Level 1 - Registering Pad (<function _PadGrad at 0x000002096D1A3060>) in gradient.
[2026-02-15 16:52:06,686] tensorflow - Level 1 - Registering PadV2 (<function _PadGrad at 0x000002096D1A3060>) in gradient.
[2026-02-15 16:52:06,687] tensorflow - Level 1 - Registering ReverseSequence (<function _ReverseSequenceGrad at 0x000002096D1A3100>) in gradient.
[2026-02-15 16:52:06,687] tensorflow - Level 1 - Registering Reverse (<function _ReverseGrad at 0x000002096D1A31A0>) in gradient.
[2026-02-15 16:52:06,687] tensorflow - Level 1 - Registering ReverseV2 (<function _ReverseV2Grad at 0x000002096D1A3240>) in gradient.
[2026-02-15 16:52:06,687] tensorflow - Level 1 - Registering SpaceToBatch (<function _SpaceToBatchGrad at 0x000002096D1A32E0>) in gradient.
[2026-02-15 16:52:06,687] tensorflow - Level 1 - Registering SpaceToBatchND (<function _SpaceToBatchNDGrad at 0x000002096D1A3380>) in gradient.
[2026-02-15 16:52:06,687] tensorflow - Level 1 - Registering BatchToSpace (<function _BatchToSpaceGrad at 0x000002096D1A3420>) in gradient.
[2026-02-15 16:52:06,687] tensorflow - Level 1 - Registering BatchToSpaceND (<function _BatchToSpaceNDGrad at 0x000002096D1A34C0>) in gradient.
[2026-02-15 16:52:06,687] tensorflow - Level 1 - Registering SpaceToDepth (<function _SpaceToDepthGrad at 0x000002096D1A3560>) in gradient.
[2026-02-15 16:52:06,687] tensorflow - Level 1 - Registering DepthToSpace (<function _DepthToSpaceGrad at 0x000002096D1A3600>) in gradient.
[2026-02-15 16:52:06,688] tensorflow - Level 1 - Registering OneHot (None) in gradient.
[2026-02-15 16:52:06,688] tensorflow - Level 1 - Registering MirrorPad (<function _MirrorPadGrad at 0x000002096D1A36A0>) in gradient.
[2026-02-15 16:52:06,688] tensorflow - Level 1 - Registering MirrorPadGrad (<function _MirrorPadGradGrad at 0x000002096D1A3740>) in gradient.
[2026-02-15 16:52:06,688] tensorflow - Level 1 - Registering FakeQuantWithMinMaxArgsGradient (None) in gradient.
[2026-02-15 16:52:06,688] tensorflow - Level 1 - Registering FakeQuantWithMinMaxVarsGradient (None) in gradient.
[2026-02-15 16:52:06,688] tensorflow - Level 1 - Registering FakeQuantWithMinMaxVarsPerChannelGradient (None) in gradient.
[2026-02-15 16:52:06,688] tensorflow - Level 1 - Registering QuantizeAndDequantize (<function _QuantizeAndDequantizeGrad at 0x000002096D1A37E0>) in gradient.
[2026-02-15 16:52:06,688] tensorflow - Level 1 - Registering QuantizeAndDequantizeV2 (<function _QuantizeAndDequantizeV2Grad at 0x000002096D1A3920>) in gradient.
[2026-02-15 16:52:06,688] tensorflow - Level 1 - Registering QuantizeAndDequantizeV3 (<function _QuantizeAndDequantizeV3Grad at 0x000002096D1A39C0>) in gradient.
[2026-02-15 16:52:06,689] tensorflow - Level 1 - Registering ExtractImagePatches (<function _ExtractImagePatchesGrad at 0x000002096D1A3880>) in gradient.
[2026-02-15 16:52:06,689] tensorflow - Level 1 - Registering ExtractVolumePatches (<function _ExtractVolumePatchesGrad at 0x000002096D1A3A60>) in gradient.
[2026-02-15 16:52:06,689] tensorflow - Level 1 - Registering ScatterNd (<function _ScatterNdGrad at 0x000002096D1A3B00>) in gradient.
[2026-02-15 16:52:06,689] tensorflow - Level 1 - Registering TensorScatterUpdate (<function _TensorScatterUpdateGrad at 0x000002096D1A3BA0>) in gradient.
[2026-02-15 16:52:06,689] tensorflow - Level 1 - Registering TensorScatterAdd (<function _TensorScatterAddGrad at 0x000002096D1A3C40>) in gradient.
[2026-02-15 16:52:06,689] tensorflow - Level 1 - Registering TensorScatterMax (<function _TensorScatterMaxGrad at 0x000002096D1A3D80>) in gradient.
[2026-02-15 16:52:06,689] tensorflow - Level 1 - Registering TensorScatterMin (<function _TensorScatterMinGrad at 0x000002096D1A3E20>) in gradient.
[2026-02-15 16:52:06,689] tensorflow - Level 1 - Registering TensorScatterSub (<function _TensorScatterSubGrad at 0x000002096D1A3EC0>) in gradient.
[2026-02-15 16:52:06,689] tensorflow - Level 1 - Registering ScatterNdNonAliasingAdd (<function _ScatterNdNonAliasingAddGrad at 0x000002096D1A3F60>) in gradient.
[2026-02-15 16:52:06,689] tensorflow - Level 1 - Registering BroadcastTo (<function _BroadcastToGrad at 0x000002096D1DC040>) in gradient.
[2026-02-15 16:52:06,691] tensorflow - Level 1 - Registering Switch (<function _SwitchGrad at 0x000002096D1DC220>) in gradient.
[2026-02-15 16:52:06,692] tensorflow - Level 1 - Registering RefSwitch (<function _SwitchGrad at 0x000002096D1DC220>) in gradient.
[2026-02-15 16:52:06,692] tensorflow - Level 1 - Registering Merge (<function _MergeGrad at 0x000002096D1DC2C0>) in gradient.
[2026-02-15 16:52:06,692] tensorflow - Level 1 - Registering RefMerge (<function _RefMergeGrad at 0x000002096D1DC400>) in gradient.
[2026-02-15 16:52:06,692] tensorflow - Level 1 - Registering Exit (<function _ExitGrad at 0x000002096D1DC360>) in gradient.
[2026-02-15 16:52:06,693] tensorflow - Level 1 - Registering RefExit (<function _ExitGrad at 0x000002096D1DC360>) in gradient.
[2026-02-15 16:52:06,693] tensorflow - Level 1 - Registering NextIteration (<function _NextIterationGrad at 0x000002096D1DC4A0>) in gradient.
[2026-02-15 16:52:06,693] tensorflow - Level 1 - Registering RefNextIteration (<function _RefNextIterationGrad at 0x000002096D1DC540>) in gradient.
[2026-02-15 16:52:06,693] tensorflow - Level 1 - Registering Enter (<function _EnterGrad at 0x000002096D1DC5E0>) in gradient.
[2026-02-15 16:52:06,693] tensorflow - Level 1 - Registering RefEnter (<function _RefEnterGrad at 0x000002096D1DC680>) in gradient.
[2026-02-15 16:52:06,693] tensorflow - Level 1 - Registering LoopCond (<function _LoopCondGrad at 0x000002096D1DC720>) in gradient.
[2026-02-15 16:52:06,695] tensorflow - Level 1 - Registering CudnnRNN (<function _cudnn_rnn_backward at 0x000002096D1DC860>) in gradient.
[2026-02-15 16:52:06,695] tensorflow - Level 1 - Registering CudnnRNNV2 (<function _cudnn_rnn_backward_v2 at 0x000002096D1DCA40>) in gradient.
[2026-02-15 16:52:06,695] tensorflow - Level 1 - Registering CudnnRNNV3 (<function _cudnn_rnn_backwardv3 at 0x000002096D210B80>) in gradient.
[2026-02-15 16:52:06,695] tensorflow - Level 1 - Registering ResizeNearestNeighbor (<function _ResizeNearestNeighborGrad at 0x000002096D210AE0>) in gradient.
[2026-02-15 16:52:06,695] tensorflow - Level 1 - Registering ResizeBilinear (<function _ResizeBilinearGrad at 0x000002096D210C20>) in gradient.
[2026-02-15 16:52:06,695] tensorflow - Level 1 - Registering ResizeBilinearGrad (None) in gradient.
[2026-02-15 16:52:06,695] tensorflow - Level 1 - Registering ScaleAndTranslate (<function _ScaleAndTranslateGrad at 0x000002096D210E00>) in gradient.
[2026-02-15 16:52:06,695] tensorflow - Level 1 - Registering ResizeBicubic (<function _ResizeBicubicGrad at 0x000002096D210D60>) in gradient.
[2026-02-15 16:52:06,695] tensorflow - Level 1 - Registering CropAndResize (<function _CropAndResizeGrad at 0x000002096D210EA0>) in gradient.
[2026-02-15 16:52:06,695] tensorflow - Level 1 - Registering RGBToHSV (<function _RGBToHSVGrad at 0x000002096D210FE0>) in gradient.
[2026-02-15 16:52:06,708] tensorflow - Level 1 - Registering ReaderRead (None) in gradient.
[2026-02-15 16:52:06,708] tensorflow - Level 1 - Registering ReaderReadUpTo (None) in gradient.
[2026-02-15 16:52:06,710] tensorflow - Level 1 - Registering ReaderNumRecordsProduced (None) in gradient.
[2026-02-15 16:52:06,710] tensorflow - Level 1 - Registering ReaderNumWorkUnitsCompleted (None) in gradient.
[2026-02-15 16:52:06,710] tensorflow - Level 1 - Registering ReaderSerializeState (None) in gradient.
[2026-02-15 16:52:06,710] tensorflow - Level 1 - Registering ReaderRestoreState (None) in gradient.
[2026-02-15 16:52:06,710] tensorflow - Level 1 - Registering ReaderReset (None) in gradient.
[2026-02-15 16:52:06,710] tensorflow - Level 1 - Registering WholeFileReader (None) in gradient.
[2026-02-15 16:52:06,711] tensorflow - Level 1 - Registering TextLineReader (None) in gradient.
[2026-02-15 16:52:06,711] tensorflow - Level 1 - Registering FixedLengthRecordReader (None) in gradient.
[2026-02-15 16:52:06,711] tensorflow - Level 1 - Registering TFRecordReader (None) in gradient.
[2026-02-15 16:52:06,711] tensorflow - Level 1 - Registering LMDBReader (None) in gradient.
[2026-02-15 16:52:06,712] tensorflow - Level 1 - Registering IdentityReader (None) in gradient.
[2026-02-15 16:52:06,718] tensorflow - Level 1 - Registering MatrixInverse (<function _MatrixInverseGrad at 0x000002096D25A480>) in gradient.
[2026-02-15 16:52:06,720] tensorflow - Level 1 - Registering Einsum (<function _EinsumGrad at 0x000002096D25A700>) in gradient.
[2026-02-15 16:52:06,720] tensorflow - Level 1 - Registering MatrixDeterminant (<function _MatrixDeterminantGrad at 0x000002096D28CB80>) in gradient.
[2026-02-15 16:52:06,720] tensorflow - Level 1 - Registering MatrixSquareRoot (<function _MatrixSquareRootGrad at 0x000002096D28CCC0>) in gradient.
[2026-02-15 16:52:06,720] tensorflow - Level 1 - Registering LogMatrixDeterminant (<function _LogMatrixDeterminantGrad at 0x000002096D28CD60>) in gradient.
[2026-02-15 16:52:06,720] tensorflow - Level 1 - Registering Cholesky (<function _CholeskyGrad at 0x000002096D28CE00>) in gradient.
[2026-02-15 16:52:06,720] tensorflow - Level 1 - Registering Qr (<function _QrGrad at 0x000002096D28CEA0>) in gradient.
[2026-02-15 16:52:06,720] tensorflow - Level 1 - Registering MatrixSolve (<function _MatrixSolveGrad at 0x000002096D28CF40>) in gradient.
[2026-02-15 16:52:06,720] tensorflow - Level 1 - Registering MatrixSolveLs (<function _MatrixSolveLsGrad at 0x000002096D28CFE0>) in gradient.
[2026-02-15 16:52:06,721] tensorflow - Level 1 - Registering BandedTriangularSolve (<function _BandedTriangularSolveGrad at 0x000002096D28D080>) in gradient.
[2026-02-15 16:52:06,721] tensorflow - Level 1 - Registering MatrixTriangularSolve (<function _MatrixTriangularSolveGrad at 0x000002096D28D120>) in gradient.
[2026-02-15 16:52:06,721] tensorflow - Level 1 - Registering Eig (<function _EigGrad at 0x000002096D28D260>) in gradient.
[2026-02-15 16:52:06,721] tensorflow - Level 1 - Registering SelfAdjointEigV2 (<function _SelfAdjointEigV2Grad at 0x000002096D28D300>) in gradient.
[2026-02-15 16:52:06,721] tensorflow - Level 1 - Registering Svd (<function _SvdGrad at 0x000002096D28D3A0>) in gradient.
[2026-02-15 16:52:06,721] tensorflow - Level 1 - Registering TridiagonalMatMul (<function _TridiagonalMatMulGrad at 0x000002096D28D580>) in gradient.
[2026-02-15 16:52:06,721] tensorflow - Level 1 - Registering TridiagonalSolve (<function _TridiagonalSolveGrad at 0x000002096D28D620>) in gradient.
[2026-02-15 16:52:06,722] tensorflow - Level 1 - Registering LookupTableFind (None) in gradient.
[2026-02-15 16:52:06,724] tensorflow - Level 1 - Registering LookupTableFindV2 (None) in gradient.
[2026-02-15 16:52:06,724] tensorflow - Level 1 - Registering LookupTableInsert (None) in gradient.
[2026-02-15 16:52:06,724] tensorflow - Level 1 - Registering LookupTableInsertV2 (None) in gradient.
[2026-02-15 16:52:06,724] tensorflow - Level 1 - Registering LookupTableSize (None) in gradient.
[2026-02-15 16:52:06,724] tensorflow - Level 1 - Registering LookupTableSizeV2 (None) in gradient.
[2026-02-15 16:52:06,724] tensorflow - Level 1 - Registering HashTable (None) in gradient.
[2026-02-15 16:52:06,724] tensorflow - Level 1 - Registering HashTableV2 (None) in gradient.
[2026-02-15 16:52:06,724] tensorflow - Level 1 - Registering InitializeTable (None) in gradient.
[2026-02-15 16:52:06,724] tensorflow - Level 1 - Registering InitializeTableV2 (None) in gradient.
[2026-02-15 16:52:06,724] tensorflow - Level 1 - Registering InitializeTableFromTextFile (None) in gradient.
[2026-02-15 16:52:06,725] tensorflow - Level 1 - Registering InitializeTableFromTextFileV2 (None) in gradient.
[2026-02-15 16:52:06,725] tensorflow - Level 1 - Registering MutableDenseHashTable (None) in gradient.
[2026-02-15 16:52:06,725] tensorflow - Level 1 - Registering MutableDenseHashTableV2 (None) in gradient.
[2026-02-15 16:52:06,725] tensorflow - Level 1 - Registering MutableHashTable (None) in gradient.
[2026-02-15 16:52:06,725] tensorflow - Level 1 - Registering MutableHashTableV2 (None) in gradient.
[2026-02-15 16:52:06,725] tensorflow - Level 1 - Registering MutableHashTableOfTensors (None) in gradient.
[2026-02-15 16:52:06,725] tensorflow - Level 1 - Registering MutableHashTableOfTensorsV2 (None) in gradient.
[2026-02-15 16:52:06,729] tensorflow - Level 1 - Registering Roll (<function _RollGrad at 0x000002096D1DC7C0>) in gradient.
[2026-02-15 16:52:06,732] tensorflow - Level 1 - Registering ArgMax (<function _ArgMaxGrad at 0x000002096D28C9A0>) in gradient.
[2026-02-15 16:52:06,734] tensorflow - Level 1 - Registering ArgMin (<function _ArgMinGrad at 0x000002096D28E700>) in gradient.
[2026-02-15 16:52:06,734] tensorflow - Level 1 - Registering EuclideanNorm (<function _EuclideanNormGrad at 0x000002096D28E980>) in gradient.
[2026-02-15 16:52:06,734] tensorflow - Level 1 - Registering Sum (<function _SumGrad at 0x000002096D28EDE0>) in gradient.
[2026-02-15 16:52:06,734] tensorflow - Level 1 - Registering Max (<function _MaxGrad at 0x000002096D28EF20>) in gradient.
[2026-02-15 16:52:06,735] tensorflow - Level 1 - Registering Min (<function _MinGrad at 0x000002096D28EFC0>) in gradient.
[2026-02-15 16:52:06,735] tensorflow - Level 1 - Registering Mean (<function _MeanGrad at 0x000002096D28F060>) in gradient.
[2026-02-15 16:52:06,735] tensorflow - Level 1 - Registering Prod (<function _ProdGrad at 0x000002096D28F100>) in gradient.
[2026-02-15 16:52:06,735] tensorflow - Level 1 - Registering SegmentSum (<function _SegmentSumGrad at 0x000002096D28F1A0>) in gradient.
[2026-02-15 16:52:06,735] tensorflow - Level 1 - Registering SegmentMean (<function _SegmentMeanGrad at 0x000002096D28F240>) in gradient.
[2026-02-15 16:52:06,735] tensorflow - Level 1 - Registering SparseSegmentSum (<function _SparseSegmentSumGrad at 0x000002096D28F420>) in gradient.
[2026-02-15 16:52:06,735] tensorflow - Level 1 - Registering SparseSegmentSumWithNumSegments (<function _SparseSegmentSumWithNumSegmentsGrad at 0x000002096D28F4C0>) in gradient.
[2026-02-15 16:52:06,735] tensorflow - Level 1 - Registering SparseSegmentMean (<function _SparseSegmentMeanGrad at 0x000002096D28F560>) in gradient.
[2026-02-15 16:52:06,735] tensorflow - Level 1 - Registering SparseSegmentMeanWithNumSegments (<function _SparseSegmentMeanWithNumSegmentsGrad at 0x000002096D28F600>) in gradient.
[2026-02-15 16:52:06,735] tensorflow - Level 1 - Registering SparseSegmentSqrtN (<function _SparseSegmentSqrtNGrad at 0x000002096D28F6A0>) in gradient.
[2026-02-15 16:52:06,736] tensorflow - Level 1 - Registering SparseSegmentSqrtNWithNumSegments (<function _SparseSegmentSqrtNWithNumSegmentsGrad at 0x000002096D28F740>) in gradient.
[2026-02-15 16:52:06,736] tensorflow - Level 1 - Registering SegmentMin (<function _SegmentMinGrad at 0x000002096D28F880>) in gradient.
[2026-02-15 16:52:06,736] tensorflow - Level 1 - Registering SegmentMax (<function _SegmentMaxGrad at 0x000002096D28F920>) in gradient.
[2026-02-15 16:52:06,736] tensorflow - Level 1 - Registering SegmentProd (<function _SegmentProdGrad at 0x000002096D28F9C0>) in gradient.
[2026-02-15 16:52:06,736] tensorflow - Level 1 - Registering UnsortedSegmentSum (<function _UnsortedSegmentSumGrad at 0x000002096D28FBA0>) in gradient.
[2026-02-15 16:52:06,736] tensorflow - Level 1 - Registering UnsortedSegmentMax (<function _UnsortedSegmentMaxGrad at 0x000002096D28FC40>) in gradient.
[2026-02-15 16:52:06,736] tensorflow - Level 1 - Registering UnsortedSegmentMin (<function _UnsortedSegmentMinGrad at 0x000002096D28FCE0>) in gradient.
[2026-02-15 16:52:06,736] tensorflow - Level 1 - Registering UnsortedSegmentProd (<function _UnsortedSegmentProdGrad at 0x000002096D28FD80>) in gradient.
[2026-02-15 16:52:06,736] tensorflow - Level 1 - Registering Abs (<function _AbsGrad at 0x000002096D28FE20>) in gradient.
[2026-02-15 16:52:06,736] tensorflow - Level 1 - Registering Neg (<function _NegGrad at 0x000002096D28FEC0>) in gradient.
[2026-02-15 16:52:06,737] tensorflow - Level 1 - Registering Inv (<function _InvGrad at 0x000002096D28FF60>) in gradient.
[2026-02-15 16:52:06,737] tensorflow - Level 1 - Registering Reciprocal (<function _ReciprocalGrad at 0x000002096D304040>) in gradient.
[2026-02-15 16:52:06,737] tensorflow - Level 1 - Registering InvGrad (<function _InvGradGrad at 0x000002096D3040E0>) in gradient.
[2026-02-15 16:52:06,737] tensorflow - Level 1 - Registering ReciprocalGrad (<function _ReciprocalGradGrad at 0x000002096D304180>) in gradient.
[2026-02-15 16:52:06,737] tensorflow - Level 1 - Registering Square (<function _SquareGrad at 0x000002096D304220>) in gradient.
[2026-02-15 16:52:06,737] tensorflow - Level 1 - Registering Sqrt (<function _SqrtGrad at 0x000002096D3042C0>) in gradient.
[2026-02-15 16:52:06,737] tensorflow - Level 1 - Registering SqrtGrad (<function _SqrtGradGrad at 0x000002096D304360>) in gradient.
[2026-02-15 16:52:06,737] tensorflow - Level 1 - Registering Rsqrt (<function _RsqrtGrad at 0x000002096D304400>) in gradient.
[2026-02-15 16:52:06,737] tensorflow - Level 1 - Registering RsqrtGrad (<function _RsqrtGradGrad at 0x000002096D3044A0>) in gradient.
[2026-02-15 16:52:06,737] tensorflow - Level 1 - Registering Exp (<function _ExpGrad at 0x000002096D304540>) in gradient.
[2026-02-15 16:52:06,737] tensorflow - Level 1 - Registering Expm1 (<function _Expm1Grad at 0x000002096D3045E0>) in gradient.
[2026-02-15 16:52:06,737] tensorflow - Level 1 - Registering Log (<function _LogGrad at 0x000002096D304680>) in gradient.
[2026-02-15 16:52:06,737] tensorflow - Level 1 - Registering Log1p (<function _Log1pGrad at 0x000002096D304720>) in gradient.
[2026-02-15 16:52:06,737] tensorflow - Level 1 - Registering Xlogy (<function _XLogyGrad at 0x000002096D3047C0>) in gradient.
[2026-02-15 16:52:06,737] tensorflow - Level 1 - Registering Xlog1py (<function _XLog1pyGrad at 0x000002096D304860>) in gradient.
[2026-02-15 16:52:06,738] tensorflow - Level 1 - Registering Xdivy (<function _XDivyGrad at 0x000002096D304900>) in gradient.
[2026-02-15 16:52:06,738] tensorflow - Level 1 - Registering Sinh (<function _SinhGrad at 0x000002096D3049A0>) in gradient.
[2026-02-15 16:52:06,738] tensorflow - Level 1 - Registering Cosh (<function _CoshGrad at 0x000002096D304A40>) in gradient.
[2026-02-15 16:52:06,738] tensorflow - Level 1 - Registering Tanh (<function _TanhGrad at 0x000002096D304AE0>) in gradient.
[2026-02-15 16:52:06,738] tensorflow - Level 1 - Registering Asinh (<function _AsinhGrad at 0x000002096D304B80>) in gradient.
[2026-02-15 16:52:06,738] tensorflow - Level 1 - Registering Acosh (<function _AcoshGrad at 0x000002096D304C20>) in gradient.
[2026-02-15 16:52:06,739] tensorflow - Level 1 - Registering Atanh (<function _AtanhGrad at 0x000002096D304CC0>) in gradient.
[2026-02-15 16:52:06,739] tensorflow - Level 1 - Registering TanhGrad (<function _TanhGradGrad at 0x000002096D304D60>) in gradient.
[2026-02-15 16:52:06,739] tensorflow - Level 1 - Registering Erf (<function _ErfGrad at 0x000002096D304E00>) in gradient.
[2026-02-15 16:52:06,739] tensorflow - Level 1 - Registering Erfc (<function _ErfcGrad at 0x000002096D304EA0>) in gradient.
[2026-02-15 16:52:06,739] tensorflow - Level 1 - Registering Erfinv (<function _ErfinvGrad at 0x000002096D304F40>) in gradient.
[2026-02-15 16:52:06,739] tensorflow - Level 1 - Registering Ndtri (<function _NdtriGrad at 0x000002096D304FE0>) in gradient.
[2026-02-15 16:52:06,739] tensorflow - Level 1 - Registering Lgamma (<function _LgammaGrad at 0x000002096D305080>) in gradient.
[2026-02-15 16:52:06,740] tensorflow - Level 1 - Registering Digamma (<function _DigammaGrad at 0x000002096D305120>) in gradient.
[2026-02-15 16:52:06,740] tensorflow - Level 1 - Registering Dawsn (<function _DawsnGrad at 0x000002096D3051C0>) in gradient.
[2026-02-15 16:52:06,740] tensorflow - Level 1 - Registering Expint (<function _ExpintGrad at 0x000002096D305260>) in gradient.
[2026-02-15 16:52:06,740] tensorflow - Level 1 - Registering FresnelCos (<function _FresnelCosGrad at 0x000002096D305300>) in gradient.
[2026-02-15 16:52:06,740] tensorflow - Level 1 - Registering FresnelSin (<function _FresnelSinGrad at 0x000002096D3053A0>) in gradient.
[2026-02-15 16:52:06,740] tensorflow - Level 1 - Registering Spence (<function _SpenceGrad at 0x000002096D305440>) in gradient.
[2026-02-15 16:52:06,740] tensorflow - Level 1 - Registering BesselI0 (<function _BesselI0Grad at 0x000002096D3054E0>) in gradient.
[2026-02-15 16:52:06,740] tensorflow - Level 1 - Registering BesselI0e (<function _BesselI0eGrad at 0x000002096D305580>) in gradient.
[2026-02-15 16:52:06,740] tensorflow - Level 1 - Registering BesselI1 (<function _BesselI1Grad at 0x000002096D305620>) in gradient.
[2026-02-15 16:52:06,741] tensorflow - Level 1 - Registering BesselI1e (<function _BesselI1eGrad at 0x000002096D3056C0>) in gradient.
[2026-02-15 16:52:06,741] tensorflow - Level 1 - Registering BesselK0 (<function _BesselK0Grad at 0x000002096D305760>) in gradient.
[2026-02-15 16:52:06,741] tensorflow - Level 1 - Registering BesselK0e (<function _BesselK0eGrad at 0x000002096D305800>) in gradient.
[2026-02-15 16:52:06,741] tensorflow - Level 1 - Registering BesselK1 (<function _BesselK1Grad at 0x000002096D3058A0>) in gradient.
[2026-02-15 16:52:06,741] tensorflow - Level 1 - Registering BesselK1e (<function _BesselK1eGrad at 0x000002096D305940>) in gradient.
[2026-02-15 16:52:06,741] tensorflow - Level 1 - Registering BesselJ0 (<function _BesselJ0Grad at 0x000002096D3059E0>) in gradient.
[2026-02-15 16:52:06,741] tensorflow - Level 1 - Registering BesselJ1 (<function _BesselJ1Grad at 0x000002096D305A80>) in gradient.
[2026-02-15 16:52:06,741] tensorflow - Level 1 - Registering BesselY0 (<function _BesselY0Grad at 0x000002096D305B20>) in gradient.
[2026-02-15 16:52:06,742] tensorflow - Level 1 - Registering BesselY1 (<function _BesselY1Grad at 0x000002096D305BC0>) in gradient.
[2026-02-15 16:52:06,742] tensorflow - Level 1 - Registering Igamma (<function _IgammaGrad at 0x000002096D305C60>) in gradient.
[2026-02-15 16:52:06,742] tensorflow - Level 1 - Registering Igammac (<function _IgammacGrad at 0x000002096D305D00>) in gradient.
[2026-02-15 16:52:06,742] tensorflow - Level 1 - Registering Betainc (<function _BetaincGrad at 0x000002096D305DA0>) in gradient.
[2026-02-15 16:52:06,742] tensorflow - Level 1 - Registering Zeta (<function _ZetaGrad at 0x000002096D305E40>) in gradient.
[2026-02-15 16:52:06,742] tensorflow - Level 1 - Registering Polygamma (<function _PolygammaGrad at 0x000002096D305EE0>) in gradient.
[2026-02-15 16:52:06,742] tensorflow - Level 1 - Registering Sigmoid (<function _SigmoidGrad at 0x000002096D305F80>) in gradient.
[2026-02-15 16:52:06,742] tensorflow - Level 1 - Registering SigmoidGrad (<function _SigmoidGradGrad at 0x000002096D306020>) in gradient.
[2026-02-15 16:52:06,742] tensorflow - Level 1 - Registering Sign (<function _SignGrad at 0x000002096D3060C0>) in gradient.
[2026-02-15 16:52:06,742] tensorflow - Level 1 - Registering Sin (<function _SinGrad at 0x000002096D306160>) in gradient.
[2026-02-15 16:52:06,743] tensorflow - Level 1 - Registering Cos (<function _CosGrad at 0x000002096D306200>) in gradient.
[2026-02-15 16:52:06,743] tensorflow - Level 1 - Registering Tan (<function _TanGrad at 0x000002096D3062A0>) in gradient.
[2026-02-15 16:52:06,743] tensorflow - Level 1 - Registering Asin (<function _AsinGrad at 0x000002096D306340>) in gradient.
[2026-02-15 16:52:06,743] tensorflow - Level 1 - Registering Acos (<function _AcosGrad at 0x000002096D3063E0>) in gradient.
[2026-02-15 16:52:06,743] tensorflow - Level 1 - Registering Atan (<function _AtanGrad at 0x000002096D306480>) in gradient.
[2026-02-15 16:52:06,743] tensorflow - Level 1 - Registering Atan2 (<function _Atan2Grad at 0x000002096D306520>) in gradient.
[2026-02-15 16:52:06,743] tensorflow - Level 1 - Registering AddN (<function _AddNGrad at 0x000002096D3065C0>) in gradient.
[2026-02-15 16:52:06,743] tensorflow - Level 1 - Registering AddV2 (<function _AddGrad at 0x000002096D306700>) in gradient.
[2026-02-15 16:52:06,743] tensorflow - Level 1 - Registering Add (<function _AddGrad at 0x000002096D306700>) in gradient.
[2026-02-15 16:52:06,743] tensorflow - Level 1 - Registering Sub (<function _SubGrad at 0x000002096D3067A0>) in gradient.
[2026-02-15 16:52:06,744] tensorflow - Level 1 - Registering Mul (<function _MulGrad at 0x000002096D306840>) in gradient.
[2026-02-15 16:52:06,744] tensorflow - Level 1 - Registering MulNoNan (<function _MulNoNanGrad at 0x000002096D3068E0>) in gradient.
[2026-02-15 16:52:06,744] tensorflow - Level 1 - Registering Div (<function _DivGrad at 0x000002096D306980>) in gradient.
[2026-02-15 16:52:06,744] tensorflow - Level 1 - Registering FloorDiv (<function _FloorDivGrad at 0x000002096D306A20>) in gradient.
[2026-02-15 16:52:06,744] tensorflow - Level 1 - Registering FloorMod (<function _FloorModGrad at 0x000002096D306AC0>) in gradient.
[2026-02-15 16:52:06,745] tensorflow - Level 1 - Registering TruncateDiv (<function _TruncateDivGrad at 0x000002096D306B60>) in gradient.
[2026-02-15 16:52:06,745] tensorflow - Level 1 - Registering RealDiv (<function _RealDivGrad at 0x000002096D306C00>) in gradient.
[2026-02-15 16:52:06,746] tensorflow - Level 1 - Registering DivNoNan (<function _DivNoNanGrad at 0x000002096D306CA0>) in gradient.
[2026-02-15 16:52:06,746] tensorflow - Level 1 - Registering Pow (<function _PowGrad at 0x000002096D306D40>) in gradient.
[2026-02-15 16:52:06,746] tensorflow - Level 1 - Registering Maximum (<function _MaximumGrad at 0x000002096D306F20>) in gradient.
[2026-02-15 16:52:06,746] tensorflow - Level 1 - Registering Minimum (<function _MinimumGrad at 0x000002096D306FC0>) in gradient.
[2026-02-15 16:52:06,746] tensorflow - Level 1 - Registering SquaredDifference (<function _SquaredDifferenceGrad at 0x000002096D307060>) in gradient.
[2026-02-15 16:52:06,746] tensorflow - Level 1 - Registering Less (None) in gradient.
[2026-02-15 16:52:06,746] tensorflow - Level 1 - Registering LessEqual (None) in gradient.
[2026-02-15 16:52:06,746] tensorflow - Level 1 - Registering Greater (None) in gradient.
[2026-02-15 16:52:06,746] tensorflow - Level 1 - Registering GreaterEqual (None) in gradient.
[2026-02-15 16:52:06,747] tensorflow - Level 1 - Registering Equal (None) in gradient.
[2026-02-15 16:52:06,747] tensorflow - Level 1 - Registering ApproximateEqual (None) in gradient.
[2026-02-15 16:52:06,747] tensorflow - Level 1 - Registering NotEqual (None) in gradient.
[2026-02-15 16:52:06,747] tensorflow - Level 1 - Registering LogicalAnd (None) in gradient.
[2026-02-15 16:52:06,747] tensorflow - Level 1 - Registering LogicalOr (None) in gradient.
[2026-02-15 16:52:06,747] tensorflow - Level 1 - Registering LogicalNot (None) in gradient.
[2026-02-15 16:52:06,747] tensorflow - Level 1 - Registering Select (<function _SelectGrad at 0x000002096D307100>) in gradient.
[2026-02-15 16:52:06,747] tensorflow - Level 1 - Registering SelectV2 (<function _SelectGradV2 at 0x000002096D3071A0>) in gradient.
[2026-02-15 16:52:06,747] tensorflow - Level 1 - Registering MatMul (<function _MatMulGrad at 0x000002096D307380>) in gradient.
[2026-02-15 16:52:06,747] tensorflow - Level 1 - Registering SparseMatMul (<function _SparseMatMulGrad at 0x000002096D307420>) in gradient.
[2026-02-15 16:52:06,747] tensorflow - Level 1 - Registering Floor (<function _FloorGrad at 0x000002096D3074C0>) in gradient.
[2026-02-15 16:52:06,748] tensorflow - Level 1 - Registering Ceil (<function _CeilGrad at 0x000002096D307560>) in gradient.
[2026-02-15 16:52:06,748] tensorflow - Level 1 - Registering Round (<function _RoundGrad at 0x000002096D307600>) in gradient.
[2026-02-15 16:52:06,748] tensorflow - Level 1 - Registering Rint (<function _RintGrad at 0x000002096D3076A0>) in gradient.
[2026-02-15 16:52:06,748] tensorflow - Level 1 - Registering BatchMatMul (<function _BatchMatMul at 0x000002096D307740>) in gradient.
[2026-02-15 16:52:06,748] tensorflow - Level 1 - Registering BatchMatMulV3 (<function _BatchMatMulV2 at 0x000002096D3077E0>) in gradient.
[2026-02-15 16:52:06,748] tensorflow - Level 1 - Registering BatchMatMulV2 (<function _BatchMatMulV2 at 0x000002096D3077E0>) in gradient.
[2026-02-15 16:52:06,748] tensorflow - Level 1 - Registering Range (None) in gradient.
[2026-02-15 16:52:06,748] tensorflow - Level 1 - Registering LinSpace (None) in gradient.
[2026-02-15 16:52:06,749] tensorflow - Level 1 - Registering Complex (<function _ComplexGrad at 0x000002096D307880>) in gradient.
[2026-02-15 16:52:06,749] tensorflow - Level 1 - Registering Real (<function _RealGrad at 0x000002096D307920>) in gradient.
[2026-02-15 16:52:06,749] tensorflow - Level 1 - Registering Imag (<function _ImagGrad at 0x000002096D3079C0>) in gradient.
[2026-02-15 16:52:06,749] tensorflow - Level 1 - Registering Angle (<function _AngleGrad at 0x000002096D307A60>) in gradient.
[2026-02-15 16:52:06,749] tensorflow - Level 1 - Registering Conj (<function _ConjGrad at 0x000002096D307B00>) in gradient.
[2026-02-15 16:52:06,749] tensorflow - Level 1 - Registering ComplexAbs (<function _ComplexAbsGrad at 0x000002096D307BA0>) in gradient.
[2026-02-15 16:52:06,749] tensorflow - Level 1 - Registering Cast (<function _CastGrad at 0x000002096D307C40>) in gradient.
[2026-02-15 16:52:06,749] tensorflow - Level 1 - Registering Cross (<function _CrossGrad at 0x000002096D307CE0>) in gradient.
[2026-02-15 16:52:06,749] tensorflow - Level 1 - Registering Cumsum (<function _CumsumGrad at 0x000002096D307D80>) in gradient.
[2026-02-15 16:52:06,750] tensorflow - Level 1 - Registering Cumprod (<function _CumprodGrad at 0x000002096D307E20>) in gradient.
[2026-02-15 16:52:06,750] tensorflow - Level 1 - Registering CumulativeLogsumexp (<function _CumulativeLogsumexpGrad at 0x000002096D307EC0>) in gradient.
[2026-02-15 16:52:06,750] tensorflow - Level 1 - Registering NextAfter (<function _NextAfterGrad at 0x000002096D307F60>) in gradient.
[2026-02-15 16:52:06,753] tensorflow - Level 1 - Registering NcclAllReduce (<function _all_sum_grad at 0x000002096D314360>) in gradient.
[2026-02-15 16:52:06,755] tensorflow - Level 1 - Registering NcclReduce (<function _reduce_sum_grad at 0x000002096D314F40>) in gradient.
[2026-02-15 16:52:06,755] tensorflow - Level 1 - Registering NcclBroadcast (<function _broadcast_grad at 0x000002096D315080>) in gradient.
[2026-02-15 16:52:06,756] tensorflow - Level 1 - Registering OptionalFromValue (<function _OptionalFromValueGrad at 0x000002096D314CC0>) in gradient.
[2026-02-15 16:52:06,757] tensorflow - Level 1 - Registering OptionalGetValue (<function _OptionalGetValueGrad at 0x000002096D3153A0>) in gradient.
[2026-02-15 16:52:06,758] tensorflow - Level 1 - Registering DecodeRaw (None) in gradient.
[2026-02-15 16:52:06,761] tensorflow - Level 1 - Registering DecodePaddedRaw (None) in gradient.
[2026-02-15 16:52:06,761] tensorflow - Level 1 - Registering ParseTensor (None) in gradient.
[2026-02-15 16:52:06,761] tensorflow - Level 1 - Registering SerializeTensor (None) in gradient.
[2026-02-15 16:52:06,761] tensorflow - Level 1 - Registering StringToNumber (None) in gradient.
[2026-02-15 16:52:06,767] tensorflow - Level 1 - Registering DecodeProtoV2 (None) in gradient.
[2026-02-15 16:52:06,768] tensorflow - Level 1 - Registering EncodeProto (None) in gradient.
[2026-02-15 16:52:06,770] tensorflow - Level 1 - Registering RandomGamma (<function _RandomGammaGrad at 0x000002096D3160C0>) in gradient.
[2026-02-15 16:52:06,771] tensorflow - Level 1 - Registering StatelessRandomGammaV2 (<function _StatelessRandomGammaV2Grad at 0x000002096D316200>) in gradient.
[2026-02-15 16:52:06,771] tensorflow - Level 1 - Registering StatelessRandomGammaV3 (<function _StatelessRandomGammaV3Grad at 0x000002096D316340>) in gradient.
[2026-02-15 16:52:06,771] tensorflow - Level 1 - Registering StatelessParameterizedTruncatedNormal (<function _StatelessParameterizedTruncatedNormalGrad at 0x000002096D3165C0>) in gradient.
[2026-02-15 16:52:06,776] tensorflow - Level 1 - Registering BlockLSTM (<function _block_lstm_grad at 0x000002096D3162A0>) in gradient.
[2026-02-15 16:52:06,778] tensorflow - Level 1 - Registering BlockLSTMV2 (<function _block_lstm_grad at 0x000002096D3162A0>) in gradient.
[2026-02-15 16:52:06,782] tensorflow - Level 1 - Registering SdcaFprint (None) in gradient.
[2026-02-15 16:52:06,783] tensorflow - Level 1 - Registering SdcaOptimizer (None) in gradient.
[2026-02-15 16:52:06,783] tensorflow - Level 1 - Registering SdcaOptimizerV2 (None) in gradient.
[2026-02-15 16:52:06,783] tensorflow - Level 1 - Registering SdcaShrinkL1 (None) in gradient.
[2026-02-15 16:52:06,788] tensorflow - Level 1 - Registering SetSize (None) in gradient.
[2026-02-15 16:52:06,790] tensorflow - Level 1 - Registering DenseToDenseSetOperation (None) in gradient.
[2026-02-15 16:52:06,790] tensorflow - Level 1 - Registering DenseToSparseSetOperation (None) in gradient.
[2026-02-15 16:52:06,790] tensorflow - Level 1 - Registering SparseToSparseSetOperation (None) in gradient.
[2026-02-15 16:52:06,792] tensorflow - Level 1 - Registering SparseAddGrad (None) in gradient.
[2026-02-15 16:52:06,793] tensorflow - Level 1 - Registering SparseConcat (None) in gradient.
[2026-02-15 16:52:06,793] tensorflow - Level 1 - Registering SparseReorder (<function _SparseReorderGrad at 0x000002096D365620>) in gradient.
[2026-02-15 16:52:06,793] tensorflow - Level 1 - Registering SparseAdd (<function _SparseAddGrad at 0x000002096D365800>) in gradient.
[2026-02-15 16:52:06,793] tensorflow - Level 1 - Registering SparseTensorDenseAdd (<function _SparseTensorDenseAddGrad at 0x000002096D365760>) in gradient.
[2026-02-15 16:52:06,793] tensorflow - Level 1 - Registering SparseReduceSum (<function _SparseReduceSumGrad at 0x000002096D3658A0>) in gradient.
[2026-02-15 16:52:06,794] tensorflow - Level 1 - Registering SparseSlice (<function _SparseSliceGrad at 0x000002096D365940>) in gradient.
[2026-02-15 16:52:06,794] tensorflow - Level 1 - Registering SparseTensorDenseMatMul (<function _SparseTensorDenseMatMulGrad at 0x000002096D3659E0>) in gradient.
[2026-02-15 16:52:06,794] tensorflow - Level 1 - Registering SparseDenseCwiseAdd (<function _SparseDenseCwiseAddGrad at 0x000002096D365A80>) in gradient.
[2026-02-15 16:52:06,794] tensorflow - Level 1 - Registering SparseDenseCwiseMul (<function _SparseDenseCwiseMulGrad at 0x000002096D365BC0>) in gradient.
[2026-02-15 16:52:06,794] tensorflow - Level 1 - Registering SparseDenseCwiseDiv (<function _SparseDenseCwiseDivGrad at 0x000002096D365C60>) in gradient.
[2026-02-15 16:52:06,794] tensorflow - Level 1 - Registering SparseSoftmax (<function _SparseSoftmaxGrad at 0x000002096D365D00>) in gradient.
[2026-02-15 16:52:06,794] tensorflow - Level 1 - Registering SparseSparseMaximum (<function _SparseSparseMaximumGrad at 0x000002096D365DA0>) in gradient.
[2026-02-15 16:52:06,794] tensorflow - Level 1 - Registering SparseSparseMinimum (<function _SparseSparseMinimumGrad at 0x000002096D365E40>) in gradient.
[2026-02-15 16:52:06,794] tensorflow - Level 1 - Registering SparseFillEmptyRows (<function _SparseFillEmptyRowsGrad at 0x000002096D365EE0>) in gradient.
[2026-02-15 16:52:06,794] tensorflow - Level 1 - Registering SparseToDense (<function _SparseToDenseGrad at 0x000002096D365F80>) in gradient.
[2026-02-15 16:52:06,795] tensorflow - Level 1 - Registering TensorArray (None) in gradient.
[2026-02-15 16:52:06,795] tensorflow - Level 1 - Registering TensorArrayGrad (None) in gradient.
[2026-02-15 16:52:06,795] tensorflow - Level 1 - Registering TensorArraySize (None) in gradient.
[2026-02-15 16:52:06,795] tensorflow - Level 1 - Registering TensorArrayClose (None) in gradient.
[2026-02-15 16:52:06,795] tensorflow - Level 1 - Registering TensorArrayV2 (None) in gradient.
[2026-02-15 16:52:06,795] tensorflow - Level 1 - Registering TensorArrayGradV2 (None) in gradient.
[2026-02-15 16:52:06,795] tensorflow - Level 1 - Registering TensorArraySizeV2 (None) in gradient.
[2026-02-15 16:52:06,795] tensorflow - Level 1 - Registering TensorArrayCloseV2 (None) in gradient.
[2026-02-15 16:52:06,795] tensorflow - Level 1 - Registering TensorArrayV3 (None) in gradient.
[2026-02-15 16:52:06,795] tensorflow - Level 1 - Registering TensorArrayGradV3 (None) in gradient.
[2026-02-15 16:52:06,795] tensorflow - Level 1 - Registering TensorArrayGradWithShape (None) in gradient.
[2026-02-15 16:52:06,795] tensorflow - Level 1 - Registering TensorArraySizeV3 (None) in gradient.
[2026-02-15 16:52:06,795] tensorflow - Level 1 - Registering TensorArrayCloseV3 (None) in gradient.
[2026-02-15 16:52:06,795] tensorflow - Level 1 - Registering TensorArrayReadV3 (<function _TensorArrayReadGrad at 0x000002096D366160>) in gradient.
[2026-02-15 16:52:06,795] tensorflow - Level 1 - Registering TensorArrayReadV2 (<function _TensorArrayReadGrad at 0x000002096D366160>) in gradient.
[2026-02-15 16:52:06,795] tensorflow - Level 1 - Registering TensorArrayRead (<function _TensorArrayReadGrad at 0x000002096D366160>) in gradient.
[2026-02-15 16:52:06,795] tensorflow - Level 1 - Registering TensorArrayWriteV3 (<function _TensorArrayWriteGrad at 0x000002096D3660C0>) in gradient.
[2026-02-15 16:52:06,795] tensorflow - Level 1 - Registering TensorArrayWriteV2 (<function _TensorArrayWriteGrad at 0x000002096D3660C0>) in gradient.
[2026-02-15 16:52:06,795] tensorflow - Level 1 - Registering TensorArrayWrite (<function _TensorArrayWriteGrad at 0x000002096D3660C0>) in gradient.
[2026-02-15 16:52:06,795] tensorflow - Level 1 - Registering TensorArrayGatherV3 (<function _TensorArrayGatherGrad at 0x000002096D366200>) in gradient.
[2026-02-15 16:52:06,795] tensorflow - Level 1 - Registering TensorArrayGatherV2 (<function _TensorArrayGatherGrad at 0x000002096D366200>) in gradient.
[2026-02-15 16:52:06,795] tensorflow - Level 1 - Registering TensorArrayGather (<function _TensorArrayGatherGrad at 0x000002096D366200>) in gradient.
[2026-02-15 16:52:06,795] tensorflow - Level 1 - Registering TensorArrayScatterV3 (<function _TensorArrayScatterGrad at 0x000002096D3662A0>) in gradient.
[2026-02-15 16:52:06,795] tensorflow - Level 1 - Registering TensorArrayScatterV2 (<function _TensorArrayScatterGrad at 0x000002096D3662A0>) in gradient.
[2026-02-15 16:52:06,795] tensorflow - Level 1 - Registering TensorArrayScatter (<function _TensorArrayScatterGrad at 0x000002096D3662A0>) in gradient.
[2026-02-15 16:52:06,795] tensorflow - Level 1 - Registering TensorArrayConcatV3 (<function _TensorArrayConcatGrad at 0x000002096D366340>) in gradient.
[2026-02-15 16:52:06,795] tensorflow - Level 1 - Registering TensorArrayConcatV2 (<function _TensorArrayConcatGrad at 0x000002096D366340>) in gradient.
[2026-02-15 16:52:06,795] tensorflow - Level 1 - Registering TensorArrayConcat (<function _TensorArrayConcatGrad at 0x000002096D366340>) in gradient.
[2026-02-15 16:52:06,795] tensorflow - Level 1 - Registering TensorArraySplitV3 (<function _TensorArraySplitGrad at 0x000002096D3663E0>) in gradient.
[2026-02-15 16:52:06,795] tensorflow - Level 1 - Registering TensorArraySplitV2 (<function _TensorArraySplitGrad at 0x000002096D3663E0>) in gradient.
[2026-02-15 16:52:06,795] tensorflow - Level 1 - Registering TensorArraySplit (<function _TensorArraySplitGrad at 0x000002096D3663E0>) in gradient.
[2026-02-15 16:52:06,806] tensorflow - Level 1 - Registering DenseToCSRSparseMatrix (<function _DenseToCSRSparseMatrixGrad at 0x000002096D366660>) in gradient.
[2026-02-15 16:52:06,806] tensorflow - Level 1 - Registering CSRSparseMatrixToDense (<function _CSRSparseMatrixToDenseGrad at 0x000002096D3667A0>) in gradient.
[2026-02-15 16:52:06,806] tensorflow - Level 1 - Registering SparseTensorToCSRSparseMatrix (<function _SparseTensorToCSRSparseMatrixGrad at 0x000002096D39F1A0>) in gradient.
[2026-02-15 16:52:06,806] tensorflow - Level 1 - Registering CSRSparseMatrixToSparseTensor (<function _CSRSparseMatrixToSparseTensorGrad at 0x000002096D39F100>) in gradient.
[2026-02-15 16:52:06,806] tensorflow - Level 1 - Registering SparseMatrixNNZ (None) in gradient.
[2026-02-15 16:52:06,806] tensorflow - Level 1 - Registering SparseMatrixZeros (None) in gradient.
[2026-02-15 16:52:06,806] tensorflow - Level 1 - Registering SparseMatrixAdd (<function _SparseMatrixAddGrad at 0x000002096D39F380>) in gradient.
[2026-02-15 16:52:06,806] tensorflow - Level 1 - Registering SparseMatrixTranspose (<function _SparseMatrixTransposeGrad at 0x000002096D39F4C0>) in gradient.
[2026-02-15 16:52:06,806] tensorflow - Level 1 - Registering SparseMatrixSoftmax (<function _SparseMatrixSoftmaxGrad at 0x000002096D39F560>) in gradient.
[2026-02-15 16:52:06,806] tensorflow - Level 1 - Registering SparseMatrixMatMul (<function _SparseMatrixMatMulGrad at 0x000002096D39F600>) in gradient.
[2026-02-15 16:52:06,806] tensorflow - Level 1 - Registering SparseMatrixSparseMatMul (<function _SparseMatrixSparseMatMulGrad at 0x000002096D39F6A0>) in gradient.
[2026-02-15 16:52:06,806] tensorflow - Level 1 - Registering SparseMatrixMul (<function _SparseMatrixMulGrad at 0x000002096D39F740>) in gradient.
[2026-02-15 16:52:06,818] tensorflow - Level 1 - Registering FFT (<function _fft_grad at 0x000002096D3F1260>) in gradient.
[2026-02-15 16:52:06,818] tensorflow - Level 1 - Registering IFFT (<function _ifft_grad at 0x000002096D3F1300>) in gradient.
[2026-02-15 16:52:06,818] tensorflow - Level 1 - Registering FFT2D (<function _fft2d_grad at 0x000002096D3F13A0>) in gradient.
[2026-02-15 16:52:06,818] tensorflow - Level 1 - Registering IFFT2D (<function _ifft2d_grad at 0x000002096D3F14E0>) in gradient.
[2026-02-15 16:52:06,818] tensorflow - Level 1 - Registering FFT3D (<function _fft3d_grad at 0x000002096D3F1580>) in gradient.
[2026-02-15 16:52:06,818] tensorflow - Level 1 - Registering IFFT3D (<function _ifft3d_grad at 0x000002096D3F1620>) in gradient.
[2026-02-15 16:52:06,818] tensorflow - Level 1 - Registering RFFT (<function _rfft_grad_helper.<locals>._grad at 0x000002096D3F1A80>) in gradient.
[2026-02-15 16:52:06,818] tensorflow - Level 1 - Registering IRFFT (<function _irfft_grad_helper.<locals>._grad at 0x000002096D3F1C60>) in gradient.
[2026-02-15 16:52:06,818] tensorflow - Level 1 - Registering RFFT2D (<function _rfft_grad_helper.<locals>._grad at 0x000002096D3F1D00>) in gradient.
[2026-02-15 16:52:06,818] tensorflow - Level 1 - Registering IRFFT2D (<function _irfft_grad_helper.<locals>._grad at 0x000002096D3F1DA0>) in gradient.
[2026-02-15 16:52:06,822] tensorflow - Level 1 - Registering GenerateVocabRemapping (None) in gradient.
[2026-02-15 16:52:06,822] tensorflow - Level 1 - Registering LoadAndRemapMatrix (None) in gradient.
[2026-02-15 16:52:06,841] tensorflow - Level 1 - Registering XlaVariadicReduce (None) in gradient.
[2026-02-15 16:52:06,843] tensorflow - Level 1 - Registering XlaSharding (<function _sharding_grad at 0x000002096D4A07C0>) in gradient.
[2026-02-15 16:52:06,843] tensorflow - Level 1 - Registering XlaSpmdFullToShardShape (<function _spmd_full_to_shard_shape_grad at 0x000002096D4A0860>) in gradient.
[2026-02-15 16:52:06,843] tensorflow - Level 1 - Registering XlaSpmdShardToFullShape (<function _spmd_shard_to_full_shape_grad at 0x000002096D4A0900>) in gradient.
[2026-02-15 16:52:06,855] tensorflow - Level 1 - Registering CTCLoss (<function _CTCLossGrad at 0x000002096D6F4D60>) in gradient.
[2026-02-15 16:52:06,857] tensorflow - Level 1 - Registering CTCLossV2 (<function _CTCLossV2Grad at 0x000002096D6F4E00>) in gradient.
[2026-02-15 16:52:06,857] tensorflow - Level 1 - Registering CTCGreedyDecoder (None) in gradient.
[2026-02-15 16:52:06,857] tensorflow - Level 1 - Registering CTCBeamSearchDecoder (None) in gradient.
[2026-02-15 16:52:06,859] tensorflow - Level 1 - Registering FusedBatchNormGrad (<function _FusedBatchNormGradGrad at 0x000002096D6F6840>) in gradient.
[2026-02-15 16:52:06,860] tensorflow - Level 1 - Registering FusedBatchNormGradV2 (<function _FusedBatchNormGradGradV2 at 0x000002096D6F68E0>) in gradient.
[2026-02-15 16:52:06,860] tensorflow - Level 1 - Registering FusedBatchNormGradV3 (<function _FusedBatchNormGradGradV3 at 0x000002096D6F6AC0>) in gradient.
[2026-02-15 16:52:06,862] tensorflow - Level 1 - Registering variables ((<class 'tensorflow.core.framework.variable_pb2.VariableDef'>, <function _to_proto_fn at 0x000002096D72EC00>, <function _from_proto_fn at 0x000002096D72EE80>)) in proto functions.
[2026-02-15 16:52:06,862] tensorflow - Level 1 - Registering trainable_variables ((<class 'tensorflow.core.framework.variable_pb2.VariableDef'>, <function _to_proto_fn at 0x000002096D72EC00>, <function _from_proto_fn at 0x000002096D72EE80>)) in proto functions.
[2026-02-15 16:52:06,862] tensorflow - Level 1 - Registering moving_average_variables ((<class 'tensorflow.core.framework.variable_pb2.VariableDef'>, <function _to_proto_fn at 0x000002096D72EC00>, <function _from_proto_fn at 0x000002096D72EE80>)) in proto functions.
[2026-02-15 16:52:06,862] tensorflow - Level 1 - Registering local_variables ((<class 'tensorflow.core.framework.variable_pb2.VariableDef'>, <function _to_proto_fn at 0x000002096D72EC00>, <function _from_proto_fn at 0x000002096D72EE80>)) in proto functions.
[2026-02-15 16:52:06,862] tensorflow - Level 1 - Registering model_variables ((<class 'tensorflow.core.framework.variable_pb2.VariableDef'>, <function _to_proto_fn at 0x000002096D72EC00>, <function _from_proto_fn at 0x000002096D72EE80>)) in proto functions.
[2026-02-15 16:52:06,862] tensorflow - Level 1 - Registering global_step ((<class 'tensorflow.core.framework.variable_pb2.VariableDef'>, <function _to_proto_fn at 0x000002096D72EC00>, <function _from_proto_fn at 0x000002096D72EE80>)) in proto functions.
[2026-02-15 16:52:06,862] tensorflow - Level 1 - Registering metric_variables ((<class 'tensorflow.core.framework.variable_pb2.VariableDef'>, <function _to_proto_fn at 0x000002096D72EC00>, <function _from_proto_fn at 0x000002096D72EE80>)) in proto functions.
[2026-02-15 16:52:06,862] tensorflow - Level 1 - Registering RandomCrop (None) in gradient.
[2026-02-15 16:52:06,862] tensorflow - Level 1 - Registering HSVToRGB (None) in gradient.
[2026-02-15 16:52:06,862] tensorflow - Level 1 - Registering DrawBoundingBoxes (None) in gradient.
[2026-02-15 16:52:06,862] tensorflow - Level 1 - Registering SampleDistortedBoundingBox (None) in gradient.
[2026-02-15 16:52:06,862] tensorflow - Level 1 - Registering SampleDistortedBoundingBoxV2 (None) in gradient.
[2026-02-15 16:52:06,862] tensorflow - Level 1 - Registering ExtractGlimpse (None) in gradient.
[2026-02-15 16:52:06,862] tensorflow - Level 1 - Registering NonMaxSuppression (None) in gradient.
[2026-02-15 16:52:06,873] tensorflow - Level 1 - Registering NonMaxSuppressionV2 (None) in gradient.
[2026-02-15 16:52:06,873] tensorflow - Level 1 - Registering NonMaxSuppressionWithOverlaps (None) in gradient.
[2026-02-15 16:52:06,873] tensorflow - Level 1 - Registering GenerateBoundingBoxProposals (None) in gradient.
[2026-02-15 16:52:06,882] tensorflow - Level 1 - Registering ImageProjectiveTransformV2 (<function _image_projective_transform_grad at 0x000002096D817880>) in gradient.
[2026-02-15 16:52:06,884] tensorflow - Level 1 - Registering ImageProjectiveTransformV3 (<function _image_projective_transform_v3_grad at 0x000002096D817A60>) in gradient.
[2026-02-15 16:52:06,990] tensorflow - Level 1 - Registering savers ((<class 'tensorflow.core.protobuf.saver_pb2.SaverDef'>, <function Saver.to_proto at 0x000002096DAEEDE0>, <function Saver.from_proto at 0x000002096DAEEE80>)) in proto functions.
[2026-02-15 16:52:06,995] tensorflow - Level 1 - Registering EagerPyFunc (<function _EagerPyFuncGrad at 0x000002096DB1BA60>) in gradient.
[2026-02-15 16:52:06,995] tensorflow - Level 1 - Registering PyFunc (None) in gradient.
[2026-02-15 16:52:06,995] tensorflow - Level 1 - Registering PyFuncStateless (None) in gradient.
[2026-02-15 16:52:07,011] tensorflow - Level 1 - Registering ReduceDataset (None) in gradient.
[2026-02-15 16:52:07,011] tensorflow - Level 1 - Registering tensorflow.python.data.ops.dataset_ops (<function _tf2_callback at 0x000002096DB69EE0>) in data_v2_callbacks.
[2026-02-15 16:52:07,011] tensorflow - Level 1 - Registering _resource_resolver (<function _resource_resolver at 0x000002096DBFAB60>) in acd_resource_resolvers.
[2026-02-15 16:52:07,035] tensorflow - Level 1 - Registering tensorflow.python.data.experimental.ops.counter (<function _tf2_callback at 0x000002096DC0A480>) in data_v2_callbacks.
[2026-02-15 16:52:07,050] tensorflow - Level 1 - Registering tensorflow.python.data.ops.readers (<function _tf2_callback at 0x000002096DBFB740>) in data_v2_callbacks.
[2026-02-15 16:52:07,052] tensorflow - Level 1 - Registering tensorflow.python.data.experimental.ops.interleave_ops (<function _tf2_callback at 0x000002096DC0B7E0>) in data_v2_callbacks.
[2026-02-15 16:52:07,062] tensorflow - Level 1 - Registering tensorflow.python.data.experimental.ops.random_ops (<function _tf2_callback at 0x000002096DCB6C00>) in data_v2_callbacks.
[2026-02-15 16:52:07,079] tensorflow - Level 1 - Registering tensorflow.python.data.experimental.ops.readers (<function _tf2_callback at 0x000002096DCD0540>) in data_v2_callbacks.
[2026-02-15 16:52:07,215] tensorflow - Level 1 - Registering tpu_replicated_input_resolver (<function tpu_replicated_input_resolver at 0x000002096DF40540>) in acd_resource_resolvers.
[2026-02-15 16:52:07,220] tensorflow - DEBUG - Falling back to TensorFlow client; we recommended you install the Cloud TPU client directly with pip install cloud-tpu-client.
[2026-02-15 16:52:07,334] tensorflow - Level 1 - Registering queue_runners ((<class 'tensorflow.core.protobuf.queue_runner_pb2.QueueRunnerDef'>, <function QueueRunner.to_proto at 0x000002096E15AF20>, <function QueueRunner.from_proto at 0x000002096E15AFC0>)) in proto functions.
[2026-02-15 16:52:07,815] h5py._conv - DEBUG - Creating converter from 7 to 5
[2026-02-15 16:52:07,815] h5py._conv - DEBUG - Creating converter from 5 to 7
[2026-02-15 16:52:07,815] h5py._conv - DEBUG - Creating converter from 7 to 5
[2026-02-15 16:52:07,815] h5py._conv - DEBUG - Creating converter from 5 to 7
[2026-02-15 16:52:08,038] tensorflow - Level 1 - Registering DebugGradientIdentity (<function _identify_gradient_grad at 0x000002096FC2B920>) in gradient.
[2026-02-15 16:52:08,040] tensorflow - Level 1 - Registering DebugGradientRefIdentity (<function _identify_gradient_grad_ref at 0x000002096FC2B9C0>) in gradient.
[2026-02-15 16:52:08,086] tensorflow - Level 1 - Registering DebugIdentityV2 (<function _debug_identity_v2_grad at 0x000002096FCA6D40>) in gradient.
[2026-02-15 16:52:08,385] tensorflow - Level 1 - Registering AudioMicrofrontend (None) in gradient.
[2026-02-15 16:52:08,477] tensorflow - Level 1 - Registering Reciprocal,flops (<function _reciprocal_flops at 0x00000209702A0680>) in statistical functions.
[2026-02-15 16:52:08,479] tensorflow - Level 1 - Registering Square,flops (<function _square_flops at 0x00000209702A0720>) in statistical functions.
[2026-02-15 16:52:08,480] tensorflow - Level 1 - Registering Rsqrt,flops (<function _rsqrt_flops at 0x00000209702A0860>) in statistical functions.
[2026-02-15 16:52:08,480] tensorflow - Level 1 - Registering Log,flops (<function _log_flops at 0x00000209702A07C0>) in statistical functions.
[2026-02-15 16:52:08,480] tensorflow - Level 1 - Registering Neg,flops (<function _neg_flops at 0x00000209702A0900>) in statistical functions.
[2026-02-15 16:52:08,480] tensorflow - Level 1 - Registering AssignSub,flops (<function _assign_sub_flops at 0x00000209702A09A0>) in statistical functions.
[2026-02-15 16:52:08,480] tensorflow - Level 1 - Registering AssignAdd,flops (<function _assign_add_flops at 0x00000209702A0A40>) in statistical functions.
[2026-02-15 16:52:08,480] tensorflow - Level 1 - Registering L2Loss,flops (<function _l2_loss_flops at 0x00000209702A0AE0>) in statistical functions.
[2026-02-15 16:52:08,480] tensorflow - Level 1 - Registering Softmax,flops (<function _softmax_flops at 0x00000209702A0B80>) in statistical functions.
[2026-02-15 16:52:08,480] tensorflow - Level 1 - Registering AddV2,flops (<function _add_flops at 0x00000209702A0CC0>) in statistical functions.
[2026-02-15 16:52:08,481] tensorflow - Level 1 - Registering Add,flops (<function _add_flops at 0x00000209702A0CC0>) in statistical functions.
[2026-02-15 16:52:08,481] tensorflow - Level 1 - Registering Sub,flops (<function _sub_flops at 0x00000209702A0D60>) in statistical functions.
[2026-02-15 16:52:08,481] tensorflow - Level 1 - Registering Mul,flops (<function _mul_flops at 0x00000209702A0E00>) in statistical functions.
[2026-02-15 16:52:08,481] tensorflow - Level 1 - Registering RealDiv,flops (<function _real_div_flops at 0x00000209702A0EA0>) in statistical functions.
[2026-02-15 16:52:08,481] tensorflow - Level 1 - Registering Maximum,flops (<function _maximum_flops at 0x00000209702A0F40>) in statistical functions.
[2026-02-15 16:52:08,481] tensorflow - Level 1 - Registering Minimum,flops (<function _minimum_flops at 0x00000209702A0FE0>) in statistical functions.
[2026-02-15 16:52:08,481] tensorflow - Level 1 - Registering Pow,flops (<function _pow_flops at 0x00000209702A1080>) in statistical functions.
[2026-02-15 16:52:08,481] tensorflow - Level 1 - Registering RsqrtGrad,flops (<function _rsqrt_grad_flops at 0x00000209702A1120>) in statistical functions.
[2026-02-15 16:52:08,481] tensorflow - Level 1 - Registering GreaterEqual,flops (<function _greater_equal_flops at 0x00000209702A11C0>) in statistical functions.
[2026-02-15 16:52:08,481] tensorflow - Level 1 - Registering Greater,flops (<function _greater_flops at 0x00000209702A1260>) in statistical functions.
[2026-02-15 16:52:08,481] tensorflow - Level 1 - Registering LessEqual,flops (<function _less_equal_flops at 0x00000209702A1300>) in statistical functions.
[2026-02-15 16:52:08,481] tensorflow - Level 1 - Registering Less,flops (<function _less_flops at 0x00000209702A13A0>) in statistical functions.
[2026-02-15 16:52:08,482] tensorflow - Level 1 - Registering Equal,flops (<function _equal_flops at 0x00000209702A1440>) in statistical functions.
[2026-02-15 16:52:08,482] tensorflow - Level 1 - Registering NotEqual,flops (<function _not_equal_flops at 0x00000209702A14E0>) in statistical functions.
[2026-02-15 16:52:08,482] tensorflow - Level 1 - Registering SquaredDifference,flops (<function _squared_difference_flops at 0x00000209702A1580>) in statistical functions.
[2026-02-15 16:52:08,482] tensorflow - Level 1 - Registering Mean,flops (<function _mean_flops at 0x00000209702A16C0>) in statistical functions.
[2026-02-15 16:52:08,482] tensorflow - Level 1 - Registering Sum,flops (<function _sum_flops at 0x00000209702A1760>) in statistical functions.
[2026-02-15 16:52:08,482] tensorflow - Level 1 - Registering ArgMax,flops (<function _arg_max_flops at 0x00000209702A1800>) in statistical functions.
[2026-02-15 16:52:08,482] tensorflow - Level 1 - Registering ArgMin,flops (<function _arg_min_flops at 0x00000209702A18A0>) in statistical functions.
[2026-02-15 16:52:08,482] tensorflow - Level 1 - Registering BiasAddGrad,flops (<function _bias_add_grad_flops at 0x00000209702A1940>) in statistical functions.
[2026-02-15 16:52:08,482] tensorflow - Level 1 - Registering AvgPool,flops (<function _avg_pool_flops at 0x00000209702A1B20>) in statistical functions.
[2026-02-15 16:52:08,482] tensorflow - Level 1 - Registering MaxPool,flops (<function _max_pool_flops at 0x00000209702A1BC0>) in statistical functions.
[2026-02-15 16:52:08,482] tensorflow - Level 1 - Registering AvgPoolGrad,flops (<function _avg_pool_grad_flops at 0x00000209702A1C60>) in statistical functions.
[2026-02-15 16:52:08,483] tensorflow - Level 1 - Registering MaxPoolGrad,flops (<function _max_pool_grad_flops at 0x00000209702A1D00>) in statistical functions.
[2026-02-15 16:52:08,483] tensorflow - Level 1 - Registering Conv2DBackpropInput,flops (<function _conv_2d_backprop_input_flops at 0x00000209702A1DA0>) in statistical functions.
[2026-02-15 16:52:08,483] tensorflow - Level 1 - Registering Conv2DBackpropFilter,flops (<function _conv_2d_backprop_filter_flops at 0x00000209702A1E40>) in statistical functions.
[2026-02-15 16:52:08,483] tensorflow - Level 1 - Registering AddN,flops (<function _add_n_flops at 0x00000209702A1EE0>) in statistical functions.
[2026-02-15 16:52:08,483] tensorflow - Level 1 - Registering MatMul,flops (<function _calc_mat_mul_flops at 0x00000209702A1F80>) in statistical functions.
[2026-02-15 16:52:08,483] tensorflow - Level 1 - Registering BatchMatMulV3,flops (<function _calc_batch_mat_mul_flops at 0x00000209702A2020>) in statistical functions.
[2026-02-15 16:52:08,483] tensorflow - Level 1 - Registering BatchMatMulV2,flops (<function _calc_batch_mat_mul_flops at 0x00000209702A2020>) in statistical functions.
[2026-02-15 16:52:08,483] tensorflow - Level 1 - Registering BatchMatMul,flops (<function _calc_batch_mat_mul_flops at 0x00000209702A2020>) in statistical functions.
[2026-02-15 16:52:09,095] tensorflow - Level 1 - Enabling eager execution
[2026-02-15 16:52:09,095] tensorflow - Level 1 - Enabling v2 tensorshape
[2026-02-15 16:52:09,095] tensorflow - Level 1 - Enabling resource variables
[2026-02-15 16:52:09,095] tensorflow - Level 1 - Enabling tensor equality
[2026-02-15 16:52:09,095] tensorflow - Level 1 - Enabling control flow v2
[2026-02-15 16:52:10,121] matplotlib - DEBUG - matplotlib data path: C:\Users\BS\anaconda3\Lib\site-packages\matplotlib\mpl-data
[2026-02-15 16:52:10,130] matplotlib - DEBUG - CONFIGDIR=C:\Users\BS\.matplotlib
[2026-02-15 16:52:10,132] matplotlib - DEBUG - interactive is False
[2026-02-15 16:52:10,132] matplotlib - DEBUG - platform is win32
[2026-02-15 16:52:10,217] matplotlib - DEBUG - CACHEDIR=C:\Users\BS\.matplotlib
[2026-02-15 16:52:10,219] matplotlib.font_manager - DEBUG - Using fontManager instance from C:\Users\BS\.matplotlib\fontlist-v390.json
[2026-02-15 16:52:17,220] tensorflow - WARNING - From C:\Users\BS\anaconda3\Lib\site-packages\tf_keras\src\losses.py:2976: The name tf.losses.sparse_softmax_cross_entropy is deprecated. Please use tf.compat.v1.losses.sparse_softmax_cross_entropy instead.

