[2026-02-19 02:06:03,123] pydot - DEBUG - pydot initializing
[2026-02-19 02:06:03,124] pydot - DEBUG - pydot 4.0.1
[2026-02-19 02:06:03,136] pydot.core - DEBUG - pydot core module initializing
[2026-02-19 02:06:19,179] tensorflow - Level 1 - Registering Relayout (<function _relayout_gradient at 0x0000026688E8E020>) in gradient.
[2026-02-19 02:06:19,179] tensorflow - Level 1 - Registering RelayoutLike (<function _relayout_grad_gradient at 0x0000026688E8E160>) in gradient.
[2026-02-19 02:06:19,179] tensorflow - Level 1 - Registering CopyToMesh (<function _copy_to_mesh_gradient at 0x0000026688E8E840>) in gradient.
[2026-02-19 02:06:19,179] tensorflow - Level 1 - Registering CopyToMeshGrad (<function _copy_to_mesh_grad_gradient at 0x0000026688E8E7A0>) in gradient.
[2026-02-19 02:06:19,211] tensorflow - Level 1 - Registering FakeQuantWithMinMaxArgs (<function _FakeQuantWithMinMaxArgsGradient at 0x0000026688F3A8E0>) in gradient.
[2026-02-19 02:06:19,213] tensorflow - Level 1 - Registering FakeQuantWithMinMaxVars (<function _FakeQuantWithMinMaxVarsGradient at 0x0000026688F3AAC0>) in gradient.
[2026-02-19 02:06:19,213] tensorflow - Level 1 - Registering FakeQuantWithMinMaxVarsPerChannel (<function _FakeQuantWithMinMaxVarsPerChannelGradient at 0x0000026688F3B060>) in gradient.
[2026-02-19 02:06:19,213] tensorflow - Level 1 - Registering QuantizeAndDequantizeV4 (<function _QuantizeAndDequantizeV4Grad at 0x0000026688F3B100>) in gradient.
[2026-02-19 02:06:19,213] tensorflow - Level 1 - Registering QuantizeAndDequantizeV4Grad (<function _QuantizeAndDequantizeV4GradGrad at 0x0000026688F3B1A0>) in gradient.
[2026-02-19 02:06:19,415] tensorflow - Level 1 - Registering TensorListConcatLists (None) in gradient.
[2026-02-19 02:06:19,417] tensorflow - Level 1 - Registering TensorListElementShape (None) in gradient.
[2026-02-19 02:06:19,417] tensorflow - Level 1 - Registering TensorListLength (None) in gradient.
[2026-02-19 02:06:19,417] tensorflow - Level 1 - Registering TensorListPushBackBatch (None) in gradient.
[2026-02-19 02:06:19,417] tensorflow - Level 1 - Registering TensorListPushBack (<function _PushBackGrad at 0x00000266891037E0>) in gradient.
[2026-02-19 02:06:19,417] tensorflow - Level 1 - Registering TensorListPopBack (<function _PopBackGrad at 0x0000026689103880>) in gradient.
[2026-02-19 02:06:19,417] tensorflow - Level 1 - Registering TensorListStack (<function _TensorListStackGrad at 0x0000026689103920>) in gradient.
[2026-02-19 02:06:19,417] tensorflow - Level 1 - Registering TensorListConcatV2 (<function _TensorListConcatGrad at 0x00000266891039C0>) in gradient.
[2026-02-19 02:06:19,417] tensorflow - Level 1 - Registering TensorListConcat (<function _TensorListConcatGrad at 0x00000266891039C0>) in gradient.
[2026-02-19 02:06:19,418] tensorflow - Level 1 - Registering TensorListSplit (<function _TensorListSplitGrad at 0x0000026689103A60>) in gradient.
[2026-02-19 02:06:19,418] tensorflow - Level 1 - Registering TensorListFromTensor (<function _TensorListFromTensorGrad at 0x0000026689103B00>) in gradient.
[2026-02-19 02:06:19,418] tensorflow - Level 1 - Registering TensorListGetItem (<function _TensorListGetItemGrad at 0x0000026689103BA0>) in gradient.
[2026-02-19 02:06:19,418] tensorflow - Level 1 - Registering TensorListSetItem (<function _TensorListSetItemGrad at 0x0000026689103C40>) in gradient.
[2026-02-19 02:06:19,418] tensorflow - Level 1 - Registering TensorListResize (<function _TensorListResizeGrad at 0x0000026689103CE0>) in gradient.
[2026-02-19 02:06:19,418] tensorflow - Level 1 - Registering TensorListGather (<function _TensorListGatherGrad at 0x0000026689103D80>) in gradient.
[2026-02-19 02:06:19,418] tensorflow - Level 1 - Registering TensorListScatterV2 (<function _TensorListScatterGrad at 0x0000026689103E20>) in gradient.
[2026-02-19 02:06:19,418] tensorflow - Level 1 - Registering TensorListScatter (<function _TensorListScatterGrad at 0x0000026689103E20>) in gradient.
[2026-02-19 02:06:19,418] tensorflow - Level 1 - Registering TensorListScatterIntoExistingList (<function _TensorListScatterIntoExistingListGrad at 0x0000026689103EC0>) in gradient.
[2026-02-19 02:06:19,474] tensorflow - Level 1 - Registering AccumulateNV2 (<function _accumulate_n_grad at 0x00000266892B9120>) in gradient.
[2026-02-19 02:06:19,526] tensorflow - Level 1 - Registering cond_context ((<class 'tensorflow.core.protobuf.control_flow_pb2.CondContextDef'>, <function CondContext.to_proto at 0x00000266893BC180>, <function CondContext.from_proto at 0x00000266893BC220>)) in proto functions.
[2026-02-19 02:06:19,527] tensorflow - Level 1 - Registering while_context ((<class 'tensorflow.core.protobuf.control_flow_pb2.WhileContextDef'>, <function WhileContext.to_proto at 0x00000266893BCFE0>, <function WhileContext.from_proto at 0x00000266893BD120>)) in proto functions.
[2026-02-19 02:06:19,527] tensorflow - Level 1 - Registering _identity_resolver (<function _identity_resolver at 0x00000266893BEFC0>) in acd_resource_resolvers.
[2026-02-19 02:06:19,577] tensorflow - Level 1 - Registering Assign (None) in gradient.
[2026-02-19 02:06:19,579] tensorflow - Level 1 - Registering AssignAdd (None) in gradient.
[2026-02-19 02:06:19,579] tensorflow - Level 1 - Registering AssignSub (None) in gradient.
[2026-02-19 02:06:19,579] tensorflow - Level 1 - Registering ScatterAdd (None) in gradient.
[2026-02-19 02:06:19,579] tensorflow - Level 1 - Registering ScatterSub (None) in gradient.
[2026-02-19 02:06:19,579] tensorflow - Level 1 - Registering ScatterMul (None) in gradient.
[2026-02-19 02:06:19,579] tensorflow - Level 1 - Registering ScatterDiv (None) in gradient.
[2026-02-19 02:06:19,580] tensorflow - Level 1 - Registering ScatterNdUpdate (None) in gradient.
[2026-02-19 02:06:19,580] tensorflow - Level 1 - Registering ScatterNdAdd (None) in gradient.
[2026-02-19 02:06:19,580] tensorflow - Level 1 - Registering ScatterNdSub (None) in gradient.
[2026-02-19 02:06:19,580] tensorflow - Level 1 - Registering ScatterNdMul (None) in gradient.
[2026-02-19 02:06:19,580] tensorflow - Level 1 - Registering ScatterNdDiv (None) in gradient.
[2026-02-19 02:06:19,591] tensorflow - Level 1 - Registering ReadVariableOp (<function _ReadGrad at 0x0000026689542E80>) in gradient.
[2026-02-19 02:06:19,592] tensorflow - Level 1 - Registering ResourceGather (<function _GatherGrad at 0x0000026689543EC0>) in gradient.
[2026-02-19 02:06:19,593] tensorflow - Level 1 - Registering Assert (None) in gradient.
[2026-02-19 02:06:19,593] tensorflow - Level 1 - Registering VarIsInitializedOp (None) in gradient.
[2026-02-19 02:06:19,593] tensorflow - Level 1 - Registering VariableShape (None) in gradient.
[2026-02-19 02:06:19,619] tensorflow - Level 1 - Registering RandomStandardNormal (None) in gradient.
[2026-02-19 02:06:19,621] tensorflow - Level 1 - Registering ParameterizedTruncatedNormal (None) in gradient.
[2026-02-19 02:06:19,622] tensorflow - Level 1 - Registering TruncatedNormal (None) in gradient.
[2026-02-19 02:06:19,622] tensorflow - Level 1 - Registering RandomUniform (None) in gradient.
[2026-02-19 02:06:19,622] tensorflow - Level 1 - Registering RandomShuffle (None) in gradient.
[2026-02-19 02:06:19,623] tensorflow - Level 1 - Registering Multinomial (None) in gradient.
[2026-02-19 02:06:19,686] tensorflow - Level 1 - Registering If (<function _IfGrad at 0x000002668972B6A0>) in gradient.
[2026-02-19 02:06:19,689] tensorflow - Level 1 - Registering StatelessIf (<function _IfGrad at 0x000002668972B6A0>) in gradient.
[2026-02-19 02:06:19,689] tensorflow - Level 1 - Registering StatelessCase (<function _CaseGrad at 0x000002668974CE00>) in gradient.
[2026-02-19 02:06:19,689] tensorflow - Level 1 - Registering Case (<function _CaseGrad at 0x000002668974CE00>) in gradient.
[2026-02-19 02:06:19,714] tensorflow - Level 1 - Registering While (<function _WhileGrad at 0x00000266897AB6A0>) in gradient.
[2026-02-19 02:06:19,717] tensorflow - Level 1 - Registering StatelessWhile (<function _WhileGrad at 0x00000266897AB6A0>) in gradient.
[2026-02-19 02:06:19,954] tensorflow - Level 1 - Registering EnsureShape (<function _ensure_shape_grad at 0x0000026689A0EE80>) in gradient.
[2026-02-19 02:06:19,979] tensorflow - Level 1 - Registering RaggedTensorToSparse (<function _ragged_tensor_to_sparse_gradient at 0x0000026689A7EE80>) in gradient.
[2026-02-19 02:06:20,019] tensorflow - Level 1 - Registering Conv2DBackpropInput (<function _Conv2DBackpropInputGrad at 0x0000026689AFF2E0>) in gradient.
[2026-02-19 02:06:20,020] tensorflow - Level 1 - Registering Conv2DBackpropFilter (<function _Conv2DBackpropFilterGrad at 0x0000026689AFF920>) in gradient.
[2026-02-19 02:06:20,021] tensorflow - Level 1 - Registering DepthwiseConv2dNativeBackpropInput (<function _DepthwiseConv2dNativeBackpropInputGrad at 0x0000026689B500E0>) in gradient.
[2026-02-19 02:06:20,021] tensorflow - Level 1 - Registering DepthwiseConv2dNativeBackpropFilter (<function _DepthwiseConv2dNativeBackpropFilterGrad at 0x0000026689B50720>) in gradient.
[2026-02-19 02:06:20,021] tensorflow - Level 1 - Registering Conv3D (<function _Conv3DGrad at 0x0000026689B507C0>) in gradient.
[2026-02-19 02:06:20,021] tensorflow - Level 1 - Registering Conv3DBackpropInputV2 (<function _Conv3DBackpropInputGrad at 0x0000026689B50860>) in gradient.
[2026-02-19 02:06:20,021] tensorflow - Level 1 - Registering Conv3DBackpropFilterV2 (<function _Conv3DBackpropFilterGrad at 0x0000026689B50900>) in gradient.
[2026-02-19 02:06:20,021] tensorflow - Level 1 - Registering AvgPool3D (<function _AvgPool3DGrad at 0x0000026689B509A0>) in gradient.
[2026-02-19 02:06:20,021] tensorflow - Level 1 - Registering AvgPool3DGrad (<function _AvgPool3DGradGrad at 0x0000026689B50A40>) in gradient.
[2026-02-19 02:06:20,021] tensorflow - Level 1 - Registering MaxPool3D (<function _MaxPool3DGrad at 0x0000026689B50AE0>) in gradient.
[2026-02-19 02:06:20,021] tensorflow - Level 1 - Registering MaxPool3DGrad (<function _MaxPool3DGradGrad at 0x0000026689B50B80>) in gradient.
[2026-02-19 02:06:20,021] tensorflow - Level 1 - Registering MaxPool3DGradGrad (<function _MaxPool3DGradGradGrad at 0x0000026689B50C20>) in gradient.
[2026-02-19 02:06:20,022] tensorflow - Level 1 - Registering Softmax (<function _SoftmaxGrad at 0x0000026689B50CC0>) in gradient.
[2026-02-19 02:06:20,022] tensorflow - Level 1 - Registering LogSoftmax (<function _LogSoftmaxGrad at 0x0000026689B50D60>) in gradient.
[2026-02-19 02:06:20,022] tensorflow - Level 1 - Registering BiasAdd (<function _BiasAddGrad at 0x0000026689B50E00>) in gradient.
[2026-02-19 02:06:20,022] tensorflow - Level 1 - Registering BiasAddGrad (<function _BiasAddGradGrad at 0x0000026689B50EA0>) in gradient.
[2026-02-19 02:06:20,022] tensorflow - Level 1 - Registering BiasAddV1 (<function _BiasAddGradV1 at 0x0000026689B50F40>) in gradient.
[2026-02-19 02:06:20,022] tensorflow - Level 1 - Registering Relu (<function _ReluGrad at 0x0000026689B50FE0>) in gradient.
[2026-02-19 02:06:20,022] tensorflow - Level 1 - Registering EluGrad (<function _EluGradGrad at 0x0000026689B51080>) in gradient.
[2026-02-19 02:06:20,022] tensorflow - Level 1 - Registering SeluGrad (<function _SeluGradGrad at 0x0000026689B51120>) in gradient.
[2026-02-19 02:06:20,022] tensorflow - Level 1 - Registering Relu6 (<function _Relu6Grad at 0x0000026689B511C0>) in gradient.
[2026-02-19 02:06:20,022] tensorflow - Level 1 - Registering Relu6Grad (<function _Relu6GradGrad at 0x0000026689B51260>) in gradient.
[2026-02-19 02:06:20,022] tensorflow - Level 1 - Registering LeakyRelu (<function _LeakyReluGrad at 0x0000026689B51300>) in gradient.
[2026-02-19 02:06:20,023] tensorflow - Level 1 - Registering LeakyReluGrad (<function _LeakyReluGradGrad at 0x0000026689B513A0>) in gradient.
[2026-02-19 02:06:20,023] tensorflow - Level 1 - Registering Elu (<function _EluGrad at 0x0000026689B51440>) in gradient.
[2026-02-19 02:06:20,023] tensorflow - Level 1 - Registering Selu (<function _SeluGrad at 0x0000026689B514E0>) in gradient.
[2026-02-19 02:06:20,023] tensorflow - Level 1 - Registering Softplus (<function _SoftplusGrad at 0x0000026689B51580>) in gradient.
[2026-02-19 02:06:20,023] tensorflow - Level 1 - Registering SoftplusGrad (<function _SoftplusGradGrad at 0x0000026689B51620>) in gradient.
[2026-02-19 02:06:20,023] tensorflow - Level 1 - Registering Softsign (<function _SoftsignGrad at 0x0000026689B516C0>) in gradient.
[2026-02-19 02:06:20,023] tensorflow - Level 1 - Registering ReluGrad (<function _ReluGradGrad at 0x0000026689B51760>) in gradient.
[2026-02-19 02:06:20,023] tensorflow - Level 1 - Registering SoftmaxCrossEntropyWithLogits (<function _SoftmaxCrossEntropyWithLogitsGrad at 0x0000026689B518A0>) in gradient.
[2026-02-19 02:06:20,023] tensorflow - Level 1 - Registering SparseSoftmaxCrossEntropyWithLogits (<function _SparseSoftmaxCrossEntropyWithLogitsGrad at 0x0000026689B51940>) in gradient.
[2026-02-19 02:06:20,023] tensorflow - Level 1 - Registering Conv2D (<function _Conv2DGrad at 0x0000026689B519E0>) in gradient.
[2026-02-19 02:06:20,024] tensorflow - Level 1 - Registering DepthwiseConv2dNative (<function _DepthwiseConv2dNativeGrad at 0x0000026689B51A80>) in gradient.
[2026-02-19 02:06:20,024] tensorflow - Level 1 - Registering Dilation2D (<function _Dilation2DGrad at 0x0000026689B51B20>) in gradient.
[2026-02-19 02:06:20,024] tensorflow - Level 1 - Registering LRN (<function _LRNGrad at 0x0000026689B51BC0>) in gradient.
[2026-02-19 02:06:20,024] tensorflow - Level 1 - Registering AvgPool (<function _AvgPoolGrad at 0x0000026689B51C60>) in gradient.
[2026-02-19 02:06:20,024] tensorflow - Level 1 - Registering AvgPoolGrad (<function _AvgPoolGradGrad at 0x0000026689B51D00>) in gradient.
[2026-02-19 02:06:20,024] tensorflow - Level 1 - Registering MaxPool (<function _MaxPoolGrad at 0x0000026689B51DA0>) in gradient.
[2026-02-19 02:06:20,024] tensorflow - Level 1 - Registering MaxPoolV2 (<function _MaxPoolGradV2 at 0x0000026689B51E40>) in gradient.
[2026-02-19 02:06:20,024] tensorflow - Level 1 - Registering MaxPoolWithArgmax (<function _MaxPoolGradWithArgmax at 0x0000026689B51EE0>) in gradient.
[2026-02-19 02:06:20,024] tensorflow - Level 1 - Registering MaxPoolGrad (<function _MaxPoolGradGrad at 0x0000026689B51F80>) in gradient.
[2026-02-19 02:06:20,024] tensorflow - Level 1 - Registering MaxPoolGradV2 (<function _MaxPoolGradGradV2 at 0x0000026689B52020>) in gradient.
[2026-02-19 02:06:20,024] tensorflow - Level 1 - Registering MaxPoolGradGrad (<function _MaxPoolGradGradGrad at 0x0000026689B520C0>) in gradient.
[2026-02-19 02:06:20,025] tensorflow - Level 1 - Registering FractionalMaxPool (<function _FractionalMaxPoolGrad at 0x0000026689B52160>) in gradient.
[2026-02-19 02:06:20,025] tensorflow - Level 1 - Registering FractionalAvgPool (<function _FractionalAvgPoolGrad at 0x0000026689B52200>) in gradient.
[2026-02-19 02:06:20,025] tensorflow - Level 1 - Registering BatchNormWithGlobalNormalization (<function _BatchNormWithGlobalNormalizationGrad at 0x0000026689B522A0>) in gradient.
[2026-02-19 02:06:20,025] tensorflow - Level 1 - Registering FusedBatchNorm (<function _FusedBatchNormGrad at 0x0000026689B523E0>) in gradient.
[2026-02-19 02:06:20,025] tensorflow - Level 1 - Registering FusedBatchNormV2 (<function _FusedBatchNormV2Grad at 0x0000026689B52480>) in gradient.
[2026-02-19 02:06:20,025] tensorflow - Level 1 - Registering FusedBatchNormV3 (<function _FusedBatchNormV3Grad at 0x0000026689B52520>) in gradient.
[2026-02-19 02:06:20,025] tensorflow - Level 1 - Registering L2Loss (<function _L2LossGrad at 0x0000026689B525C0>) in gradient.
[2026-02-19 02:06:20,025] tensorflow - Level 1 - Registering TopKV2 (<function _TopKGrad at 0x0000026689B52660>) in gradient.
[2026-02-19 02:06:20,025] tensorflow - Level 1 - Registering TopK (<function _TopKGrad at 0x0000026689B52660>) in gradient.
[2026-02-19 02:06:20,025] tensorflow - Level 1 - Registering ApproxTopK (<function _ApproxTopKGradient at 0x0000026689B52700>) in gradient.
[2026-02-19 02:06:20,026] tensorflow - Level 1 - Registering NthElement (<function _NthElementGrad at 0x0000026689B527A0>) in gradient.
[2026-02-19 02:06:20,026] tensorflow - Level 1 - Registering IsotonicRegression (<function _IsotonicRegressionGrad at 0x0000026689B528E0>) in gradient.
[2026-02-19 02:06:20,047] tensorflow - Level 1 - Registering BitwiseAnd (None) in gradient.
[2026-02-19 02:06:20,049] tensorflow - Level 1 - Registering BitwiseOr (None) in gradient.
[2026-02-19 02:06:20,049] tensorflow - Level 1 - Registering BitwiseXor (None) in gradient.
[2026-02-19 02:06:20,049] tensorflow - Level 1 - Registering Invert (None) in gradient.
[2026-02-19 02:06:20,049] tensorflow - Level 1 - Registering PopulationCount (None) in gradient.
[2026-02-19 02:06:20,049] tensorflow - Level 1 - Registering LeftShift (None) in gradient.
[2026-02-19 02:06:20,049] tensorflow - Level 1 - Registering RightShift (None) in gradient.
[2026-02-19 02:06:20,050] tensorflow - Level 1 - Registering StatelessMultinomial (None) in gradient.
[2026-02-19 02:06:20,053] tensorflow - Level 1 - Registering StatelessRandomBinomial (None) in gradient.
[2026-02-19 02:06:20,053] tensorflow - Level 1 - Registering StatelessRandomNormal (None) in gradient.
[2026-02-19 02:06:20,053] tensorflow - Level 1 - Registering StatelessRandomPoisson (None) in gradient.
[2026-02-19 02:06:20,053] tensorflow - Level 1 - Registering StatelessRandomUniform (None) in gradient.
[2026-02-19 02:06:20,053] tensorflow - Level 1 - Registering StatelessRandomUniformInt (None) in gradient.
[2026-02-19 02:06:20,053] tensorflow - Level 1 - Registering StatelessRandomUniformFullInt (None) in gradient.
[2026-02-19 02:06:20,053] tensorflow - Level 1 - Registering StatelessTruncatedNormal (None) in gradient.
[2026-02-19 02:06:20,053] tensorflow - Level 1 - Registering StatelessRandomNormalV2 (None) in gradient.
[2026-02-19 02:06:20,053] tensorflow - Level 1 - Registering StatelessRandomUniformV2 (None) in gradient.
[2026-02-19 02:06:20,053] tensorflow - Level 1 - Registering StatelessRandomUniformIntV2 (None) in gradient.
[2026-02-19 02:06:20,053] tensorflow - Level 1 - Registering StatelessRandomUniformFullIntV2 (None) in gradient.
[2026-02-19 02:06:20,053] tensorflow - Level 1 - Registering StatelessTruncatedNormalV2 (None) in gradient.
[2026-02-19 02:06:20,053] tensorflow - Level 1 - Registering StatelessRandomShuffle (None) in gradient.
[2026-02-19 02:06:20,055] tensorflow - Level 1 - Registering RandomIndexShuffle (None) in gradient.
[2026-02-19 02:06:20,066] tensorflow - Level 1 - Registering Conv3D,flops (<function _calc_conv3d_flops at 0x0000026689BED080>) in statistical functions.
[2026-02-19 02:06:20,069] tensorflow - Level 1 - Registering Conv2D,flops (<function _calc_conv_flops at 0x0000026689BED260>) in statistical functions.
[2026-02-19 02:06:20,069] tensorflow - Level 1 - Registering DepthwiseConv2dNative,flops (<function _calc_depthwise_conv_flops at 0x0000026689BED800>) in statistical functions.
[2026-02-19 02:06:20,070] tensorflow - Level 1 - Registering BiasAdd,flops (<function _calc_bias_add_flops at 0x0000026689BED8A0>) in statistical functions.
[2026-02-19 02:06:20,072] tensorflow - Level 1 - Registering Dilation2D,flops (<function _calc_dilation2d_flops at 0x0000026689BEF380>) in statistical functions.
[2026-02-19 02:06:20,090] tensorflow - Level 1 - Registering CompositeTensorVariantFromComponents (<function _composite_tensor_to_variants_grad at 0x0000026689CEC400>) in gradient.
[2026-02-19 02:06:20,092] tensorflow - Level 1 - Registering CompositeTensorVariantToComponents (<function _composite_tensor_from_variant_grad at 0x0000026689CEC4A0>) in gradient.
[2026-02-19 02:06:20,112] tensorflow - Level 1 - Registering RaggedRange (None) in gradient.
[2026-02-19 02:06:20,120] tensorflow - Level 1 - Registering RaggedFillEmptyRows (<function _ragged_fill_empty_rows_grad at 0x0000026689D49300>) in gradient.
[2026-02-19 02:06:20,136] tensorflow - Level 1 - Registering RaggedGather (<function _ragged_gather_grad at 0x0000026689D4B1A0>) in gradient.
[2026-02-19 02:06:20,150] tensorflow - Level 1 - Registering RegexReplace (None) in gradient.
[2026-02-19 02:06:20,152] tensorflow - Level 1 - Registering StringToHashBucket (None) in gradient.
[2026-02-19 02:06:20,152] tensorflow - Level 1 - Registering StringToHashBucketFast (None) in gradient.
[2026-02-19 02:06:20,152] tensorflow - Level 1 - Registering StringToHashBucketStrong (None) in gradient.
[2026-02-19 02:06:20,152] tensorflow - Level 1 - Registering ReduceJoin (None) in gradient.
[2026-02-19 02:06:20,152] tensorflow - Level 1 - Registering StringJoin (None) in gradient.
[2026-02-19 02:06:20,152] tensorflow - Level 1 - Registering StringSplit (None) in gradient.
[2026-02-19 02:06:20,152] tensorflow - Level 1 - Registering AsString (None) in gradient.
[2026-02-19 02:06:20,152] tensorflow - Level 1 - Registering EncodeBase64 (None) in gradient.
[2026-02-19 02:06:20,152] tensorflow - Level 1 - Registering DecodeBase64 (None) in gradient.
[2026-02-19 02:06:20,154] tensorflow - Level 1 - Registering Print (<function _PrintGrad at 0x0000026689D89E40>) in gradient.
[2026-02-19 02:06:20,154] tensorflow - Level 1 - Registering HistogramSummary (None) in gradient.
[2026-02-19 02:06:20,154] tensorflow - Level 1 - Registering ImageSummary (None) in gradient.
[2026-02-19 02:06:20,154] tensorflow - Level 1 - Registering AudioSummary (None) in gradient.
[2026-02-19 02:06:20,154] tensorflow - Level 1 - Registering AudioSummaryV2 (None) in gradient.
[2026-02-19 02:06:20,158] tensorflow - Level 1 - Registering MergeSummary (None) in gradient.
[2026-02-19 02:06:20,158] tensorflow - Level 1 - Registering ScalarSummary (None) in gradient.
[2026-02-19 02:06:20,158] tensorflow - Level 1 - Registering TensorSummary (None) in gradient.
[2026-02-19 02:06:20,158] tensorflow - Level 1 - Registering TensorSummaryV2 (None) in gradient.
[2026-02-19 02:06:20,158] tensorflow - Level 1 - Registering Timestamp (None) in gradient.
[2026-02-19 02:06:20,203] tensorflow - Level 1 - Registering XlaEinsum (<function _einsum_grad at 0x0000026689E34EA0>) in gradient.
[2026-02-19 02:06:20,214] tensorflow - Level 1 - Registering RaggedTensorToTensor (<function _ragged_tensor_to_tensor_grad at 0x0000026689E69E40>) in gradient.
[2026-02-19 02:06:20,216] tensorflow - Level 1 - Registering RaggedTensorFromVariant (<function _ragged_tensor_from_variant_grad at 0x0000026689E6A0C0>) in gradient.
[2026-02-19 02:06:20,217] tensorflow - Level 1 - Registering RaggedTensorToVariant (<function _ragged_tensor_to_variant_grad at 0x0000026689E6A160>) in gradient.
[2026-02-19 02:06:20,225] tensorflow - Level 1 - Registering ClipByValue (<function _clip_by_value_grad at 0x0000026689E6A840>) in gradient.
[2026-02-19 02:06:20,229] tensorflow - Level 1 - Registering DynamicPartition (<function _DynamicPartitionGrads at 0x0000026689E6B240>) in gradient.
[2026-02-19 02:06:20,230] tensorflow - Level 1 - Registering ParallelDynamicStitch (<function _DynamicStitchGrads at 0x0000026689E6B560>) in gradient.
[2026-02-19 02:06:20,230] tensorflow - Level 1 - Registering DynamicStitch (<function _DynamicStitchGrads at 0x0000026689E6B560>) in gradient.
[2026-02-19 02:06:20,231] tensorflow - Level 1 - Registering Queue (None) in gradient.
[2026-02-19 02:06:20,231] tensorflow - Level 1 - Registering QueueEnqueue (None) in gradient.
[2026-02-19 02:06:20,231] tensorflow - Level 1 - Registering QueueEnqueueMany (None) in gradient.
[2026-02-19 02:06:20,231] tensorflow - Level 1 - Registering QueueDequeue (None) in gradient.
[2026-02-19 02:06:20,231] tensorflow - Level 1 - Registering QueueDequeueMany (None) in gradient.
[2026-02-19 02:06:20,232] tensorflow - Level 1 - Registering QueueDequeueUpTo (None) in gradient.
[2026-02-19 02:06:20,232] tensorflow - Level 1 - Registering QueueClose (None) in gradient.
[2026-02-19 02:06:20,232] tensorflow - Level 1 - Registering QueueSize (None) in gradient.
[2026-02-19 02:06:20,232] tensorflow - Level 1 - Registering Stack (None) in gradient.
[2026-02-19 02:06:20,232] tensorflow - Level 1 - Registering StackPush (None) in gradient.
[2026-02-19 02:06:20,232] tensorflow - Level 1 - Registering StackPop (None) in gradient.
[2026-02-19 02:06:20,233] tensorflow - Level 1 - Registering StackClose (None) in gradient.
[2026-02-19 02:06:20,233] tensorflow - Level 1 - Registering GetSessionHandle (None) in gradient.
[2026-02-19 02:06:20,233] tensorflow - Level 1 - Registering GetSessionHandleV2 (None) in gradient.
[2026-02-19 02:06:20,233] tensorflow - Level 1 - Registering GetSessionTensor (None) in gradient.
[2026-02-19 02:06:20,233] tensorflow - Level 1 - Registering DeleteSessionTensor (None) in gradient.
[2026-02-19 02:06:20,292] tensorflow - Level 1 - Registering TPUReplicatedInput (None) in gradient.
[2026-02-19 02:06:20,294] tensorflow - Level 1 - Registering AllToAll (<function _all_to_all_grad at 0x0000026689FE58A0>) in gradient.
[2026-02-19 02:06:20,294] tensorflow - Level 1 - Registering CollectivePermute (<function _collective_permute_grad at 0x0000026689FE5A80>) in gradient.
[2026-02-19 02:06:20,294] tensorflow - Level 1 - Registering CrossReplicaSum (<function _cross_replica_sum_grad at 0x0000026689FE5B20>) in gradient.
[2026-02-19 02:06:20,295] tensorflow - Level 1 - Registering TPUEmbeddingActivations (<function _embedding_activations_grad at 0x0000026689FE5BC0>) in gradient.
[2026-02-19 02:06:20,327] tensorflow - Level 1 - Registering XlaClusterOutput (<function _XlaClusterOutputGrad at 0x000002668A0500E0>) in gradient.
[2026-02-19 02:06:20,333] tensorflow - Level 1 - Registering Pack (<function _PackGrad at 0x000002668A051260>) in gradient.
[2026-02-19 02:06:20,336] tensorflow - Level 1 - Registering Unpack (<function _UnpackGrad at 0x000002668A0513A0>) in gradient.
[2026-02-19 02:06:20,336] tensorflow - Level 1 - Registering Concat (<function _ConcatGrad at 0x000002668A051580>) in gradient.
[2026-02-19 02:06:20,336] tensorflow - Level 1 - Registering ConcatV2 (<function _ConcatGradV2 at 0x000002668A051620>) in gradient.
[2026-02-19 02:06:20,337] tensorflow - Level 1 - Registering ConcatOffset (None) in gradient.
[2026-02-19 02:06:20,337] tensorflow - Level 1 - Registering Slice (<function _SliceGrad at 0x000002668A0516C0>) in gradient.
[2026-02-19 02:06:20,337] tensorflow - Level 1 - Registering StridedSlice (<function _StridedSliceGrad at 0x000002668A0518A0>) in gradient.
[2026-02-19 02:06:20,337] tensorflow - Level 1 - Registering StridedSliceGrad (<function _StridedSliceGradGrad at 0x000002668A051940>) in gradient.
[2026-02-19 02:06:20,338] tensorflow - Level 1 - Registering TensorStridedSliceUpdate (<function _TensorStridedSliceUpdateGrad at 0x000002668A0519E0>) in gradient.
[2026-02-19 02:06:20,338] tensorflow - Level 1 - Registering Split (<function _SplitGrad at 0x000002668A051A80>) in gradient.
[2026-02-19 02:06:20,338] tensorflow - Level 1 - Registering SplitV (<function _SplitVGrad at 0x000002668A051B20>) in gradient.
[2026-02-19 02:06:20,338] tensorflow - Level 1 - Registering Const (None) in gradient.
[2026-02-19 02:06:20,339] tensorflow - Level 1 - Registering Diag (<function _DiagGrad at 0x000002668A051BC0>) in gradient.
[2026-02-19 02:06:20,339] tensorflow - Level 1 - Registering DiagPart (<function _DiagPartGrad at 0x000002668A051C60>) in gradient.
[2026-02-19 02:06:20,339] tensorflow - Level 1 - Registering MatrixDiag (<function _MatrixDiagGrad at 0x000002668A051D00>) in gradient.
[2026-02-19 02:06:20,339] tensorflow - Level 1 - Registering MatrixDiagV2 (<function _MatrixDiagV2Grad at 0x000002668A051DA0>) in gradient.
[2026-02-19 02:06:20,340] tensorflow - Level 1 - Registering MatrixDiagV3 (<function _MatrixDiagV3Grad at 0x000002668A051E40>) in gradient.
[2026-02-19 02:06:20,340] tensorflow - Level 1 - Registering MatrixDiagPart (<function _MatrixDiagPartGrad at 0x000002668A051EE0>) in gradient.
[2026-02-19 02:06:20,340] tensorflow - Level 1 - Registering MatrixDiagPartV2 (<function _MatrixDiagPartV2Grad at 0x000002668A051F80>) in gradient.
[2026-02-19 02:06:20,340] tensorflow - Level 1 - Registering MatrixDiagPartV3 (<function _MatrixDiagPartV3Grad at 0x000002668A052020>) in gradient.
[2026-02-19 02:06:20,341] tensorflow - Level 1 - Registering MatrixSetDiag (<function _MatrixSetDiagGrad at 0x000002668A0520C0>) in gradient.
[2026-02-19 02:06:20,341] tensorflow - Level 1 - Registering MatrixSetDiagV2 (<function _MatrixSetDiagGradV2 at 0x000002668A052160>) in gradient.
[2026-02-19 02:06:20,341] tensorflow - Level 1 - Registering MatrixSetDiagV3 (<function _MatrixSetDiagGradV3 at 0x000002668A052200>) in gradient.
[2026-02-19 02:06:20,341] tensorflow - Level 1 - Registering MatrixBandPart (<function _MatrixBandPartGrad at 0x000002668A0522A0>) in gradient.
[2026-02-19 02:06:20,342] tensorflow - Level 1 - Registering EditDistance (None) in gradient.
[2026-02-19 02:06:20,342] tensorflow - Level 1 - Registering Fill (<function _FillGrad at 0x000002668A052340>) in gradient.
[2026-02-19 02:06:20,342] tensorflow - Level 1 - Registering ZerosLike (None) in gradient.
[2026-02-19 02:06:20,342] tensorflow - Level 1 - Registering OnesLike (None) in gradient.
[2026-02-19 02:06:20,343] tensorflow - Level 1 - Registering PreventGradient (<function _PreventGradientGrad at 0x000002668A0523E0>) in gradient.
[2026-02-19 02:06:20,343] tensorflow - Level 1 - Registering Gather (<function _GatherGrad at 0x000002668A052520>) in gradient.
[2026-02-19 02:06:20,343] tensorflow - Level 1 - Registering GatherV2 (<function _GatherV2Grad at 0x000002668A052700>) in gradient.
[2026-02-19 02:06:20,343] tensorflow - Level 1 - Registering GatherNd (<function _GatherNdGrad at 0x000002668A0527A0>) in gradient.
[2026-02-19 02:06:20,343] tensorflow - Level 1 - Registering ResourceGatherNd (<function _ResourceGatherNdGrad at 0x000002668A052840>) in gradient.
[2026-02-19 02:06:20,344] tensorflow - Level 1 - Registering CheckNumerics (<function _CheckNumericsGrad at 0x000002668A0528E0>) in gradient.
[2026-02-19 02:06:20,344] tensorflow - Level 1 - Registering CheckNumericsV2 (<function _CheckNumericsV2Grad at 0x000002668A052980>) in gradient.
[2026-02-19 02:06:20,344] tensorflow - Level 1 - Registering Identity (<function _IdGrad at 0x000002668A052A20>) in gradient.
[2026-02-19 02:06:20,345] tensorflow - Level 1 - Registering PlaceholderWithDefault (<function _IdGrad at 0x000002668A052A20>) in gradient.
[2026-02-19 02:06:20,345] tensorflow - Level 1 - Registering _EagerConst (<function _EagerConstGrad at 0x000002668A052AC0>) in gradient.
[2026-02-19 02:06:20,345] tensorflow - Level 1 - Registering RefIdentity (<function _RefIdGrad at 0x000002668A052B60>) in gradient.
[2026-02-19 02:06:20,345] tensorflow - Level 1 - Registering IdentityN (<function _IdNGrad at 0x000002668A052C00>) in gradient.
[2026-02-19 02:06:20,345] tensorflow - Level 1 - Registering StopGradient (None) in gradient.
[2026-02-19 02:06:20,345] tensorflow - Level 1 - Registering Reshape (<function _ReshapeGrad at 0x000002668A052CA0>) in gradient.
[2026-02-19 02:06:20,345] tensorflow - Level 1 - Registering InvertPermutation (None) in gradient.
[2026-02-19 02:06:20,345] tensorflow - Level 1 - Registering ExpandDims (<function _ExpandDimsGrad at 0x000002668A052DE0>) in gradient.
[2026-02-19 02:06:20,345] tensorflow - Level 1 - Registering Squeeze (<function _SqueezeGrad at 0x000002668A052E80>) in gradient.
[2026-02-19 02:06:20,345] tensorflow - Level 1 - Registering Transpose (<function _TransposeGrad at 0x000002668A052F20>) in gradient.
[2026-02-19 02:06:20,345] tensorflow - Level 1 - Registering ConjugateTranspose (<function _ConjugateTransposeGrad at 0x000002668A052FC0>) in gradient.
[2026-02-19 02:06:20,347] tensorflow - Level 1 - Registering Shape (None) in gradient.
[2026-02-19 02:06:20,347] tensorflow - Level 1 - Registering ShapeN (None) in gradient.
[2026-02-19 02:06:20,347] tensorflow - Level 1 - Registering Rank (None) in gradient.
[2026-02-19 02:06:20,347] tensorflow - Level 1 - Registering Size (None) in gradient.
[2026-02-19 02:06:20,347] tensorflow - Level 1 - Registering Tile (<function _TileGrad at 0x000002668A053060>) in gradient.
[2026-02-19 02:06:20,347] tensorflow - Level 1 - Registering BroadcastGradientArgs (None) in gradient.
[2026-02-19 02:06:20,348] tensorflow - Level 1 - Registering Pad (<function _PadGrad at 0x000002668A053100>) in gradient.
[2026-02-19 02:06:20,348] tensorflow - Level 1 - Registering PadV2 (<function _PadGrad at 0x000002668A053100>) in gradient.
[2026-02-19 02:06:20,348] tensorflow - Level 1 - Registering ReverseSequence (<function _ReverseSequenceGrad at 0x000002668A0531A0>) in gradient.
[2026-02-19 02:06:20,348] tensorflow - Level 1 - Registering Reverse (<function _ReverseGrad at 0x000002668A053240>) in gradient.
[2026-02-19 02:06:20,348] tensorflow - Level 1 - Registering ReverseV2 (<function _ReverseV2Grad at 0x000002668A0532E0>) in gradient.
[2026-02-19 02:06:20,348] tensorflow - Level 1 - Registering SpaceToBatch (<function _SpaceToBatchGrad at 0x000002668A053380>) in gradient.
[2026-02-19 02:06:20,349] tensorflow - Level 1 - Registering SpaceToBatchND (<function _SpaceToBatchNDGrad at 0x000002668A053420>) in gradient.
[2026-02-19 02:06:20,349] tensorflow - Level 1 - Registering BatchToSpace (<function _BatchToSpaceGrad at 0x000002668A0534C0>) in gradient.
[2026-02-19 02:06:20,349] tensorflow - Level 1 - Registering BatchToSpaceND (<function _BatchToSpaceNDGrad at 0x000002668A053560>) in gradient.
[2026-02-19 02:06:20,349] tensorflow - Level 1 - Registering SpaceToDepth (<function _SpaceToDepthGrad at 0x000002668A053600>) in gradient.
[2026-02-19 02:06:20,349] tensorflow - Level 1 - Registering DepthToSpace (<function _DepthToSpaceGrad at 0x000002668A0536A0>) in gradient.
[2026-02-19 02:06:20,349] tensorflow - Level 1 - Registering OneHot (None) in gradient.
[2026-02-19 02:06:20,349] tensorflow - Level 1 - Registering MirrorPad (<function _MirrorPadGrad at 0x000002668A053740>) in gradient.
[2026-02-19 02:06:20,350] tensorflow - Level 1 - Registering MirrorPadGrad (<function _MirrorPadGradGrad at 0x000002668A0537E0>) in gradient.
[2026-02-19 02:06:20,350] tensorflow - Level 1 - Registering FakeQuantWithMinMaxArgsGradient (None) in gradient.
[2026-02-19 02:06:20,350] tensorflow - Level 1 - Registering FakeQuantWithMinMaxVarsGradient (None) in gradient.
[2026-02-19 02:06:20,350] tensorflow - Level 1 - Registering FakeQuantWithMinMaxVarsPerChannelGradient (None) in gradient.
[2026-02-19 02:06:20,350] tensorflow - Level 1 - Registering QuantizeAndDequantize (<function _QuantizeAndDequantizeGrad at 0x000002668A053880>) in gradient.
[2026-02-19 02:06:20,350] tensorflow - Level 1 - Registering QuantizeAndDequantizeV2 (<function _QuantizeAndDequantizeV2Grad at 0x000002668A0539C0>) in gradient.
[2026-02-19 02:06:20,350] tensorflow - Level 1 - Registering QuantizeAndDequantizeV3 (<function _QuantizeAndDequantizeV3Grad at 0x000002668A053A60>) in gradient.
[2026-02-19 02:06:20,350] tensorflow - Level 1 - Registering ExtractImagePatches (<function _ExtractImagePatchesGrad at 0x000002668A053920>) in gradient.
[2026-02-19 02:06:20,350] tensorflow - Level 1 - Registering ExtractVolumePatches (<function _ExtractVolumePatchesGrad at 0x000002668A053B00>) in gradient.
[2026-02-19 02:06:20,351] tensorflow - Level 1 - Registering ScatterNd (<function _ScatterNdGrad at 0x000002668A053BA0>) in gradient.
[2026-02-19 02:06:20,351] tensorflow - Level 1 - Registering TensorScatterUpdate (<function _TensorScatterUpdateGrad at 0x000002668A053C40>) in gradient.
[2026-02-19 02:06:20,351] tensorflow - Level 1 - Registering TensorScatterAdd (<function _TensorScatterAddGrad at 0x000002668A053CE0>) in gradient.
[2026-02-19 02:06:20,351] tensorflow - Level 1 - Registering TensorScatterMax (<function _TensorScatterMaxGrad at 0x000002668A053E20>) in gradient.
[2026-02-19 02:06:20,351] tensorflow - Level 1 - Registering TensorScatterMin (<function _TensorScatterMinGrad at 0x000002668A053EC0>) in gradient.
[2026-02-19 02:06:20,351] tensorflow - Level 1 - Registering TensorScatterSub (<function _TensorScatterSubGrad at 0x000002668A053F60>) in gradient.
[2026-02-19 02:06:20,351] tensorflow - Level 1 - Registering ScatterNdNonAliasingAdd (<function _ScatterNdNonAliasingAddGrad at 0x000002668A074040>) in gradient.
[2026-02-19 02:06:20,351] tensorflow - Level 1 - Registering BroadcastTo (<function _BroadcastToGrad at 0x000002668A0740E0>) in gradient.
[2026-02-19 02:06:20,353] tensorflow - Level 1 - Registering Switch (<function _SwitchGrad at 0x000002668A0742C0>) in gradient.
[2026-02-19 02:06:20,355] tensorflow - Level 1 - Registering RefSwitch (<function _SwitchGrad at 0x000002668A0742C0>) in gradient.
[2026-02-19 02:06:20,356] tensorflow - Level 1 - Registering Merge (<function _MergeGrad at 0x000002668A074360>) in gradient.
[2026-02-19 02:06:20,356] tensorflow - Level 1 - Registering RefMerge (<function _RefMergeGrad at 0x000002668A0744A0>) in gradient.
[2026-02-19 02:06:20,356] tensorflow - Level 1 - Registering Exit (<function _ExitGrad at 0x000002668A074400>) in gradient.
[2026-02-19 02:06:20,356] tensorflow - Level 1 - Registering RefExit (<function _ExitGrad at 0x000002668A074400>) in gradient.
[2026-02-19 02:06:20,356] tensorflow - Level 1 - Registering NextIteration (<function _NextIterationGrad at 0x000002668A074540>) in gradient.
[2026-02-19 02:06:20,356] tensorflow - Level 1 - Registering RefNextIteration (<function _RefNextIterationGrad at 0x000002668A0745E0>) in gradient.
[2026-02-19 02:06:20,356] tensorflow - Level 1 - Registering Enter (<function _EnterGrad at 0x000002668A074680>) in gradient.
[2026-02-19 02:06:20,356] tensorflow - Level 1 - Registering RefEnter (<function _RefEnterGrad at 0x000002668A074720>) in gradient.
[2026-02-19 02:06:20,356] tensorflow - Level 1 - Registering LoopCond (<function _LoopCondGrad at 0x000002668A0747C0>) in gradient.
[2026-02-19 02:06:20,364] tensorflow - Level 1 - Registering CudnnRNN (<function _cudnn_rnn_backward at 0x000002668A074900>) in gradient.
[2026-02-19 02:06:20,366] tensorflow - Level 1 - Registering CudnnRNNV2 (<function _cudnn_rnn_backward_v2 at 0x000002668A074AE0>) in gradient.
[2026-02-19 02:06:20,367] tensorflow - Level 1 - Registering CudnnRNNV3 (<function _cudnn_rnn_backwardv3 at 0x000002668A0CCC20>) in gradient.
[2026-02-19 02:06:20,367] tensorflow - Level 1 - Registering ResizeNearestNeighbor (<function _ResizeNearestNeighborGrad at 0x000002668A0CCB80>) in gradient.
[2026-02-19 02:06:20,367] tensorflow - Level 1 - Registering ResizeBilinear (<function _ResizeBilinearGrad at 0x000002668A0CCCC0>) in gradient.
[2026-02-19 02:06:20,367] tensorflow - Level 1 - Registering ResizeBilinearGrad (None) in gradient.
[2026-02-19 02:06:20,367] tensorflow - Level 1 - Registering ScaleAndTranslate (<function _ScaleAndTranslateGrad at 0x000002668A0CCEA0>) in gradient.
[2026-02-19 02:06:20,373] tensorflow - Level 1 - Registering ResizeBicubic (<function _ResizeBicubicGrad at 0x000002668A0CCE00>) in gradient.
[2026-02-19 02:06:20,373] tensorflow - Level 1 - Registering CropAndResize (<function _CropAndResizeGrad at 0x000002668A0CCF40>) in gradient.
[2026-02-19 02:06:20,373] tensorflow - Level 1 - Registering RGBToHSV (<function _RGBToHSVGrad at 0x000002668A0CD080>) in gradient.
[2026-02-19 02:06:20,385] tensorflow - Level 1 - Registering ReaderRead (None) in gradient.
[2026-02-19 02:06:20,386] tensorflow - Level 1 - Registering ReaderReadUpTo (None) in gradient.
[2026-02-19 02:06:20,386] tensorflow - Level 1 - Registering ReaderNumRecordsProduced (None) in gradient.
[2026-02-19 02:06:20,386] tensorflow - Level 1 - Registering ReaderNumWorkUnitsCompleted (None) in gradient.
[2026-02-19 02:06:20,387] tensorflow - Level 1 - Registering ReaderSerializeState (None) in gradient.
[2026-02-19 02:06:20,387] tensorflow - Level 1 - Registering ReaderRestoreState (None) in gradient.
[2026-02-19 02:06:20,387] tensorflow - Level 1 - Registering ReaderReset (None) in gradient.
[2026-02-19 02:06:20,387] tensorflow - Level 1 - Registering WholeFileReader (None) in gradient.
[2026-02-19 02:06:20,388] tensorflow - Level 1 - Registering TextLineReader (None) in gradient.
[2026-02-19 02:06:20,388] tensorflow - Level 1 - Registering FixedLengthRecordReader (None) in gradient.
[2026-02-19 02:06:20,389] tensorflow - Level 1 - Registering TFRecordReader (None) in gradient.
[2026-02-19 02:06:20,389] tensorflow - Level 1 - Registering LMDBReader (None) in gradient.
[2026-02-19 02:06:20,389] tensorflow - Level 1 - Registering IdentityReader (None) in gradient.
[2026-02-19 02:06:20,399] tensorflow - Level 1 - Registering MatrixInverse (<function _MatrixInverseGrad at 0x000002668A11A520>) in gradient.
[2026-02-19 02:06:20,401] tensorflow - Level 1 - Registering Einsum (<function _EinsumGrad at 0x000002668A11A7A0>) in gradient.
[2026-02-19 02:06:20,402] tensorflow - Level 1 - Registering MatrixDeterminant (<function _MatrixDeterminantGrad at 0x000002668A14CC20>) in gradient.
[2026-02-19 02:06:20,402] tensorflow - Level 1 - Registering MatrixSquareRoot (<function _MatrixSquareRootGrad at 0x000002668A14CD60>) in gradient.
[2026-02-19 02:06:20,402] tensorflow - Level 1 - Registering LogMatrixDeterminant (<function _LogMatrixDeterminantGrad at 0x000002668A14CE00>) in gradient.
[2026-02-19 02:06:20,402] tensorflow - Level 1 - Registering Cholesky (<function _CholeskyGrad at 0x000002668A14CEA0>) in gradient.
[2026-02-19 02:06:20,402] tensorflow - Level 1 - Registering Qr (<function _QrGrad at 0x000002668A14CF40>) in gradient.
[2026-02-19 02:06:20,402] tensorflow - Level 1 - Registering MatrixSolve (<function _MatrixSolveGrad at 0x000002668A14CFE0>) in gradient.
[2026-02-19 02:06:20,403] tensorflow - Level 1 - Registering MatrixSolveLs (<function _MatrixSolveLsGrad at 0x000002668A14D080>) in gradient.
[2026-02-19 02:06:20,403] tensorflow - Level 1 - Registering BandedTriangularSolve (<function _BandedTriangularSolveGrad at 0x000002668A14D120>) in gradient.
[2026-02-19 02:06:20,403] tensorflow - Level 1 - Registering MatrixTriangularSolve (<function _MatrixTriangularSolveGrad at 0x000002668A14D1C0>) in gradient.
[2026-02-19 02:06:20,403] tensorflow - Level 1 - Registering Eig (<function _EigGrad at 0x000002668A14D300>) in gradient.
[2026-02-19 02:06:20,403] tensorflow - Level 1 - Registering SelfAdjointEigV2 (<function _SelfAdjointEigV2Grad at 0x000002668A14D3A0>) in gradient.
[2026-02-19 02:06:20,403] tensorflow - Level 1 - Registering Svd (<function _SvdGrad at 0x000002668A14D440>) in gradient.
[2026-02-19 02:06:20,403] tensorflow - Level 1 - Registering TridiagonalMatMul (<function _TridiagonalMatMulGrad at 0x000002668A14D620>) in gradient.
[2026-02-19 02:06:20,404] tensorflow - Level 1 - Registering TridiagonalSolve (<function _TridiagonalSolveGrad at 0x000002668A14D6C0>) in gradient.
[2026-02-19 02:06:20,406] tensorflow - Level 1 - Registering LookupTableFind (None) in gradient.
[2026-02-19 02:06:20,407] tensorflow - Level 1 - Registering LookupTableFindV2 (None) in gradient.
[2026-02-19 02:06:20,408] tensorflow - Level 1 - Registering LookupTableInsert (None) in gradient.
[2026-02-19 02:06:20,408] tensorflow - Level 1 - Registering LookupTableInsertV2 (None) in gradient.
[2026-02-19 02:06:20,408] tensorflow - Level 1 - Registering LookupTableSize (None) in gradient.
[2026-02-19 02:06:20,408] tensorflow - Level 1 - Registering LookupTableSizeV2 (None) in gradient.
[2026-02-19 02:06:20,408] tensorflow - Level 1 - Registering HashTable (None) in gradient.
[2026-02-19 02:06:20,408] tensorflow - Level 1 - Registering HashTableV2 (None) in gradient.
[2026-02-19 02:06:20,408] tensorflow - Level 1 - Registering InitializeTable (None) in gradient.
[2026-02-19 02:06:20,408] tensorflow - Level 1 - Registering InitializeTableV2 (None) in gradient.
[2026-02-19 02:06:20,408] tensorflow - Level 1 - Registering InitializeTableFromTextFile (None) in gradient.
[2026-02-19 02:06:20,409] tensorflow - Level 1 - Registering InitializeTableFromTextFileV2 (None) in gradient.
[2026-02-19 02:06:20,409] tensorflow - Level 1 - Registering MutableDenseHashTable (None) in gradient.
[2026-02-19 02:06:20,409] tensorflow - Level 1 - Registering MutableDenseHashTableV2 (None) in gradient.
[2026-02-19 02:06:20,409] tensorflow - Level 1 - Registering MutableHashTable (None) in gradient.
[2026-02-19 02:06:20,409] tensorflow - Level 1 - Registering MutableHashTableV2 (None) in gradient.
[2026-02-19 02:06:20,409] tensorflow - Level 1 - Registering MutableHashTableOfTensors (None) in gradient.
[2026-02-19 02:06:20,409] tensorflow - Level 1 - Registering MutableHashTableOfTensorsV2 (None) in gradient.
[2026-02-19 02:06:20,415] tensorflow - Level 1 - Registering Roll (<function _RollGrad at 0x000002668A074860>) in gradient.
[2026-02-19 02:06:20,419] tensorflow - Level 1 - Registering ArgMax (<function _ArgMaxGrad at 0x000002668A14CA40>) in gradient.
[2026-02-19 02:06:20,421] tensorflow - Level 1 - Registering ArgMin (<function _ArgMinGrad at 0x000002668A14E7A0>) in gradient.
[2026-02-19 02:06:20,422] tensorflow - Level 1 - Registering EuclideanNorm (<function _EuclideanNormGrad at 0x000002668A14EA20>) in gradient.
[2026-02-19 02:06:20,422] tensorflow - Level 1 - Registering Sum (<function _SumGrad at 0x000002668A14EE80>) in gradient.
[2026-02-19 02:06:20,422] tensorflow - Level 1 - Registering Max (<function _MaxGrad at 0x000002668A14EFC0>) in gradient.
[2026-02-19 02:06:20,422] tensorflow - Level 1 - Registering Min (<function _MinGrad at 0x000002668A14F060>) in gradient.
[2026-02-19 02:06:20,422] tensorflow - Level 1 - Registering Mean (<function _MeanGrad at 0x000002668A14F100>) in gradient.
[2026-02-19 02:06:20,422] tensorflow - Level 1 - Registering Prod (<function _ProdGrad at 0x000002668A14F1A0>) in gradient.
[2026-02-19 02:06:20,422] tensorflow - Level 1 - Registering SegmentSum (<function _SegmentSumGrad at 0x000002668A14F240>) in gradient.
[2026-02-19 02:06:20,422] tensorflow - Level 1 - Registering SegmentMean (<function _SegmentMeanGrad at 0x000002668A14F2E0>) in gradient.
[2026-02-19 02:06:20,422] tensorflow - Level 1 - Registering SparseSegmentSum (<function _SparseSegmentSumGrad at 0x000002668A14F4C0>) in gradient.
[2026-02-19 02:06:20,423] tensorflow - Level 1 - Registering SparseSegmentSumWithNumSegments (<function _SparseSegmentSumWithNumSegmentsGrad at 0x000002668A14F560>) in gradient.
[2026-02-19 02:06:20,423] tensorflow - Level 1 - Registering SparseSegmentMean (<function _SparseSegmentMeanGrad at 0x000002668A14F600>) in gradient.
[2026-02-19 02:06:20,423] tensorflow - Level 1 - Registering SparseSegmentMeanWithNumSegments (<function _SparseSegmentMeanWithNumSegmentsGrad at 0x000002668A14F6A0>) in gradient.
[2026-02-19 02:06:20,423] tensorflow - Level 1 - Registering SparseSegmentSqrtN (<function _SparseSegmentSqrtNGrad at 0x000002668A14F740>) in gradient.
[2026-02-19 02:06:20,423] tensorflow - Level 1 - Registering SparseSegmentSqrtNWithNumSegments (<function _SparseSegmentSqrtNWithNumSegmentsGrad at 0x000002668A14F7E0>) in gradient.
[2026-02-19 02:06:20,423] tensorflow - Level 1 - Registering SegmentMin (<function _SegmentMinGrad at 0x000002668A14F920>) in gradient.
[2026-02-19 02:06:20,423] tensorflow - Level 1 - Registering SegmentMax (<function _SegmentMaxGrad at 0x000002668A14F9C0>) in gradient.
[2026-02-19 02:06:20,423] tensorflow - Level 1 - Registering SegmentProd (<function _SegmentProdGrad at 0x000002668A14FA60>) in gradient.
[2026-02-19 02:06:20,423] tensorflow - Level 1 - Registering UnsortedSegmentSum (<function _UnsortedSegmentSumGrad at 0x000002668A14FC40>) in gradient.
[2026-02-19 02:06:20,423] tensorflow - Level 1 - Registering UnsortedSegmentMax (<function _UnsortedSegmentMaxGrad at 0x000002668A14FCE0>) in gradient.
[2026-02-19 02:06:20,424] tensorflow - Level 1 - Registering UnsortedSegmentMin (<function _UnsortedSegmentMinGrad at 0x000002668A14FD80>) in gradient.
[2026-02-19 02:06:20,424] tensorflow - Level 1 - Registering UnsortedSegmentProd (<function _UnsortedSegmentProdGrad at 0x000002668A14FE20>) in gradient.
[2026-02-19 02:06:20,424] tensorflow - Level 1 - Registering Abs (<function _AbsGrad at 0x000002668A14FEC0>) in gradient.
[2026-02-19 02:06:20,424] tensorflow - Level 1 - Registering Neg (<function _NegGrad at 0x000002668A14FF60>) in gradient.
[2026-02-19 02:06:20,424] tensorflow - Level 1 - Registering Inv (<function _InvGrad at 0x000002668A1BC040>) in gradient.
[2026-02-19 02:06:20,424] tensorflow - Level 1 - Registering Reciprocal (<function _ReciprocalGrad at 0x000002668A1BC0E0>) in gradient.
[2026-02-19 02:06:20,424] tensorflow - Level 1 - Registering InvGrad (<function _InvGradGrad at 0x000002668A1BC180>) in gradient.
[2026-02-19 02:06:20,424] tensorflow - Level 1 - Registering ReciprocalGrad (<function _ReciprocalGradGrad at 0x000002668A1BC220>) in gradient.
[2026-02-19 02:06:20,424] tensorflow - Level 1 - Registering Square (<function _SquareGrad at 0x000002668A1BC2C0>) in gradient.
[2026-02-19 02:06:20,425] tensorflow - Level 1 - Registering Sqrt (<function _SqrtGrad at 0x000002668A1BC360>) in gradient.
[2026-02-19 02:06:20,425] tensorflow - Level 1 - Registering SqrtGrad (<function _SqrtGradGrad at 0x000002668A1BC400>) in gradient.
[2026-02-19 02:06:20,425] tensorflow - Level 1 - Registering Rsqrt (<function _RsqrtGrad at 0x000002668A1BC4A0>) in gradient.
[2026-02-19 02:06:20,425] tensorflow - Level 1 - Registering RsqrtGrad (<function _RsqrtGradGrad at 0x000002668A1BC540>) in gradient.
[2026-02-19 02:06:20,425] tensorflow - Level 1 - Registering Exp (<function _ExpGrad at 0x000002668A1BC5E0>) in gradient.
[2026-02-19 02:06:20,425] tensorflow - Level 1 - Registering Expm1 (<function _Expm1Grad at 0x000002668A1BC680>) in gradient.
[2026-02-19 02:06:20,425] tensorflow - Level 1 - Registering Log (<function _LogGrad at 0x000002668A1BC720>) in gradient.
[2026-02-19 02:06:20,425] tensorflow - Level 1 - Registering Log1p (<function _Log1pGrad at 0x000002668A1BC7C0>) in gradient.
[2026-02-19 02:06:20,425] tensorflow - Level 1 - Registering Xlogy (<function _XLogyGrad at 0x000002668A1BC860>) in gradient.
[2026-02-19 02:06:20,426] tensorflow - Level 1 - Registering Xlog1py (<function _XLog1pyGrad at 0x000002668A1BC900>) in gradient.
[2026-02-19 02:06:20,426] tensorflow - Level 1 - Registering Xdivy (<function _XDivyGrad at 0x000002668A1BC9A0>) in gradient.
[2026-02-19 02:06:20,426] tensorflow - Level 1 - Registering Sinh (<function _SinhGrad at 0x000002668A1BCA40>) in gradient.
[2026-02-19 02:06:20,426] tensorflow - Level 1 - Registering Cosh (<function _CoshGrad at 0x000002668A1BCAE0>) in gradient.
[2026-02-19 02:06:20,426] tensorflow - Level 1 - Registering Tanh (<function _TanhGrad at 0x000002668A1BCB80>) in gradient.
[2026-02-19 02:06:20,426] tensorflow - Level 1 - Registering Asinh (<function _AsinhGrad at 0x000002668A1BCC20>) in gradient.
[2026-02-19 02:06:20,426] tensorflow - Level 1 - Registering Acosh (<function _AcoshGrad at 0x000002668A1BCCC0>) in gradient.
[2026-02-19 02:06:20,426] tensorflow - Level 1 - Registering Atanh (<function _AtanhGrad at 0x000002668A1BCD60>) in gradient.
[2026-02-19 02:06:20,426] tensorflow - Level 1 - Registering TanhGrad (<function _TanhGradGrad at 0x000002668A1BCE00>) in gradient.
[2026-02-19 02:06:20,427] tensorflow - Level 1 - Registering Erf (<function _ErfGrad at 0x000002668A1BCEA0>) in gradient.
[2026-02-19 02:06:20,427] tensorflow - Level 1 - Registering Erfc (<function _ErfcGrad at 0x000002668A1BCF40>) in gradient.
[2026-02-19 02:06:20,427] tensorflow - Level 1 - Registering Erfinv (<function _ErfinvGrad at 0x000002668A1BCFE0>) in gradient.
[2026-02-19 02:06:20,427] tensorflow - Level 1 - Registering Ndtri (<function _NdtriGrad at 0x000002668A1BD080>) in gradient.
[2026-02-19 02:06:20,427] tensorflow - Level 1 - Registering Lgamma (<function _LgammaGrad at 0x000002668A1BD120>) in gradient.
[2026-02-19 02:06:20,427] tensorflow - Level 1 - Registering Digamma (<function _DigammaGrad at 0x000002668A1BD1C0>) in gradient.
[2026-02-19 02:06:20,427] tensorflow - Level 1 - Registering Dawsn (<function _DawsnGrad at 0x000002668A1BD260>) in gradient.
[2026-02-19 02:06:20,427] tensorflow - Level 1 - Registering Expint (<function _ExpintGrad at 0x000002668A1BD300>) in gradient.
[2026-02-19 02:06:20,427] tensorflow - Level 1 - Registering FresnelCos (<function _FresnelCosGrad at 0x000002668A1BD3A0>) in gradient.
[2026-02-19 02:06:20,427] tensorflow - Level 1 - Registering FresnelSin (<function _FresnelSinGrad at 0x000002668A1BD440>) in gradient.
[2026-02-19 02:06:20,428] tensorflow - Level 1 - Registering Spence (<function _SpenceGrad at 0x000002668A1BD4E0>) in gradient.
[2026-02-19 02:06:20,428] tensorflow - Level 1 - Registering BesselI0 (<function _BesselI0Grad at 0x000002668A1BD580>) in gradient.
[2026-02-19 02:06:20,428] tensorflow - Level 1 - Registering BesselI0e (<function _BesselI0eGrad at 0x000002668A1BD620>) in gradient.
[2026-02-19 02:06:20,428] tensorflow - Level 1 - Registering BesselI1 (<function _BesselI1Grad at 0x000002668A1BD6C0>) in gradient.
[2026-02-19 02:06:20,428] tensorflow - Level 1 - Registering BesselI1e (<function _BesselI1eGrad at 0x000002668A1BD760>) in gradient.
[2026-02-19 02:06:20,428] tensorflow - Level 1 - Registering BesselK0 (<function _BesselK0Grad at 0x000002668A1BD800>) in gradient.
[2026-02-19 02:06:20,428] tensorflow - Level 1 - Registering BesselK0e (<function _BesselK0eGrad at 0x000002668A1BD8A0>) in gradient.
[2026-02-19 02:06:20,429] tensorflow - Level 1 - Registering BesselK1 (<function _BesselK1Grad at 0x000002668A1BD940>) in gradient.
[2026-02-19 02:06:20,429] tensorflow - Level 1 - Registering BesselK1e (<function _BesselK1eGrad at 0x000002668A1BD9E0>) in gradient.
[2026-02-19 02:06:20,429] tensorflow - Level 1 - Registering BesselJ0 (<function _BesselJ0Grad at 0x000002668A1BDA80>) in gradient.
[2026-02-19 02:06:20,429] tensorflow - Level 1 - Registering BesselJ1 (<function _BesselJ1Grad at 0x000002668A1BDB20>) in gradient.
[2026-02-19 02:06:20,429] tensorflow - Level 1 - Registering BesselY0 (<function _BesselY0Grad at 0x000002668A1BDBC0>) in gradient.
[2026-02-19 02:06:20,429] tensorflow - Level 1 - Registering BesselY1 (<function _BesselY1Grad at 0x000002668A1BDC60>) in gradient.
[2026-02-19 02:06:20,429] tensorflow - Level 1 - Registering Igamma (<function _IgammaGrad at 0x000002668A1BDD00>) in gradient.
[2026-02-19 02:06:20,429] tensorflow - Level 1 - Registering Igammac (<function _IgammacGrad at 0x000002668A1BDDA0>) in gradient.
[2026-02-19 02:06:20,429] tensorflow - Level 1 - Registering Betainc (<function _BetaincGrad at 0x000002668A1BDE40>) in gradient.
[2026-02-19 02:06:20,430] tensorflow - Level 1 - Registering Zeta (<function _ZetaGrad at 0x000002668A1BDEE0>) in gradient.
[2026-02-19 02:06:20,430] tensorflow - Level 1 - Registering Polygamma (<function _PolygammaGrad at 0x000002668A1BDF80>) in gradient.
[2026-02-19 02:06:20,430] tensorflow - Level 1 - Registering Sigmoid (<function _SigmoidGrad at 0x000002668A1BE020>) in gradient.
[2026-02-19 02:06:20,430] tensorflow - Level 1 - Registering SigmoidGrad (<function _SigmoidGradGrad at 0x000002668A1BE0C0>) in gradient.
[2026-02-19 02:06:20,430] tensorflow - Level 1 - Registering Sign (<function _SignGrad at 0x000002668A1BE160>) in gradient.
[2026-02-19 02:06:20,430] tensorflow - Level 1 - Registering Sin (<function _SinGrad at 0x000002668A1BE200>) in gradient.
[2026-02-19 02:06:20,430] tensorflow - Level 1 - Registering Cos (<function _CosGrad at 0x000002668A1BE2A0>) in gradient.
[2026-02-19 02:06:20,430] tensorflow - Level 1 - Registering Tan (<function _TanGrad at 0x000002668A1BE340>) in gradient.
[2026-02-19 02:06:20,430] tensorflow - Level 1 - Registering Asin (<function _AsinGrad at 0x000002668A1BE3E0>) in gradient.
[2026-02-19 02:06:20,431] tensorflow - Level 1 - Registering Acos (<function _AcosGrad at 0x000002668A1BE480>) in gradient.
[2026-02-19 02:06:20,431] tensorflow - Level 1 - Registering Atan (<function _AtanGrad at 0x000002668A1BE520>) in gradient.
[2026-02-19 02:06:20,431] tensorflow - Level 1 - Registering Atan2 (<function _Atan2Grad at 0x000002668A1BE5C0>) in gradient.
[2026-02-19 02:06:20,431] tensorflow - Level 1 - Registering AddN (<function _AddNGrad at 0x000002668A1BE660>) in gradient.
[2026-02-19 02:06:20,431] tensorflow - Level 1 - Registering AddV2 (<function _AddGrad at 0x000002668A1BE7A0>) in gradient.
[2026-02-19 02:06:20,431] tensorflow - Level 1 - Registering Add (<function _AddGrad at 0x000002668A1BE7A0>) in gradient.
[2026-02-19 02:06:20,431] tensorflow - Level 1 - Registering Sub (<function _SubGrad at 0x000002668A1BE840>) in gradient.
[2026-02-19 02:06:20,431] tensorflow - Level 1 - Registering Mul (<function _MulGrad at 0x000002668A1BE8E0>) in gradient.
[2026-02-19 02:06:20,432] tensorflow - Level 1 - Registering MulNoNan (<function _MulNoNanGrad at 0x000002668A1BE980>) in gradient.
[2026-02-19 02:06:20,432] tensorflow - Level 1 - Registering Div (<function _DivGrad at 0x000002668A1BEA20>) in gradient.
[2026-02-19 02:06:20,432] tensorflow - Level 1 - Registering FloorDiv (<function _FloorDivGrad at 0x000002668A1BEAC0>) in gradient.
[2026-02-19 02:06:20,432] tensorflow - Level 1 - Registering FloorMod (<function _FloorModGrad at 0x000002668A1BEB60>) in gradient.
[2026-02-19 02:06:20,432] tensorflow - Level 1 - Registering TruncateDiv (<function _TruncateDivGrad at 0x000002668A1BEC00>) in gradient.
[2026-02-19 02:06:20,432] tensorflow - Level 1 - Registering RealDiv (<function _RealDivGrad at 0x000002668A1BECA0>) in gradient.
[2026-02-19 02:06:20,432] tensorflow - Level 1 - Registering DivNoNan (<function _DivNoNanGrad at 0x000002668A1BED40>) in gradient.
[2026-02-19 02:06:20,432] tensorflow - Level 1 - Registering Pow (<function _PowGrad at 0x000002668A1BEDE0>) in gradient.
[2026-02-19 02:06:20,432] tensorflow - Level 1 - Registering Maximum (<function _MaximumGrad at 0x000002668A1BEFC0>) in gradient.
[2026-02-19 02:06:20,433] tensorflow - Level 1 - Registering Minimum (<function _MinimumGrad at 0x000002668A1BF060>) in gradient.
[2026-02-19 02:06:20,433] tensorflow - Level 1 - Registering SquaredDifference (<function _SquaredDifferenceGrad at 0x000002668A1BF100>) in gradient.
[2026-02-19 02:06:20,433] tensorflow - Level 1 - Registering Less (None) in gradient.
[2026-02-19 02:06:20,433] tensorflow - Level 1 - Registering LessEqual (None) in gradient.
[2026-02-19 02:06:20,433] tensorflow - Level 1 - Registering Greater (None) in gradient.
[2026-02-19 02:06:20,433] tensorflow - Level 1 - Registering GreaterEqual (None) in gradient.
[2026-02-19 02:06:20,433] tensorflow - Level 1 - Registering Equal (None) in gradient.
[2026-02-19 02:06:20,433] tensorflow - Level 1 - Registering ApproximateEqual (None) in gradient.
[2026-02-19 02:06:20,433] tensorflow - Level 1 - Registering NotEqual (None) in gradient.
[2026-02-19 02:06:20,434] tensorflow - Level 1 - Registering LogicalAnd (None) in gradient.
[2026-02-19 02:06:20,434] tensorflow - Level 1 - Registering LogicalOr (None) in gradient.
[2026-02-19 02:06:20,434] tensorflow - Level 1 - Registering LogicalNot (None) in gradient.
[2026-02-19 02:06:20,434] tensorflow - Level 1 - Registering Select (<function _SelectGrad at 0x000002668A1BF1A0>) in gradient.
[2026-02-19 02:06:20,434] tensorflow - Level 1 - Registering SelectV2 (<function _SelectGradV2 at 0x000002668A1BF240>) in gradient.
[2026-02-19 02:06:20,434] tensorflow - Level 1 - Registering MatMul (<function _MatMulGrad at 0x000002668A1BF420>) in gradient.
[2026-02-19 02:06:20,434] tensorflow - Level 1 - Registering SparseMatMul (<function _SparseMatMulGrad at 0x000002668A1BF4C0>) in gradient.
[2026-02-19 02:06:20,434] tensorflow - Level 1 - Registering Floor (<function _FloorGrad at 0x000002668A1BF560>) in gradient.
[2026-02-19 02:06:20,434] tensorflow - Level 1 - Registering Ceil (<function _CeilGrad at 0x000002668A1BF600>) in gradient.
[2026-02-19 02:06:20,435] tensorflow - Level 1 - Registering Round (<function _RoundGrad at 0x000002668A1BF6A0>) in gradient.
[2026-02-19 02:06:20,435] tensorflow - Level 1 - Registering Rint (<function _RintGrad at 0x000002668A1BF740>) in gradient.
[2026-02-19 02:06:20,435] tensorflow - Level 1 - Registering BatchMatMul (<function _BatchMatMul at 0x000002668A1BF7E0>) in gradient.
[2026-02-19 02:06:20,435] tensorflow - Level 1 - Registering BatchMatMulV3 (<function _BatchMatMulV2 at 0x000002668A1BF880>) in gradient.
[2026-02-19 02:06:20,435] tensorflow - Level 1 - Registering BatchMatMulV2 (<function _BatchMatMulV2 at 0x000002668A1BF880>) in gradient.
[2026-02-19 02:06:20,435] tensorflow - Level 1 - Registering Range (None) in gradient.
[2026-02-19 02:06:20,435] tensorflow - Level 1 - Registering LinSpace (None) in gradient.
[2026-02-19 02:06:20,435] tensorflow - Level 1 - Registering Complex (<function _ComplexGrad at 0x000002668A1BF920>) in gradient.
[2026-02-19 02:06:20,435] tensorflow - Level 1 - Registering Real (<function _RealGrad at 0x000002668A1BF9C0>) in gradient.
[2026-02-19 02:06:20,436] tensorflow - Level 1 - Registering Imag (<function _ImagGrad at 0x000002668A1BFA60>) in gradient.
[2026-02-19 02:06:20,436] tensorflow - Level 1 - Registering Angle (<function _AngleGrad at 0x000002668A1BFB00>) in gradient.
[2026-02-19 02:06:20,436] tensorflow - Level 1 - Registering Conj (<function _ConjGrad at 0x000002668A1BFBA0>) in gradient.
[2026-02-19 02:06:20,436] tensorflow - Level 1 - Registering ComplexAbs (<function _ComplexAbsGrad at 0x000002668A1BFC40>) in gradient.
[2026-02-19 02:06:20,436] tensorflow - Level 1 - Registering Cast (<function _CastGrad at 0x000002668A1BFCE0>) in gradient.
[2026-02-19 02:06:20,436] tensorflow - Level 1 - Registering Cross (<function _CrossGrad at 0x000002668A1BFD80>) in gradient.
[2026-02-19 02:06:20,436] tensorflow - Level 1 - Registering Cumsum (<function _CumsumGrad at 0x000002668A1BFE20>) in gradient.
[2026-02-19 02:06:20,436] tensorflow - Level 1 - Registering Cumprod (<function _CumprodGrad at 0x000002668A1BFEC0>) in gradient.
[2026-02-19 02:06:20,436] tensorflow - Level 1 - Registering CumulativeLogsumexp (<function _CumulativeLogsumexpGrad at 0x000002668A1BFF60>) in gradient.
[2026-02-19 02:06:20,437] tensorflow - Level 1 - Registering NextAfter (<function _NextAfterGrad at 0x000002668A1CC040>) in gradient.
[2026-02-19 02:06:20,441] tensorflow - Level 1 - Registering NcclAllReduce (<function _all_sum_grad at 0x000002668A1CC400>) in gradient.
[2026-02-19 02:06:20,443] tensorflow - Level 1 - Registering NcclReduce (<function _reduce_sum_grad at 0x000002668A1CCFE0>) in gradient.
[2026-02-19 02:06:20,444] tensorflow - Level 1 - Registering NcclBroadcast (<function _broadcast_grad at 0x000002668A1CD120>) in gradient.
[2026-02-19 02:06:20,445] tensorflow - Level 1 - Registering OptionalFromValue (<function _OptionalFromValueGrad at 0x000002668A1CCD60>) in gradient.
[2026-02-19 02:06:20,447] tensorflow - Level 1 - Registering OptionalGetValue (<function _OptionalGetValueGrad at 0x000002668A1CD440>) in gradient.
[2026-02-19 02:06:20,450] tensorflow - Level 1 - Registering DecodeRaw (None) in gradient.
[2026-02-19 02:06:20,451] tensorflow - Level 1 - Registering DecodePaddedRaw (None) in gradient.
[2026-02-19 02:06:20,451] tensorflow - Level 1 - Registering ParseTensor (None) in gradient.
[2026-02-19 02:06:20,451] tensorflow - Level 1 - Registering SerializeTensor (None) in gradient.
[2026-02-19 02:06:20,452] tensorflow - Level 1 - Registering StringToNumber (None) in gradient.
[2026-02-19 02:06:20,457] tensorflow - Level 1 - Registering DecodeProtoV2 (None) in gradient.
[2026-02-19 02:06:20,459] tensorflow - Level 1 - Registering EncodeProto (None) in gradient.
[2026-02-19 02:06:20,461] tensorflow - Level 1 - Registering RandomGamma (<function _RandomGammaGrad at 0x000002668A1CE160>) in gradient.
[2026-02-19 02:06:20,462] tensorflow - Level 1 - Registering StatelessRandomGammaV2 (<function _StatelessRandomGammaV2Grad at 0x000002668A1CE2A0>) in gradient.
[2026-02-19 02:06:20,462] tensorflow - Level 1 - Registering StatelessRandomGammaV3 (<function _StatelessRandomGammaV3Grad at 0x000002668A1CE3E0>) in gradient.
[2026-02-19 02:06:20,462] tensorflow - Level 1 - Registering StatelessParameterizedTruncatedNormal (<function _StatelessParameterizedTruncatedNormalGrad at 0x000002668A1CE660>) in gradient.
[2026-02-19 02:06:20,470] tensorflow - Level 1 - Registering BlockLSTM (<function _block_lstm_grad at 0x000002668A1CE340>) in gradient.
[2026-02-19 02:06:20,472] tensorflow - Level 1 - Registering BlockLSTMV2 (<function _block_lstm_grad at 0x000002668A1CE340>) in gradient.
[2026-02-19 02:06:20,477] tensorflow - Level 1 - Registering SdcaFprint (None) in gradient.
[2026-02-19 02:06:20,479] tensorflow - Level 1 - Registering SdcaOptimizer (None) in gradient.
[2026-02-19 02:06:20,479] tensorflow - Level 1 - Registering SdcaOptimizerV2 (None) in gradient.
[2026-02-19 02:06:20,480] tensorflow - Level 1 - Registering SdcaShrinkL1 (None) in gradient.
[2026-02-19 02:06:20,487] tensorflow - Level 1 - Registering SetSize (None) in gradient.
[2026-02-19 02:06:20,490] tensorflow - Level 1 - Registering DenseToDenseSetOperation (None) in gradient.
[2026-02-19 02:06:20,490] tensorflow - Level 1 - Registering DenseToSparseSetOperation (None) in gradient.
[2026-02-19 02:06:20,490] tensorflow - Level 1 - Registering SparseToSparseSetOperation (None) in gradient.
[2026-02-19 02:06:20,493] tensorflow - Level 1 - Registering SparseAddGrad (None) in gradient.
[2026-02-19 02:06:20,494] tensorflow - Level 1 - Registering SparseConcat (None) in gradient.
[2026-02-19 02:06:20,495] tensorflow - Level 1 - Registering SparseReorder (<function _SparseReorderGrad at 0x000002668A2296C0>) in gradient.
[2026-02-19 02:06:20,495] tensorflow - Level 1 - Registering SparseAdd (<function _SparseAddGrad at 0x000002668A2298A0>) in gradient.
[2026-02-19 02:06:20,495] tensorflow - Level 1 - Registering SparseTensorDenseAdd (<function _SparseTensorDenseAddGrad at 0x000002668A229800>) in gradient.
[2026-02-19 02:06:20,495] tensorflow - Level 1 - Registering SparseReduceSum (<function _SparseReduceSumGrad at 0x000002668A229940>) in gradient.
[2026-02-19 02:06:20,495] tensorflow - Level 1 - Registering SparseSlice (<function _SparseSliceGrad at 0x000002668A2299E0>) in gradient.
[2026-02-19 02:06:20,495] tensorflow - Level 1 - Registering SparseTensorDenseMatMul (<function _SparseTensorDenseMatMulGrad at 0x000002668A229A80>) in gradient.
[2026-02-19 02:06:20,495] tensorflow - Level 1 - Registering SparseDenseCwiseAdd (<function _SparseDenseCwiseAddGrad at 0x000002668A229B20>) in gradient.
[2026-02-19 02:06:20,495] tensorflow - Level 1 - Registering SparseDenseCwiseMul (<function _SparseDenseCwiseMulGrad at 0x000002668A229C60>) in gradient.
[2026-02-19 02:06:20,496] tensorflow - Level 1 - Registering SparseDenseCwiseDiv (<function _SparseDenseCwiseDivGrad at 0x000002668A229D00>) in gradient.
[2026-02-19 02:06:20,496] tensorflow - Level 1 - Registering SparseSoftmax (<function _SparseSoftmaxGrad at 0x000002668A229DA0>) in gradient.
[2026-02-19 02:06:20,496] tensorflow - Level 1 - Registering SparseSparseMaximum (<function _SparseSparseMaximumGrad at 0x000002668A229E40>) in gradient.
[2026-02-19 02:06:20,496] tensorflow - Level 1 - Registering SparseSparseMinimum (<function _SparseSparseMinimumGrad at 0x000002668A229EE0>) in gradient.
[2026-02-19 02:06:20,496] tensorflow - Level 1 - Registering SparseFillEmptyRows (<function _SparseFillEmptyRowsGrad at 0x000002668A229F80>) in gradient.
[2026-02-19 02:06:20,496] tensorflow - Level 1 - Registering SparseToDense (<function _SparseToDenseGrad at 0x000002668A22A020>) in gradient.
[2026-02-19 02:06:20,498] tensorflow - Level 1 - Registering TensorArray (None) in gradient.
[2026-02-19 02:06:20,500] tensorflow - Level 1 - Registering TensorArrayGrad (None) in gradient.
[2026-02-19 02:06:20,501] tensorflow - Level 1 - Registering TensorArraySize (None) in gradient.
[2026-02-19 02:06:20,501] tensorflow - Level 1 - Registering TensorArrayClose (None) in gradient.
[2026-02-19 02:06:20,501] tensorflow - Level 1 - Registering TensorArrayV2 (None) in gradient.
[2026-02-19 02:06:20,501] tensorflow - Level 1 - Registering TensorArrayGradV2 (None) in gradient.
[2026-02-19 02:06:20,501] tensorflow - Level 1 - Registering TensorArraySizeV2 (None) in gradient.
[2026-02-19 02:06:20,502] tensorflow - Level 1 - Registering TensorArrayCloseV2 (None) in gradient.
[2026-02-19 02:06:20,502] tensorflow - Level 1 - Registering TensorArrayV3 (None) in gradient.
[2026-02-19 02:06:20,502] tensorflow - Level 1 - Registering TensorArrayGradV3 (None) in gradient.
[2026-02-19 02:06:20,502] tensorflow - Level 1 - Registering TensorArrayGradWithShape (None) in gradient.
[2026-02-19 02:06:20,502] tensorflow - Level 1 - Registering TensorArraySizeV3 (None) in gradient.
[2026-02-19 02:06:20,502] tensorflow - Level 1 - Registering TensorArrayCloseV3 (None) in gradient.
[2026-02-19 02:06:20,502] tensorflow - Level 1 - Registering TensorArrayReadV3 (<function _TensorArrayReadGrad at 0x000002668A22A200>) in gradient.
[2026-02-19 02:06:20,503] tensorflow - Level 1 - Registering TensorArrayReadV2 (<function _TensorArrayReadGrad at 0x000002668A22A200>) in gradient.
[2026-02-19 02:06:20,503] tensorflow - Level 1 - Registering TensorArrayRead (<function _TensorArrayReadGrad at 0x000002668A22A200>) in gradient.
[2026-02-19 02:06:20,503] tensorflow - Level 1 - Registering TensorArrayWriteV3 (<function _TensorArrayWriteGrad at 0x000002668A22A160>) in gradient.
[2026-02-19 02:06:20,503] tensorflow - Level 1 - Registering TensorArrayWriteV2 (<function _TensorArrayWriteGrad at 0x000002668A22A160>) in gradient.
[2026-02-19 02:06:20,503] tensorflow - Level 1 - Registering TensorArrayWrite (<function _TensorArrayWriteGrad at 0x000002668A22A160>) in gradient.
[2026-02-19 02:06:20,503] tensorflow - Level 1 - Registering TensorArrayGatherV3 (<function _TensorArrayGatherGrad at 0x000002668A22A2A0>) in gradient.
[2026-02-19 02:06:20,503] tensorflow - Level 1 - Registering TensorArrayGatherV2 (<function _TensorArrayGatherGrad at 0x000002668A22A2A0>) in gradient.
[2026-02-19 02:06:20,504] tensorflow - Level 1 - Registering TensorArrayGather (<function _TensorArrayGatherGrad at 0x000002668A22A2A0>) in gradient.
[2026-02-19 02:06:20,504] tensorflow - Level 1 - Registering TensorArrayScatterV3 (<function _TensorArrayScatterGrad at 0x000002668A22A340>) in gradient.
[2026-02-19 02:06:20,504] tensorflow - Level 1 - Registering TensorArrayScatterV2 (<function _TensorArrayScatterGrad at 0x000002668A22A340>) in gradient.
[2026-02-19 02:06:20,504] tensorflow - Level 1 - Registering TensorArrayScatter (<function _TensorArrayScatterGrad at 0x000002668A22A340>) in gradient.
[2026-02-19 02:06:20,504] tensorflow - Level 1 - Registering TensorArrayConcatV3 (<function _TensorArrayConcatGrad at 0x000002668A22A3E0>) in gradient.
[2026-02-19 02:06:20,504] tensorflow - Level 1 - Registering TensorArrayConcatV2 (<function _TensorArrayConcatGrad at 0x000002668A22A3E0>) in gradient.
[2026-02-19 02:06:20,504] tensorflow - Level 1 - Registering TensorArrayConcat (<function _TensorArrayConcatGrad at 0x000002668A22A3E0>) in gradient.
[2026-02-19 02:06:20,505] tensorflow - Level 1 - Registering TensorArraySplitV3 (<function _TensorArraySplitGrad at 0x000002668A22A480>) in gradient.
[2026-02-19 02:06:20,505] tensorflow - Level 1 - Registering TensorArraySplitV2 (<function _TensorArraySplitGrad at 0x000002668A22A480>) in gradient.
[2026-02-19 02:06:20,505] tensorflow - Level 1 - Registering TensorArraySplit (<function _TensorArraySplitGrad at 0x000002668A22A480>) in gradient.
[2026-02-19 02:06:20,517] tensorflow - Level 1 - Registering DenseToCSRSparseMatrix (<function _DenseToCSRSparseMatrixGrad at 0x000002668A22A700>) in gradient.
[2026-02-19 02:06:20,519] tensorflow - Level 1 - Registering CSRSparseMatrixToDense (<function _CSRSparseMatrixToDenseGrad at 0x000002668A22A840>) in gradient.
[2026-02-19 02:06:20,519] tensorflow - Level 1 - Registering SparseTensorToCSRSparseMatrix (<function _SparseTensorToCSRSparseMatrixGrad at 0x000002668A25F240>) in gradient.
[2026-02-19 02:06:20,519] tensorflow - Level 1 - Registering CSRSparseMatrixToSparseTensor (<function _CSRSparseMatrixToSparseTensorGrad at 0x000002668A25F1A0>) in gradient.
[2026-02-19 02:06:20,519] tensorflow - Level 1 - Registering SparseMatrixNNZ (None) in gradient.
[2026-02-19 02:06:20,520] tensorflow - Level 1 - Registering SparseMatrixZeros (None) in gradient.
[2026-02-19 02:06:20,520] tensorflow - Level 1 - Registering SparseMatrixAdd (<function _SparseMatrixAddGrad at 0x000002668A25F420>) in gradient.
[2026-02-19 02:06:20,520] tensorflow - Level 1 - Registering SparseMatrixTranspose (<function _SparseMatrixTransposeGrad at 0x000002668A25F560>) in gradient.
[2026-02-19 02:06:20,520] tensorflow - Level 1 - Registering SparseMatrixSoftmax (<function _SparseMatrixSoftmaxGrad at 0x000002668A25F600>) in gradient.
[2026-02-19 02:06:20,520] tensorflow - Level 1 - Registering SparseMatrixMatMul (<function _SparseMatrixMatMulGrad at 0x000002668A25F6A0>) in gradient.
[2026-02-19 02:06:20,520] tensorflow - Level 1 - Registering SparseMatrixSparseMatMul (<function _SparseMatrixSparseMatMulGrad at 0x000002668A25F740>) in gradient.
[2026-02-19 02:06:20,520] tensorflow - Level 1 - Registering SparseMatrixMul (<function _SparseMatrixMulGrad at 0x000002668A25F7E0>) in gradient.
[2026-02-19 02:06:20,531] tensorflow - Level 1 - Registering FFT (<function _fft_grad at 0x000002668A2A5300>) in gradient.
[2026-02-19 02:06:20,533] tensorflow - Level 1 - Registering IFFT (<function _ifft_grad at 0x000002668A2A53A0>) in gradient.
[2026-02-19 02:06:20,534] tensorflow - Level 1 - Registering FFT2D (<function _fft2d_grad at 0x000002668A2A5440>) in gradient.
[2026-02-19 02:06:20,534] tensorflow - Level 1 - Registering IFFT2D (<function _ifft2d_grad at 0x000002668A2A5580>) in gradient.
[2026-02-19 02:06:20,534] tensorflow - Level 1 - Registering FFT3D (<function _fft3d_grad at 0x000002668A2A5620>) in gradient.
[2026-02-19 02:06:20,534] tensorflow - Level 1 - Registering IFFT3D (<function _ifft3d_grad at 0x000002668A2A56C0>) in gradient.
[2026-02-19 02:06:20,534] tensorflow - Level 1 - Registering RFFT (<function _rfft_grad_helper.<locals>._grad at 0x000002668A2A5B20>) in gradient.
[2026-02-19 02:06:20,535] tensorflow - Level 1 - Registering IRFFT (<function _irfft_grad_helper.<locals>._grad at 0x000002668A2A5D00>) in gradient.
[2026-02-19 02:06:20,535] tensorflow - Level 1 - Registering RFFT2D (<function _rfft_grad_helper.<locals>._grad at 0x000002668A2A5DA0>) in gradient.
[2026-02-19 02:06:20,535] tensorflow - Level 1 - Registering IRFFT2D (<function _irfft_grad_helper.<locals>._grad at 0x000002668A2A5E40>) in gradient.
[2026-02-19 02:06:20,539] tensorflow - Level 1 - Registering GenerateVocabRemapping (None) in gradient.
[2026-02-19 02:06:20,541] tensorflow - Level 1 - Registering LoadAndRemapMatrix (None) in gradient.
[2026-02-19 02:06:20,569] tensorflow - Level 1 - Registering XlaVariadicReduce (None) in gradient.
[2026-02-19 02:06:20,572] tensorflow - Level 1 - Registering XlaSharding (<function _sharding_grad at 0x000002668A360860>) in gradient.
[2026-02-19 02:06:20,573] tensorflow - Level 1 - Registering XlaSpmdFullToShardShape (<function _spmd_full_to_shard_shape_grad at 0x000002668A360900>) in gradient.
[2026-02-19 02:06:20,573] tensorflow - Level 1 - Registering XlaSpmdShardToFullShape (<function _spmd_shard_to_full_shape_grad at 0x000002668A3609A0>) in gradient.
[2026-02-19 02:06:20,592] tensorflow - Level 1 - Registering CTCLoss (<function _CTCLossGrad at 0x000002668A5B4E00>) in gradient.
[2026-02-19 02:06:20,594] tensorflow - Level 1 - Registering CTCLossV2 (<function _CTCLossV2Grad at 0x000002668A5B4EA0>) in gradient.
[2026-02-19 02:06:20,595] tensorflow - Level 1 - Registering CTCGreedyDecoder (None) in gradient.
[2026-02-19 02:06:20,595] tensorflow - Level 1 - Registering CTCBeamSearchDecoder (None) in gradient.
[2026-02-19 02:06:20,597] tensorflow - Level 1 - Registering FusedBatchNormGrad (<function _FusedBatchNormGradGrad at 0x000002668A5B68E0>) in gradient.
[2026-02-19 02:06:20,599] tensorflow - Level 1 - Registering FusedBatchNormGradV2 (<function _FusedBatchNormGradGradV2 at 0x000002668A5B6980>) in gradient.
[2026-02-19 02:06:20,599] tensorflow - Level 1 - Registering FusedBatchNormGradV3 (<function _FusedBatchNormGradGradV3 at 0x000002668A5B6B60>) in gradient.
[2026-02-19 02:06:20,608] tensorflow - Level 1 - Registering variables ((<class 'tensorflow.core.framework.variable_pb2.VariableDef'>, <function _to_proto_fn at 0x000002668A5F2CA0>, <function _from_proto_fn at 0x000002668A5F2F20>)) in proto functions.
[2026-02-19 02:06:20,609] tensorflow - Level 1 - Registering trainable_variables ((<class 'tensorflow.core.framework.variable_pb2.VariableDef'>, <function _to_proto_fn at 0x000002668A5F2CA0>, <function _from_proto_fn at 0x000002668A5F2F20>)) in proto functions.
[2026-02-19 02:06:20,609] tensorflow - Level 1 - Registering moving_average_variables ((<class 'tensorflow.core.framework.variable_pb2.VariableDef'>, <function _to_proto_fn at 0x000002668A5F2CA0>, <function _from_proto_fn at 0x000002668A5F2F20>)) in proto functions.
[2026-02-19 02:06:20,609] tensorflow - Level 1 - Registering local_variables ((<class 'tensorflow.core.framework.variable_pb2.VariableDef'>, <function _to_proto_fn at 0x000002668A5F2CA0>, <function _from_proto_fn at 0x000002668A5F2F20>)) in proto functions.
[2026-02-19 02:06:20,610] tensorflow - Level 1 - Registering model_variables ((<class 'tensorflow.core.framework.variable_pb2.VariableDef'>, <function _to_proto_fn at 0x000002668A5F2CA0>, <function _from_proto_fn at 0x000002668A5F2F20>)) in proto functions.
[2026-02-19 02:06:20,610] tensorflow - Level 1 - Registering global_step ((<class 'tensorflow.core.framework.variable_pb2.VariableDef'>, <function _to_proto_fn at 0x000002668A5F2CA0>, <function _from_proto_fn at 0x000002668A5F2F20>)) in proto functions.
[2026-02-19 02:06:20,610] tensorflow - Level 1 - Registering metric_variables ((<class 'tensorflow.core.framework.variable_pb2.VariableDef'>, <function _to_proto_fn at 0x000002668A5F2CA0>, <function _from_proto_fn at 0x000002668A5F2F20>)) in proto functions.
[2026-02-19 02:06:20,611] tensorflow - Level 1 - Registering RandomCrop (None) in gradient.
[2026-02-19 02:06:20,614] tensorflow - Level 1 - Registering HSVToRGB (None) in gradient.
[2026-02-19 02:06:20,614] tensorflow - Level 1 - Registering DrawBoundingBoxes (None) in gradient.
[2026-02-19 02:06:20,614] tensorflow - Level 1 - Registering SampleDistortedBoundingBox (None) in gradient.
[2026-02-19 02:06:20,614] tensorflow - Level 1 - Registering SampleDistortedBoundingBoxV2 (None) in gradient.
[2026-02-19 02:06:20,614] tensorflow - Level 1 - Registering ExtractGlimpse (None) in gradient.
[2026-02-19 02:06:20,614] tensorflow - Level 1 - Registering NonMaxSuppression (None) in gradient.
[2026-02-19 02:06:20,614] tensorflow - Level 1 - Registering NonMaxSuppressionV2 (None) in gradient.
[2026-02-19 02:06:20,614] tensorflow - Level 1 - Registering NonMaxSuppressionWithOverlaps (None) in gradient.
[2026-02-19 02:06:20,615] tensorflow - Level 1 - Registering GenerateBoundingBoxProposals (None) in gradient.
[2026-02-19 02:06:20,625] tensorflow - Level 1 - Registering ImageProjectiveTransformV2 (<function _image_projective_transform_grad at 0x000002668A6D7920>) in gradient.
[2026-02-19 02:06:20,627] tensorflow - Level 1 - Registering ImageProjectiveTransformV3 (<function _image_projective_transform_v3_grad at 0x000002668A6D7B00>) in gradient.
[2026-02-19 02:06:20,756] tensorflow - Level 1 - Registering savers ((<class 'tensorflow.core.protobuf.saver_pb2.SaverDef'>, <function Saver.to_proto at 0x000002668A9AEE80>, <function Saver.from_proto at 0x000002668A9AEF20>)) in proto functions.
[2026-02-19 02:06:20,770] tensorflow - Level 1 - Registering EagerPyFunc (<function _EagerPyFuncGrad at 0x000002668A9DBB00>) in gradient.
[2026-02-19 02:06:20,773] tensorflow - Level 1 - Registering PyFunc (None) in gradient.
[2026-02-19 02:06:20,773] tensorflow - Level 1 - Registering PyFuncStateless (None) in gradient.
[2026-02-19 02:06:20,792] tensorflow - Level 1 - Registering ReduceDataset (None) in gradient.
[2026-02-19 02:06:20,797] tensorflow - Level 1 - Registering tensorflow.python.data.ops.dataset_ops (<function _tf2_callback at 0x000002668AA35F80>) in data_v2_callbacks.
[2026-02-19 02:06:20,809] tensorflow - Level 1 - Registering _resource_resolver (<function _resource_resolver at 0x000002668AABEC00>) in acd_resource_resolvers.
[2026-02-19 02:06:20,829] tensorflow - Level 1 - Registering tensorflow.python.data.experimental.ops.counter (<function _tf2_callback at 0x000002668AAD2520>) in data_v2_callbacks.
[2026-02-19 02:06:20,858] tensorflow - Level 1 - Registering tensorflow.python.data.ops.readers (<function _tf2_callback at 0x000002668AABF7E0>) in data_v2_callbacks.
[2026-02-19 02:06:20,862] tensorflow - Level 1 - Registering tensorflow.python.data.experimental.ops.interleave_ops (<function _tf2_callback at 0x000002668AAD3880>) in data_v2_callbacks.
[2026-02-19 02:06:20,895] tensorflow - Level 1 - Registering tensorflow.python.data.experimental.ops.random_ops (<function _tf2_callback at 0x000002668AB76CA0>) in data_v2_callbacks.
[2026-02-19 02:06:20,903] tensorflow - Level 1 - Registering tensorflow.python.data.experimental.ops.readers (<function _tf2_callback at 0x000002668AB945E0>) in data_v2_callbacks.
[2026-02-19 02:06:21,126] tensorflow - Level 1 - Registering tpu_replicated_input_resolver (<function tpu_replicated_input_resolver at 0x000002668AE045E0>) in acd_resource_resolvers.
[2026-02-19 02:06:21,134] tensorflow - DEBUG - Falling back to TensorFlow client; we recommended you install the Cloud TPU client directly with pip install cloud-tpu-client.
[2026-02-19 02:06:21,294] tensorflow - Level 1 - Registering queue_runners ((<class 'tensorflow.core.protobuf.queue_runner_pb2.QueueRunnerDef'>, <function QueueRunner.to_proto at 0x000002668B01EFC0>, <function QueueRunner.from_proto at 0x000002668B01F060>)) in proto functions.
[2026-02-19 02:06:21,881] h5py._conv - DEBUG - Creating converter from 7 to 5
[2026-02-19 02:06:21,881] h5py._conv - DEBUG - Creating converter from 5 to 7
[2026-02-19 02:06:21,882] h5py._conv - DEBUG - Creating converter from 7 to 5
[2026-02-19 02:06:21,882] h5py._conv - DEBUG - Creating converter from 5 to 7
[2026-02-19 02:06:22,179] tensorflow - Level 1 - Registering DebugGradientIdentity (<function _identify_gradient_grad at 0x000002668CB0B9C0>) in gradient.
[2026-02-19 02:06:22,182] tensorflow - Level 1 - Registering DebugGradientRefIdentity (<function _identify_gradient_grad_ref at 0x000002668CB0BA60>) in gradient.
[2026-02-19 02:06:22,232] tensorflow - Level 1 - Registering DebugIdentityV2 (<function _debug_identity_v2_grad at 0x000002668CB86DE0>) in gradient.
[2026-02-19 02:06:22,602] tensorflow - Level 1 - Registering AudioMicrofrontend (None) in gradient.
[2026-02-19 02:06:22,718] tensorflow - Level 1 - Registering Reciprocal,flops (<function _reciprocal_flops at 0x000002668D180720>) in statistical functions.
[2026-02-19 02:06:22,720] tensorflow - Level 1 - Registering Square,flops (<function _square_flops at 0x000002668D1807C0>) in statistical functions.
[2026-02-19 02:06:22,720] tensorflow - Level 1 - Registering Rsqrt,flops (<function _rsqrt_flops at 0x000002668D180900>) in statistical functions.
[2026-02-19 02:06:22,720] tensorflow - Level 1 - Registering Log,flops (<function _log_flops at 0x000002668D180860>) in statistical functions.
[2026-02-19 02:06:22,721] tensorflow - Level 1 - Registering Neg,flops (<function _neg_flops at 0x000002668D1809A0>) in statistical functions.
[2026-02-19 02:06:22,721] tensorflow - Level 1 - Registering AssignSub,flops (<function _assign_sub_flops at 0x000002668D180A40>) in statistical functions.
[2026-02-19 02:06:22,721] tensorflow - Level 1 - Registering AssignAdd,flops (<function _assign_add_flops at 0x000002668D180AE0>) in statistical functions.
[2026-02-19 02:06:22,721] tensorflow - Level 1 - Registering L2Loss,flops (<function _l2_loss_flops at 0x000002668D180B80>) in statistical functions.
[2026-02-19 02:06:22,721] tensorflow - Level 1 - Registering Softmax,flops (<function _softmax_flops at 0x000002668D180C20>) in statistical functions.
[2026-02-19 02:06:22,721] tensorflow - Level 1 - Registering AddV2,flops (<function _add_flops at 0x000002668D180D60>) in statistical functions.
[2026-02-19 02:06:22,722] tensorflow - Level 1 - Registering Add,flops (<function _add_flops at 0x000002668D180D60>) in statistical functions.
[2026-02-19 02:06:22,722] tensorflow - Level 1 - Registering Sub,flops (<function _sub_flops at 0x000002668D180E00>) in statistical functions.
[2026-02-19 02:06:22,722] tensorflow - Level 1 - Registering Mul,flops (<function _mul_flops at 0x000002668D180EA0>) in statistical functions.
[2026-02-19 02:06:22,722] tensorflow - Level 1 - Registering RealDiv,flops (<function _real_div_flops at 0x000002668D180F40>) in statistical functions.
[2026-02-19 02:06:22,722] tensorflow - Level 1 - Registering Maximum,flops (<function _maximum_flops at 0x000002668D180FE0>) in statistical functions.
[2026-02-19 02:06:22,722] tensorflow - Level 1 - Registering Minimum,flops (<function _minimum_flops at 0x000002668D181080>) in statistical functions.
[2026-02-19 02:06:22,723] tensorflow - Level 1 - Registering Pow,flops (<function _pow_flops at 0x000002668D181120>) in statistical functions.
[2026-02-19 02:06:22,723] tensorflow - Level 1 - Registering RsqrtGrad,flops (<function _rsqrt_grad_flops at 0x000002668D1811C0>) in statistical functions.
[2026-02-19 02:06:22,723] tensorflow - Level 1 - Registering GreaterEqual,flops (<function _greater_equal_flops at 0x000002668D181260>) in statistical functions.
[2026-02-19 02:06:22,723] tensorflow - Level 1 - Registering Greater,flops (<function _greater_flops at 0x000002668D181300>) in statistical functions.
[2026-02-19 02:06:22,723] tensorflow - Level 1 - Registering LessEqual,flops (<function _less_equal_flops at 0x000002668D1813A0>) in statistical functions.
[2026-02-19 02:06:22,723] tensorflow - Level 1 - Registering Less,flops (<function _less_flops at 0x000002668D181440>) in statistical functions.
[2026-02-19 02:06:22,724] tensorflow - Level 1 - Registering Equal,flops (<function _equal_flops at 0x000002668D1814E0>) in statistical functions.
[2026-02-19 02:06:22,724] tensorflow - Level 1 - Registering NotEqual,flops (<function _not_equal_flops at 0x000002668D181580>) in statistical functions.
[2026-02-19 02:06:22,724] tensorflow - Level 1 - Registering SquaredDifference,flops (<function _squared_difference_flops at 0x000002668D181620>) in statistical functions.
[2026-02-19 02:06:22,724] tensorflow - Level 1 - Registering Mean,flops (<function _mean_flops at 0x000002668D181760>) in statistical functions.
[2026-02-19 02:06:22,724] tensorflow - Level 1 - Registering Sum,flops (<function _sum_flops at 0x000002668D181800>) in statistical functions.
[2026-02-19 02:06:22,724] tensorflow - Level 1 - Registering ArgMax,flops (<function _arg_max_flops at 0x000002668D1818A0>) in statistical functions.
[2026-02-19 02:06:22,724] tensorflow - Level 1 - Registering ArgMin,flops (<function _arg_min_flops at 0x000002668D181940>) in statistical functions.
[2026-02-19 02:06:22,724] tensorflow - Level 1 - Registering BiasAddGrad,flops (<function _bias_add_grad_flops at 0x000002668D1819E0>) in statistical functions.
[2026-02-19 02:06:22,725] tensorflow - Level 1 - Registering AvgPool,flops (<function _avg_pool_flops at 0x000002668D181BC0>) in statistical functions.
[2026-02-19 02:06:22,725] tensorflow - Level 1 - Registering MaxPool,flops (<function _max_pool_flops at 0x000002668D181C60>) in statistical functions.
[2026-02-19 02:06:22,725] tensorflow - Level 1 - Registering AvgPoolGrad,flops (<function _avg_pool_grad_flops at 0x000002668D181D00>) in statistical functions.
[2026-02-19 02:06:22,725] tensorflow - Level 1 - Registering MaxPoolGrad,flops (<function _max_pool_grad_flops at 0x000002668D181DA0>) in statistical functions.
[2026-02-19 02:06:22,725] tensorflow - Level 1 - Registering Conv2DBackpropInput,flops (<function _conv_2d_backprop_input_flops at 0x000002668D181E40>) in statistical functions.
[2026-02-19 02:06:22,725] tensorflow - Level 1 - Registering Conv2DBackpropFilter,flops (<function _conv_2d_backprop_filter_flops at 0x000002668D181EE0>) in statistical functions.
[2026-02-19 02:06:22,725] tensorflow - Level 1 - Registering AddN,flops (<function _add_n_flops at 0x000002668D181F80>) in statistical functions.
[2026-02-19 02:06:22,726] tensorflow - Level 1 - Registering MatMul,flops (<function _calc_mat_mul_flops at 0x000002668D182020>) in statistical functions.
[2026-02-19 02:06:22,726] tensorflow - Level 1 - Registering BatchMatMulV3,flops (<function _calc_batch_mat_mul_flops at 0x000002668D1820C0>) in statistical functions.
[2026-02-19 02:06:22,726] tensorflow - Level 1 - Registering BatchMatMulV2,flops (<function _calc_batch_mat_mul_flops at 0x000002668D1820C0>) in statistical functions.
[2026-02-19 02:06:22,726] tensorflow - Level 1 - Registering BatchMatMul,flops (<function _calc_batch_mat_mul_flops at 0x000002668D1820C0>) in statistical functions.
[2026-02-19 02:06:23,872] tensorflow - Level 1 - Enabling eager execution
[2026-02-19 02:06:23,872] tensorflow - Level 1 - Enabling v2 tensorshape
[2026-02-19 02:06:23,872] tensorflow - Level 1 - Enabling resource variables
[2026-02-19 02:06:23,872] tensorflow - Level 1 - Enabling tensor equality
[2026-02-19 02:06:23,872] tensorflow - Level 1 - Enabling control flow v2
[2026-02-19 02:06:25,060] matplotlib - DEBUG - matplotlib data path: C:\Users\BS\anaconda3\Lib\site-packages\matplotlib\mpl-data
[2026-02-19 02:06:25,073] matplotlib - DEBUG - CONFIGDIR=C:\Users\BS\.matplotlib
[2026-02-19 02:06:25,076] matplotlib - DEBUG - interactive is False
[2026-02-19 02:06:25,077] matplotlib - DEBUG - platform is win32
[2026-02-19 02:06:25,181] matplotlib - DEBUG - CACHEDIR=C:\Users\BS\.matplotlib
[2026-02-19 02:06:25,185] matplotlib.font_manager - DEBUG - Using fontManager instance from C:\Users\BS\.matplotlib\fontlist-v390.json
[2026-02-19 02:06:34,009] tensorflow - WARNING - From C:\Users\BS\anaconda3\Lib\site-packages\tf_keras\src\losses.py:2976: The name tf.losses.sparse_softmax_cross_entropy is deprecated. Please use tf.compat.v1.losses.sparse_softmax_cross_entropy instead.

