[2026-02-16 11:42:40,538] pydot - DEBUG - pydot initializing
[2026-02-16 11:42:40,538] pydot - DEBUG - pydot 4.0.1
[2026-02-16 11:42:40,546] pydot.core - DEBUG - pydot core module initializing
[2026-02-16 11:42:50,724] tensorflow - Level 1 - Registering Relayout (<function _relayout_gradient at 0x0000024E0E705DA0>) in gradient.
[2026-02-16 11:42:50,731] tensorflow - Level 1 - Registering RelayoutLike (<function _relayout_grad_gradient at 0x0000024E0E705EE0>) in gradient.
[2026-02-16 11:42:50,731] tensorflow - Level 1 - Registering CopyToMesh (<function _copy_to_mesh_gradient at 0x0000024E0E7065C0>) in gradient.
[2026-02-16 11:42:50,732] tensorflow - Level 1 - Registering CopyToMeshGrad (<function _copy_to_mesh_grad_gradient at 0x0000024E0E706520>) in gradient.
[2026-02-16 11:42:50,744] tensorflow - Level 1 - Registering FakeQuantWithMinMaxArgs (<function _FakeQuantWithMinMaxArgsGradient at 0x0000024E0E7B2660>) in gradient.
[2026-02-16 11:42:50,747] tensorflow - Level 1 - Registering FakeQuantWithMinMaxVars (<function _FakeQuantWithMinMaxVarsGradient at 0x0000024E0E7B2840>) in gradient.
[2026-02-16 11:42:50,747] tensorflow - Level 1 - Registering FakeQuantWithMinMaxVarsPerChannel (<function _FakeQuantWithMinMaxVarsPerChannelGradient at 0x0000024E0E7B2DE0>) in gradient.
[2026-02-16 11:42:50,747] tensorflow - Level 1 - Registering QuantizeAndDequantizeV4 (<function _QuantizeAndDequantizeV4Grad at 0x0000024E0E7B2E80>) in gradient.
[2026-02-16 11:42:50,747] tensorflow - Level 1 - Registering QuantizeAndDequantizeV4Grad (<function _QuantizeAndDequantizeV4GradGrad at 0x0000024E0E7B2F20>) in gradient.
[2026-02-16 11:42:50,775] tensorflow - Level 1 - Registering TensorListConcatLists (None) in gradient.
[2026-02-16 11:42:50,777] tensorflow - Level 1 - Registering TensorListElementShape (None) in gradient.
[2026-02-16 11:42:50,777] tensorflow - Level 1 - Registering TensorListLength (None) in gradient.
[2026-02-16 11:42:50,778] tensorflow - Level 1 - Registering TensorListPushBackBatch (None) in gradient.
[2026-02-16 11:42:50,778] tensorflow - Level 1 - Registering TensorListPushBack (<function _PushBackGrad at 0x0000024E0E9737E0>) in gradient.
[2026-02-16 11:42:50,778] tensorflow - Level 1 - Registering TensorListPopBack (<function _PopBackGrad at 0x0000024E0E973880>) in gradient.
[2026-02-16 11:42:50,778] tensorflow - Level 1 - Registering TensorListStack (<function _TensorListStackGrad at 0x0000024E0E973920>) in gradient.
[2026-02-16 11:42:50,778] tensorflow - Level 1 - Registering TensorListConcatV2 (<function _TensorListConcatGrad at 0x0000024E0E9739C0>) in gradient.
[2026-02-16 11:42:50,778] tensorflow - Level 1 - Registering TensorListConcat (<function _TensorListConcatGrad at 0x0000024E0E9739C0>) in gradient.
[2026-02-16 11:42:50,778] tensorflow - Level 1 - Registering TensorListSplit (<function _TensorListSplitGrad at 0x0000024E0E973A60>) in gradient.
[2026-02-16 11:42:50,778] tensorflow - Level 1 - Registering TensorListFromTensor (<function _TensorListFromTensorGrad at 0x0000024E0E973B00>) in gradient.
[2026-02-16 11:42:50,778] tensorflow - Level 1 - Registering TensorListGetItem (<function _TensorListGetItemGrad at 0x0000024E0E973BA0>) in gradient.
[2026-02-16 11:42:50,778] tensorflow - Level 1 - Registering TensorListSetItem (<function _TensorListSetItemGrad at 0x0000024E0E973C40>) in gradient.
[2026-02-16 11:42:50,778] tensorflow - Level 1 - Registering TensorListResize (<function _TensorListResizeGrad at 0x0000024E0E973CE0>) in gradient.
[2026-02-16 11:42:50,779] tensorflow - Level 1 - Registering TensorListGather (<function _TensorListGatherGrad at 0x0000024E0E973D80>) in gradient.
[2026-02-16 11:42:50,779] tensorflow - Level 1 - Registering TensorListScatterV2 (<function _TensorListScatterGrad at 0x0000024E0E973E20>) in gradient.
[2026-02-16 11:42:50,779] tensorflow - Level 1 - Registering TensorListScatter (<function _TensorListScatterGrad at 0x0000024E0E973E20>) in gradient.
[2026-02-16 11:42:50,779] tensorflow - Level 1 - Registering TensorListScatterIntoExistingList (<function _TensorListScatterIntoExistingListGrad at 0x0000024E0E973EC0>) in gradient.
[2026-02-16 11:42:50,822] tensorflow - Level 1 - Registering AccumulateNV2 (<function _accumulate_n_grad at 0x0000024E0EB2D120>) in gradient.
[2026-02-16 11:42:51,035] tensorflow - Level 1 - Registering cond_context ((<class 'tensorflow.core.protobuf.control_flow_pb2.CondContextDef'>, <function CondContext.to_proto at 0x0000024E0EC34040>, <function CondContext.from_proto at 0x0000024E0EC340E0>)) in proto functions.
[2026-02-16 11:42:51,038] tensorflow - Level 1 - Registering while_context ((<class 'tensorflow.core.protobuf.control_flow_pb2.WhileContextDef'>, <function WhileContext.to_proto at 0x0000024E0EC34EA0>, <function WhileContext.from_proto at 0x0000024E0EC34FE0>)) in proto functions.
[2026-02-16 11:42:51,038] tensorflow - Level 1 - Registering _identity_resolver (<function _identity_resolver at 0x0000024E0EC36E80>) in acd_resource_resolvers.
[2026-02-16 11:42:51,097] tensorflow - Level 1 - Registering Assign (None) in gradient.
[2026-02-16 11:42:51,099] tensorflow - Level 1 - Registering AssignAdd (None) in gradient.
[2026-02-16 11:42:51,100] tensorflow - Level 1 - Registering AssignSub (None) in gradient.
[2026-02-16 11:42:51,100] tensorflow - Level 1 - Registering ScatterAdd (None) in gradient.
[2026-02-16 11:42:51,100] tensorflow - Level 1 - Registering ScatterSub (None) in gradient.
[2026-02-16 11:42:51,100] tensorflow - Level 1 - Registering ScatterMul (None) in gradient.
[2026-02-16 11:42:51,100] tensorflow - Level 1 - Registering ScatterDiv (None) in gradient.
[2026-02-16 11:42:51,100] tensorflow - Level 1 - Registering ScatterNdUpdate (None) in gradient.
[2026-02-16 11:42:51,100] tensorflow - Level 1 - Registering ScatterNdAdd (None) in gradient.
[2026-02-16 11:42:51,100] tensorflow - Level 1 - Registering ScatterNdSub (None) in gradient.
[2026-02-16 11:42:51,101] tensorflow - Level 1 - Registering ScatterNdMul (None) in gradient.
[2026-02-16 11:42:51,101] tensorflow - Level 1 - Registering ScatterNdDiv (None) in gradient.
[2026-02-16 11:42:51,114] tensorflow - Level 1 - Registering ReadVariableOp (<function _ReadGrad at 0x0000024E0EDB6D40>) in gradient.
[2026-02-16 11:42:51,117] tensorflow - Level 1 - Registering ResourceGather (<function _GatherGrad at 0x0000024E0EDB7D80>) in gradient.
[2026-02-16 11:42:51,117] tensorflow - Level 1 - Registering Assert (None) in gradient.
[2026-02-16 11:42:51,117] tensorflow - Level 1 - Registering VarIsInitializedOp (None) in gradient.
[2026-02-16 11:42:51,117] tensorflow - Level 1 - Registering VariableShape (None) in gradient.
[2026-02-16 11:42:51,149] tensorflow - Level 1 - Registering RandomStandardNormal (None) in gradient.
[2026-02-16 11:42:51,152] tensorflow - Level 1 - Registering ParameterizedTruncatedNormal (None) in gradient.
[2026-02-16 11:42:51,152] tensorflow - Level 1 - Registering TruncatedNormal (None) in gradient.
[2026-02-16 11:42:51,153] tensorflow - Level 1 - Registering RandomUniform (None) in gradient.
[2026-02-16 11:42:51,153] tensorflow - Level 1 - Registering RandomShuffle (None) in gradient.
[2026-02-16 11:42:51,154] tensorflow - Level 1 - Registering Multinomial (None) in gradient.
[2026-02-16 11:42:51,212] tensorflow - Level 1 - Registering If (<function _IfGrad at 0x0000024E0EF9B560>) in gradient.
[2026-02-16 11:42:51,214] tensorflow - Level 1 - Registering StatelessIf (<function _IfGrad at 0x0000024E0EF9B560>) in gradient.
[2026-02-16 11:42:51,214] tensorflow - Level 1 - Registering StatelessCase (<function _CaseGrad at 0x0000024E0EFBCCC0>) in gradient.
[2026-02-16 11:42:51,214] tensorflow - Level 1 - Registering Case (<function _CaseGrad at 0x0000024E0EFBCCC0>) in gradient.
[2026-02-16 11:42:51,233] tensorflow - Level 1 - Registering While (<function _WhileGrad at 0x0000024E0F01B560>) in gradient.
[2026-02-16 11:42:51,235] tensorflow - Level 1 - Registering StatelessWhile (<function _WhileGrad at 0x0000024E0F01B560>) in gradient.
[2026-02-16 11:42:51,366] tensorflow - Level 1 - Registering EnsureShape (<function _ensure_shape_grad at 0x0000024E0F27AD40>) in gradient.
[2026-02-16 11:42:51,383] tensorflow - Level 1 - Registering RaggedTensorToSparse (<function _ragged_tensor_to_sparse_gradient at 0x0000024E0F2EED40>) in gradient.
[2026-02-16 11:42:51,415] tensorflow - Level 1 - Registering Conv2DBackpropInput (<function _Conv2DBackpropInputGrad at 0x0000024E0F36F1A0>) in gradient.
[2026-02-16 11:42:51,417] tensorflow - Level 1 - Registering Conv2DBackpropFilter (<function _Conv2DBackpropFilterGrad at 0x0000024E0F36F7E0>) in gradient.
[2026-02-16 11:42:51,417] tensorflow - Level 1 - Registering DepthwiseConv2dNativeBackpropInput (<function _DepthwiseConv2dNativeBackpropInputGrad at 0x0000024E0F3BC0E0>) in gradient.
[2026-02-16 11:42:51,417] tensorflow - Level 1 - Registering DepthwiseConv2dNativeBackpropFilter (<function _DepthwiseConv2dNativeBackpropFilterGrad at 0x0000024E0F3BC5E0>) in gradient.
[2026-02-16 11:42:51,417] tensorflow - Level 1 - Registering Conv3D (<function _Conv3DGrad at 0x0000024E0F3BC680>) in gradient.
[2026-02-16 11:42:51,417] tensorflow - Level 1 - Registering Conv3DBackpropInputV2 (<function _Conv3DBackpropInputGrad at 0x0000024E0F3BC720>) in gradient.
[2026-02-16 11:42:51,417] tensorflow - Level 1 - Registering Conv3DBackpropFilterV2 (<function _Conv3DBackpropFilterGrad at 0x0000024E0F3BC7C0>) in gradient.
[2026-02-16 11:42:51,418] tensorflow - Level 1 - Registering AvgPool3D (<function _AvgPool3DGrad at 0x0000024E0F3BC860>) in gradient.
[2026-02-16 11:42:51,418] tensorflow - Level 1 - Registering AvgPool3DGrad (<function _AvgPool3DGradGrad at 0x0000024E0F3BC900>) in gradient.
[2026-02-16 11:42:51,418] tensorflow - Level 1 - Registering MaxPool3D (<function _MaxPool3DGrad at 0x0000024E0F3BC9A0>) in gradient.
[2026-02-16 11:42:51,418] tensorflow - Level 1 - Registering MaxPool3DGrad (<function _MaxPool3DGradGrad at 0x0000024E0F3BCA40>) in gradient.
[2026-02-16 11:42:51,418] tensorflow - Level 1 - Registering MaxPool3DGradGrad (<function _MaxPool3DGradGradGrad at 0x0000024E0F3BCAE0>) in gradient.
[2026-02-16 11:42:51,418] tensorflow - Level 1 - Registering Softmax (<function _SoftmaxGrad at 0x0000024E0F3BCB80>) in gradient.
[2026-02-16 11:42:51,418] tensorflow - Level 1 - Registering LogSoftmax (<function _LogSoftmaxGrad at 0x0000024E0F3BCC20>) in gradient.
[2026-02-16 11:42:51,418] tensorflow - Level 1 - Registering BiasAdd (<function _BiasAddGrad at 0x0000024E0F3BCCC0>) in gradient.
[2026-02-16 11:42:51,418] tensorflow - Level 1 - Registering BiasAddGrad (<function _BiasAddGradGrad at 0x0000024E0F3BCD60>) in gradient.
[2026-02-16 11:42:51,418] tensorflow - Level 1 - Registering BiasAddV1 (<function _BiasAddGradV1 at 0x0000024E0F3BCE00>) in gradient.
[2026-02-16 11:42:51,418] tensorflow - Level 1 - Registering Relu (<function _ReluGrad at 0x0000024E0F3BCEA0>) in gradient.
[2026-02-16 11:42:51,419] tensorflow - Level 1 - Registering EluGrad (<function _EluGradGrad at 0x0000024E0F3BCF40>) in gradient.
[2026-02-16 11:42:51,419] tensorflow - Level 1 - Registering SeluGrad (<function _SeluGradGrad at 0x0000024E0F3BCFE0>) in gradient.
[2026-02-16 11:42:51,419] tensorflow - Level 1 - Registering Relu6 (<function _Relu6Grad at 0x0000024E0F3BD080>) in gradient.
[2026-02-16 11:42:51,419] tensorflow - Level 1 - Registering Relu6Grad (<function _Relu6GradGrad at 0x0000024E0F3BD120>) in gradient.
[2026-02-16 11:42:51,419] tensorflow - Level 1 - Registering LeakyRelu (<function _LeakyReluGrad at 0x0000024E0F3BD1C0>) in gradient.
[2026-02-16 11:42:51,419] tensorflow - Level 1 - Registering LeakyReluGrad (<function _LeakyReluGradGrad at 0x0000024E0F3BD260>) in gradient.
[2026-02-16 11:42:51,419] tensorflow - Level 1 - Registering Elu (<function _EluGrad at 0x0000024E0F3BD300>) in gradient.
[2026-02-16 11:42:51,419] tensorflow - Level 1 - Registering Selu (<function _SeluGrad at 0x0000024E0F3BD3A0>) in gradient.
[2026-02-16 11:42:51,419] tensorflow - Level 1 - Registering Softplus (<function _SoftplusGrad at 0x0000024E0F3BD440>) in gradient.
[2026-02-16 11:42:51,419] tensorflow - Level 1 - Registering SoftplusGrad (<function _SoftplusGradGrad at 0x0000024E0F3BD4E0>) in gradient.
[2026-02-16 11:42:51,419] tensorflow - Level 1 - Registering Softsign (<function _SoftsignGrad at 0x0000024E0F3BD580>) in gradient.
[2026-02-16 11:42:51,420] tensorflow - Level 1 - Registering ReluGrad (<function _ReluGradGrad at 0x0000024E0F3BD620>) in gradient.
[2026-02-16 11:42:51,420] tensorflow - Level 1 - Registering SoftmaxCrossEntropyWithLogits (<function _SoftmaxCrossEntropyWithLogitsGrad at 0x0000024E0F3BD760>) in gradient.
[2026-02-16 11:42:51,420] tensorflow - Level 1 - Registering SparseSoftmaxCrossEntropyWithLogits (<function _SparseSoftmaxCrossEntropyWithLogitsGrad at 0x0000024E0F3BD800>) in gradient.
[2026-02-16 11:42:51,420] tensorflow - Level 1 - Registering Conv2D (<function _Conv2DGrad at 0x0000024E0F3BD8A0>) in gradient.
[2026-02-16 11:42:51,420] tensorflow - Level 1 - Registering DepthwiseConv2dNative (<function _DepthwiseConv2dNativeGrad at 0x0000024E0F3BD940>) in gradient.
[2026-02-16 11:42:51,420] tensorflow - Level 1 - Registering Dilation2D (<function _Dilation2DGrad at 0x0000024E0F3BD9E0>) in gradient.
[2026-02-16 11:42:51,420] tensorflow - Level 1 - Registering LRN (<function _LRNGrad at 0x0000024E0F3BDA80>) in gradient.
[2026-02-16 11:42:51,420] tensorflow - Level 1 - Registering AvgPool (<function _AvgPoolGrad at 0x0000024E0F3BDB20>) in gradient.
[2026-02-16 11:42:51,420] tensorflow - Level 1 - Registering AvgPoolGrad (<function _AvgPoolGradGrad at 0x0000024E0F3BDBC0>) in gradient.
[2026-02-16 11:42:51,420] tensorflow - Level 1 - Registering MaxPool (<function _MaxPoolGrad at 0x0000024E0F3BDC60>) in gradient.
[2026-02-16 11:42:51,420] tensorflow - Level 1 - Registering MaxPoolV2 (<function _MaxPoolGradV2 at 0x0000024E0F3BDD00>) in gradient.
[2026-02-16 11:42:51,421] tensorflow - Level 1 - Registering MaxPoolWithArgmax (<function _MaxPoolGradWithArgmax at 0x0000024E0F3BDDA0>) in gradient.
[2026-02-16 11:42:51,421] tensorflow - Level 1 - Registering MaxPoolGrad (<function _MaxPoolGradGrad at 0x0000024E0F3BDE40>) in gradient.
[2026-02-16 11:42:51,421] tensorflow - Level 1 - Registering MaxPoolGradV2 (<function _MaxPoolGradGradV2 at 0x0000024E0F3BDEE0>) in gradient.
[2026-02-16 11:42:51,421] tensorflow - Level 1 - Registering MaxPoolGradGrad (<function _MaxPoolGradGradGrad at 0x0000024E0F3BDF80>) in gradient.
[2026-02-16 11:42:51,421] tensorflow - Level 1 - Registering FractionalMaxPool (<function _FractionalMaxPoolGrad at 0x0000024E0F3BE020>) in gradient.
[2026-02-16 11:42:51,421] tensorflow - Level 1 - Registering FractionalAvgPool (<function _FractionalAvgPoolGrad at 0x0000024E0F3BE0C0>) in gradient.
[2026-02-16 11:42:51,421] tensorflow - Level 1 - Registering BatchNormWithGlobalNormalization (<function _BatchNormWithGlobalNormalizationGrad at 0x0000024E0F3BE160>) in gradient.
[2026-02-16 11:42:51,421] tensorflow - Level 1 - Registering FusedBatchNorm (<function _FusedBatchNormGrad at 0x0000024E0F3BE2A0>) in gradient.
[2026-02-16 11:42:51,421] tensorflow - Level 1 - Registering FusedBatchNormV2 (<function _FusedBatchNormV2Grad at 0x0000024E0F3BE340>) in gradient.
[2026-02-16 11:42:51,421] tensorflow - Level 1 - Registering FusedBatchNormV3 (<function _FusedBatchNormV3Grad at 0x0000024E0F3BE3E0>) in gradient.
[2026-02-16 11:42:51,421] tensorflow - Level 1 - Registering L2Loss (<function _L2LossGrad at 0x0000024E0F3BE480>) in gradient.
[2026-02-16 11:42:51,422] tensorflow - Level 1 - Registering TopKV2 (<function _TopKGrad at 0x0000024E0F3BE520>) in gradient.
[2026-02-16 11:42:51,422] tensorflow - Level 1 - Registering TopK (<function _TopKGrad at 0x0000024E0F3BE520>) in gradient.
[2026-02-16 11:42:51,422] tensorflow - Level 1 - Registering ApproxTopK (<function _ApproxTopKGradient at 0x0000024E0F3BE5C0>) in gradient.
[2026-02-16 11:42:51,422] tensorflow - Level 1 - Registering NthElement (<function _NthElementGrad at 0x0000024E0F3BE660>) in gradient.
[2026-02-16 11:42:51,422] tensorflow - Level 1 - Registering IsotonicRegression (<function _IsotonicRegressionGrad at 0x0000024E0F3BE7A0>) in gradient.
[2026-02-16 11:42:51,436] tensorflow - Level 1 - Registering BitwiseAnd (None) in gradient.
[2026-02-16 11:42:51,437] tensorflow - Level 1 - Registering BitwiseOr (None) in gradient.
[2026-02-16 11:42:51,437] tensorflow - Level 1 - Registering BitwiseXor (None) in gradient.
[2026-02-16 11:42:51,438] tensorflow - Level 1 - Registering Invert (None) in gradient.
[2026-02-16 11:42:51,438] tensorflow - Level 1 - Registering PopulationCount (None) in gradient.
[2026-02-16 11:42:51,438] tensorflow - Level 1 - Registering LeftShift (None) in gradient.
[2026-02-16 11:42:51,438] tensorflow - Level 1 - Registering RightShift (None) in gradient.
[2026-02-16 11:42:51,438] tensorflow - Level 1 - Registering StatelessMultinomial (None) in gradient.
[2026-02-16 11:42:51,440] tensorflow - Level 1 - Registering StatelessRandomBinomial (None) in gradient.
[2026-02-16 11:42:51,440] tensorflow - Level 1 - Registering StatelessRandomNormal (None) in gradient.
[2026-02-16 11:42:51,440] tensorflow - Level 1 - Registering StatelessRandomPoisson (None) in gradient.
[2026-02-16 11:42:51,440] tensorflow - Level 1 - Registering StatelessRandomUniform (None) in gradient.
[2026-02-16 11:42:51,441] tensorflow - Level 1 - Registering StatelessRandomUniformInt (None) in gradient.
[2026-02-16 11:42:51,441] tensorflow - Level 1 - Registering StatelessRandomUniformFullInt (None) in gradient.
[2026-02-16 11:42:51,441] tensorflow - Level 1 - Registering StatelessTruncatedNormal (None) in gradient.
[2026-02-16 11:42:51,441] tensorflow - Level 1 - Registering StatelessRandomNormalV2 (None) in gradient.
[2026-02-16 11:42:51,441] tensorflow - Level 1 - Registering StatelessRandomUniformV2 (None) in gradient.
[2026-02-16 11:42:51,441] tensorflow - Level 1 - Registering StatelessRandomUniformIntV2 (None) in gradient.
[2026-02-16 11:42:51,441] tensorflow - Level 1 - Registering StatelessRandomUniformFullIntV2 (None) in gradient.
[2026-02-16 11:42:51,441] tensorflow - Level 1 - Registering StatelessTruncatedNormalV2 (None) in gradient.
[2026-02-16 11:42:51,442] tensorflow - Level 1 - Registering StatelessRandomShuffle (None) in gradient.
[2026-02-16 11:42:51,442] tensorflow - Level 1 - Registering RandomIndexShuffle (None) in gradient.
[2026-02-16 11:42:51,452] tensorflow - Level 1 - Registering Conv3D,flops (<function _calc_conv3d_flops at 0x0000024E0F47CF40>) in statistical functions.
[2026-02-16 11:42:51,455] tensorflow - Level 1 - Registering Conv2D,flops (<function _calc_conv_flops at 0x0000024E0F47D120>) in statistical functions.
[2026-02-16 11:42:51,455] tensorflow - Level 1 - Registering DepthwiseConv2dNative,flops (<function _calc_depthwise_conv_flops at 0x0000024E0F47D6C0>) in statistical functions.
[2026-02-16 11:42:51,455] tensorflow - Level 1 - Registering BiasAdd,flops (<function _calc_bias_add_flops at 0x0000024E0F47D760>) in statistical functions.
[2026-02-16 11:42:51,457] tensorflow - Level 1 - Registering Dilation2D,flops (<function _calc_dilation2d_flops at 0x0000024E0F47F240>) in statistical functions.
[2026-02-16 11:42:51,473] tensorflow - Level 1 - Registering CompositeTensorVariantFromComponents (<function _composite_tensor_to_variants_grad at 0x0000024E0F55C2C0>) in gradient.
[2026-02-16 11:42:51,474] tensorflow - Level 1 - Registering CompositeTensorVariantToComponents (<function _composite_tensor_from_variant_grad at 0x0000024E0F55C360>) in gradient.
[2026-02-16 11:42:51,488] tensorflow - Level 1 - Registering RaggedRange (None) in gradient.
[2026-02-16 11:42:51,497] tensorflow - Level 1 - Registering RaggedFillEmptyRows (<function _ragged_fill_empty_rows_grad at 0x0000024E0F5B51C0>) in gradient.
[2026-02-16 11:42:51,506] tensorflow - Level 1 - Registering RaggedGather (<function _ragged_gather_grad at 0x0000024E0F5B7060>) in gradient.
[2026-02-16 11:42:51,517] tensorflow - Level 1 - Registering RegexReplace (None) in gradient.
[2026-02-16 11:42:51,519] tensorflow - Level 1 - Registering StringToHashBucket (None) in gradient.
[2026-02-16 11:42:51,519] tensorflow - Level 1 - Registering StringToHashBucketFast (None) in gradient.
[2026-02-16 11:42:51,519] tensorflow - Level 1 - Registering StringToHashBucketStrong (None) in gradient.
[2026-02-16 11:42:51,519] tensorflow - Level 1 - Registering ReduceJoin (None) in gradient.
[2026-02-16 11:42:51,519] tensorflow - Level 1 - Registering StringJoin (None) in gradient.
[2026-02-16 11:42:51,519] tensorflow - Level 1 - Registering StringSplit (None) in gradient.
[2026-02-16 11:42:51,519] tensorflow - Level 1 - Registering AsString (None) in gradient.
[2026-02-16 11:42:51,519] tensorflow - Level 1 - Registering EncodeBase64 (None) in gradient.
[2026-02-16 11:42:51,520] tensorflow - Level 1 - Registering DecodeBase64 (None) in gradient.
[2026-02-16 11:42:51,521] tensorflow - Level 1 - Registering Print (<function _PrintGrad at 0x0000024E0F5F1D00>) in gradient.
[2026-02-16 11:42:51,523] tensorflow - Level 1 - Registering HistogramSummary (None) in gradient.
[2026-02-16 11:42:51,523] tensorflow - Level 1 - Registering ImageSummary (None) in gradient.
[2026-02-16 11:42:51,523] tensorflow - Level 1 - Registering AudioSummary (None) in gradient.
[2026-02-16 11:42:51,523] tensorflow - Level 1 - Registering AudioSummaryV2 (None) in gradient.
[2026-02-16 11:42:51,523] tensorflow - Level 1 - Registering MergeSummary (None) in gradient.
[2026-02-16 11:42:51,523] tensorflow - Level 1 - Registering ScalarSummary (None) in gradient.
[2026-02-16 11:42:51,523] tensorflow - Level 1 - Registering TensorSummary (None) in gradient.
[2026-02-16 11:42:51,524] tensorflow - Level 1 - Registering TensorSummaryV2 (None) in gradient.
[2026-02-16 11:42:51,524] tensorflow - Level 1 - Registering Timestamp (None) in gradient.
[2026-02-16 11:42:51,561] tensorflow - Level 1 - Registering XlaEinsum (<function _einsum_grad at 0x0000024E0F6A4D60>) in gradient.
[2026-02-16 11:42:51,569] tensorflow - Level 1 - Registering RaggedTensorToTensor (<function _ragged_tensor_to_tensor_grad at 0x0000024E0F6D9D00>) in gradient.
[2026-02-16 11:42:51,571] tensorflow - Level 1 - Registering RaggedTensorFromVariant (<function _ragged_tensor_from_variant_grad at 0x0000024E0F6D9F80>) in gradient.
[2026-02-16 11:42:51,571] tensorflow - Level 1 - Registering RaggedTensorToVariant (<function _ragged_tensor_to_variant_grad at 0x0000024E0F6DA020>) in gradient.
[2026-02-16 11:42:51,577] tensorflow - Level 1 - Registering ClipByValue (<function _clip_by_value_grad at 0x0000024E0F6DA700>) in gradient.
[2026-02-16 11:42:51,582] tensorflow - Level 1 - Registering DynamicPartition (<function _DynamicPartitionGrads at 0x0000024E0F6DB100>) in gradient.
[2026-02-16 11:42:51,584] tensorflow - Level 1 - Registering ParallelDynamicStitch (<function _DynamicStitchGrads at 0x0000024E0F6DB420>) in gradient.
[2026-02-16 11:42:51,584] tensorflow - Level 1 - Registering DynamicStitch (<function _DynamicStitchGrads at 0x0000024E0F6DB420>) in gradient.
[2026-02-16 11:42:51,584] tensorflow - Level 1 - Registering Queue (None) in gradient.
[2026-02-16 11:42:51,584] tensorflow - Level 1 - Registering QueueEnqueue (None) in gradient.
[2026-02-16 11:42:51,584] tensorflow - Level 1 - Registering QueueEnqueueMany (None) in gradient.
[2026-02-16 11:42:51,584] tensorflow - Level 1 - Registering QueueDequeue (None) in gradient.
[2026-02-16 11:42:51,584] tensorflow - Level 1 - Registering QueueDequeueMany (None) in gradient.
[2026-02-16 11:42:51,584] tensorflow - Level 1 - Registering QueueDequeueUpTo (None) in gradient.
[2026-02-16 11:42:51,584] tensorflow - Level 1 - Registering QueueClose (None) in gradient.
[2026-02-16 11:42:51,585] tensorflow - Level 1 - Registering QueueSize (None) in gradient.
[2026-02-16 11:42:51,585] tensorflow - Level 1 - Registering Stack (None) in gradient.
[2026-02-16 11:42:51,585] tensorflow - Level 1 - Registering StackPush (None) in gradient.
[2026-02-16 11:42:51,585] tensorflow - Level 1 - Registering StackPop (None) in gradient.
[2026-02-16 11:42:51,585] tensorflow - Level 1 - Registering StackClose (None) in gradient.
[2026-02-16 11:42:51,585] tensorflow - Level 1 - Registering GetSessionHandle (None) in gradient.
[2026-02-16 11:42:51,585] tensorflow - Level 1 - Registering GetSessionHandleV2 (None) in gradient.
[2026-02-16 11:42:51,585] tensorflow - Level 1 - Registering GetSessionTensor (None) in gradient.
[2026-02-16 11:42:51,585] tensorflow - Level 1 - Registering DeleteSessionTensor (None) in gradient.
[2026-02-16 11:42:51,640] tensorflow - Level 1 - Registering TPUReplicatedInput (None) in gradient.
[2026-02-16 11:42:51,643] tensorflow - Level 1 - Registering AllToAll (<function _all_to_all_grad at 0x0000024E0F855760>) in gradient.
[2026-02-16 11:42:51,643] tensorflow - Level 1 - Registering CollectivePermute (<function _collective_permute_grad at 0x0000024E0F855940>) in gradient.
[2026-02-16 11:42:51,643] tensorflow - Level 1 - Registering CrossReplicaSum (<function _cross_replica_sum_grad at 0x0000024E0F8559E0>) in gradient.
[2026-02-16 11:42:51,643] tensorflow - Level 1 - Registering TPUEmbeddingActivations (<function _embedding_activations_grad at 0x0000024E0F855A80>) in gradient.
[2026-02-16 11:42:51,673] tensorflow - Level 1 - Registering XlaClusterOutput (<function _XlaClusterOutputGrad at 0x0000024E0F8BCCC0>) in gradient.
[2026-02-16 11:42:51,676] tensorflow - Level 1 - Registering Pack (<function _PackGrad at 0x0000024E0F8BD120>) in gradient.
[2026-02-16 11:42:51,678] tensorflow - Level 1 - Registering Unpack (<function _UnpackGrad at 0x0000024E0F8BD260>) in gradient.
[2026-02-16 11:42:51,678] tensorflow - Level 1 - Registering Concat (<function _ConcatGrad at 0x0000024E0F8BD440>) in gradient.
[2026-02-16 11:42:51,678] tensorflow - Level 1 - Registering ConcatV2 (<function _ConcatGradV2 at 0x0000024E0F8BD4E0>) in gradient.
[2026-02-16 11:42:51,679] tensorflow - Level 1 - Registering ConcatOffset (None) in gradient.
[2026-02-16 11:42:51,679] tensorflow - Level 1 - Registering Slice (<function _SliceGrad at 0x0000024E0F8BD580>) in gradient.
[2026-02-16 11:42:51,679] tensorflow - Level 1 - Registering StridedSlice (<function _StridedSliceGrad at 0x0000024E0F8BD760>) in gradient.
[2026-02-16 11:42:51,679] tensorflow - Level 1 - Registering StridedSliceGrad (<function _StridedSliceGradGrad at 0x0000024E0F8BD800>) in gradient.
[2026-02-16 11:42:51,679] tensorflow - Level 1 - Registering TensorStridedSliceUpdate (<function _TensorStridedSliceUpdateGrad at 0x0000024E0F8BD8A0>) in gradient.
[2026-02-16 11:42:51,679] tensorflow - Level 1 - Registering Split (<function _SplitGrad at 0x0000024E0F8BD940>) in gradient.
[2026-02-16 11:42:51,679] tensorflow - Level 1 - Registering SplitV (<function _SplitVGrad at 0x0000024E0F8BD9E0>) in gradient.
[2026-02-16 11:42:51,679] tensorflow - Level 1 - Registering Const (None) in gradient.
[2026-02-16 11:42:51,679] tensorflow - Level 1 - Registering Diag (<function _DiagGrad at 0x0000024E0F8BDA80>) in gradient.
[2026-02-16 11:42:51,679] tensorflow - Level 1 - Registering DiagPart (<function _DiagPartGrad at 0x0000024E0F8BDB20>) in gradient.
[2026-02-16 11:42:51,679] tensorflow - Level 1 - Registering MatrixDiag (<function _MatrixDiagGrad at 0x0000024E0F8BDBC0>) in gradient.
[2026-02-16 11:42:51,680] tensorflow - Level 1 - Registering MatrixDiagV2 (<function _MatrixDiagV2Grad at 0x0000024E0F8BDC60>) in gradient.
[2026-02-16 11:42:51,680] tensorflow - Level 1 - Registering MatrixDiagV3 (<function _MatrixDiagV3Grad at 0x0000024E0F8BDD00>) in gradient.
[2026-02-16 11:42:51,680] tensorflow - Level 1 - Registering MatrixDiagPart (<function _MatrixDiagPartGrad at 0x0000024E0F8BDDA0>) in gradient.
[2026-02-16 11:42:51,680] tensorflow - Level 1 - Registering MatrixDiagPartV2 (<function _MatrixDiagPartV2Grad at 0x0000024E0F8BDE40>) in gradient.
[2026-02-16 11:42:51,680] tensorflow - Level 1 - Registering MatrixDiagPartV3 (<function _MatrixDiagPartV3Grad at 0x0000024E0F8BDEE0>) in gradient.
[2026-02-16 11:42:51,680] tensorflow - Level 1 - Registering MatrixSetDiag (<function _MatrixSetDiagGrad at 0x0000024E0F8BDF80>) in gradient.
[2026-02-16 11:42:51,680] tensorflow - Level 1 - Registering MatrixSetDiagV2 (<function _MatrixSetDiagGradV2 at 0x0000024E0F8BE020>) in gradient.
[2026-02-16 11:42:51,680] tensorflow - Level 1 - Registering MatrixSetDiagV3 (<function _MatrixSetDiagGradV3 at 0x0000024E0F8BE0C0>) in gradient.
[2026-02-16 11:42:51,680] tensorflow - Level 1 - Registering MatrixBandPart (<function _MatrixBandPartGrad at 0x0000024E0F8BE160>) in gradient.
[2026-02-16 11:42:51,680] tensorflow - Level 1 - Registering EditDistance (None) in gradient.
[2026-02-16 11:42:51,681] tensorflow - Level 1 - Registering Fill (<function _FillGrad at 0x0000024E0F8BE200>) in gradient.
[2026-02-16 11:42:51,681] tensorflow - Level 1 - Registering ZerosLike (None) in gradient.
[2026-02-16 11:42:51,681] tensorflow - Level 1 - Registering OnesLike (None) in gradient.
[2026-02-16 11:42:51,681] tensorflow - Level 1 - Registering PreventGradient (<function _PreventGradientGrad at 0x0000024E0F8BE2A0>) in gradient.
[2026-02-16 11:42:51,681] tensorflow - Level 1 - Registering Gather (<function _GatherGrad at 0x0000024E0F8BE3E0>) in gradient.
[2026-02-16 11:42:51,681] tensorflow - Level 1 - Registering GatherV2 (<function _GatherV2Grad at 0x0000024E0F8BE5C0>) in gradient.
[2026-02-16 11:42:51,681] tensorflow - Level 1 - Registering GatherNd (<function _GatherNdGrad at 0x0000024E0F8BE660>) in gradient.
[2026-02-16 11:42:51,681] tensorflow - Level 1 - Registering ResourceGatherNd (<function _ResourceGatherNdGrad at 0x0000024E0F8BE700>) in gradient.
[2026-02-16 11:42:51,681] tensorflow - Level 1 - Registering CheckNumerics (<function _CheckNumericsGrad at 0x0000024E0F8BE7A0>) in gradient.
[2026-02-16 11:42:51,681] tensorflow - Level 1 - Registering CheckNumericsV2 (<function _CheckNumericsV2Grad at 0x0000024E0F8BE840>) in gradient.
[2026-02-16 11:42:51,682] tensorflow - Level 1 - Registering Identity (<function _IdGrad at 0x0000024E0F8BE8E0>) in gradient.
[2026-02-16 11:42:51,682] tensorflow - Level 1 - Registering PlaceholderWithDefault (<function _IdGrad at 0x0000024E0F8BE8E0>) in gradient.
[2026-02-16 11:42:51,682] tensorflow - Level 1 - Registering _EagerConst (<function _EagerConstGrad at 0x0000024E0F8BE980>) in gradient.
[2026-02-16 11:42:51,682] tensorflow - Level 1 - Registering RefIdentity (<function _RefIdGrad at 0x0000024E0F8BEA20>) in gradient.
[2026-02-16 11:42:51,682] tensorflow - Level 1 - Registering IdentityN (<function _IdNGrad at 0x0000024E0F8BEAC0>) in gradient.
[2026-02-16 11:42:51,682] tensorflow - Level 1 - Registering StopGradient (None) in gradient.
[2026-02-16 11:42:51,683] tensorflow - Level 1 - Registering Reshape (<function _ReshapeGrad at 0x0000024E0F8BEB60>) in gradient.
[2026-02-16 11:42:51,683] tensorflow - Level 1 - Registering InvertPermutation (None) in gradient.
[2026-02-16 11:42:51,683] tensorflow - Level 1 - Registering ExpandDims (<function _ExpandDimsGrad at 0x0000024E0F8BECA0>) in gradient.
[2026-02-16 11:42:51,683] tensorflow - Level 1 - Registering Squeeze (<function _SqueezeGrad at 0x0000024E0F8BED40>) in gradient.
[2026-02-16 11:42:51,683] tensorflow - Level 1 - Registering Transpose (<function _TransposeGrad at 0x0000024E0F8BEDE0>) in gradient.
[2026-02-16 11:42:51,683] tensorflow - Level 1 - Registering ConjugateTranspose (<function _ConjugateTransposeGrad at 0x0000024E0F8BEE80>) in gradient.
[2026-02-16 11:42:51,683] tensorflow - Level 1 - Registering Shape (None) in gradient.
[2026-02-16 11:42:51,683] tensorflow - Level 1 - Registering ShapeN (None) in gradient.
[2026-02-16 11:42:51,683] tensorflow - Level 1 - Registering Rank (None) in gradient.
[2026-02-16 11:42:51,683] tensorflow - Level 1 - Registering Size (None) in gradient.
[2026-02-16 11:42:51,684] tensorflow - Level 1 - Registering Tile (<function _TileGrad at 0x0000024E0F8BEF20>) in gradient.
[2026-02-16 11:42:51,684] tensorflow - Level 1 - Registering BroadcastGradientArgs (None) in gradient.
[2026-02-16 11:42:51,684] tensorflow - Level 1 - Registering Pad (<function _PadGrad at 0x0000024E0F8BEFC0>) in gradient.
[2026-02-16 11:42:51,684] tensorflow - Level 1 - Registering PadV2 (<function _PadGrad at 0x0000024E0F8BEFC0>) in gradient.
[2026-02-16 11:42:51,684] tensorflow - Level 1 - Registering ReverseSequence (<function _ReverseSequenceGrad at 0x0000024E0F8BF060>) in gradient.
[2026-02-16 11:42:51,684] tensorflow - Level 1 - Registering Reverse (<function _ReverseGrad at 0x0000024E0F8BF100>) in gradient.
[2026-02-16 11:42:51,684] tensorflow - Level 1 - Registering ReverseV2 (<function _ReverseV2Grad at 0x0000024E0F8BF1A0>) in gradient.
[2026-02-16 11:42:51,684] tensorflow - Level 1 - Registering SpaceToBatch (<function _SpaceToBatchGrad at 0x0000024E0F8BF240>) in gradient.
[2026-02-16 11:42:51,684] tensorflow - Level 1 - Registering SpaceToBatchND (<function _SpaceToBatchNDGrad at 0x0000024E0F8BF2E0>) in gradient.
[2026-02-16 11:42:51,685] tensorflow - Level 1 - Registering BatchToSpace (<function _BatchToSpaceGrad at 0x0000024E0F8BF380>) in gradient.
[2026-02-16 11:42:51,685] tensorflow - Level 1 - Registering BatchToSpaceND (<function _BatchToSpaceNDGrad at 0x0000024E0F8BF420>) in gradient.
[2026-02-16 11:42:51,685] tensorflow - Level 1 - Registering SpaceToDepth (<function _SpaceToDepthGrad at 0x0000024E0F8BF4C0>) in gradient.
[2026-02-16 11:42:51,685] tensorflow - Level 1 - Registering DepthToSpace (<function _DepthToSpaceGrad at 0x0000024E0F8BF560>) in gradient.
[2026-02-16 11:42:51,685] tensorflow - Level 1 - Registering OneHot (None) in gradient.
[2026-02-16 11:42:51,685] tensorflow - Level 1 - Registering MirrorPad (<function _MirrorPadGrad at 0x0000024E0F8BF600>) in gradient.
[2026-02-16 11:42:51,685] tensorflow - Level 1 - Registering MirrorPadGrad (<function _MirrorPadGradGrad at 0x0000024E0F8BF6A0>) in gradient.
[2026-02-16 11:42:51,685] tensorflow - Level 1 - Registering FakeQuantWithMinMaxArgsGradient (None) in gradient.
[2026-02-16 11:42:51,685] tensorflow - Level 1 - Registering FakeQuantWithMinMaxVarsGradient (None) in gradient.
[2026-02-16 11:42:51,686] tensorflow - Level 1 - Registering FakeQuantWithMinMaxVarsPerChannelGradient (None) in gradient.
[2026-02-16 11:42:51,686] tensorflow - Level 1 - Registering QuantizeAndDequantize (<function _QuantizeAndDequantizeGrad at 0x0000024E0F8BF740>) in gradient.
[2026-02-16 11:42:51,686] tensorflow - Level 1 - Registering QuantizeAndDequantizeV2 (<function _QuantizeAndDequantizeV2Grad at 0x0000024E0F8BF880>) in gradient.
[2026-02-16 11:42:51,686] tensorflow - Level 1 - Registering QuantizeAndDequantizeV3 (<function _QuantizeAndDequantizeV3Grad at 0x0000024E0F8BF920>) in gradient.
[2026-02-16 11:42:51,686] tensorflow - Level 1 - Registering ExtractImagePatches (<function _ExtractImagePatchesGrad at 0x0000024E0F8BF7E0>) in gradient.
[2026-02-16 11:42:51,686] tensorflow - Level 1 - Registering ExtractVolumePatches (<function _ExtractVolumePatchesGrad at 0x0000024E0F8BF9C0>) in gradient.
[2026-02-16 11:42:51,686] tensorflow - Level 1 - Registering ScatterNd (<function _ScatterNdGrad at 0x0000024E0F8BFA60>) in gradient.
[2026-02-16 11:42:51,686] tensorflow - Level 1 - Registering TensorScatterUpdate (<function _TensorScatterUpdateGrad at 0x0000024E0F8BFB00>) in gradient.
[2026-02-16 11:42:51,686] tensorflow - Level 1 - Registering TensorScatterAdd (<function _TensorScatterAddGrad at 0x0000024E0F8BFBA0>) in gradient.
[2026-02-16 11:42:51,686] tensorflow - Level 1 - Registering TensorScatterMax (<function _TensorScatterMaxGrad at 0x0000024E0F8BFCE0>) in gradient.
[2026-02-16 11:42:51,687] tensorflow - Level 1 - Registering TensorScatterMin (<function _TensorScatterMinGrad at 0x0000024E0F8BFD80>) in gradient.
[2026-02-16 11:42:51,687] tensorflow - Level 1 - Registering TensorScatterSub (<function _TensorScatterSubGrad at 0x0000024E0F8BFE20>) in gradient.
[2026-02-16 11:42:51,687] tensorflow - Level 1 - Registering ScatterNdNonAliasingAdd (<function _ScatterNdNonAliasingAddGrad at 0x0000024E0F8BFEC0>) in gradient.
[2026-02-16 11:42:51,687] tensorflow - Level 1 - Registering BroadcastTo (<function _BroadcastToGrad at 0x0000024E0F8BFF60>) in gradient.
[2026-02-16 11:42:51,688] tensorflow - Level 1 - Registering Switch (<function _SwitchGrad at 0x0000024E0F904180>) in gradient.
[2026-02-16 11:42:51,690] tensorflow - Level 1 - Registering RefSwitch (<function _SwitchGrad at 0x0000024E0F904180>) in gradient.
[2026-02-16 11:42:51,690] tensorflow - Level 1 - Registering Merge (<function _MergeGrad at 0x0000024E0F904220>) in gradient.
[2026-02-16 11:42:51,690] tensorflow - Level 1 - Registering RefMerge (<function _RefMergeGrad at 0x0000024E0F904360>) in gradient.
[2026-02-16 11:42:51,691] tensorflow - Level 1 - Registering Exit (<function _ExitGrad at 0x0000024E0F9042C0>) in gradient.
[2026-02-16 11:42:51,691] tensorflow - Level 1 - Registering RefExit (<function _ExitGrad at 0x0000024E0F9042C0>) in gradient.
[2026-02-16 11:42:51,691] tensorflow - Level 1 - Registering NextIteration (<function _NextIterationGrad at 0x0000024E0F904400>) in gradient.
[2026-02-16 11:42:51,691] tensorflow - Level 1 - Registering RefNextIteration (<function _RefNextIterationGrad at 0x0000024E0F9044A0>) in gradient.
[2026-02-16 11:42:51,691] tensorflow - Level 1 - Registering Enter (<function _EnterGrad at 0x0000024E0F904540>) in gradient.
[2026-02-16 11:42:51,691] tensorflow - Level 1 - Registering RefEnter (<function _RefEnterGrad at 0x0000024E0F9045E0>) in gradient.
[2026-02-16 11:42:51,691] tensorflow - Level 1 - Registering LoopCond (<function _LoopCondGrad at 0x0000024E0F904680>) in gradient.
[2026-02-16 11:42:51,698] tensorflow - Level 1 - Registering CudnnRNN (<function _cudnn_rnn_backward at 0x0000024E0F9047C0>) in gradient.
[2026-02-16 11:42:51,700] tensorflow - Level 1 - Registering CudnnRNNV2 (<function _cudnn_rnn_backward_v2 at 0x0000024E0F9049A0>) in gradient.
[2026-02-16 11:42:51,700] tensorflow - Level 1 - Registering CudnnRNNV3 (<function _cudnn_rnn_backwardv3 at 0x0000024E0F940AE0>) in gradient.
[2026-02-16 11:42:51,701] tensorflow - Level 1 - Registering ResizeNearestNeighbor (<function _ResizeNearestNeighborGrad at 0x0000024E0F940A40>) in gradient.
[2026-02-16 11:42:51,703] tensorflow - Level 1 - Registering ResizeBilinear (<function _ResizeBilinearGrad at 0x0000024E0F940B80>) in gradient.
[2026-02-16 11:42:51,703] tensorflow - Level 1 - Registering ResizeBilinearGrad (None) in gradient.
[2026-02-16 11:42:51,703] tensorflow - Level 1 - Registering ScaleAndTranslate (<function _ScaleAndTranslateGrad at 0x0000024E0F940D60>) in gradient.
[2026-02-16 11:42:51,703] tensorflow - Level 1 - Registering ResizeBicubic (<function _ResizeBicubicGrad at 0x0000024E0F940CC0>) in gradient.
[2026-02-16 11:42:51,703] tensorflow - Level 1 - Registering CropAndResize (<function _CropAndResizeGrad at 0x0000024E0F940E00>) in gradient.
[2026-02-16 11:42:51,703] tensorflow - Level 1 - Registering RGBToHSV (<function _RGBToHSVGrad at 0x0000024E0F940F40>) in gradient.
[2026-02-16 11:42:51,710] tensorflow - Level 1 - Registering ReaderRead (None) in gradient.
[2026-02-16 11:42:51,711] tensorflow - Level 1 - Registering ReaderReadUpTo (None) in gradient.
[2026-02-16 11:42:51,712] tensorflow - Level 1 - Registering ReaderNumRecordsProduced (None) in gradient.
[2026-02-16 11:42:51,712] tensorflow - Level 1 - Registering ReaderNumWorkUnitsCompleted (None) in gradient.
[2026-02-16 11:42:51,712] tensorflow - Level 1 - Registering ReaderSerializeState (None) in gradient.
[2026-02-16 11:42:51,712] tensorflow - Level 1 - Registering ReaderRestoreState (None) in gradient.
[2026-02-16 11:42:51,712] tensorflow - Level 1 - Registering ReaderReset (None) in gradient.
[2026-02-16 11:42:51,712] tensorflow - Level 1 - Registering WholeFileReader (None) in gradient.
[2026-02-16 11:42:51,713] tensorflow - Level 1 - Registering TextLineReader (None) in gradient.
[2026-02-16 11:42:51,713] tensorflow - Level 1 - Registering FixedLengthRecordReader (None) in gradient.
[2026-02-16 11:42:51,713] tensorflow - Level 1 - Registering TFRecordReader (None) in gradient.
[2026-02-16 11:42:51,713] tensorflow - Level 1 - Registering LMDBReader (None) in gradient.
[2026-02-16 11:42:51,714] tensorflow - Level 1 - Registering IdentityReader (None) in gradient.
[2026-02-16 11:42:51,721] tensorflow - Level 1 - Registering MatrixInverse (<function _MatrixInverseGrad at 0x0000024E0F98A3E0>) in gradient.
[2026-02-16 11:42:51,723] tensorflow - Level 1 - Registering Einsum (<function _EinsumGrad at 0x0000024E0F98A660>) in gradient.
[2026-02-16 11:42:51,723] tensorflow - Level 1 - Registering MatrixDeterminant (<function _MatrixDeterminantGrad at 0x0000024E0F9BCAE0>) in gradient.
[2026-02-16 11:42:51,723] tensorflow - Level 1 - Registering MatrixSquareRoot (<function _MatrixSquareRootGrad at 0x0000024E0F9BCC20>) in gradient.
[2026-02-16 11:42:51,723] tensorflow - Level 1 - Registering LogMatrixDeterminant (<function _LogMatrixDeterminantGrad at 0x0000024E0F9BCCC0>) in gradient.
[2026-02-16 11:42:51,723] tensorflow - Level 1 - Registering Cholesky (<function _CholeskyGrad at 0x0000024E0F9BCD60>) in gradient.
[2026-02-16 11:42:51,723] tensorflow - Level 1 - Registering Qr (<function _QrGrad at 0x0000024E0F9BCE00>) in gradient.
[2026-02-16 11:42:51,723] tensorflow - Level 1 - Registering MatrixSolve (<function _MatrixSolveGrad at 0x0000024E0F9BCEA0>) in gradient.
[2026-02-16 11:42:51,723] tensorflow - Level 1 - Registering MatrixSolveLs (<function _MatrixSolveLsGrad at 0x0000024E0F9BCF40>) in gradient.
[2026-02-16 11:42:51,723] tensorflow - Level 1 - Registering BandedTriangularSolve (<function _BandedTriangularSolveGrad at 0x0000024E0F9BCFE0>) in gradient.
[2026-02-16 11:42:51,724] tensorflow - Level 1 - Registering MatrixTriangularSolve (<function _MatrixTriangularSolveGrad at 0x0000024E0F9BD080>) in gradient.
[2026-02-16 11:42:51,724] tensorflow - Level 1 - Registering Eig (<function _EigGrad at 0x0000024E0F9BD1C0>) in gradient.
[2026-02-16 11:42:51,724] tensorflow - Level 1 - Registering SelfAdjointEigV2 (<function _SelfAdjointEigV2Grad at 0x0000024E0F9BD260>) in gradient.
[2026-02-16 11:42:51,724] tensorflow - Level 1 - Registering Svd (<function _SvdGrad at 0x0000024E0F9BD300>) in gradient.
[2026-02-16 11:42:51,724] tensorflow - Level 1 - Registering TridiagonalMatMul (<function _TridiagonalMatMulGrad at 0x0000024E0F9BD4E0>) in gradient.
[2026-02-16 11:42:51,724] tensorflow - Level 1 - Registering TridiagonalSolve (<function _TridiagonalSolveGrad at 0x0000024E0F9BD580>) in gradient.
[2026-02-16 11:42:51,726] tensorflow - Level 1 - Registering LookupTableFind (None) in gradient.
[2026-02-16 11:42:51,728] tensorflow - Level 1 - Registering LookupTableFindV2 (None) in gradient.
[2026-02-16 11:42:51,728] tensorflow - Level 1 - Registering LookupTableInsert (None) in gradient.
[2026-02-16 11:42:51,728] tensorflow - Level 1 - Registering LookupTableInsertV2 (None) in gradient.
[2026-02-16 11:42:51,729] tensorflow - Level 1 - Registering LookupTableSize (None) in gradient.
[2026-02-16 11:42:51,729] tensorflow - Level 1 - Registering LookupTableSizeV2 (None) in gradient.
[2026-02-16 11:42:51,729] tensorflow - Level 1 - Registering HashTable (None) in gradient.
[2026-02-16 11:42:51,729] tensorflow - Level 1 - Registering HashTableV2 (None) in gradient.
[2026-02-16 11:42:51,729] tensorflow - Level 1 - Registering InitializeTable (None) in gradient.
[2026-02-16 11:42:51,729] tensorflow - Level 1 - Registering InitializeTableV2 (None) in gradient.
[2026-02-16 11:42:51,729] tensorflow - Level 1 - Registering InitializeTableFromTextFile (None) in gradient.
[2026-02-16 11:42:51,729] tensorflow - Level 1 - Registering InitializeTableFromTextFileV2 (None) in gradient.
[2026-02-16 11:42:51,729] tensorflow - Level 1 - Registering MutableDenseHashTable (None) in gradient.
[2026-02-16 11:42:51,730] tensorflow - Level 1 - Registering MutableDenseHashTableV2 (None) in gradient.
[2026-02-16 11:42:51,730] tensorflow - Level 1 - Registering MutableHashTable (None) in gradient.
[2026-02-16 11:42:51,730] tensorflow - Level 1 - Registering MutableHashTableV2 (None) in gradient.
[2026-02-16 11:42:51,730] tensorflow - Level 1 - Registering MutableHashTableOfTensors (None) in gradient.
[2026-02-16 11:42:51,730] tensorflow - Level 1 - Registering MutableHashTableOfTensorsV2 (None) in gradient.
[2026-02-16 11:42:51,735] tensorflow - Level 1 - Registering Roll (<function _RollGrad at 0x0000024E0F904720>) in gradient.
[2026-02-16 11:42:51,738] tensorflow - Level 1 - Registering ArgMax (<function _ArgMaxGrad at 0x0000024E0F9BC900>) in gradient.
[2026-02-16 11:42:51,740] tensorflow - Level 1 - Registering ArgMin (<function _ArgMinGrad at 0x0000024E0F9BE660>) in gradient.
[2026-02-16 11:42:51,740] tensorflow - Level 1 - Registering EuclideanNorm (<function _EuclideanNormGrad at 0x0000024E0F9BE8E0>) in gradient.
[2026-02-16 11:42:51,740] tensorflow - Level 1 - Registering Sum (<function _SumGrad at 0x0000024E0F9BED40>) in gradient.
[2026-02-16 11:42:51,741] tensorflow - Level 1 - Registering Max (<function _MaxGrad at 0x0000024E0F9BEE80>) in gradient.
[2026-02-16 11:42:51,741] tensorflow - Level 1 - Registering Min (<function _MinGrad at 0x0000024E0F9BEF20>) in gradient.
[2026-02-16 11:42:51,741] tensorflow - Level 1 - Registering Mean (<function _MeanGrad at 0x0000024E0F9BEFC0>) in gradient.
[2026-02-16 11:42:51,741] tensorflow - Level 1 - Registering Prod (<function _ProdGrad at 0x0000024E0F9BF060>) in gradient.
[2026-02-16 11:42:51,741] tensorflow - Level 1 - Registering SegmentSum (<function _SegmentSumGrad at 0x0000024E0F9BF100>) in gradient.
[2026-02-16 11:42:51,741] tensorflow - Level 1 - Registering SegmentMean (<function _SegmentMeanGrad at 0x0000024E0F9BF1A0>) in gradient.
[2026-02-16 11:42:51,741] tensorflow - Level 1 - Registering SparseSegmentSum (<function _SparseSegmentSumGrad at 0x0000024E0F9BF380>) in gradient.
[2026-02-16 11:42:51,741] tensorflow - Level 1 - Registering SparseSegmentSumWithNumSegments (<function _SparseSegmentSumWithNumSegmentsGrad at 0x0000024E0F9BF420>) in gradient.
[2026-02-16 11:42:51,741] tensorflow - Level 1 - Registering SparseSegmentMean (<function _SparseSegmentMeanGrad at 0x0000024E0F9BF4C0>) in gradient.
[2026-02-16 11:42:51,742] tensorflow - Level 1 - Registering SparseSegmentMeanWithNumSegments (<function _SparseSegmentMeanWithNumSegmentsGrad at 0x0000024E0F9BF560>) in gradient.
[2026-02-16 11:42:51,742] tensorflow - Level 1 - Registering SparseSegmentSqrtN (<function _SparseSegmentSqrtNGrad at 0x0000024E0F9BF600>) in gradient.
[2026-02-16 11:42:51,742] tensorflow - Level 1 - Registering SparseSegmentSqrtNWithNumSegments (<function _SparseSegmentSqrtNWithNumSegmentsGrad at 0x0000024E0F9BF6A0>) in gradient.
[2026-02-16 11:42:51,742] tensorflow - Level 1 - Registering SegmentMin (<function _SegmentMinGrad at 0x0000024E0F9BF7E0>) in gradient.
[2026-02-16 11:42:51,742] tensorflow - Level 1 - Registering SegmentMax (<function _SegmentMaxGrad at 0x0000024E0F9BF880>) in gradient.
[2026-02-16 11:42:51,742] tensorflow - Level 1 - Registering SegmentProd (<function _SegmentProdGrad at 0x0000024E0F9BF920>) in gradient.
[2026-02-16 11:42:51,742] tensorflow - Level 1 - Registering UnsortedSegmentSum (<function _UnsortedSegmentSumGrad at 0x0000024E0F9BFB00>) in gradient.
[2026-02-16 11:42:51,742] tensorflow - Level 1 - Registering UnsortedSegmentMax (<function _UnsortedSegmentMaxGrad at 0x0000024E0F9BFBA0>) in gradient.
[2026-02-16 11:42:51,742] tensorflow - Level 1 - Registering UnsortedSegmentMin (<function _UnsortedSegmentMinGrad at 0x0000024E0F9BFC40>) in gradient.
[2026-02-16 11:42:51,742] tensorflow - Level 1 - Registering UnsortedSegmentProd (<function _UnsortedSegmentProdGrad at 0x0000024E0F9BFCE0>) in gradient.
[2026-02-16 11:42:51,743] tensorflow - Level 1 - Registering Abs (<function _AbsGrad at 0x0000024E0F9BFD80>) in gradient.
[2026-02-16 11:42:51,743] tensorflow - Level 1 - Registering Neg (<function _NegGrad at 0x0000024E0F9BFE20>) in gradient.
[2026-02-16 11:42:51,743] tensorflow - Level 1 - Registering Inv (<function _InvGrad at 0x0000024E0F9BFEC0>) in gradient.
[2026-02-16 11:42:51,743] tensorflow - Level 1 - Registering Reciprocal (<function _ReciprocalGrad at 0x0000024E0F9BFF60>) in gradient.
[2026-02-16 11:42:51,743] tensorflow - Level 1 - Registering InvGrad (<function _InvGradGrad at 0x0000024E0FA30040>) in gradient.
[2026-02-16 11:42:51,743] tensorflow - Level 1 - Registering ReciprocalGrad (<function _ReciprocalGradGrad at 0x0000024E0FA300E0>) in gradient.
[2026-02-16 11:42:51,743] tensorflow - Level 1 - Registering Square (<function _SquareGrad at 0x0000024E0FA30180>) in gradient.
[2026-02-16 11:42:51,743] tensorflow - Level 1 - Registering Sqrt (<function _SqrtGrad at 0x0000024E0FA30220>) in gradient.
[2026-02-16 11:42:51,743] tensorflow - Level 1 - Registering SqrtGrad (<function _SqrtGradGrad at 0x0000024E0FA302C0>) in gradient.
[2026-02-16 11:42:51,743] tensorflow - Level 1 - Registering Rsqrt (<function _RsqrtGrad at 0x0000024E0FA30360>) in gradient.
[2026-02-16 11:42:51,744] tensorflow - Level 1 - Registering RsqrtGrad (<function _RsqrtGradGrad at 0x0000024E0FA30400>) in gradient.
[2026-02-16 11:42:51,744] tensorflow - Level 1 - Registering Exp (<function _ExpGrad at 0x0000024E0FA304A0>) in gradient.
[2026-02-16 11:42:51,744] tensorflow - Level 1 - Registering Expm1 (<function _Expm1Grad at 0x0000024E0FA30540>) in gradient.
[2026-02-16 11:42:51,744] tensorflow - Level 1 - Registering Log (<function _LogGrad at 0x0000024E0FA305E0>) in gradient.
[2026-02-16 11:42:51,744] tensorflow - Level 1 - Registering Log1p (<function _Log1pGrad at 0x0000024E0FA30680>) in gradient.
[2026-02-16 11:42:51,744] tensorflow - Level 1 - Registering Xlogy (<function _XLogyGrad at 0x0000024E0FA30720>) in gradient.
[2026-02-16 11:42:51,744] tensorflow - Level 1 - Registering Xlog1py (<function _XLog1pyGrad at 0x0000024E0FA307C0>) in gradient.
[2026-02-16 11:42:51,744] tensorflow - Level 1 - Registering Xdivy (<function _XDivyGrad at 0x0000024E0FA30860>) in gradient.
[2026-02-16 11:42:51,744] tensorflow - Level 1 - Registering Sinh (<function _SinhGrad at 0x0000024E0FA30900>) in gradient.
[2026-02-16 11:42:51,744] tensorflow - Level 1 - Registering Cosh (<function _CoshGrad at 0x0000024E0FA309A0>) in gradient.
[2026-02-16 11:42:51,745] tensorflow - Level 1 - Registering Tanh (<function _TanhGrad at 0x0000024E0FA30A40>) in gradient.
[2026-02-16 11:42:51,745] tensorflow - Level 1 - Registering Asinh (<function _AsinhGrad at 0x0000024E0FA30AE0>) in gradient.
[2026-02-16 11:42:51,745] tensorflow - Level 1 - Registering Acosh (<function _AcoshGrad at 0x0000024E0FA30B80>) in gradient.
[2026-02-16 11:42:51,745] tensorflow - Level 1 - Registering Atanh (<function _AtanhGrad at 0x0000024E0FA30C20>) in gradient.
[2026-02-16 11:42:51,745] tensorflow - Level 1 - Registering TanhGrad (<function _TanhGradGrad at 0x0000024E0FA30CC0>) in gradient.
[2026-02-16 11:42:51,745] tensorflow - Level 1 - Registering Erf (<function _ErfGrad at 0x0000024E0FA30D60>) in gradient.
[2026-02-16 11:42:51,745] tensorflow - Level 1 - Registering Erfc (<function _ErfcGrad at 0x0000024E0FA30E00>) in gradient.
[2026-02-16 11:42:51,745] tensorflow - Level 1 - Registering Erfinv (<function _ErfinvGrad at 0x0000024E0FA30EA0>) in gradient.
[2026-02-16 11:42:51,745] tensorflow - Level 1 - Registering Ndtri (<function _NdtriGrad at 0x0000024E0FA30F40>) in gradient.
[2026-02-16 11:42:51,745] tensorflow - Level 1 - Registering Lgamma (<function _LgammaGrad at 0x0000024E0FA30FE0>) in gradient.
[2026-02-16 11:42:51,746] tensorflow - Level 1 - Registering Digamma (<function _DigammaGrad at 0x0000024E0FA31080>) in gradient.
[2026-02-16 11:42:51,746] tensorflow - Level 1 - Registering Dawsn (<function _DawsnGrad at 0x0000024E0FA31120>) in gradient.
[2026-02-16 11:42:51,746] tensorflow - Level 1 - Registering Expint (<function _ExpintGrad at 0x0000024E0FA311C0>) in gradient.
[2026-02-16 11:42:51,746] tensorflow - Level 1 - Registering FresnelCos (<function _FresnelCosGrad at 0x0000024E0FA31260>) in gradient.
[2026-02-16 11:42:51,746] tensorflow - Level 1 - Registering FresnelSin (<function _FresnelSinGrad at 0x0000024E0FA31300>) in gradient.
[2026-02-16 11:42:51,746] tensorflow - Level 1 - Registering Spence (<function _SpenceGrad at 0x0000024E0FA313A0>) in gradient.
[2026-02-16 11:42:51,746] tensorflow - Level 1 - Registering BesselI0 (<function _BesselI0Grad at 0x0000024E0FA31440>) in gradient.
[2026-02-16 11:42:51,746] tensorflow - Level 1 - Registering BesselI0e (<function _BesselI0eGrad at 0x0000024E0FA314E0>) in gradient.
[2026-02-16 11:42:51,746] tensorflow - Level 1 - Registering BesselI1 (<function _BesselI1Grad at 0x0000024E0FA31580>) in gradient.
[2026-02-16 11:42:51,747] tensorflow - Level 1 - Registering BesselI1e (<function _BesselI1eGrad at 0x0000024E0FA31620>) in gradient.
[2026-02-16 11:42:51,747] tensorflow - Level 1 - Registering BesselK0 (<function _BesselK0Grad at 0x0000024E0FA316C0>) in gradient.
[2026-02-16 11:42:51,747] tensorflow - Level 1 - Registering BesselK0e (<function _BesselK0eGrad at 0x0000024E0FA31760>) in gradient.
[2026-02-16 11:42:51,747] tensorflow - Level 1 - Registering BesselK1 (<function _BesselK1Grad at 0x0000024E0FA31800>) in gradient.
[2026-02-16 11:42:51,747] tensorflow - Level 1 - Registering BesselK1e (<function _BesselK1eGrad at 0x0000024E0FA318A0>) in gradient.
[2026-02-16 11:42:51,747] tensorflow - Level 1 - Registering BesselJ0 (<function _BesselJ0Grad at 0x0000024E0FA31940>) in gradient.
[2026-02-16 11:42:51,747] tensorflow - Level 1 - Registering BesselJ1 (<function _BesselJ1Grad at 0x0000024E0FA319E0>) in gradient.
[2026-02-16 11:42:51,747] tensorflow - Level 1 - Registering BesselY0 (<function _BesselY0Grad at 0x0000024E0FA31A80>) in gradient.
[2026-02-16 11:42:51,747] tensorflow - Level 1 - Registering BesselY1 (<function _BesselY1Grad at 0x0000024E0FA31B20>) in gradient.
[2026-02-16 11:42:51,747] tensorflow - Level 1 - Registering Igamma (<function _IgammaGrad at 0x0000024E0FA31BC0>) in gradient.
[2026-02-16 11:42:51,748] tensorflow - Level 1 - Registering Igammac (<function _IgammacGrad at 0x0000024E0FA31C60>) in gradient.
[2026-02-16 11:42:51,748] tensorflow - Level 1 - Registering Betainc (<function _BetaincGrad at 0x0000024E0FA31D00>) in gradient.
[2026-02-16 11:42:51,748] tensorflow - Level 1 - Registering Zeta (<function _ZetaGrad at 0x0000024E0FA31DA0>) in gradient.
[2026-02-16 11:42:51,748] tensorflow - Level 1 - Registering Polygamma (<function _PolygammaGrad at 0x0000024E0FA31E40>) in gradient.
[2026-02-16 11:42:51,748] tensorflow - Level 1 - Registering Sigmoid (<function _SigmoidGrad at 0x0000024E0FA31EE0>) in gradient.
[2026-02-16 11:42:51,748] tensorflow - Level 1 - Registering SigmoidGrad (<function _SigmoidGradGrad at 0x0000024E0FA31F80>) in gradient.
[2026-02-16 11:42:51,749] tensorflow - Level 1 - Registering Sign (<function _SignGrad at 0x0000024E0FA32020>) in gradient.
[2026-02-16 11:42:51,749] tensorflow - Level 1 - Registering Sin (<function _SinGrad at 0x0000024E0FA320C0>) in gradient.
[2026-02-16 11:42:51,749] tensorflow - Level 1 - Registering Cos (<function _CosGrad at 0x0000024E0FA32160>) in gradient.
[2026-02-16 11:42:51,749] tensorflow - Level 1 - Registering Tan (<function _TanGrad at 0x0000024E0FA32200>) in gradient.
[2026-02-16 11:42:51,749] tensorflow - Level 1 - Registering Asin (<function _AsinGrad at 0x0000024E0FA322A0>) in gradient.
[2026-02-16 11:42:51,749] tensorflow - Level 1 - Registering Acos (<function _AcosGrad at 0x0000024E0FA32340>) in gradient.
[2026-02-16 11:42:51,749] tensorflow - Level 1 - Registering Atan (<function _AtanGrad at 0x0000024E0FA323E0>) in gradient.
[2026-02-16 11:42:51,749] tensorflow - Level 1 - Registering Atan2 (<function _Atan2Grad at 0x0000024E0FA32480>) in gradient.
[2026-02-16 11:42:51,749] tensorflow - Level 1 - Registering AddN (<function _AddNGrad at 0x0000024E0FA32520>) in gradient.
[2026-02-16 11:42:51,750] tensorflow - Level 1 - Registering AddV2 (<function _AddGrad at 0x0000024E0FA32660>) in gradient.
[2026-02-16 11:42:51,750] tensorflow - Level 1 - Registering Add (<function _AddGrad at 0x0000024E0FA32660>) in gradient.
[2026-02-16 11:42:51,750] tensorflow - Level 1 - Registering Sub (<function _SubGrad at 0x0000024E0FA32700>) in gradient.
[2026-02-16 11:42:51,750] tensorflow - Level 1 - Registering Mul (<function _MulGrad at 0x0000024E0FA327A0>) in gradient.
[2026-02-16 11:42:51,750] tensorflow - Level 1 - Registering MulNoNan (<function _MulNoNanGrad at 0x0000024E0FA32840>) in gradient.
[2026-02-16 11:42:51,750] tensorflow - Level 1 - Registering Div (<function _DivGrad at 0x0000024E0FA328E0>) in gradient.
[2026-02-16 11:42:51,750] tensorflow - Level 1 - Registering FloorDiv (<function _FloorDivGrad at 0x0000024E0FA32980>) in gradient.
[2026-02-16 11:42:51,750] tensorflow - Level 1 - Registering FloorMod (<function _FloorModGrad at 0x0000024E0FA32A20>) in gradient.
[2026-02-16 11:42:51,750] tensorflow - Level 1 - Registering TruncateDiv (<function _TruncateDivGrad at 0x0000024E0FA32AC0>) in gradient.
[2026-02-16 11:42:51,750] tensorflow - Level 1 - Registering RealDiv (<function _RealDivGrad at 0x0000024E0FA32B60>) in gradient.
[2026-02-16 11:42:51,751] tensorflow - Level 1 - Registering DivNoNan (<function _DivNoNanGrad at 0x0000024E0FA32C00>) in gradient.
[2026-02-16 11:42:51,751] tensorflow - Level 1 - Registering Pow (<function _PowGrad at 0x0000024E0FA32CA0>) in gradient.
[2026-02-16 11:42:51,751] tensorflow - Level 1 - Registering Maximum (<function _MaximumGrad at 0x0000024E0FA32E80>) in gradient.
[2026-02-16 11:42:51,751] tensorflow - Level 1 - Registering Minimum (<function _MinimumGrad at 0x0000024E0FA32F20>) in gradient.
[2026-02-16 11:42:51,751] tensorflow - Level 1 - Registering SquaredDifference (<function _SquaredDifferenceGrad at 0x0000024E0FA32FC0>) in gradient.
[2026-02-16 11:42:51,751] tensorflow - Level 1 - Registering Less (None) in gradient.
[2026-02-16 11:42:51,751] tensorflow - Level 1 - Registering LessEqual (None) in gradient.
[2026-02-16 11:42:51,751] tensorflow - Level 1 - Registering Greater (None) in gradient.
[2026-02-16 11:42:51,751] tensorflow - Level 1 - Registering GreaterEqual (None) in gradient.
[2026-02-16 11:42:51,752] tensorflow - Level 1 - Registering Equal (None) in gradient.
[2026-02-16 11:42:51,752] tensorflow - Level 1 - Registering ApproximateEqual (None) in gradient.
[2026-02-16 11:42:51,752] tensorflow - Level 1 - Registering NotEqual (None) in gradient.
[2026-02-16 11:42:51,752] tensorflow - Level 1 - Registering LogicalAnd (None) in gradient.
[2026-02-16 11:42:51,752] tensorflow - Level 1 - Registering LogicalOr (None) in gradient.
[2026-02-16 11:42:51,752] tensorflow - Level 1 - Registering LogicalNot (None) in gradient.
[2026-02-16 11:42:51,752] tensorflow - Level 1 - Registering Select (<function _SelectGrad at 0x0000024E0FA33060>) in gradient.
[2026-02-16 11:42:51,752] tensorflow - Level 1 - Registering SelectV2 (<function _SelectGradV2 at 0x0000024E0FA33100>) in gradient.
[2026-02-16 11:42:51,752] tensorflow - Level 1 - Registering MatMul (<function _MatMulGrad at 0x0000024E0FA332E0>) in gradient.
[2026-02-16 11:42:51,752] tensorflow - Level 1 - Registering SparseMatMul (<function _SparseMatMulGrad at 0x0000024E0FA33380>) in gradient.
[2026-02-16 11:42:51,753] tensorflow - Level 1 - Registering Floor (<function _FloorGrad at 0x0000024E0FA33420>) in gradient.
[2026-02-16 11:42:51,753] tensorflow - Level 1 - Registering Ceil (<function _CeilGrad at 0x0000024E0FA334C0>) in gradient.
[2026-02-16 11:42:51,753] tensorflow - Level 1 - Registering Round (<function _RoundGrad at 0x0000024E0FA33560>) in gradient.
[2026-02-16 11:42:51,753] tensorflow - Level 1 - Registering Rint (<function _RintGrad at 0x0000024E0FA33600>) in gradient.
[2026-02-16 11:42:51,753] tensorflow - Level 1 - Registering BatchMatMul (<function _BatchMatMul at 0x0000024E0FA336A0>) in gradient.
[2026-02-16 11:42:51,753] tensorflow - Level 1 - Registering BatchMatMulV3 (<function _BatchMatMulV2 at 0x0000024E0FA33740>) in gradient.
[2026-02-16 11:42:51,753] tensorflow - Level 1 - Registering BatchMatMulV2 (<function _BatchMatMulV2 at 0x0000024E0FA33740>) in gradient.
[2026-02-16 11:42:51,753] tensorflow - Level 1 - Registering Range (None) in gradient.
[2026-02-16 11:42:51,753] tensorflow - Level 1 - Registering LinSpace (None) in gradient.
[2026-02-16 11:42:51,754] tensorflow - Level 1 - Registering Complex (<function _ComplexGrad at 0x0000024E0FA337E0>) in gradient.
[2026-02-16 11:42:51,754] tensorflow - Level 1 - Registering Real (<function _RealGrad at 0x0000024E0FA33880>) in gradient.
[2026-02-16 11:42:51,754] tensorflow - Level 1 - Registering Imag (<function _ImagGrad at 0x0000024E0FA33920>) in gradient.
[2026-02-16 11:42:51,754] tensorflow - Level 1 - Registering Angle (<function _AngleGrad at 0x0000024E0FA339C0>) in gradient.
[2026-02-16 11:42:51,754] tensorflow - Level 1 - Registering Conj (<function _ConjGrad at 0x0000024E0FA33A60>) in gradient.
[2026-02-16 11:42:51,754] tensorflow - Level 1 - Registering ComplexAbs (<function _ComplexAbsGrad at 0x0000024E0FA33B00>) in gradient.
[2026-02-16 11:42:51,754] tensorflow - Level 1 - Registering Cast (<function _CastGrad at 0x0000024E0FA33BA0>) in gradient.
[2026-02-16 11:42:51,754] tensorflow - Level 1 - Registering Cross (<function _CrossGrad at 0x0000024E0FA33C40>) in gradient.
[2026-02-16 11:42:51,754] tensorflow - Level 1 - Registering Cumsum (<function _CumsumGrad at 0x0000024E0FA33CE0>) in gradient.
[2026-02-16 11:42:51,754] tensorflow - Level 1 - Registering Cumprod (<function _CumprodGrad at 0x0000024E0FA33D80>) in gradient.
[2026-02-16 11:42:51,755] tensorflow - Level 1 - Registering CumulativeLogsumexp (<function _CumulativeLogsumexpGrad at 0x0000024E0FA33E20>) in gradient.
[2026-02-16 11:42:51,755] tensorflow - Level 1 - Registering NextAfter (<function _NextAfterGrad at 0x0000024E0FA33EC0>) in gradient.
[2026-02-16 11:42:51,760] tensorflow - Level 1 - Registering NcclAllReduce (<function _all_sum_grad at 0x0000024E0FA442C0>) in gradient.
[2026-02-16 11:42:51,762] tensorflow - Level 1 - Registering NcclReduce (<function _reduce_sum_grad at 0x0000024E0FA44EA0>) in gradient.
[2026-02-16 11:42:51,762] tensorflow - Level 1 - Registering NcclBroadcast (<function _broadcast_grad at 0x0000024E0FA44FE0>) in gradient.
[2026-02-16 11:42:51,765] tensorflow - Level 1 - Registering OptionalFromValue (<function _OptionalFromValueGrad at 0x0000024E0FA44C20>) in gradient.
[2026-02-16 11:42:51,766] tensorflow - Level 1 - Registering OptionalGetValue (<function _OptionalGetValueGrad at 0x0000024E0FA45300>) in gradient.
[2026-02-16 11:42:51,768] tensorflow - Level 1 - Registering DecodeRaw (None) in gradient.
[2026-02-16 11:42:51,769] tensorflow - Level 1 - Registering DecodePaddedRaw (None) in gradient.
[2026-02-16 11:42:51,769] tensorflow - Level 1 - Registering ParseTensor (None) in gradient.
[2026-02-16 11:42:51,770] tensorflow - Level 1 - Registering SerializeTensor (None) in gradient.
[2026-02-16 11:42:51,770] tensorflow - Level 1 - Registering StringToNumber (None) in gradient.
[2026-02-16 11:42:51,775] tensorflow - Level 1 - Registering DecodeProtoV2 (None) in gradient.
[2026-02-16 11:42:51,777] tensorflow - Level 1 - Registering EncodeProto (None) in gradient.
[2026-02-16 11:42:51,778] tensorflow - Level 1 - Registering RandomGamma (<function _RandomGammaGrad at 0x0000024E0FA46020>) in gradient.
[2026-02-16 11:42:51,780] tensorflow - Level 1 - Registering StatelessRandomGammaV2 (<function _StatelessRandomGammaV2Grad at 0x0000024E0FA46160>) in gradient.
[2026-02-16 11:42:51,780] tensorflow - Level 1 - Registering StatelessRandomGammaV3 (<function _StatelessRandomGammaV3Grad at 0x0000024E0FA462A0>) in gradient.
[2026-02-16 11:42:51,780] tensorflow - Level 1 - Registering StatelessParameterizedTruncatedNormal (<function _StatelessParameterizedTruncatedNormalGrad at 0x0000024E0FA46520>) in gradient.
[2026-02-16 11:42:51,786] tensorflow - Level 1 - Registering BlockLSTM (<function _block_lstm_grad at 0x0000024E0FA46200>) in gradient.
[2026-02-16 11:42:51,788] tensorflow - Level 1 - Registering BlockLSTMV2 (<function _block_lstm_grad at 0x0000024E0FA46200>) in gradient.
[2026-02-16 11:42:51,792] tensorflow - Level 1 - Registering SdcaFprint (None) in gradient.
[2026-02-16 11:42:51,793] tensorflow - Level 1 - Registering SdcaOptimizer (None) in gradient.
[2026-02-16 11:42:51,793] tensorflow - Level 1 - Registering SdcaOptimizerV2 (None) in gradient.
[2026-02-16 11:42:51,793] tensorflow - Level 1 - Registering SdcaShrinkL1 (None) in gradient.
[2026-02-16 11:42:51,799] tensorflow - Level 1 - Registering SetSize (None) in gradient.
[2026-02-16 11:42:51,801] tensorflow - Level 1 - Registering DenseToDenseSetOperation (None) in gradient.
[2026-02-16 11:42:51,801] tensorflow - Level 1 - Registering DenseToSparseSetOperation (None) in gradient.
[2026-02-16 11:42:51,801] tensorflow - Level 1 - Registering SparseToSparseSetOperation (None) in gradient.
[2026-02-16 11:42:51,803] tensorflow - Level 1 - Registering SparseAddGrad (None) in gradient.
[2026-02-16 11:42:51,805] tensorflow - Level 1 - Registering SparseConcat (None) in gradient.
[2026-02-16 11:42:51,805] tensorflow - Level 1 - Registering SparseReorder (<function _SparseReorderGrad at 0x0000024E0FA99580>) in gradient.
[2026-02-16 11:42:51,805] tensorflow - Level 1 - Registering SparseAdd (<function _SparseAddGrad at 0x0000024E0FA99760>) in gradient.
[2026-02-16 11:42:51,805] tensorflow - Level 1 - Registering SparseTensorDenseAdd (<function _SparseTensorDenseAddGrad at 0x0000024E0FA996C0>) in gradient.
[2026-02-16 11:42:51,805] tensorflow - Level 1 - Registering SparseReduceSum (<function _SparseReduceSumGrad at 0x0000024E0FA99800>) in gradient.
[2026-02-16 11:42:51,805] tensorflow - Level 1 - Registering SparseSlice (<function _SparseSliceGrad at 0x0000024E0FA998A0>) in gradient.
[2026-02-16 11:42:51,805] tensorflow - Level 1 - Registering SparseTensorDenseMatMul (<function _SparseTensorDenseMatMulGrad at 0x0000024E0FA99940>) in gradient.
[2026-02-16 11:42:51,805] tensorflow - Level 1 - Registering SparseDenseCwiseAdd (<function _SparseDenseCwiseAddGrad at 0x0000024E0FA999E0>) in gradient.
[2026-02-16 11:42:51,806] tensorflow - Level 1 - Registering SparseDenseCwiseMul (<function _SparseDenseCwiseMulGrad at 0x0000024E0FA99B20>) in gradient.
[2026-02-16 11:42:51,806] tensorflow - Level 1 - Registering SparseDenseCwiseDiv (<function _SparseDenseCwiseDivGrad at 0x0000024E0FA99BC0>) in gradient.
[2026-02-16 11:42:51,806] tensorflow - Level 1 - Registering SparseSoftmax (<function _SparseSoftmaxGrad at 0x0000024E0FA99C60>) in gradient.
[2026-02-16 11:42:51,806] tensorflow - Level 1 - Registering SparseSparseMaximum (<function _SparseSparseMaximumGrad at 0x0000024E0FA99D00>) in gradient.
[2026-02-16 11:42:51,806] tensorflow - Level 1 - Registering SparseSparseMinimum (<function _SparseSparseMinimumGrad at 0x0000024E0FA99DA0>) in gradient.
[2026-02-16 11:42:51,806] tensorflow - Level 1 - Registering SparseFillEmptyRows (<function _SparseFillEmptyRowsGrad at 0x0000024E0FA99E40>) in gradient.
[2026-02-16 11:42:51,806] tensorflow - Level 1 - Registering SparseToDense (<function _SparseToDenseGrad at 0x0000024E0FA99EE0>) in gradient.
[2026-02-16 11:42:51,808] tensorflow - Level 1 - Registering TensorArray (None) in gradient.
[2026-02-16 11:42:51,809] tensorflow - Level 1 - Registering TensorArrayGrad (None) in gradient.
[2026-02-16 11:42:51,809] tensorflow - Level 1 - Registering TensorArraySize (None) in gradient.
[2026-02-16 11:42:51,809] tensorflow - Level 1 - Registering TensorArrayClose (None) in gradient.
[2026-02-16 11:42:51,809] tensorflow - Level 1 - Registering TensorArrayV2 (None) in gradient.
[2026-02-16 11:42:51,809] tensorflow - Level 1 - Registering TensorArrayGradV2 (None) in gradient.
[2026-02-16 11:42:51,809] tensorflow - Level 1 - Registering TensorArraySizeV2 (None) in gradient.
[2026-02-16 11:42:51,809] tensorflow - Level 1 - Registering TensorArrayCloseV2 (None) in gradient.
[2026-02-16 11:42:51,810] tensorflow - Level 1 - Registering TensorArrayV3 (None) in gradient.
[2026-02-16 11:42:51,810] tensorflow - Level 1 - Registering TensorArrayGradV3 (None) in gradient.
[2026-02-16 11:42:51,810] tensorflow - Level 1 - Registering TensorArrayGradWithShape (None) in gradient.
[2026-02-16 11:42:51,810] tensorflow - Level 1 - Registering TensorArraySizeV3 (None) in gradient.
[2026-02-16 11:42:51,810] tensorflow - Level 1 - Registering TensorArrayCloseV3 (None) in gradient.
[2026-02-16 11:42:51,810] tensorflow - Level 1 - Registering TensorArrayReadV3 (<function _TensorArrayReadGrad at 0x0000024E0FA9A0C0>) in gradient.
[2026-02-16 11:42:51,810] tensorflow - Level 1 - Registering TensorArrayReadV2 (<function _TensorArrayReadGrad at 0x0000024E0FA9A0C0>) in gradient.
[2026-02-16 11:42:51,810] tensorflow - Level 1 - Registering TensorArrayRead (<function _TensorArrayReadGrad at 0x0000024E0FA9A0C0>) in gradient.
[2026-02-16 11:42:51,810] tensorflow - Level 1 - Registering TensorArrayWriteV3 (<function _TensorArrayWriteGrad at 0x0000024E0FA9A020>) in gradient.
[2026-02-16 11:42:51,810] tensorflow - Level 1 - Registering TensorArrayWriteV2 (<function _TensorArrayWriteGrad at 0x0000024E0FA9A020>) in gradient.
[2026-02-16 11:42:51,810] tensorflow - Level 1 - Registering TensorArrayWrite (<function _TensorArrayWriteGrad at 0x0000024E0FA9A020>) in gradient.
[2026-02-16 11:42:51,811] tensorflow - Level 1 - Registering TensorArrayGatherV3 (<function _TensorArrayGatherGrad at 0x0000024E0FA9A160>) in gradient.
[2026-02-16 11:42:51,811] tensorflow - Level 1 - Registering TensorArrayGatherV2 (<function _TensorArrayGatherGrad at 0x0000024E0FA9A160>) in gradient.
[2026-02-16 11:42:51,811] tensorflow - Level 1 - Registering TensorArrayGather (<function _TensorArrayGatherGrad at 0x0000024E0FA9A160>) in gradient.
[2026-02-16 11:42:51,811] tensorflow - Level 1 - Registering TensorArrayScatterV3 (<function _TensorArrayScatterGrad at 0x0000024E0FA9A200>) in gradient.
[2026-02-16 11:42:51,811] tensorflow - Level 1 - Registering TensorArrayScatterV2 (<function _TensorArrayScatterGrad at 0x0000024E0FA9A200>) in gradient.
[2026-02-16 11:42:51,811] tensorflow - Level 1 - Registering TensorArrayScatter (<function _TensorArrayScatterGrad at 0x0000024E0FA9A200>) in gradient.
[2026-02-16 11:42:51,811] tensorflow - Level 1 - Registering TensorArrayConcatV3 (<function _TensorArrayConcatGrad at 0x0000024E0FA9A2A0>) in gradient.
[2026-02-16 11:42:51,811] tensorflow - Level 1 - Registering TensorArrayConcatV2 (<function _TensorArrayConcatGrad at 0x0000024E0FA9A2A0>) in gradient.
[2026-02-16 11:42:51,811] tensorflow - Level 1 - Registering TensorArrayConcat (<function _TensorArrayConcatGrad at 0x0000024E0FA9A2A0>) in gradient.
[2026-02-16 11:42:51,811] tensorflow - Level 1 - Registering TensorArraySplitV3 (<function _TensorArraySplitGrad at 0x0000024E0FA9A340>) in gradient.
[2026-02-16 11:42:51,812] tensorflow - Level 1 - Registering TensorArraySplitV2 (<function _TensorArraySplitGrad at 0x0000024E0FA9A340>) in gradient.
[2026-02-16 11:42:51,812] tensorflow - Level 1 - Registering TensorArraySplit (<function _TensorArraySplitGrad at 0x0000024E0FA9A340>) in gradient.
[2026-02-16 11:42:51,821] tensorflow - Level 1 - Registering DenseToCSRSparseMatrix (<function _DenseToCSRSparseMatrixGrad at 0x0000024E0FA9A5C0>) in gradient.
[2026-02-16 11:42:51,823] tensorflow - Level 1 - Registering CSRSparseMatrixToDense (<function _CSRSparseMatrixToDenseGrad at 0x0000024E0FA9A700>) in gradient.
[2026-02-16 11:42:51,823] tensorflow - Level 1 - Registering SparseTensorToCSRSparseMatrix (<function _SparseTensorToCSRSparseMatrixGrad at 0x0000024E0FAD3100>) in gradient.
[2026-02-16 11:42:51,823] tensorflow - Level 1 - Registering CSRSparseMatrixToSparseTensor (<function _CSRSparseMatrixToSparseTensorGrad at 0x0000024E0FAD3060>) in gradient.
[2026-02-16 11:42:51,823] tensorflow - Level 1 - Registering SparseMatrixNNZ (None) in gradient.
[2026-02-16 11:42:51,823] tensorflow - Level 1 - Registering SparseMatrixZeros (None) in gradient.
[2026-02-16 11:42:51,824] tensorflow - Level 1 - Registering SparseMatrixAdd (<function _SparseMatrixAddGrad at 0x0000024E0FAD32E0>) in gradient.
[2026-02-16 11:42:51,824] tensorflow - Level 1 - Registering SparseMatrixTranspose (<function _SparseMatrixTransposeGrad at 0x0000024E0FAD3420>) in gradient.
[2026-02-16 11:42:51,824] tensorflow - Level 1 - Registering SparseMatrixSoftmax (<function _SparseMatrixSoftmaxGrad at 0x0000024E0FAD34C0>) in gradient.
[2026-02-16 11:42:51,824] tensorflow - Level 1 - Registering SparseMatrixMatMul (<function _SparseMatrixMatMulGrad at 0x0000024E0FAD3560>) in gradient.
[2026-02-16 11:42:51,824] tensorflow - Level 1 - Registering SparseMatrixSparseMatMul (<function _SparseMatrixSparseMatMulGrad at 0x0000024E0FAD3600>) in gradient.
[2026-02-16 11:42:51,824] tensorflow - Level 1 - Registering SparseMatrixMul (<function _SparseMatrixMulGrad at 0x0000024E0FAD36A0>) in gradient.
[2026-02-16 11:42:51,835] tensorflow - Level 1 - Registering FFT (<function _fft_grad at 0x0000024E0FB1D1C0>) in gradient.
[2026-02-16 11:42:51,838] tensorflow - Level 1 - Registering IFFT (<function _ifft_grad at 0x0000024E0FB1D260>) in gradient.
[2026-02-16 11:42:51,838] tensorflow - Level 1 - Registering FFT2D (<function _fft2d_grad at 0x0000024E0FB1D300>) in gradient.
[2026-02-16 11:42:51,838] tensorflow - Level 1 - Registering IFFT2D (<function _ifft2d_grad at 0x0000024E0FB1D440>) in gradient.
[2026-02-16 11:42:51,839] tensorflow - Level 1 - Registering FFT3D (<function _fft3d_grad at 0x0000024E0FB1D4E0>) in gradient.
[2026-02-16 11:42:51,839] tensorflow - Level 1 - Registering IFFT3D (<function _ifft3d_grad at 0x0000024E0FB1D580>) in gradient.
[2026-02-16 11:42:51,839] tensorflow - Level 1 - Registering RFFT (<function _rfft_grad_helper.<locals>._grad at 0x0000024E0FB1D9E0>) in gradient.
[2026-02-16 11:42:51,839] tensorflow - Level 1 - Registering IRFFT (<function _irfft_grad_helper.<locals>._grad at 0x0000024E0FB1DBC0>) in gradient.
[2026-02-16 11:42:51,839] tensorflow - Level 1 - Registering RFFT2D (<function _rfft_grad_helper.<locals>._grad at 0x0000024E0FB1DC60>) in gradient.
[2026-02-16 11:42:51,839] tensorflow - Level 1 - Registering IRFFT2D (<function _irfft_grad_helper.<locals>._grad at 0x0000024E0FB1DD00>) in gradient.
[2026-02-16 11:42:51,843] tensorflow - Level 1 - Registering GenerateVocabRemapping (None) in gradient.
[2026-02-16 11:42:51,845] tensorflow - Level 1 - Registering LoadAndRemapMatrix (None) in gradient.
[2026-02-16 11:42:51,866] tensorflow - Level 1 - Registering XlaVariadicReduce (None) in gradient.
[2026-02-16 11:42:51,868] tensorflow - Level 1 - Registering XlaSharding (<function _sharding_grad at 0x0000024E0FBD0720>) in gradient.
[2026-02-16 11:42:51,868] tensorflow - Level 1 - Registering XlaSpmdFullToShardShape (<function _spmd_full_to_shard_shape_grad at 0x0000024E0FBD07C0>) in gradient.
[2026-02-16 11:42:51,869] tensorflow - Level 1 - Registering XlaSpmdShardToFullShape (<function _spmd_shard_to_full_shape_grad at 0x0000024E0FBD0860>) in gradient.
[2026-02-16 11:42:51,882] tensorflow - Level 1 - Registering CTCLoss (<function _CTCLossGrad at 0x0000024E0FE28CC0>) in gradient.
[2026-02-16 11:42:51,885] tensorflow - Level 1 - Registering CTCLossV2 (<function _CTCLossV2Grad at 0x0000024E0FE28D60>) in gradient.
[2026-02-16 11:42:51,885] tensorflow - Level 1 - Registering CTCGreedyDecoder (None) in gradient.
[2026-02-16 11:42:51,885] tensorflow - Level 1 - Registering CTCBeamSearchDecoder (None) in gradient.
[2026-02-16 11:42:51,887] tensorflow - Level 1 - Registering FusedBatchNormGrad (<function _FusedBatchNormGradGrad at 0x0000024E0FE2A7A0>) in gradient.
[2026-02-16 11:42:51,889] tensorflow - Level 1 - Registering FusedBatchNormGradV2 (<function _FusedBatchNormGradGradV2 at 0x0000024E0FE2A840>) in gradient.
[2026-02-16 11:42:51,889] tensorflow - Level 1 - Registering FusedBatchNormGradV3 (<function _FusedBatchNormGradGradV3 at 0x0000024E0FE2AA20>) in gradient.
[2026-02-16 11:42:51,896] tensorflow - Level 1 - Registering variables ((<class 'tensorflow.core.framework.variable_pb2.VariableDef'>, <function _to_proto_fn at 0x0000024E0FE66B60>, <function _from_proto_fn at 0x0000024E0FE66DE0>)) in proto functions.
[2026-02-16 11:42:51,899] tensorflow - Level 1 - Registering trainable_variables ((<class 'tensorflow.core.framework.variable_pb2.VariableDef'>, <function _to_proto_fn at 0x0000024E0FE66B60>, <function _from_proto_fn at 0x0000024E0FE66DE0>)) in proto functions.
[2026-02-16 11:42:51,899] tensorflow - Level 1 - Registering moving_average_variables ((<class 'tensorflow.core.framework.variable_pb2.VariableDef'>, <function _to_proto_fn at 0x0000024E0FE66B60>, <function _from_proto_fn at 0x0000024E0FE66DE0>)) in proto functions.
[2026-02-16 11:42:51,899] tensorflow - Level 1 - Registering local_variables ((<class 'tensorflow.core.framework.variable_pb2.VariableDef'>, <function _to_proto_fn at 0x0000024E0FE66B60>, <function _from_proto_fn at 0x0000024E0FE66DE0>)) in proto functions.
[2026-02-16 11:42:51,899] tensorflow - Level 1 - Registering model_variables ((<class 'tensorflow.core.framework.variable_pb2.VariableDef'>, <function _to_proto_fn at 0x0000024E0FE66B60>, <function _from_proto_fn at 0x0000024E0FE66DE0>)) in proto functions.
[2026-02-16 11:42:51,899] tensorflow - Level 1 - Registering global_step ((<class 'tensorflow.core.framework.variable_pb2.VariableDef'>, <function _to_proto_fn at 0x0000024E0FE66B60>, <function _from_proto_fn at 0x0000024E0FE66DE0>)) in proto functions.
[2026-02-16 11:42:51,899] tensorflow - Level 1 - Registering metric_variables ((<class 'tensorflow.core.framework.variable_pb2.VariableDef'>, <function _to_proto_fn at 0x0000024E0FE66B60>, <function _from_proto_fn at 0x0000024E0FE66DE0>)) in proto functions.
[2026-02-16 11:42:51,900] tensorflow - Level 1 - Registering RandomCrop (None) in gradient.
[2026-02-16 11:42:51,903] tensorflow - Level 1 - Registering HSVToRGB (None) in gradient.
[2026-02-16 11:42:51,903] tensorflow - Level 1 - Registering DrawBoundingBoxes (None) in gradient.
[2026-02-16 11:42:51,903] tensorflow - Level 1 - Registering SampleDistortedBoundingBox (None) in gradient.
[2026-02-16 11:42:51,904] tensorflow - Level 1 - Registering SampleDistortedBoundingBoxV2 (None) in gradient.
[2026-02-16 11:42:51,904] tensorflow - Level 1 - Registering ExtractGlimpse (None) in gradient.
[2026-02-16 11:42:51,904] tensorflow - Level 1 - Registering NonMaxSuppression (None) in gradient.
[2026-02-16 11:42:51,904] tensorflow - Level 1 - Registering NonMaxSuppressionV2 (None) in gradient.
[2026-02-16 11:42:51,904] tensorflow - Level 1 - Registering NonMaxSuppressionWithOverlaps (None) in gradient.
[2026-02-16 11:42:51,904] tensorflow - Level 1 - Registering GenerateBoundingBoxProposals (None) in gradient.
[2026-02-16 11:42:51,913] tensorflow - Level 1 - Registering ImageProjectiveTransformV2 (<function _image_projective_transform_grad at 0x0000024E0FF4B7E0>) in gradient.
[2026-02-16 11:42:51,915] tensorflow - Level 1 - Registering ImageProjectiveTransformV3 (<function _image_projective_transform_v3_grad at 0x0000024E0FF4B9C0>) in gradient.
[2026-02-16 11:42:52,044] tensorflow - Level 1 - Registering savers ((<class 'tensorflow.core.protobuf.saver_pb2.SaverDef'>, <function Saver.to_proto at 0x0000024E1021ED40>, <function Saver.from_proto at 0x0000024E1021EDE0>)) in proto functions.
[2026-02-16 11:42:52,057] tensorflow - Level 1 - Registering EagerPyFunc (<function _EagerPyFuncGrad at 0x0000024E1024B9C0>) in gradient.
[2026-02-16 11:42:52,060] tensorflow - Level 1 - Registering PyFunc (None) in gradient.
[2026-02-16 11:42:52,060] tensorflow - Level 1 - Registering PyFuncStateless (None) in gradient.
[2026-02-16 11:42:52,079] tensorflow - Level 1 - Registering ReduceDataset (None) in gradient.
[2026-02-16 11:42:52,083] tensorflow - Level 1 - Registering tensorflow.python.data.ops.dataset_ops (<function _tf2_callback at 0x0000024E10299E40>) in data_v2_callbacks.
[2026-02-16 11:42:52,092] tensorflow - Level 1 - Registering _resource_resolver (<function _resource_resolver at 0x0000024E1032AAC0>) in acd_resource_resolvers.
[2026-02-16 11:42:52,106] tensorflow - Level 1 - Registering tensorflow.python.data.experimental.ops.counter (<function _tf2_callback at 0x0000024E1032BE20>) in data_v2_callbacks.
[2026-02-16 11:42:52,126] tensorflow - Level 1 - Registering tensorflow.python.data.ops.readers (<function _tf2_callback at 0x0000024E1032B6A0>) in data_v2_callbacks.
[2026-02-16 11:42:52,129] tensorflow - Level 1 - Registering tensorflow.python.data.experimental.ops.interleave_ops (<function _tf2_callback at 0x0000024E1033F740>) in data_v2_callbacks.
[2026-02-16 11:42:52,160] tensorflow - Level 1 - Registering tensorflow.python.data.experimental.ops.random_ops (<function _tf2_callback at 0x0000024E103E6B60>) in data_v2_callbacks.
[2026-02-16 11:42:52,166] tensorflow - Level 1 - Registering tensorflow.python.data.experimental.ops.readers (<function _tf2_callback at 0x0000024E1040C4A0>) in data_v2_callbacks.
[2026-02-16 11:42:52,337] tensorflow - Level 1 - Registering tpu_replicated_input_resolver (<function tpu_replicated_input_resolver at 0x0000024E106784A0>) in acd_resource_resolvers.
[2026-02-16 11:42:52,343] tensorflow - DEBUG - Falling back to TensorFlow client; we recommended you install the Cloud TPU client directly with pip install cloud-tpu-client.
[2026-02-16 11:42:52,480] tensorflow - Level 1 - Registering queue_runners ((<class 'tensorflow.core.protobuf.queue_runner_pb2.QueueRunnerDef'>, <function QueueRunner.to_proto at 0x0000024E1088AE80>, <function QueueRunner.from_proto at 0x0000024E1088AF20>)) in proto functions.
[2026-02-16 11:42:52,951] h5py._conv - DEBUG - Creating converter from 7 to 5
[2026-02-16 11:42:52,951] h5py._conv - DEBUG - Creating converter from 5 to 7
[2026-02-16 11:42:52,951] h5py._conv - DEBUG - Creating converter from 7 to 5
[2026-02-16 11:42:52,951] h5py._conv - DEBUG - Creating converter from 5 to 7
[2026-02-16 11:42:53,158] tensorflow - Level 1 - Registering DebugGradientIdentity (<function _identify_gradient_grad at 0x0000024E1237B880>) in gradient.
[2026-02-16 11:42:53,160] tensorflow - Level 1 - Registering DebugGradientRefIdentity (<function _identify_gradient_grad_ref at 0x0000024E1237B920>) in gradient.
[2026-02-16 11:42:53,209] tensorflow - Level 1 - Registering DebugIdentityV2 (<function _debug_identity_v2_grad at 0x0000024E123F6CA0>) in gradient.
[2026-02-16 11:42:53,490] tensorflow - Level 1 - Registering AudioMicrofrontend (None) in gradient.
[2026-02-16 11:42:53,572] tensorflow - Level 1 - Registering Reciprocal,flops (<function _reciprocal_flops at 0x0000024E129F05E0>) in statistical functions.
[2026-02-16 11:42:53,574] tensorflow - Level 1 - Registering Square,flops (<function _square_flops at 0x0000024E129F0680>) in statistical functions.
[2026-02-16 11:42:53,574] tensorflow - Level 1 - Registering Rsqrt,flops (<function _rsqrt_flops at 0x0000024E129F07C0>) in statistical functions.
[2026-02-16 11:42:53,574] tensorflow - Level 1 - Registering Log,flops (<function _log_flops at 0x0000024E129F0720>) in statistical functions.
[2026-02-16 11:42:53,574] tensorflow - Level 1 - Registering Neg,flops (<function _neg_flops at 0x0000024E129F0860>) in statistical functions.
[2026-02-16 11:42:53,575] tensorflow - Level 1 - Registering AssignSub,flops (<function _assign_sub_flops at 0x0000024E129F0900>) in statistical functions.
[2026-02-16 11:42:53,575] tensorflow - Level 1 - Registering AssignAdd,flops (<function _assign_add_flops at 0x0000024E129F09A0>) in statistical functions.
[2026-02-16 11:42:53,575] tensorflow - Level 1 - Registering L2Loss,flops (<function _l2_loss_flops at 0x0000024E129F0A40>) in statistical functions.
[2026-02-16 11:42:53,575] tensorflow - Level 1 - Registering Softmax,flops (<function _softmax_flops at 0x0000024E129F0AE0>) in statistical functions.
[2026-02-16 11:42:53,575] tensorflow - Level 1 - Registering AddV2,flops (<function _add_flops at 0x0000024E129F0C20>) in statistical functions.
[2026-02-16 11:42:53,575] tensorflow - Level 1 - Registering Add,flops (<function _add_flops at 0x0000024E129F0C20>) in statistical functions.
[2026-02-16 11:42:53,575] tensorflow - Level 1 - Registering Sub,flops (<function _sub_flops at 0x0000024E129F0CC0>) in statistical functions.
[2026-02-16 11:42:53,575] tensorflow - Level 1 - Registering Mul,flops (<function _mul_flops at 0x0000024E129F0D60>) in statistical functions.
[2026-02-16 11:42:53,575] tensorflow - Level 1 - Registering RealDiv,flops (<function _real_div_flops at 0x0000024E129F0E00>) in statistical functions.
[2026-02-16 11:42:53,575] tensorflow - Level 1 - Registering Maximum,flops (<function _maximum_flops at 0x0000024E129F0EA0>) in statistical functions.
[2026-02-16 11:42:53,575] tensorflow - Level 1 - Registering Minimum,flops (<function _minimum_flops at 0x0000024E129F0F40>) in statistical functions.
[2026-02-16 11:42:53,575] tensorflow - Level 1 - Registering Pow,flops (<function _pow_flops at 0x0000024E129F0FE0>) in statistical functions.
[2026-02-16 11:42:53,576] tensorflow - Level 1 - Registering RsqrtGrad,flops (<function _rsqrt_grad_flops at 0x0000024E129F1080>) in statistical functions.
[2026-02-16 11:42:53,576] tensorflow - Level 1 - Registering GreaterEqual,flops (<function _greater_equal_flops at 0x0000024E129F1120>) in statistical functions.
[2026-02-16 11:42:53,576] tensorflow - Level 1 - Registering Greater,flops (<function _greater_flops at 0x0000024E129F11C0>) in statistical functions.
[2026-02-16 11:42:53,576] tensorflow - Level 1 - Registering LessEqual,flops (<function _less_equal_flops at 0x0000024E129F1260>) in statistical functions.
[2026-02-16 11:42:53,576] tensorflow - Level 1 - Registering Less,flops (<function _less_flops at 0x0000024E129F1300>) in statistical functions.
[2026-02-16 11:42:53,576] tensorflow - Level 1 - Registering Equal,flops (<function _equal_flops at 0x0000024E129F13A0>) in statistical functions.
[2026-02-16 11:42:53,576] tensorflow - Level 1 - Registering NotEqual,flops (<function _not_equal_flops at 0x0000024E129F1440>) in statistical functions.
[2026-02-16 11:42:53,576] tensorflow - Level 1 - Registering SquaredDifference,flops (<function _squared_difference_flops at 0x0000024E129F14E0>) in statistical functions.
[2026-02-16 11:42:53,576] tensorflow - Level 1 - Registering Mean,flops (<function _mean_flops at 0x0000024E129F1620>) in statistical functions.
[2026-02-16 11:42:53,576] tensorflow - Level 1 - Registering Sum,flops (<function _sum_flops at 0x0000024E129F16C0>) in statistical functions.
[2026-02-16 11:42:53,576] tensorflow - Level 1 - Registering ArgMax,flops (<function _arg_max_flops at 0x0000024E129F1760>) in statistical functions.
[2026-02-16 11:42:53,577] tensorflow - Level 1 - Registering ArgMin,flops (<function _arg_min_flops at 0x0000024E129F1800>) in statistical functions.
[2026-02-16 11:42:53,577] tensorflow - Level 1 - Registering BiasAddGrad,flops (<function _bias_add_grad_flops at 0x0000024E129F18A0>) in statistical functions.
[2026-02-16 11:42:53,577] tensorflow - Level 1 - Registering AvgPool,flops (<function _avg_pool_flops at 0x0000024E129F1A80>) in statistical functions.
[2026-02-16 11:42:53,577] tensorflow - Level 1 - Registering MaxPool,flops (<function _max_pool_flops at 0x0000024E129F1B20>) in statistical functions.
[2026-02-16 11:42:53,577] tensorflow - Level 1 - Registering AvgPoolGrad,flops (<function _avg_pool_grad_flops at 0x0000024E129F1BC0>) in statistical functions.
[2026-02-16 11:42:53,577] tensorflow - Level 1 - Registering MaxPoolGrad,flops (<function _max_pool_grad_flops at 0x0000024E129F1C60>) in statistical functions.
[2026-02-16 11:42:53,577] tensorflow - Level 1 - Registering Conv2DBackpropInput,flops (<function _conv_2d_backprop_input_flops at 0x0000024E129F1D00>) in statistical functions.
[2026-02-16 11:42:53,577] tensorflow - Level 1 - Registering Conv2DBackpropFilter,flops (<function _conv_2d_backprop_filter_flops at 0x0000024E129F1DA0>) in statistical functions.
[2026-02-16 11:42:53,577] tensorflow - Level 1 - Registering AddN,flops (<function _add_n_flops at 0x0000024E129F1E40>) in statistical functions.
[2026-02-16 11:42:53,577] tensorflow - Level 1 - Registering MatMul,flops (<function _calc_mat_mul_flops at 0x0000024E129F1EE0>) in statistical functions.
[2026-02-16 11:42:53,577] tensorflow - Level 1 - Registering BatchMatMulV3,flops (<function _calc_batch_mat_mul_flops at 0x0000024E129F1F80>) in statistical functions.
[2026-02-16 11:42:53,578] tensorflow - Level 1 - Registering BatchMatMulV2,flops (<function _calc_batch_mat_mul_flops at 0x0000024E129F1F80>) in statistical functions.
[2026-02-16 11:42:53,578] tensorflow - Level 1 - Registering BatchMatMul,flops (<function _calc_batch_mat_mul_flops at 0x0000024E129F1F80>) in statistical functions.
[2026-02-16 11:42:54,217] tensorflow - Level 1 - Enabling eager execution
[2026-02-16 11:42:54,217] tensorflow - Level 1 - Enabling v2 tensorshape
[2026-02-16 11:42:54,217] tensorflow - Level 1 - Enabling resource variables
[2026-02-16 11:42:54,217] tensorflow - Level 1 - Enabling tensor equality
[2026-02-16 11:42:54,217] tensorflow - Level 1 - Enabling control flow v2
[2026-02-16 11:42:55,141] matplotlib - DEBUG - matplotlib data path: C:\Users\BS\anaconda3\Lib\site-packages\matplotlib\mpl-data
[2026-02-16 11:42:55,149] matplotlib - DEBUG - CONFIGDIR=C:\Users\BS\.matplotlib
[2026-02-16 11:42:55,152] matplotlib - DEBUG - interactive is False
[2026-02-16 11:42:55,152] matplotlib - DEBUG - platform is win32
[2026-02-16 11:42:55,233] matplotlib - DEBUG - CACHEDIR=C:\Users\BS\.matplotlib
[2026-02-16 11:42:55,255] matplotlib.font_manager - DEBUG - Using fontManager instance from C:\Users\BS\.matplotlib\fontlist-v390.json
[2026-02-16 11:43:01,964] tensorflow - WARNING - From C:\Users\BS\anaconda3\Lib\site-packages\tf_keras\src\losses.py:2976: The name tf.losses.sparse_softmax_cross_entropy is deprecated. Please use tf.compat.v1.losses.sparse_softmax_cross_entropy instead.

