[2026-02-21 16:00:23,352] pydot - DEBUG - pydot initializing
[2026-02-21 16:00:23,353] pydot - DEBUG - pydot 4.0.1
[2026-02-21 16:00:23,354] pydot.core - DEBUG - pydot core module initializing
[2026-02-21 16:00:43,155] tensorflow - Level 1 - Registering Relayout (<function _relayout_gradient at 0x0000024B9680DF80>) in gradient.
[2026-02-21 16:00:43,155] tensorflow - Level 1 - Registering RelayoutLike (<function _relayout_grad_gradient at 0x0000024B9680E0C0>) in gradient.
[2026-02-21 16:00:43,155] tensorflow - Level 1 - Registering CopyToMesh (<function _copy_to_mesh_gradient at 0x0000024B9680E7A0>) in gradient.
[2026-02-21 16:00:43,155] tensorflow - Level 1 - Registering CopyToMeshGrad (<function _copy_to_mesh_grad_gradient at 0x0000024B9680E700>) in gradient.
[2026-02-21 16:00:43,193] tensorflow - Level 1 - Registering FakeQuantWithMinMaxArgs (<function _FakeQuantWithMinMaxArgsGradient at 0x0000024B968BA840>) in gradient.
[2026-02-21 16:00:43,199] tensorflow - Level 1 - Registering FakeQuantWithMinMaxVars (<function _FakeQuantWithMinMaxVarsGradient at 0x0000024B968BAA20>) in gradient.
[2026-02-21 16:00:43,199] tensorflow - Level 1 - Registering FakeQuantWithMinMaxVarsPerChannel (<function _FakeQuantWithMinMaxVarsPerChannelGradient at 0x0000024B968BAFC0>) in gradient.
[2026-02-21 16:00:43,199] tensorflow - Level 1 - Registering QuantizeAndDequantizeV4 (<function _QuantizeAndDequantizeV4Grad at 0x0000024B968BB060>) in gradient.
[2026-02-21 16:00:43,200] tensorflow - Level 1 - Registering QuantizeAndDequantizeV4Grad (<function _QuantizeAndDequantizeV4GradGrad at 0x0000024B968BB100>) in gradient.
[2026-02-21 16:00:43,455] tensorflow - Level 1 - Registering TensorListConcatLists (None) in gradient.
[2026-02-21 16:00:43,455] tensorflow - Level 1 - Registering TensorListElementShape (None) in gradient.
[2026-02-21 16:00:43,455] tensorflow - Level 1 - Registering TensorListLength (None) in gradient.
[2026-02-21 16:00:43,455] tensorflow - Level 1 - Registering TensorListPushBackBatch (None) in gradient.
[2026-02-21 16:00:43,455] tensorflow - Level 1 - Registering TensorListPushBack (<function _PushBackGrad at 0x0000024B96A83740>) in gradient.
[2026-02-21 16:00:43,455] tensorflow - Level 1 - Registering TensorListPopBack (<function _PopBackGrad at 0x0000024B96A837E0>) in gradient.
[2026-02-21 16:00:43,455] tensorflow - Level 1 - Registering TensorListStack (<function _TensorListStackGrad at 0x0000024B96A83880>) in gradient.
[2026-02-21 16:00:43,455] tensorflow - Level 1 - Registering TensorListConcatV2 (<function _TensorListConcatGrad at 0x0000024B96A83920>) in gradient.
[2026-02-21 16:00:43,455] tensorflow - Level 1 - Registering TensorListConcat (<function _TensorListConcatGrad at 0x0000024B96A83920>) in gradient.
[2026-02-21 16:00:43,455] tensorflow - Level 1 - Registering TensorListSplit (<function _TensorListSplitGrad at 0x0000024B96A839C0>) in gradient.
[2026-02-21 16:00:43,455] tensorflow - Level 1 - Registering TensorListFromTensor (<function _TensorListFromTensorGrad at 0x0000024B96A83A60>) in gradient.
[2026-02-21 16:00:43,455] tensorflow - Level 1 - Registering TensorListGetItem (<function _TensorListGetItemGrad at 0x0000024B96A83B00>) in gradient.
[2026-02-21 16:00:43,455] tensorflow - Level 1 - Registering TensorListSetItem (<function _TensorListSetItemGrad at 0x0000024B96A83BA0>) in gradient.
[2026-02-21 16:00:43,455] tensorflow - Level 1 - Registering TensorListResize (<function _TensorListResizeGrad at 0x0000024B96A83C40>) in gradient.
[2026-02-21 16:00:43,455] tensorflow - Level 1 - Registering TensorListGather (<function _TensorListGatherGrad at 0x0000024B96A83CE0>) in gradient.
[2026-02-21 16:00:43,455] tensorflow - Level 1 - Registering TensorListScatterV2 (<function _TensorListScatterGrad at 0x0000024B96A83D80>) in gradient.
[2026-02-21 16:00:43,455] tensorflow - Level 1 - Registering TensorListScatter (<function _TensorListScatterGrad at 0x0000024B96A83D80>) in gradient.
[2026-02-21 16:00:43,455] tensorflow - Level 1 - Registering TensorListScatterIntoExistingList (<function _TensorListScatterIntoExistingListGrad at 0x0000024B96A83E20>) in gradient.
[2026-02-21 16:00:43,523] tensorflow - Level 1 - Registering AccumulateNV2 (<function _accumulate_n_grad at 0x0000024B96C39080>) in gradient.
[2026-02-21 16:00:43,597] tensorflow - Level 1 - Registering cond_context ((<class 'tensorflow.core.protobuf.control_flow_pb2.CondContextDef'>, <function CondContext.to_proto at 0x0000024B96D3C0E0>, <function CondContext.from_proto at 0x0000024B96D3C180>)) in proto functions.
[2026-02-21 16:00:43,602] tensorflow - Level 1 - Registering while_context ((<class 'tensorflow.core.protobuf.control_flow_pb2.WhileContextDef'>, <function WhileContext.to_proto at 0x0000024B96D3CF40>, <function WhileContext.from_proto at 0x0000024B96D3D080>)) in proto functions.
[2026-02-21 16:00:43,603] tensorflow - Level 1 - Registering _identity_resolver (<function _identity_resolver at 0x0000024B96D3EF20>) in acd_resource_resolvers.
[2026-02-21 16:00:43,713] tensorflow - Level 1 - Registering Assign (None) in gradient.
[2026-02-21 16:00:43,713] tensorflow - Level 1 - Registering AssignAdd (None) in gradient.
[2026-02-21 16:00:43,713] tensorflow - Level 1 - Registering AssignSub (None) in gradient.
[2026-02-21 16:00:43,713] tensorflow - Level 1 - Registering ScatterAdd (None) in gradient.
[2026-02-21 16:00:43,713] tensorflow - Level 1 - Registering ScatterSub (None) in gradient.
[2026-02-21 16:00:43,717] tensorflow - Level 1 - Registering ScatterMul (None) in gradient.
[2026-02-21 16:00:43,717] tensorflow - Level 1 - Registering ScatterDiv (None) in gradient.
[2026-02-21 16:00:43,717] tensorflow - Level 1 - Registering ScatterNdUpdate (None) in gradient.
[2026-02-21 16:00:43,717] tensorflow - Level 1 - Registering ScatterNdAdd (None) in gradient.
[2026-02-21 16:00:43,717] tensorflow - Level 1 - Registering ScatterNdSub (None) in gradient.
[2026-02-21 16:00:43,717] tensorflow - Level 1 - Registering ScatterNdMul (None) in gradient.
[2026-02-21 16:00:43,717] tensorflow - Level 1 - Registering ScatterNdDiv (None) in gradient.
[2026-02-21 16:00:43,747] tensorflow - Level 1 - Registering ReadVariableOp (<function _ReadGrad at 0x0000024B96EC2DE0>) in gradient.
[2026-02-21 16:00:43,751] tensorflow - Level 1 - Registering ResourceGather (<function _GatherGrad at 0x0000024B96EC3E20>) in gradient.
[2026-02-21 16:00:43,751] tensorflow - Level 1 - Registering Assert (None) in gradient.
[2026-02-21 16:00:43,751] tensorflow - Level 1 - Registering VarIsInitializedOp (None) in gradient.
[2026-02-21 16:00:43,751] tensorflow - Level 1 - Registering VariableShape (None) in gradient.
[2026-02-21 16:00:43,812] tensorflow - Level 1 - Registering RandomStandardNormal (None) in gradient.
[2026-02-21 16:00:43,815] tensorflow - Level 1 - Registering ParameterizedTruncatedNormal (None) in gradient.
[2026-02-21 16:00:43,815] tensorflow - Level 1 - Registering TruncatedNormal (None) in gradient.
[2026-02-21 16:00:43,815] tensorflow - Level 1 - Registering RandomUniform (None) in gradient.
[2026-02-21 16:00:43,815] tensorflow - Level 1 - Registering RandomShuffle (None) in gradient.
[2026-02-21 16:00:43,815] tensorflow - Level 1 - Registering Multinomial (None) in gradient.
[2026-02-21 16:00:43,937] tensorflow - Level 1 - Registering If (<function _IfGrad at 0x0000024B970AB600>) in gradient.
[2026-02-21 16:00:43,937] tensorflow - Level 1 - Registering StatelessIf (<function _IfGrad at 0x0000024B970AB600>) in gradient.
[2026-02-21 16:00:43,937] tensorflow - Level 1 - Registering StatelessCase (<function _CaseGrad at 0x0000024B970D0D60>) in gradient.
[2026-02-21 16:00:43,937] tensorflow - Level 1 - Registering Case (<function _CaseGrad at 0x0000024B970D0D60>) in gradient.
[2026-02-21 16:00:43,999] tensorflow - Level 1 - Registering While (<function _WhileGrad at 0x0000024B9712B600>) in gradient.
[2026-02-21 16:00:43,999] tensorflow - Level 1 - Registering StatelessWhile (<function _WhileGrad at 0x0000024B9712B600>) in gradient.
[2026-02-21 16:00:44,323] tensorflow - Level 1 - Registering EnsureShape (<function _ensure_shape_grad at 0x0000024B9738EDE0>) in gradient.
[2026-02-21 16:00:44,357] tensorflow - Level 1 - Registering RaggedTensorToSparse (<function _ragged_tensor_to_sparse_gradient at 0x0000024B973FEDE0>) in gradient.
[2026-02-21 16:00:44,423] tensorflow - Level 1 - Registering Conv2DBackpropInput (<function _Conv2DBackpropInputGrad at 0x0000024B9746F240>) in gradient.
[2026-02-21 16:00:44,426] tensorflow - Level 1 - Registering Conv2DBackpropFilter (<function _Conv2DBackpropFilterGrad at 0x0000024B9746F880>) in gradient.
[2026-02-21 16:00:44,427] tensorflow - Level 1 - Registering DepthwiseConv2dNativeBackpropInput (<function _DepthwiseConv2dNativeBackpropInputGrad at 0x0000024B974C4040>) in gradient.
[2026-02-21 16:00:44,427] tensorflow - Level 1 - Registering DepthwiseConv2dNativeBackpropFilter (<function _DepthwiseConv2dNativeBackpropFilterGrad at 0x0000024B974C4680>) in gradient.
[2026-02-21 16:00:44,428] tensorflow - Level 1 - Registering Conv3D (<function _Conv3DGrad at 0x0000024B974C4720>) in gradient.
[2026-02-21 16:00:44,428] tensorflow - Level 1 - Registering Conv3DBackpropInputV2 (<function _Conv3DBackpropInputGrad at 0x0000024B974C47C0>) in gradient.
[2026-02-21 16:00:44,428] tensorflow - Level 1 - Registering Conv3DBackpropFilterV2 (<function _Conv3DBackpropFilterGrad at 0x0000024B974C4860>) in gradient.
[2026-02-21 16:00:44,428] tensorflow - Level 1 - Registering AvgPool3D (<function _AvgPool3DGrad at 0x0000024B974C4900>) in gradient.
[2026-02-21 16:00:44,429] tensorflow - Level 1 - Registering AvgPool3DGrad (<function _AvgPool3DGradGrad at 0x0000024B974C49A0>) in gradient.
[2026-02-21 16:00:44,429] tensorflow - Level 1 - Registering MaxPool3D (<function _MaxPool3DGrad at 0x0000024B974C4A40>) in gradient.
[2026-02-21 16:00:44,429] tensorflow - Level 1 - Registering MaxPool3DGrad (<function _MaxPool3DGradGrad at 0x0000024B974C4AE0>) in gradient.
[2026-02-21 16:00:44,430] tensorflow - Level 1 - Registering MaxPool3DGradGrad (<function _MaxPool3DGradGradGrad at 0x0000024B974C4B80>) in gradient.
[2026-02-21 16:00:44,430] tensorflow - Level 1 - Registering Softmax (<function _SoftmaxGrad at 0x0000024B974C4C20>) in gradient.
[2026-02-21 16:00:44,430] tensorflow - Level 1 - Registering LogSoftmax (<function _LogSoftmaxGrad at 0x0000024B974C4CC0>) in gradient.
[2026-02-21 16:00:44,430] tensorflow - Level 1 - Registering BiasAdd (<function _BiasAddGrad at 0x0000024B974C4D60>) in gradient.
[2026-02-21 16:00:44,431] tensorflow - Level 1 - Registering BiasAddGrad (<function _BiasAddGradGrad at 0x0000024B974C4E00>) in gradient.
[2026-02-21 16:00:44,431] tensorflow - Level 1 - Registering BiasAddV1 (<function _BiasAddGradV1 at 0x0000024B974C4EA0>) in gradient.
[2026-02-21 16:00:44,431] tensorflow - Level 1 - Registering Relu (<function _ReluGrad at 0x0000024B974C4F40>) in gradient.
[2026-02-21 16:00:44,432] tensorflow - Level 1 - Registering EluGrad (<function _EluGradGrad at 0x0000024B974C4FE0>) in gradient.
[2026-02-21 16:00:44,433] tensorflow - Level 1 - Registering SeluGrad (<function _SeluGradGrad at 0x0000024B974C5080>) in gradient.
[2026-02-21 16:00:44,433] tensorflow - Level 1 - Registering Relu6 (<function _Relu6Grad at 0x0000024B974C5120>) in gradient.
[2026-02-21 16:00:44,433] tensorflow - Level 1 - Registering Relu6Grad (<function _Relu6GradGrad at 0x0000024B974C51C0>) in gradient.
[2026-02-21 16:00:44,433] tensorflow - Level 1 - Registering LeakyRelu (<function _LeakyReluGrad at 0x0000024B974C5260>) in gradient.
[2026-02-21 16:00:44,434] tensorflow - Level 1 - Registering LeakyReluGrad (<function _LeakyReluGradGrad at 0x0000024B974C5300>) in gradient.
[2026-02-21 16:00:44,434] tensorflow - Level 1 - Registering Elu (<function _EluGrad at 0x0000024B974C53A0>) in gradient.
[2026-02-21 16:00:44,434] tensorflow - Level 1 - Registering Selu (<function _SeluGrad at 0x0000024B974C5440>) in gradient.
[2026-02-21 16:00:44,434] tensorflow - Level 1 - Registering Softplus (<function _SoftplusGrad at 0x0000024B974C54E0>) in gradient.
[2026-02-21 16:00:44,435] tensorflow - Level 1 - Registering SoftplusGrad (<function _SoftplusGradGrad at 0x0000024B974C5580>) in gradient.
[2026-02-21 16:00:44,435] tensorflow - Level 1 - Registering Softsign (<function _SoftsignGrad at 0x0000024B974C5620>) in gradient.
[2026-02-21 16:00:44,436] tensorflow - Level 1 - Registering ReluGrad (<function _ReluGradGrad at 0x0000024B974C56C0>) in gradient.
[2026-02-21 16:00:44,436] tensorflow - Level 1 - Registering SoftmaxCrossEntropyWithLogits (<function _SoftmaxCrossEntropyWithLogitsGrad at 0x0000024B974C5800>) in gradient.
[2026-02-21 16:00:44,436] tensorflow - Level 1 - Registering SparseSoftmaxCrossEntropyWithLogits (<function _SparseSoftmaxCrossEntropyWithLogitsGrad at 0x0000024B974C58A0>) in gradient.
[2026-02-21 16:00:44,437] tensorflow - Level 1 - Registering Conv2D (<function _Conv2DGrad at 0x0000024B974C5940>) in gradient.
[2026-02-21 16:00:44,437] tensorflow - Level 1 - Registering DepthwiseConv2dNative (<function _DepthwiseConv2dNativeGrad at 0x0000024B974C59E0>) in gradient.
[2026-02-21 16:00:44,438] tensorflow - Level 1 - Registering Dilation2D (<function _Dilation2DGrad at 0x0000024B974C5A80>) in gradient.
[2026-02-21 16:00:44,438] tensorflow - Level 1 - Registering LRN (<function _LRNGrad at 0x0000024B974C5B20>) in gradient.
[2026-02-21 16:00:44,438] tensorflow - Level 1 - Registering AvgPool (<function _AvgPoolGrad at 0x0000024B974C5BC0>) in gradient.
[2026-02-21 16:00:44,439] tensorflow - Level 1 - Registering AvgPoolGrad (<function _AvgPoolGradGrad at 0x0000024B974C5C60>) in gradient.
[2026-02-21 16:00:44,440] tensorflow - Level 1 - Registering MaxPool (<function _MaxPoolGrad at 0x0000024B974C5D00>) in gradient.
[2026-02-21 16:00:44,440] tensorflow - Level 1 - Registering MaxPoolV2 (<function _MaxPoolGradV2 at 0x0000024B974C5DA0>) in gradient.
[2026-02-21 16:00:44,440] tensorflow - Level 1 - Registering MaxPoolWithArgmax (<function _MaxPoolGradWithArgmax at 0x0000024B974C5E40>) in gradient.
[2026-02-21 16:00:44,441] tensorflow - Level 1 - Registering MaxPoolGrad (<function _MaxPoolGradGrad at 0x0000024B974C5EE0>) in gradient.
[2026-02-21 16:00:44,441] tensorflow - Level 1 - Registering MaxPoolGradV2 (<function _MaxPoolGradGradV2 at 0x0000024B974C5F80>) in gradient.
[2026-02-21 16:00:44,441] tensorflow - Level 1 - Registering MaxPoolGradGrad (<function _MaxPoolGradGradGrad at 0x0000024B974C6020>) in gradient.
[2026-02-21 16:00:44,441] tensorflow - Level 1 - Registering FractionalMaxPool (<function _FractionalMaxPoolGrad at 0x0000024B974C60C0>) in gradient.
[2026-02-21 16:00:44,442] tensorflow - Level 1 - Registering FractionalAvgPool (<function _FractionalAvgPoolGrad at 0x0000024B974C6160>) in gradient.
[2026-02-21 16:00:44,442] tensorflow - Level 1 - Registering BatchNormWithGlobalNormalization (<function _BatchNormWithGlobalNormalizationGrad at 0x0000024B974C6200>) in gradient.
[2026-02-21 16:00:44,442] tensorflow - Level 1 - Registering FusedBatchNorm (<function _FusedBatchNormGrad at 0x0000024B974C6340>) in gradient.
[2026-02-21 16:00:44,442] tensorflow - Level 1 - Registering FusedBatchNormV2 (<function _FusedBatchNormV2Grad at 0x0000024B974C63E0>) in gradient.
[2026-02-21 16:00:44,443] tensorflow - Level 1 - Registering FusedBatchNormV3 (<function _FusedBatchNormV3Grad at 0x0000024B974C6480>) in gradient.
[2026-02-21 16:00:44,443] tensorflow - Level 1 - Registering L2Loss (<function _L2LossGrad at 0x0000024B974C6520>) in gradient.
[2026-02-21 16:00:44,443] tensorflow - Level 1 - Registering TopKV2 (<function _TopKGrad at 0x0000024B974C65C0>) in gradient.
[2026-02-21 16:00:44,443] tensorflow - Level 1 - Registering TopK (<function _TopKGrad at 0x0000024B974C65C0>) in gradient.
[2026-02-21 16:00:44,444] tensorflow - Level 1 - Registering ApproxTopK (<function _ApproxTopKGradient at 0x0000024B974C6660>) in gradient.
[2026-02-21 16:00:44,444] tensorflow - Level 1 - Registering NthElement (<function _NthElementGrad at 0x0000024B974C6700>) in gradient.
[2026-02-21 16:00:44,444] tensorflow - Level 1 - Registering IsotonicRegression (<function _IsotonicRegressionGrad at 0x0000024B974C6840>) in gradient.
[2026-02-21 16:00:44,470] tensorflow - Level 1 - Registering BitwiseAnd (None) in gradient.
[2026-02-21 16:00:44,473] tensorflow - Level 1 - Registering BitwiseOr (None) in gradient.
[2026-02-21 16:00:44,473] tensorflow - Level 1 - Registering BitwiseXor (None) in gradient.
[2026-02-21 16:00:44,474] tensorflow - Level 1 - Registering Invert (None) in gradient.
[2026-02-21 16:00:44,474] tensorflow - Level 1 - Registering PopulationCount (None) in gradient.
[2026-02-21 16:00:44,474] tensorflow - Level 1 - Registering LeftShift (None) in gradient.
[2026-02-21 16:00:44,475] tensorflow - Level 1 - Registering RightShift (None) in gradient.
[2026-02-21 16:00:44,475] tensorflow - Level 1 - Registering StatelessMultinomial (None) in gradient.
[2026-02-21 16:00:44,479] tensorflow - Level 1 - Registering StatelessRandomBinomial (None) in gradient.
[2026-02-21 16:00:44,479] tensorflow - Level 1 - Registering StatelessRandomNormal (None) in gradient.
[2026-02-21 16:00:44,479] tensorflow - Level 1 - Registering StatelessRandomPoisson (None) in gradient.
[2026-02-21 16:00:44,480] tensorflow - Level 1 - Registering StatelessRandomUniform (None) in gradient.
[2026-02-21 16:00:44,480] tensorflow - Level 1 - Registering StatelessRandomUniformInt (None) in gradient.
[2026-02-21 16:00:44,480] tensorflow - Level 1 - Registering StatelessRandomUniformFullInt (None) in gradient.
[2026-02-21 16:00:44,481] tensorflow - Level 1 - Registering StatelessTruncatedNormal (None) in gradient.
[2026-02-21 16:00:44,481] tensorflow - Level 1 - Registering StatelessRandomNormalV2 (None) in gradient.
[2026-02-21 16:00:44,481] tensorflow - Level 1 - Registering StatelessRandomUniformV2 (None) in gradient.
[2026-02-21 16:00:44,481] tensorflow - Level 1 - Registering StatelessRandomUniformIntV2 (None) in gradient.
[2026-02-21 16:00:44,482] tensorflow - Level 1 - Registering StatelessRandomUniformFullIntV2 (None) in gradient.
[2026-02-21 16:00:44,482] tensorflow - Level 1 - Registering StatelessTruncatedNormalV2 (None) in gradient.
[2026-02-21 16:00:44,482] tensorflow - Level 1 - Registering StatelessRandomShuffle (None) in gradient.
[2026-02-21 16:00:44,482] tensorflow - Level 1 - Registering RandomIndexShuffle (None) in gradient.
[2026-02-21 16:00:44,507] tensorflow - Level 1 - Registering Conv3D,flops (<function _calc_conv3d_flops at 0x0000024B97558FE0>) in statistical functions.
[2026-02-21 16:00:44,513] tensorflow - Level 1 - Registering Conv2D,flops (<function _calc_conv_flops at 0x0000024B975591C0>) in statistical functions.
[2026-02-21 16:00:44,513] tensorflow - Level 1 - Registering DepthwiseConv2dNative,flops (<function _calc_depthwise_conv_flops at 0x0000024B97559760>) in statistical functions.
[2026-02-21 16:00:44,514] tensorflow - Level 1 - Registering BiasAdd,flops (<function _calc_bias_add_flops at 0x0000024B97559800>) in statistical functions.
[2026-02-21 16:00:44,520] tensorflow - Level 1 - Registering Dilation2D,flops (<function _calc_dilation2d_flops at 0x0000024B9755B2E0>) in statistical functions.
[2026-02-21 16:00:44,548] tensorflow - Level 1 - Registering CompositeTensorVariantFromComponents (<function _composite_tensor_to_variants_grad at 0x0000024B9765C360>) in gradient.
[2026-02-21 16:00:44,550] tensorflow - Level 1 - Registering CompositeTensorVariantToComponents (<function _composite_tensor_from_variant_grad at 0x0000024B9765C400>) in gradient.
[2026-02-21 16:00:44,575] tensorflow - Level 1 - Registering RaggedRange (None) in gradient.
[2026-02-21 16:00:44,592] tensorflow - Level 1 - Registering RaggedFillEmptyRows (<function _ragged_fill_empty_rows_grad at 0x0000024B976B9260>) in gradient.
[2026-02-21 16:00:44,600] tensorflow - Level 1 - Registering RaggedGather (<function _ragged_gather_grad at 0x0000024B976BB100>) in gradient.
[2026-02-21 16:00:44,626] tensorflow - Level 1 - Registering RegexReplace (None) in gradient.
[2026-02-21 16:00:44,629] tensorflow - Level 1 - Registering StringToHashBucket (None) in gradient.
[2026-02-21 16:00:44,629] tensorflow - Level 1 - Registering StringToHashBucketFast (None) in gradient.
[2026-02-21 16:00:44,629] tensorflow - Level 1 - Registering StringToHashBucketStrong (None) in gradient.
[2026-02-21 16:00:44,630] tensorflow - Level 1 - Registering ReduceJoin (None) in gradient.
[2026-02-21 16:00:44,630] tensorflow - Level 1 - Registering StringJoin (None) in gradient.
[2026-02-21 16:00:44,630] tensorflow - Level 1 - Registering StringSplit (None) in gradient.
[2026-02-21 16:00:44,630] tensorflow - Level 1 - Registering AsString (None) in gradient.
[2026-02-21 16:00:44,631] tensorflow - Level 1 - Registering EncodeBase64 (None) in gradient.
[2026-02-21 16:00:44,631] tensorflow - Level 1 - Registering DecodeBase64 (None) in gradient.
[2026-02-21 16:00:44,635] tensorflow - Level 1 - Registering Print (<function _PrintGrad at 0x0000024B976F9DA0>) in gradient.
[2026-02-21 16:00:44,639] tensorflow - Level 1 - Registering HistogramSummary (None) in gradient.
[2026-02-21 16:00:44,639] tensorflow - Level 1 - Registering ImageSummary (None) in gradient.
[2026-02-21 16:00:44,640] tensorflow - Level 1 - Registering AudioSummary (None) in gradient.
[2026-02-21 16:00:44,640] tensorflow - Level 1 - Registering AudioSummaryV2 (None) in gradient.
[2026-02-21 16:00:44,640] tensorflow - Level 1 - Registering MergeSummary (None) in gradient.
[2026-02-21 16:00:44,640] tensorflow - Level 1 - Registering ScalarSummary (None) in gradient.
[2026-02-21 16:00:44,641] tensorflow - Level 1 - Registering TensorSummary (None) in gradient.
[2026-02-21 16:00:44,641] tensorflow - Level 1 - Registering TensorSummaryV2 (None) in gradient.
[2026-02-21 16:00:44,641] tensorflow - Level 1 - Registering Timestamp (None) in gradient.
[2026-02-21 16:00:44,682] tensorflow - Level 1 - Registering XlaEinsum (<function _einsum_grad at 0x0000024B977A4E00>) in gradient.
[2026-02-21 16:00:44,698] tensorflow - Level 1 - Registering RaggedTensorToTensor (<function _ragged_tensor_to_tensor_grad at 0x0000024B977D9DA0>) in gradient.
[2026-02-21 16:00:44,698] tensorflow - Level 1 - Registering RaggedTensorFromVariant (<function _ragged_tensor_from_variant_grad at 0x0000024B977DA020>) in gradient.
[2026-02-21 16:00:44,698] tensorflow - Level 1 - Registering RaggedTensorToVariant (<function _ragged_tensor_to_variant_grad at 0x0000024B977DA0C0>) in gradient.
[2026-02-21 16:00:44,698] tensorflow - Level 1 - Registering ClipByValue (<function _clip_by_value_grad at 0x0000024B977DA7A0>) in gradient.
[2026-02-21 16:00:44,698] tensorflow - Level 1 - Registering DynamicPartition (<function _DynamicPartitionGrads at 0x0000024B977DB1A0>) in gradient.
[2026-02-21 16:00:44,698] tensorflow - Level 1 - Registering ParallelDynamicStitch (<function _DynamicStitchGrads at 0x0000024B977DB4C0>) in gradient.
[2026-02-21 16:00:44,698] tensorflow - Level 1 - Registering DynamicStitch (<function _DynamicStitchGrads at 0x0000024B977DB4C0>) in gradient.
[2026-02-21 16:00:44,698] tensorflow - Level 1 - Registering Queue (None) in gradient.
[2026-02-21 16:00:44,698] tensorflow - Level 1 - Registering QueueEnqueue (None) in gradient.
[2026-02-21 16:00:44,698] tensorflow - Level 1 - Registering QueueEnqueueMany (None) in gradient.
[2026-02-21 16:00:44,698] tensorflow - Level 1 - Registering QueueDequeue (None) in gradient.
[2026-02-21 16:00:44,698] tensorflow - Level 1 - Registering QueueDequeueMany (None) in gradient.
[2026-02-21 16:00:44,698] tensorflow - Level 1 - Registering QueueDequeueUpTo (None) in gradient.
[2026-02-21 16:00:44,698] tensorflow - Level 1 - Registering QueueClose (None) in gradient.
[2026-02-21 16:00:44,698] tensorflow - Level 1 - Registering QueueSize (None) in gradient.
[2026-02-21 16:00:44,698] tensorflow - Level 1 - Registering Stack (None) in gradient.
[2026-02-21 16:00:44,698] tensorflow - Level 1 - Registering StackPush (None) in gradient.
[2026-02-21 16:00:44,713] tensorflow - Level 1 - Registering StackPop (None) in gradient.
[2026-02-21 16:00:44,713] tensorflow - Level 1 - Registering StackClose (None) in gradient.
[2026-02-21 16:00:44,713] tensorflow - Level 1 - Registering GetSessionHandle (None) in gradient.
[2026-02-21 16:00:44,713] tensorflow - Level 1 - Registering GetSessionHandleV2 (None) in gradient.
[2026-02-21 16:00:44,713] tensorflow - Level 1 - Registering GetSessionTensor (None) in gradient.
[2026-02-21 16:00:44,713] tensorflow - Level 1 - Registering DeleteSessionTensor (None) in gradient.
[2026-02-21 16:00:44,775] tensorflow - Level 1 - Registering TPUReplicatedInput (None) in gradient.
[2026-02-21 16:00:44,777] tensorflow - Level 1 - Registering AllToAll (<function _all_to_all_grad at 0x0000024B97955800>) in gradient.
[2026-02-21 16:00:44,777] tensorflow - Level 1 - Registering CollectivePermute (<function _collective_permute_grad at 0x0000024B979559E0>) in gradient.
[2026-02-21 16:00:44,777] tensorflow - Level 1 - Registering CrossReplicaSum (<function _cross_replica_sum_grad at 0x0000024B97955A80>) in gradient.
[2026-02-21 16:00:44,777] tensorflow - Level 1 - Registering TPUEmbeddingActivations (<function _embedding_activations_grad at 0x0000024B97955B20>) in gradient.
[2026-02-21 16:00:44,811] tensorflow - Level 1 - Registering XlaClusterOutput (<function _XlaClusterOutputGrad at 0x0000024B979BC040>) in gradient.
[2026-02-21 16:00:44,811] tensorflow - Level 1 - Registering Pack (<function _PackGrad at 0x0000024B979BD1C0>) in gradient.
[2026-02-21 16:00:44,811] tensorflow - Level 1 - Registering Unpack (<function _UnpackGrad at 0x0000024B979BD300>) in gradient.
[2026-02-21 16:00:44,811] tensorflow - Level 1 - Registering Concat (<function _ConcatGrad at 0x0000024B979BD4E0>) in gradient.
[2026-02-21 16:00:44,811] tensorflow - Level 1 - Registering ConcatV2 (<function _ConcatGradV2 at 0x0000024B979BD580>) in gradient.
[2026-02-21 16:00:44,811] tensorflow - Level 1 - Registering ConcatOffset (None) in gradient.
[2026-02-21 16:00:44,811] tensorflow - Level 1 - Registering Slice (<function _SliceGrad at 0x0000024B979BD620>) in gradient.
[2026-02-21 16:00:44,811] tensorflow - Level 1 - Registering StridedSlice (<function _StridedSliceGrad at 0x0000024B979BD800>) in gradient.
[2026-02-21 16:00:44,811] tensorflow - Level 1 - Registering StridedSliceGrad (<function _StridedSliceGradGrad at 0x0000024B979BD8A0>) in gradient.
[2026-02-21 16:00:44,811] tensorflow - Level 1 - Registering TensorStridedSliceUpdate (<function _TensorStridedSliceUpdateGrad at 0x0000024B979BD940>) in gradient.
[2026-02-21 16:00:44,811] tensorflow - Level 1 - Registering Split (<function _SplitGrad at 0x0000024B979BD9E0>) in gradient.
[2026-02-21 16:00:44,811] tensorflow - Level 1 - Registering SplitV (<function _SplitVGrad at 0x0000024B979BDA80>) in gradient.
[2026-02-21 16:00:44,811] tensorflow - Level 1 - Registering Const (None) in gradient.
[2026-02-21 16:00:44,811] tensorflow - Level 1 - Registering Diag (<function _DiagGrad at 0x0000024B979BDB20>) in gradient.
[2026-02-21 16:00:44,811] tensorflow - Level 1 - Registering DiagPart (<function _DiagPartGrad at 0x0000024B979BDBC0>) in gradient.
[2026-02-21 16:00:44,811] tensorflow - Level 1 - Registering MatrixDiag (<function _MatrixDiagGrad at 0x0000024B979BDC60>) in gradient.
[2026-02-21 16:00:44,811] tensorflow - Level 1 - Registering MatrixDiagV2 (<function _MatrixDiagV2Grad at 0x0000024B979BDD00>) in gradient.
[2026-02-21 16:00:44,811] tensorflow - Level 1 - Registering MatrixDiagV3 (<function _MatrixDiagV3Grad at 0x0000024B979BDDA0>) in gradient.
[2026-02-21 16:00:44,811] tensorflow - Level 1 - Registering MatrixDiagPart (<function _MatrixDiagPartGrad at 0x0000024B979BDE40>) in gradient.
[2026-02-21 16:00:44,811] tensorflow - Level 1 - Registering MatrixDiagPartV2 (<function _MatrixDiagPartV2Grad at 0x0000024B979BDEE0>) in gradient.
[2026-02-21 16:00:44,811] tensorflow - Level 1 - Registering MatrixDiagPartV3 (<function _MatrixDiagPartV3Grad at 0x0000024B979BDF80>) in gradient.
[2026-02-21 16:00:44,811] tensorflow - Level 1 - Registering MatrixSetDiag (<function _MatrixSetDiagGrad at 0x0000024B979BE020>) in gradient.
[2026-02-21 16:00:44,811] tensorflow - Level 1 - Registering MatrixSetDiagV2 (<function _MatrixSetDiagGradV2 at 0x0000024B979BE0C0>) in gradient.
[2026-02-21 16:00:44,811] tensorflow - Level 1 - Registering MatrixSetDiagV3 (<function _MatrixSetDiagGradV3 at 0x0000024B979BE160>) in gradient.
[2026-02-21 16:00:44,811] tensorflow - Level 1 - Registering MatrixBandPart (<function _MatrixBandPartGrad at 0x0000024B979BE200>) in gradient.
[2026-02-21 16:00:44,811] tensorflow - Level 1 - Registering EditDistance (None) in gradient.
[2026-02-21 16:00:44,811] tensorflow - Level 1 - Registering Fill (<function _FillGrad at 0x0000024B979BE2A0>) in gradient.
[2026-02-21 16:00:44,811] tensorflow - Level 1 - Registering ZerosLike (None) in gradient.
[2026-02-21 16:00:44,827] tensorflow - Level 1 - Registering OnesLike (None) in gradient.
[2026-02-21 16:00:44,827] tensorflow - Level 1 - Registering PreventGradient (<function _PreventGradientGrad at 0x0000024B979BE340>) in gradient.
[2026-02-21 16:00:44,827] tensorflow - Level 1 - Registering Gather (<function _GatherGrad at 0x0000024B979BE480>) in gradient.
[2026-02-21 16:00:44,827] tensorflow - Level 1 - Registering GatherV2 (<function _GatherV2Grad at 0x0000024B979BE660>) in gradient.
[2026-02-21 16:00:44,827] tensorflow - Level 1 - Registering GatherNd (<function _GatherNdGrad at 0x0000024B979BE700>) in gradient.
[2026-02-21 16:00:44,827] tensorflow - Level 1 - Registering ResourceGatherNd (<function _ResourceGatherNdGrad at 0x0000024B979BE7A0>) in gradient.
[2026-02-21 16:00:44,827] tensorflow - Level 1 - Registering CheckNumerics (<function _CheckNumericsGrad at 0x0000024B979BE840>) in gradient.
[2026-02-21 16:00:44,827] tensorflow - Level 1 - Registering CheckNumericsV2 (<function _CheckNumericsV2Grad at 0x0000024B979BE8E0>) in gradient.
[2026-02-21 16:00:44,828] tensorflow - Level 1 - Registering Identity (<function _IdGrad at 0x0000024B979BE980>) in gradient.
[2026-02-21 16:00:44,828] tensorflow - Level 1 - Registering PlaceholderWithDefault (<function _IdGrad at 0x0000024B979BE980>) in gradient.
[2026-02-21 16:00:44,828] tensorflow - Level 1 - Registering _EagerConst (<function _EagerConstGrad at 0x0000024B979BEA20>) in gradient.
[2026-02-21 16:00:44,828] tensorflow - Level 1 - Registering RefIdentity (<function _RefIdGrad at 0x0000024B979BEAC0>) in gradient.
[2026-02-21 16:00:44,828] tensorflow - Level 1 - Registering IdentityN (<function _IdNGrad at 0x0000024B979BEB60>) in gradient.
[2026-02-21 16:00:44,828] tensorflow - Level 1 - Registering StopGradient (None) in gradient.
[2026-02-21 16:00:44,828] tensorflow - Level 1 - Registering Reshape (<function _ReshapeGrad at 0x0000024B979BEC00>) in gradient.
[2026-02-21 16:00:44,828] tensorflow - Level 1 - Registering InvertPermutation (None) in gradient.
[2026-02-21 16:00:44,829] tensorflow - Level 1 - Registering ExpandDims (<function _ExpandDimsGrad at 0x0000024B979BED40>) in gradient.
[2026-02-21 16:00:44,829] tensorflow - Level 1 - Registering Squeeze (<function _SqueezeGrad at 0x0000024B979BEDE0>) in gradient.
[2026-02-21 16:00:44,829] tensorflow - Level 1 - Registering Transpose (<function _TransposeGrad at 0x0000024B979BEE80>) in gradient.
[2026-02-21 16:00:44,829] tensorflow - Level 1 - Registering ConjugateTranspose (<function _ConjugateTransposeGrad at 0x0000024B979BEF20>) in gradient.
[2026-02-21 16:00:44,829] tensorflow - Level 1 - Registering Shape (None) in gradient.
[2026-02-21 16:00:44,829] tensorflow - Level 1 - Registering ShapeN (None) in gradient.
[2026-02-21 16:00:44,829] tensorflow - Level 1 - Registering Rank (None) in gradient.
[2026-02-21 16:00:44,830] tensorflow - Level 1 - Registering Size (None) in gradient.
[2026-02-21 16:00:44,830] tensorflow - Level 1 - Registering Tile (<function _TileGrad at 0x0000024B979BEFC0>) in gradient.
[2026-02-21 16:00:44,830] tensorflow - Level 1 - Registering BroadcastGradientArgs (None) in gradient.
[2026-02-21 16:00:44,830] tensorflow - Level 1 - Registering Pad (<function _PadGrad at 0x0000024B979BF060>) in gradient.
[2026-02-21 16:00:44,830] tensorflow - Level 1 - Registering PadV2 (<function _PadGrad at 0x0000024B979BF060>) in gradient.
[2026-02-21 16:00:44,830] tensorflow - Level 1 - Registering ReverseSequence (<function _ReverseSequenceGrad at 0x0000024B979BF100>) in gradient.
[2026-02-21 16:00:44,831] tensorflow - Level 1 - Registering Reverse (<function _ReverseGrad at 0x0000024B979BF1A0>) in gradient.
[2026-02-21 16:00:44,831] tensorflow - Level 1 - Registering ReverseV2 (<function _ReverseV2Grad at 0x0000024B979BF240>) in gradient.
[2026-02-21 16:00:44,831] tensorflow - Level 1 - Registering SpaceToBatch (<function _SpaceToBatchGrad at 0x0000024B979BF2E0>) in gradient.
[2026-02-21 16:00:44,831] tensorflow - Level 1 - Registering SpaceToBatchND (<function _SpaceToBatchNDGrad at 0x0000024B979BF380>) in gradient.
[2026-02-21 16:00:44,831] tensorflow - Level 1 - Registering BatchToSpace (<function _BatchToSpaceGrad at 0x0000024B979BF420>) in gradient.
[2026-02-21 16:00:44,831] tensorflow - Level 1 - Registering BatchToSpaceND (<function _BatchToSpaceNDGrad at 0x0000024B979BF4C0>) in gradient.
[2026-02-21 16:00:44,831] tensorflow - Level 1 - Registering SpaceToDepth (<function _SpaceToDepthGrad at 0x0000024B979BF560>) in gradient.
[2026-02-21 16:00:44,831] tensorflow - Level 1 - Registering DepthToSpace (<function _DepthToSpaceGrad at 0x0000024B979BF600>) in gradient.
[2026-02-21 16:00:44,832] tensorflow - Level 1 - Registering OneHot (None) in gradient.
[2026-02-21 16:00:44,832] tensorflow - Level 1 - Registering MirrorPad (<function _MirrorPadGrad at 0x0000024B979BF6A0>) in gradient.
[2026-02-21 16:00:44,832] tensorflow - Level 1 - Registering MirrorPadGrad (<function _MirrorPadGradGrad at 0x0000024B979BF740>) in gradient.
[2026-02-21 16:00:44,832] tensorflow - Level 1 - Registering FakeQuantWithMinMaxArgsGradient (None) in gradient.
[2026-02-21 16:00:44,832] tensorflow - Level 1 - Registering FakeQuantWithMinMaxVarsGradient (None) in gradient.
[2026-02-21 16:00:44,832] tensorflow - Level 1 - Registering FakeQuantWithMinMaxVarsPerChannelGradient (None) in gradient.
[2026-02-21 16:00:44,832] tensorflow - Level 1 - Registering QuantizeAndDequantize (<function _QuantizeAndDequantizeGrad at 0x0000024B979BF7E0>) in gradient.
[2026-02-21 16:00:44,833] tensorflow - Level 1 - Registering QuantizeAndDequantizeV2 (<function _QuantizeAndDequantizeV2Grad at 0x0000024B979BF920>) in gradient.
[2026-02-21 16:00:44,833] tensorflow - Level 1 - Registering QuantizeAndDequantizeV3 (<function _QuantizeAndDequantizeV3Grad at 0x0000024B979BF9C0>) in gradient.
[2026-02-21 16:00:44,833] tensorflow - Level 1 - Registering ExtractImagePatches (<function _ExtractImagePatchesGrad at 0x0000024B979BF880>) in gradient.
[2026-02-21 16:00:44,833] tensorflow - Level 1 - Registering ExtractVolumePatches (<function _ExtractVolumePatchesGrad at 0x0000024B979BFA60>) in gradient.
[2026-02-21 16:00:44,833] tensorflow - Level 1 - Registering ScatterNd (<function _ScatterNdGrad at 0x0000024B979BFB00>) in gradient.
[2026-02-21 16:00:44,833] tensorflow - Level 1 - Registering TensorScatterUpdate (<function _TensorScatterUpdateGrad at 0x0000024B979BFBA0>) in gradient.
[2026-02-21 16:00:44,833] tensorflow - Level 1 - Registering TensorScatterAdd (<function _TensorScatterAddGrad at 0x0000024B979BFC40>) in gradient.
[2026-02-21 16:00:44,834] tensorflow - Level 1 - Registering TensorScatterMax (<function _TensorScatterMaxGrad at 0x0000024B979BFD80>) in gradient.
[2026-02-21 16:00:44,834] tensorflow - Level 1 - Registering TensorScatterMin (<function _TensorScatterMinGrad at 0x0000024B979BFE20>) in gradient.
[2026-02-21 16:00:44,834] tensorflow - Level 1 - Registering TensorScatterSub (<function _TensorScatterSubGrad at 0x0000024B979BFEC0>) in gradient.
[2026-02-21 16:00:44,834] tensorflow - Level 1 - Registering ScatterNdNonAliasingAdd (<function _ScatterNdNonAliasingAddGrad at 0x0000024B979BFF60>) in gradient.
[2026-02-21 16:00:44,834] tensorflow - Level 1 - Registering BroadcastTo (<function _BroadcastToGrad at 0x0000024B979E4040>) in gradient.
[2026-02-21 16:00:44,837] tensorflow - Level 1 - Registering Switch (<function _SwitchGrad at 0x0000024B979E4220>) in gradient.
[2026-02-21 16:00:44,838] tensorflow - Level 1 - Registering RefSwitch (<function _SwitchGrad at 0x0000024B979E4220>) in gradient.
[2026-02-21 16:00:44,839] tensorflow - Level 1 - Registering Merge (<function _MergeGrad at 0x0000024B979E42C0>) in gradient.
[2026-02-21 16:00:44,839] tensorflow - Level 1 - Registering RefMerge (<function _RefMergeGrad at 0x0000024B979E4400>) in gradient.
[2026-02-21 16:00:44,839] tensorflow - Level 1 - Registering Exit (<function _ExitGrad at 0x0000024B979E4360>) in gradient.
[2026-02-21 16:00:44,839] tensorflow - Level 1 - Registering RefExit (<function _ExitGrad at 0x0000024B979E4360>) in gradient.
[2026-02-21 16:00:44,839] tensorflow - Level 1 - Registering NextIteration (<function _NextIterationGrad at 0x0000024B979E44A0>) in gradient.
[2026-02-21 16:00:44,839] tensorflow - Level 1 - Registering RefNextIteration (<function _RefNextIterationGrad at 0x0000024B979E4540>) in gradient.
[2026-02-21 16:00:44,839] tensorflow - Level 1 - Registering Enter (<function _EnterGrad at 0x0000024B979E45E0>) in gradient.
[2026-02-21 16:00:44,839] tensorflow - Level 1 - Registering RefEnter (<function _RefEnterGrad at 0x0000024B979E4680>) in gradient.
[2026-02-21 16:00:44,840] tensorflow - Level 1 - Registering LoopCond (<function _LoopCondGrad at 0x0000024B979E4720>) in gradient.
[2026-02-21 16:00:44,847] tensorflow - Level 1 - Registering CudnnRNN (<function _cudnn_rnn_backward at 0x0000024B979E4860>) in gradient.
[2026-02-21 16:00:44,848] tensorflow - Level 1 - Registering CudnnRNNV2 (<function _cudnn_rnn_backward_v2 at 0x0000024B979E4A40>) in gradient.
[2026-02-21 16:00:44,848] tensorflow - Level 1 - Registering CudnnRNNV3 (<function _cudnn_rnn_backwardv3 at 0x0000024B97A2CB80>) in gradient.
[2026-02-21 16:00:44,850] tensorflow - Level 1 - Registering ResizeNearestNeighbor (<function _ResizeNearestNeighborGrad at 0x0000024B97A2CAE0>) in gradient.
[2026-02-21 16:00:44,852] tensorflow - Level 1 - Registering ResizeBilinear (<function _ResizeBilinearGrad at 0x0000024B97A2CC20>) in gradient.
[2026-02-21 16:00:44,852] tensorflow - Level 1 - Registering ResizeBilinearGrad (None) in gradient.
[2026-02-21 16:00:44,852] tensorflow - Level 1 - Registering ScaleAndTranslate (<function _ScaleAndTranslateGrad at 0x0000024B97A2CE00>) in gradient.
[2026-02-21 16:00:44,852] tensorflow - Level 1 - Registering ResizeBicubic (<function _ResizeBicubicGrad at 0x0000024B97A2CD60>) in gradient.
[2026-02-21 16:00:44,853] tensorflow - Level 1 - Registering CropAndResize (<function _CropAndResizeGrad at 0x0000024B97A2CEA0>) in gradient.
[2026-02-21 16:00:44,853] tensorflow - Level 1 - Registering RGBToHSV (<function _RGBToHSVGrad at 0x0000024B97A2CFE0>) in gradient.
[2026-02-21 16:00:44,861] tensorflow - Level 1 - Registering ReaderRead (None) in gradient.
[2026-02-21 16:00:44,862] tensorflow - Level 1 - Registering ReaderReadUpTo (None) in gradient.
[2026-02-21 16:00:44,862] tensorflow - Level 1 - Registering ReaderNumRecordsProduced (None) in gradient.
[2026-02-21 16:00:44,862] tensorflow - Level 1 - Registering ReaderNumWorkUnitsCompleted (None) in gradient.
[2026-02-21 16:00:44,862] tensorflow - Level 1 - Registering ReaderSerializeState (None) in gradient.
[2026-02-21 16:00:44,862] tensorflow - Level 1 - Registering ReaderRestoreState (None) in gradient.
[2026-02-21 16:00:44,862] tensorflow - Level 1 - Registering ReaderReset (None) in gradient.
[2026-02-21 16:00:44,863] tensorflow - Level 1 - Registering WholeFileReader (None) in gradient.
[2026-02-21 16:00:44,863] tensorflow - Level 1 - Registering TextLineReader (None) in gradient.
[2026-02-21 16:00:44,863] tensorflow - Level 1 - Registering FixedLengthRecordReader (None) in gradient.
[2026-02-21 16:00:44,864] tensorflow - Level 1 - Registering TFRecordReader (None) in gradient.
[2026-02-21 16:00:44,864] tensorflow - Level 1 - Registering LMDBReader (None) in gradient.
[2026-02-21 16:00:44,864] tensorflow - Level 1 - Registering IdentityReader (None) in gradient.
[2026-02-21 16:00:44,872] tensorflow - Level 1 - Registering MatrixInverse (<function _MatrixInverseGrad at 0x0000024B97A7A480>) in gradient.
[2026-02-21 16:00:44,872] tensorflow - Level 1 - Registering Einsum (<function _EinsumGrad at 0x0000024B97A7A700>) in gradient.
[2026-02-21 16:00:44,872] tensorflow - Level 1 - Registering MatrixDeterminant (<function _MatrixDeterminantGrad at 0x0000024B97AACB80>) in gradient.
[2026-02-21 16:00:44,872] tensorflow - Level 1 - Registering MatrixSquareRoot (<function _MatrixSquareRootGrad at 0x0000024B97AACCC0>) in gradient.
[2026-02-21 16:00:44,872] tensorflow - Level 1 - Registering LogMatrixDeterminant (<function _LogMatrixDeterminantGrad at 0x0000024B97AACD60>) in gradient.
[2026-02-21 16:00:44,872] tensorflow - Level 1 - Registering Cholesky (<function _CholeskyGrad at 0x0000024B97AACE00>) in gradient.
[2026-02-21 16:00:44,872] tensorflow - Level 1 - Registering Qr (<function _QrGrad at 0x0000024B97AACEA0>) in gradient.
[2026-02-21 16:00:44,872] tensorflow - Level 1 - Registering MatrixSolve (<function _MatrixSolveGrad at 0x0000024B97AACF40>) in gradient.
[2026-02-21 16:00:44,872] tensorflow - Level 1 - Registering MatrixSolveLs (<function _MatrixSolveLsGrad at 0x0000024B97AACFE0>) in gradient.
[2026-02-21 16:00:44,872] tensorflow - Level 1 - Registering BandedTriangularSolve (<function _BandedTriangularSolveGrad at 0x0000024B97AAD080>) in gradient.
[2026-02-21 16:00:44,872] tensorflow - Level 1 - Registering MatrixTriangularSolve (<function _MatrixTriangularSolveGrad at 0x0000024B97AAD120>) in gradient.
[2026-02-21 16:00:44,872] tensorflow - Level 1 - Registering Eig (<function _EigGrad at 0x0000024B97AAD260>) in gradient.
[2026-02-21 16:00:44,872] tensorflow - Level 1 - Registering SelfAdjointEigV2 (<function _SelfAdjointEigV2Grad at 0x0000024B97AAD300>) in gradient.
[2026-02-21 16:00:44,872] tensorflow - Level 1 - Registering Svd (<function _SvdGrad at 0x0000024B97AAD3A0>) in gradient.
[2026-02-21 16:00:44,872] tensorflow - Level 1 - Registering TridiagonalMatMul (<function _TridiagonalMatMulGrad at 0x0000024B97AAD580>) in gradient.
[2026-02-21 16:00:44,872] tensorflow - Level 1 - Registering TridiagonalSolve (<function _TridiagonalSolveGrad at 0x0000024B97AAD620>) in gradient.
[2026-02-21 16:00:44,888] tensorflow - Level 1 - Registering LookupTableFind (None) in gradient.
[2026-02-21 16:00:44,890] tensorflow - Level 1 - Registering LookupTableFindV2 (None) in gradient.
[2026-02-21 16:00:44,890] tensorflow - Level 1 - Registering LookupTableInsert (None) in gradient.
[2026-02-21 16:00:44,891] tensorflow - Level 1 - Registering LookupTableInsertV2 (None) in gradient.
[2026-02-21 16:00:44,891] tensorflow - Level 1 - Registering LookupTableSize (None) in gradient.
[2026-02-21 16:00:44,891] tensorflow - Level 1 - Registering LookupTableSizeV2 (None) in gradient.
[2026-02-21 16:00:44,892] tensorflow - Level 1 - Registering HashTable (None) in gradient.
[2026-02-21 16:00:44,892] tensorflow - Level 1 - Registering HashTableV2 (None) in gradient.
[2026-02-21 16:00:44,892] tensorflow - Level 1 - Registering InitializeTable (None) in gradient.
[2026-02-21 16:00:44,893] tensorflow - Level 1 - Registering InitializeTableV2 (None) in gradient.
[2026-02-21 16:00:44,893] tensorflow - Level 1 - Registering InitializeTableFromTextFile (None) in gradient.
[2026-02-21 16:00:44,893] tensorflow - Level 1 - Registering InitializeTableFromTextFileV2 (None) in gradient.
[2026-02-21 16:00:44,893] tensorflow - Level 1 - Registering MutableDenseHashTable (None) in gradient.
[2026-02-21 16:00:44,894] tensorflow - Level 1 - Registering MutableDenseHashTableV2 (None) in gradient.
[2026-02-21 16:00:44,894] tensorflow - Level 1 - Registering MutableHashTable (None) in gradient.
[2026-02-21 16:00:44,894] tensorflow - Level 1 - Registering MutableHashTableV2 (None) in gradient.
[2026-02-21 16:00:44,895] tensorflow - Level 1 - Registering MutableHashTableOfTensors (None) in gradient.
[2026-02-21 16:00:44,895] tensorflow - Level 1 - Registering MutableHashTableOfTensorsV2 (None) in gradient.
[2026-02-21 16:00:44,902] tensorflow - Level 1 - Registering Roll (<function _RollGrad at 0x0000024B979E47C0>) in gradient.
[2026-02-21 16:00:44,907] tensorflow - Level 1 - Registering ArgMax (<function _ArgMaxGrad at 0x0000024B97AAC9A0>) in gradient.
[2026-02-21 16:00:44,911] tensorflow - Level 1 - Registering ArgMin (<function _ArgMinGrad at 0x0000024B97AAE700>) in gradient.
[2026-02-21 16:00:44,911] tensorflow - Level 1 - Registering EuclideanNorm (<function _EuclideanNormGrad at 0x0000024B97AAE980>) in gradient.
[2026-02-21 16:00:44,912] tensorflow - Level 1 - Registering Sum (<function _SumGrad at 0x0000024B97AAEDE0>) in gradient.
[2026-02-21 16:00:44,912] tensorflow - Level 1 - Registering Max (<function _MaxGrad at 0x0000024B97AAEF20>) in gradient.
[2026-02-21 16:00:44,912] tensorflow - Level 1 - Registering Min (<function _MinGrad at 0x0000024B97AAEFC0>) in gradient.
[2026-02-21 16:00:44,913] tensorflow - Level 1 - Registering Mean (<function _MeanGrad at 0x0000024B97AAF060>) in gradient.
[2026-02-21 16:00:44,913] tensorflow - Level 1 - Registering Prod (<function _ProdGrad at 0x0000024B97AAF100>) in gradient.
[2026-02-21 16:00:44,913] tensorflow - Level 1 - Registering SegmentSum (<function _SegmentSumGrad at 0x0000024B97AAF1A0>) in gradient.
[2026-02-21 16:00:44,914] tensorflow - Level 1 - Registering SegmentMean (<function _SegmentMeanGrad at 0x0000024B97AAF240>) in gradient.
[2026-02-21 16:00:44,914] tensorflow - Level 1 - Registering SparseSegmentSum (<function _SparseSegmentSumGrad at 0x0000024B97AAF420>) in gradient.
[2026-02-21 16:00:44,914] tensorflow - Level 1 - Registering SparseSegmentSumWithNumSegments (<function _SparseSegmentSumWithNumSegmentsGrad at 0x0000024B97AAF4C0>) in gradient.
[2026-02-21 16:00:44,914] tensorflow - Level 1 - Registering SparseSegmentMean (<function _SparseSegmentMeanGrad at 0x0000024B97AAF560>) in gradient.
[2026-02-21 16:00:44,915] tensorflow - Level 1 - Registering SparseSegmentMeanWithNumSegments (<function _SparseSegmentMeanWithNumSegmentsGrad at 0x0000024B97AAF600>) in gradient.
[2026-02-21 16:00:44,915] tensorflow - Level 1 - Registering SparseSegmentSqrtN (<function _SparseSegmentSqrtNGrad at 0x0000024B97AAF6A0>) in gradient.
[2026-02-21 16:00:44,915] tensorflow - Level 1 - Registering SparseSegmentSqrtNWithNumSegments (<function _SparseSegmentSqrtNWithNumSegmentsGrad at 0x0000024B97AAF740>) in gradient.
[2026-02-21 16:00:44,916] tensorflow - Level 1 - Registering SegmentMin (<function _SegmentMinGrad at 0x0000024B97AAF880>) in gradient.
[2026-02-21 16:00:44,916] tensorflow - Level 1 - Registering SegmentMax (<function _SegmentMaxGrad at 0x0000024B97AAF920>) in gradient.
[2026-02-21 16:00:44,916] tensorflow - Level 1 - Registering SegmentProd (<function _SegmentProdGrad at 0x0000024B97AAF9C0>) in gradient.
[2026-02-21 16:00:44,916] tensorflow - Level 1 - Registering UnsortedSegmentSum (<function _UnsortedSegmentSumGrad at 0x0000024B97AAFBA0>) in gradient.
[2026-02-21 16:00:44,917] tensorflow - Level 1 - Registering UnsortedSegmentMax (<function _UnsortedSegmentMaxGrad at 0x0000024B97AAFC40>) in gradient.
[2026-02-21 16:00:44,917] tensorflow - Level 1 - Registering UnsortedSegmentMin (<function _UnsortedSegmentMinGrad at 0x0000024B97AAFCE0>) in gradient.
[2026-02-21 16:00:44,917] tensorflow - Level 1 - Registering UnsortedSegmentProd (<function _UnsortedSegmentProdGrad at 0x0000024B97AAFD80>) in gradient.
[2026-02-21 16:00:44,917] tensorflow - Level 1 - Registering Abs (<function _AbsGrad at 0x0000024B97AAFE20>) in gradient.
[2026-02-21 16:00:44,918] tensorflow - Level 1 - Registering Neg (<function _NegGrad at 0x0000024B97AAFEC0>) in gradient.
[2026-02-21 16:00:44,918] tensorflow - Level 1 - Registering Inv (<function _InvGrad at 0x0000024B97AAFF60>) in gradient.
[2026-02-21 16:00:44,918] tensorflow - Level 1 - Registering Reciprocal (<function _ReciprocalGrad at 0x0000024B97B1C040>) in gradient.
[2026-02-21 16:00:44,919] tensorflow - Level 1 - Registering InvGrad (<function _InvGradGrad at 0x0000024B97B1C0E0>) in gradient.
[2026-02-21 16:00:44,919] tensorflow - Level 1 - Registering ReciprocalGrad (<function _ReciprocalGradGrad at 0x0000024B97B1C180>) in gradient.
[2026-02-21 16:00:44,919] tensorflow - Level 1 - Registering Square (<function _SquareGrad at 0x0000024B97B1C220>) in gradient.
[2026-02-21 16:00:44,919] tensorflow - Level 1 - Registering Sqrt (<function _SqrtGrad at 0x0000024B97B1C2C0>) in gradient.
[2026-02-21 16:00:44,920] tensorflow - Level 1 - Registering SqrtGrad (<function _SqrtGradGrad at 0x0000024B97B1C360>) in gradient.
[2026-02-21 16:00:44,920] tensorflow - Level 1 - Registering Rsqrt (<function _RsqrtGrad at 0x0000024B97B1C400>) in gradient.
[2026-02-21 16:00:44,921] tensorflow - Level 1 - Registering RsqrtGrad (<function _RsqrtGradGrad at 0x0000024B97B1C4A0>) in gradient.
[2026-02-21 16:00:44,921] tensorflow - Level 1 - Registering Exp (<function _ExpGrad at 0x0000024B97B1C540>) in gradient.
[2026-02-21 16:00:44,921] tensorflow - Level 1 - Registering Expm1 (<function _Expm1Grad at 0x0000024B97B1C5E0>) in gradient.
[2026-02-21 16:00:44,921] tensorflow - Level 1 - Registering Log (<function _LogGrad at 0x0000024B97B1C680>) in gradient.
[2026-02-21 16:00:44,922] tensorflow - Level 1 - Registering Log1p (<function _Log1pGrad at 0x0000024B97B1C720>) in gradient.
[2026-02-21 16:00:44,922] tensorflow - Level 1 - Registering Xlogy (<function _XLogyGrad at 0x0000024B97B1C7C0>) in gradient.
[2026-02-21 16:00:44,922] tensorflow - Level 1 - Registering Xlog1py (<function _XLog1pyGrad at 0x0000024B97B1C860>) in gradient.
[2026-02-21 16:00:44,922] tensorflow - Level 1 - Registering Xdivy (<function _XDivyGrad at 0x0000024B97B1C900>) in gradient.
[2026-02-21 16:00:44,922] tensorflow - Level 1 - Registering Sinh (<function _SinhGrad at 0x0000024B97B1C9A0>) in gradient.
[2026-02-21 16:00:44,922] tensorflow - Level 1 - Registering Cosh (<function _CoshGrad at 0x0000024B97B1CA40>) in gradient.
[2026-02-21 16:00:44,922] tensorflow - Level 1 - Registering Tanh (<function _TanhGrad at 0x0000024B97B1CAE0>) in gradient.
[2026-02-21 16:00:44,922] tensorflow - Level 1 - Registering Asinh (<function _AsinhGrad at 0x0000024B97B1CB80>) in gradient.
[2026-02-21 16:00:44,922] tensorflow - Level 1 - Registering Acosh (<function _AcoshGrad at 0x0000024B97B1CC20>) in gradient.
[2026-02-21 16:00:44,922] tensorflow - Level 1 - Registering Atanh (<function _AtanhGrad at 0x0000024B97B1CCC0>) in gradient.
[2026-02-21 16:00:44,922] tensorflow - Level 1 - Registering TanhGrad (<function _TanhGradGrad at 0x0000024B97B1CD60>) in gradient.
[2026-02-21 16:00:44,922] tensorflow - Level 1 - Registering Erf (<function _ErfGrad at 0x0000024B97B1CE00>) in gradient.
[2026-02-21 16:00:44,922] tensorflow - Level 1 - Registering Erfc (<function _ErfcGrad at 0x0000024B97B1CEA0>) in gradient.
[2026-02-21 16:00:44,922] tensorflow - Level 1 - Registering Erfinv (<function _ErfinvGrad at 0x0000024B97B1CF40>) in gradient.
[2026-02-21 16:00:44,922] tensorflow - Level 1 - Registering Ndtri (<function _NdtriGrad at 0x0000024B97B1CFE0>) in gradient.
[2026-02-21 16:00:44,922] tensorflow - Level 1 - Registering Lgamma (<function _LgammaGrad at 0x0000024B97B1D080>) in gradient.
[2026-02-21 16:00:44,922] tensorflow - Level 1 - Registering Digamma (<function _DigammaGrad at 0x0000024B97B1D120>) in gradient.
[2026-02-21 16:00:44,922] tensorflow - Level 1 - Registering Dawsn (<function _DawsnGrad at 0x0000024B97B1D1C0>) in gradient.
[2026-02-21 16:00:44,922] tensorflow - Level 1 - Registering Expint (<function _ExpintGrad at 0x0000024B97B1D260>) in gradient.
[2026-02-21 16:00:44,922] tensorflow - Level 1 - Registering FresnelCos (<function _FresnelCosGrad at 0x0000024B97B1D300>) in gradient.
[2026-02-21 16:00:44,922] tensorflow - Level 1 - Registering FresnelSin (<function _FresnelSinGrad at 0x0000024B97B1D3A0>) in gradient.
[2026-02-21 16:00:44,922] tensorflow - Level 1 - Registering Spence (<function _SpenceGrad at 0x0000024B97B1D440>) in gradient.
[2026-02-21 16:00:44,922] tensorflow - Level 1 - Registering BesselI0 (<function _BesselI0Grad at 0x0000024B97B1D4E0>) in gradient.
[2026-02-21 16:00:44,922] tensorflow - Level 1 - Registering BesselI0e (<function _BesselI0eGrad at 0x0000024B97B1D580>) in gradient.
[2026-02-21 16:00:44,922] tensorflow - Level 1 - Registering BesselI1 (<function _BesselI1Grad at 0x0000024B97B1D620>) in gradient.
[2026-02-21 16:00:44,922] tensorflow - Level 1 - Registering BesselI1e (<function _BesselI1eGrad at 0x0000024B97B1D6C0>) in gradient.
[2026-02-21 16:00:44,922] tensorflow - Level 1 - Registering BesselK0 (<function _BesselK0Grad at 0x0000024B97B1D760>) in gradient.
[2026-02-21 16:00:44,922] tensorflow - Level 1 - Registering BesselK0e (<function _BesselK0eGrad at 0x0000024B97B1D800>) in gradient.
[2026-02-21 16:00:44,922] tensorflow - Level 1 - Registering BesselK1 (<function _BesselK1Grad at 0x0000024B97B1D8A0>) in gradient.
[2026-02-21 16:00:44,922] tensorflow - Level 1 - Registering BesselK1e (<function _BesselK1eGrad at 0x0000024B97B1D940>) in gradient.
[2026-02-21 16:00:44,922] tensorflow - Level 1 - Registering BesselJ0 (<function _BesselJ0Grad at 0x0000024B97B1D9E0>) in gradient.
[2026-02-21 16:00:44,922] tensorflow - Level 1 - Registering BesselJ1 (<function _BesselJ1Grad at 0x0000024B97B1DA80>) in gradient.
[2026-02-21 16:00:44,922] tensorflow - Level 1 - Registering BesselY0 (<function _BesselY0Grad at 0x0000024B97B1DB20>) in gradient.
[2026-02-21 16:00:44,922] tensorflow - Level 1 - Registering BesselY1 (<function _BesselY1Grad at 0x0000024B97B1DBC0>) in gradient.
[2026-02-21 16:00:44,922] tensorflow - Level 1 - Registering Igamma (<function _IgammaGrad at 0x0000024B97B1DC60>) in gradient.
[2026-02-21 16:00:44,922] tensorflow - Level 1 - Registering Igammac (<function _IgammacGrad at 0x0000024B97B1DD00>) in gradient.
[2026-02-21 16:00:44,922] tensorflow - Level 1 - Registering Betainc (<function _BetaincGrad at 0x0000024B97B1DDA0>) in gradient.
[2026-02-21 16:00:44,922] tensorflow - Level 1 - Registering Zeta (<function _ZetaGrad at 0x0000024B97B1DE40>) in gradient.
[2026-02-21 16:00:44,922] tensorflow - Level 1 - Registering Polygamma (<function _PolygammaGrad at 0x0000024B97B1DEE0>) in gradient.
[2026-02-21 16:00:44,922] tensorflow - Level 1 - Registering Sigmoid (<function _SigmoidGrad at 0x0000024B97B1DF80>) in gradient.
[2026-02-21 16:00:44,922] tensorflow - Level 1 - Registering SigmoidGrad (<function _SigmoidGradGrad at 0x0000024B97B1E020>) in gradient.
[2026-02-21 16:00:44,922] tensorflow - Level 1 - Registering Sign (<function _SignGrad at 0x0000024B97B1E0C0>) in gradient.
[2026-02-21 16:00:44,922] tensorflow - Level 1 - Registering Sin (<function _SinGrad at 0x0000024B97B1E160>) in gradient.
[2026-02-21 16:00:44,922] tensorflow - Level 1 - Registering Cos (<function _CosGrad at 0x0000024B97B1E200>) in gradient.
[2026-02-21 16:00:44,922] tensorflow - Level 1 - Registering Tan (<function _TanGrad at 0x0000024B97B1E2A0>) in gradient.
[2026-02-21 16:00:44,922] tensorflow - Level 1 - Registering Asin (<function _AsinGrad at 0x0000024B97B1E340>) in gradient.
[2026-02-21 16:00:44,922] tensorflow - Level 1 - Registering Acos (<function _AcosGrad at 0x0000024B97B1E3E0>) in gradient.
[2026-02-21 16:00:44,922] tensorflow - Level 1 - Registering Atan (<function _AtanGrad at 0x0000024B97B1E480>) in gradient.
[2026-02-21 16:00:44,922] tensorflow - Level 1 - Registering Atan2 (<function _Atan2Grad at 0x0000024B97B1E520>) in gradient.
[2026-02-21 16:00:44,922] tensorflow - Level 1 - Registering AddN (<function _AddNGrad at 0x0000024B97B1E5C0>) in gradient.
[2026-02-21 16:00:44,922] tensorflow - Level 1 - Registering AddV2 (<function _AddGrad at 0x0000024B97B1E700>) in gradient.
[2026-02-21 16:00:44,922] tensorflow - Level 1 - Registering Add (<function _AddGrad at 0x0000024B97B1E700>) in gradient.
[2026-02-21 16:00:44,922] tensorflow - Level 1 - Registering Sub (<function _SubGrad at 0x0000024B97B1E7A0>) in gradient.
[2026-02-21 16:00:44,922] tensorflow - Level 1 - Registering Mul (<function _MulGrad at 0x0000024B97B1E840>) in gradient.
[2026-02-21 16:00:44,922] tensorflow - Level 1 - Registering MulNoNan (<function _MulNoNanGrad at 0x0000024B97B1E8E0>) in gradient.
[2026-02-21 16:00:44,922] tensorflow - Level 1 - Registering Div (<function _DivGrad at 0x0000024B97B1E980>) in gradient.
[2026-02-21 16:00:44,922] tensorflow - Level 1 - Registering FloorDiv (<function _FloorDivGrad at 0x0000024B97B1EA20>) in gradient.
[2026-02-21 16:00:44,922] tensorflow - Level 1 - Registering FloorMod (<function _FloorModGrad at 0x0000024B97B1EAC0>) in gradient.
[2026-02-21 16:00:44,922] tensorflow - Level 1 - Registering TruncateDiv (<function _TruncateDivGrad at 0x0000024B97B1EB60>) in gradient.
[2026-02-21 16:00:44,922] tensorflow - Level 1 - Registering RealDiv (<function _RealDivGrad at 0x0000024B97B1EC00>) in gradient.
[2026-02-21 16:00:44,922] tensorflow - Level 1 - Registering DivNoNan (<function _DivNoNanGrad at 0x0000024B97B1ECA0>) in gradient.
[2026-02-21 16:00:44,922] tensorflow - Level 1 - Registering Pow (<function _PowGrad at 0x0000024B97B1ED40>) in gradient.
[2026-02-21 16:00:44,922] tensorflow - Level 1 - Registering Maximum (<function _MaximumGrad at 0x0000024B97B1EF20>) in gradient.
[2026-02-21 16:00:44,922] tensorflow - Level 1 - Registering Minimum (<function _MinimumGrad at 0x0000024B97B1EFC0>) in gradient.
[2026-02-21 16:00:44,922] tensorflow - Level 1 - Registering SquaredDifference (<function _SquaredDifferenceGrad at 0x0000024B97B1F060>) in gradient.
[2026-02-21 16:00:44,922] tensorflow - Level 1 - Registering Less (None) in gradient.
[2026-02-21 16:00:44,922] tensorflow - Level 1 - Registering LessEqual (None) in gradient.
[2026-02-21 16:00:44,922] tensorflow - Level 1 - Registering Greater (None) in gradient.
[2026-02-21 16:00:44,922] tensorflow - Level 1 - Registering GreaterEqual (None) in gradient.
[2026-02-21 16:00:44,938] tensorflow - Level 1 - Registering Equal (None) in gradient.
[2026-02-21 16:00:44,938] tensorflow - Level 1 - Registering ApproximateEqual (None) in gradient.
[2026-02-21 16:00:44,938] tensorflow - Level 1 - Registering NotEqual (None) in gradient.
[2026-02-21 16:00:44,938] tensorflow - Level 1 - Registering LogicalAnd (None) in gradient.
[2026-02-21 16:00:44,938] tensorflow - Level 1 - Registering LogicalOr (None) in gradient.
[2026-02-21 16:00:44,938] tensorflow - Level 1 - Registering LogicalNot (None) in gradient.
[2026-02-21 16:00:44,938] tensorflow - Level 1 - Registering Select (<function _SelectGrad at 0x0000024B97B1F100>) in gradient.
[2026-02-21 16:00:44,938] tensorflow - Level 1 - Registering SelectV2 (<function _SelectGradV2 at 0x0000024B97B1F1A0>) in gradient.
[2026-02-21 16:00:44,938] tensorflow - Level 1 - Registering MatMul (<function _MatMulGrad at 0x0000024B97B1F380>) in gradient.
[2026-02-21 16:00:44,938] tensorflow - Level 1 - Registering SparseMatMul (<function _SparseMatMulGrad at 0x0000024B97B1F420>) in gradient.
[2026-02-21 16:00:44,938] tensorflow - Level 1 - Registering Floor (<function _FloorGrad at 0x0000024B97B1F4C0>) in gradient.
[2026-02-21 16:00:44,938] tensorflow - Level 1 - Registering Ceil (<function _CeilGrad at 0x0000024B97B1F560>) in gradient.
[2026-02-21 16:00:44,938] tensorflow - Level 1 - Registering Round (<function _RoundGrad at 0x0000024B97B1F600>) in gradient.
[2026-02-21 16:00:44,938] tensorflow - Level 1 - Registering Rint (<function _RintGrad at 0x0000024B97B1F6A0>) in gradient.
[2026-02-21 16:00:44,938] tensorflow - Level 1 - Registering BatchMatMul (<function _BatchMatMul at 0x0000024B97B1F740>) in gradient.
[2026-02-21 16:00:44,938] tensorflow - Level 1 - Registering BatchMatMulV3 (<function _BatchMatMulV2 at 0x0000024B97B1F7E0>) in gradient.
[2026-02-21 16:00:44,938] tensorflow - Level 1 - Registering BatchMatMulV2 (<function _BatchMatMulV2 at 0x0000024B97B1F7E0>) in gradient.
[2026-02-21 16:00:44,938] tensorflow - Level 1 - Registering Range (None) in gradient.
[2026-02-21 16:00:44,938] tensorflow - Level 1 - Registering LinSpace (None) in gradient.
[2026-02-21 16:00:44,938] tensorflow - Level 1 - Registering Complex (<function _ComplexGrad at 0x0000024B97B1F880>) in gradient.
[2026-02-21 16:00:44,938] tensorflow - Level 1 - Registering Real (<function _RealGrad at 0x0000024B97B1F920>) in gradient.
[2026-02-21 16:00:44,938] tensorflow - Level 1 - Registering Imag (<function _ImagGrad at 0x0000024B97B1F9C0>) in gradient.
[2026-02-21 16:00:44,938] tensorflow - Level 1 - Registering Angle (<function _AngleGrad at 0x0000024B97B1FA60>) in gradient.
[2026-02-21 16:00:44,938] tensorflow - Level 1 - Registering Conj (<function _ConjGrad at 0x0000024B97B1FB00>) in gradient.
[2026-02-21 16:00:44,938] tensorflow - Level 1 - Registering ComplexAbs (<function _ComplexAbsGrad at 0x0000024B97B1FBA0>) in gradient.
[2026-02-21 16:00:44,938] tensorflow - Level 1 - Registering Cast (<function _CastGrad at 0x0000024B97B1FC40>) in gradient.
[2026-02-21 16:00:44,938] tensorflow - Level 1 - Registering Cross (<function _CrossGrad at 0x0000024B97B1FCE0>) in gradient.
[2026-02-21 16:00:44,938] tensorflow - Level 1 - Registering Cumsum (<function _CumsumGrad at 0x0000024B97B1FD80>) in gradient.
[2026-02-21 16:00:44,938] tensorflow - Level 1 - Registering Cumprod (<function _CumprodGrad at 0x0000024B97B1FE20>) in gradient.
[2026-02-21 16:00:44,938] tensorflow - Level 1 - Registering CumulativeLogsumexp (<function _CumulativeLogsumexpGrad at 0x0000024B97B1FEC0>) in gradient.
[2026-02-21 16:00:44,938] tensorflow - Level 1 - Registering NextAfter (<function _NextAfterGrad at 0x0000024B97B1FF60>) in gradient.
[2026-02-21 16:00:44,938] tensorflow - Level 1 - Registering NcclAllReduce (<function _all_sum_grad at 0x0000024B97B30360>) in gradient.
[2026-02-21 16:00:44,938] tensorflow - Level 1 - Registering NcclReduce (<function _reduce_sum_grad at 0x0000024B97B30F40>) in gradient.
[2026-02-21 16:00:44,938] tensorflow - Level 1 - Registering NcclBroadcast (<function _broadcast_grad at 0x0000024B97B31080>) in gradient.
[2026-02-21 16:00:44,938] tensorflow - Level 1 - Registering OptionalFromValue (<function _OptionalFromValueGrad at 0x0000024B97B30CC0>) in gradient.
[2026-02-21 16:00:44,938] tensorflow - Level 1 - Registering OptionalGetValue (<function _OptionalGetValueGrad at 0x0000024B97B313A0>) in gradient.
[2026-02-21 16:00:44,938] tensorflow - Level 1 - Registering DecodeRaw (None) in gradient.
[2026-02-21 16:00:44,954] tensorflow - Level 1 - Registering DecodePaddedRaw (None) in gradient.
[2026-02-21 16:00:44,954] tensorflow - Level 1 - Registering ParseTensor (None) in gradient.
[2026-02-21 16:00:44,954] tensorflow - Level 1 - Registering SerializeTensor (None) in gradient.
[2026-02-21 16:00:44,954] tensorflow - Level 1 - Registering StringToNumber (None) in gradient.
[2026-02-21 16:00:44,962] tensorflow - Level 1 - Registering DecodeProtoV2 (None) in gradient.
[2026-02-21 16:00:44,964] tensorflow - Level 1 - Registering EncodeProto (None) in gradient.
[2026-02-21 16:00:44,967] tensorflow - Level 1 - Registering RandomGamma (<function _RandomGammaGrad at 0x0000024B97B320C0>) in gradient.
[2026-02-21 16:00:44,967] tensorflow - Level 1 - Registering StatelessRandomGammaV2 (<function _StatelessRandomGammaV2Grad at 0x0000024B97B32200>) in gradient.
[2026-02-21 16:00:44,967] tensorflow - Level 1 - Registering StatelessRandomGammaV3 (<function _StatelessRandomGammaV3Grad at 0x0000024B97B32340>) in gradient.
[2026-02-21 16:00:44,967] tensorflow - Level 1 - Registering StatelessParameterizedTruncatedNormal (<function _StatelessParameterizedTruncatedNormalGrad at 0x0000024B97B325C0>) in gradient.
[2026-02-21 16:00:44,972] tensorflow - Level 1 - Registering BlockLSTM (<function _block_lstm_grad at 0x0000024B97B322A0>) in gradient.
[2026-02-21 16:00:44,984] tensorflow - Level 1 - Registering BlockLSTMV2 (<function _block_lstm_grad at 0x0000024B97B322A0>) in gradient.
[2026-02-21 16:00:44,992] tensorflow - Level 1 - Registering SdcaFprint (None) in gradient.
[2026-02-21 16:00:44,994] tensorflow - Level 1 - Registering SdcaOptimizer (None) in gradient.
[2026-02-21 16:00:44,995] tensorflow - Level 1 - Registering SdcaOptimizerV2 (None) in gradient.
[2026-02-21 16:00:44,995] tensorflow - Level 1 - Registering SdcaShrinkL1 (None) in gradient.
[2026-02-21 16:00:45,004] tensorflow - Level 1 - Registering SetSize (None) in gradient.
[2026-02-21 16:00:45,007] tensorflow - Level 1 - Registering DenseToDenseSetOperation (None) in gradient.
[2026-02-21 16:00:45,008] tensorflow - Level 1 - Registering DenseToSparseSetOperation (None) in gradient.
[2026-02-21 16:00:45,008] tensorflow - Level 1 - Registering SparseToSparseSetOperation (None) in gradient.
[2026-02-21 16:00:45,011] tensorflow - Level 1 - Registering SparseAddGrad (None) in gradient.
[2026-02-21 16:00:45,013] tensorflow - Level 1 - Registering SparseConcat (None) in gradient.
[2026-02-21 16:00:45,014] tensorflow - Level 1 - Registering SparseReorder (<function _SparseReorderGrad at 0x0000024B97B85620>) in gradient.
[2026-02-21 16:00:45,014] tensorflow - Level 1 - Registering SparseAdd (<function _SparseAddGrad at 0x0000024B97B85800>) in gradient.
[2026-02-21 16:00:45,014] tensorflow - Level 1 - Registering SparseTensorDenseAdd (<function _SparseTensorDenseAddGrad at 0x0000024B97B85760>) in gradient.
[2026-02-21 16:00:45,015] tensorflow - Level 1 - Registering SparseReduceSum (<function _SparseReduceSumGrad at 0x0000024B97B858A0>) in gradient.
[2026-02-21 16:00:45,015] tensorflow - Level 1 - Registering SparseSlice (<function _SparseSliceGrad at 0x0000024B97B85940>) in gradient.
[2026-02-21 16:00:45,015] tensorflow - Level 1 - Registering SparseTensorDenseMatMul (<function _SparseTensorDenseMatMulGrad at 0x0000024B97B859E0>) in gradient.
[2026-02-21 16:00:45,016] tensorflow - Level 1 - Registering SparseDenseCwiseAdd (<function _SparseDenseCwiseAddGrad at 0x0000024B97B85A80>) in gradient.
[2026-02-21 16:00:45,016] tensorflow - Level 1 - Registering SparseDenseCwiseMul (<function _SparseDenseCwiseMulGrad at 0x0000024B97B85BC0>) in gradient.
[2026-02-21 16:00:45,016] tensorflow - Level 1 - Registering SparseDenseCwiseDiv (<function _SparseDenseCwiseDivGrad at 0x0000024B97B85C60>) in gradient.
[2026-02-21 16:00:45,016] tensorflow - Level 1 - Registering SparseSoftmax (<function _SparseSoftmaxGrad at 0x0000024B97B85D00>) in gradient.
[2026-02-21 16:00:45,017] tensorflow - Level 1 - Registering SparseSparseMaximum (<function _SparseSparseMaximumGrad at 0x0000024B97B85DA0>) in gradient.
[2026-02-21 16:00:45,017] tensorflow - Level 1 - Registering SparseSparseMinimum (<function _SparseSparseMinimumGrad at 0x0000024B97B85E40>) in gradient.
[2026-02-21 16:00:45,017] tensorflow - Level 1 - Registering SparseFillEmptyRows (<function _SparseFillEmptyRowsGrad at 0x0000024B97B85EE0>) in gradient.
[2026-02-21 16:00:45,017] tensorflow - Level 1 - Registering SparseToDense (<function _SparseToDenseGrad at 0x0000024B97B85F80>) in gradient.
[2026-02-21 16:00:45,020] tensorflow - Level 1 - Registering TensorArray (None) in gradient.
[2026-02-21 16:00:45,023] tensorflow - Level 1 - Registering TensorArrayGrad (None) in gradient.
[2026-02-21 16:00:45,023] tensorflow - Level 1 - Registering TensorArraySize (None) in gradient.
[2026-02-21 16:00:45,024] tensorflow - Level 1 - Registering TensorArrayClose (None) in gradient.
[2026-02-21 16:00:45,024] tensorflow - Level 1 - Registering TensorArrayV2 (None) in gradient.
[2026-02-21 16:00:45,024] tensorflow - Level 1 - Registering TensorArrayGradV2 (None) in gradient.
[2026-02-21 16:00:45,024] tensorflow - Level 1 - Registering TensorArraySizeV2 (None) in gradient.
[2026-02-21 16:00:45,025] tensorflow - Level 1 - Registering TensorArrayCloseV2 (None) in gradient.
[2026-02-21 16:00:45,025] tensorflow - Level 1 - Registering TensorArrayV3 (None) in gradient.
[2026-02-21 16:00:45,025] tensorflow - Level 1 - Registering TensorArrayGradV3 (None) in gradient.
[2026-02-21 16:00:45,025] tensorflow - Level 1 - Registering TensorArrayGradWithShape (None) in gradient.
[2026-02-21 16:00:45,026] tensorflow - Level 1 - Registering TensorArraySizeV3 (None) in gradient.
[2026-02-21 16:00:45,026] tensorflow - Level 1 - Registering TensorArrayCloseV3 (None) in gradient.
[2026-02-21 16:00:45,026] tensorflow - Level 1 - Registering TensorArrayReadV3 (<function _TensorArrayReadGrad at 0x0000024B97B86160>) in gradient.
[2026-02-21 16:00:45,026] tensorflow - Level 1 - Registering TensorArrayReadV2 (<function _TensorArrayReadGrad at 0x0000024B97B86160>) in gradient.
[2026-02-21 16:00:45,027] tensorflow - Level 1 - Registering TensorArrayRead (<function _TensorArrayReadGrad at 0x0000024B97B86160>) in gradient.
[2026-02-21 16:00:45,027] tensorflow - Level 1 - Registering TensorArrayWriteV3 (<function _TensorArrayWriteGrad at 0x0000024B97B860C0>) in gradient.
[2026-02-21 16:00:45,027] tensorflow - Level 1 - Registering TensorArrayWriteV2 (<function _TensorArrayWriteGrad at 0x0000024B97B860C0>) in gradient.
[2026-02-21 16:00:45,027] tensorflow - Level 1 - Registering TensorArrayWrite (<function _TensorArrayWriteGrad at 0x0000024B97B860C0>) in gradient.
[2026-02-21 16:00:45,028] tensorflow - Level 1 - Registering TensorArrayGatherV3 (<function _TensorArrayGatherGrad at 0x0000024B97B86200>) in gradient.
[2026-02-21 16:00:45,028] tensorflow - Level 1 - Registering TensorArrayGatherV2 (<function _TensorArrayGatherGrad at 0x0000024B97B86200>) in gradient.
[2026-02-21 16:00:45,028] tensorflow - Level 1 - Registering TensorArrayGather (<function _TensorArrayGatherGrad at 0x0000024B97B86200>) in gradient.
[2026-02-21 16:00:45,028] tensorflow - Level 1 - Registering TensorArrayScatterV3 (<function _TensorArrayScatterGrad at 0x0000024B97B862A0>) in gradient.
[2026-02-21 16:00:45,029] tensorflow - Level 1 - Registering TensorArrayScatterV2 (<function _TensorArrayScatterGrad at 0x0000024B97B862A0>) in gradient.
[2026-02-21 16:00:45,029] tensorflow - Level 1 - Registering TensorArrayScatter (<function _TensorArrayScatterGrad at 0x0000024B97B862A0>) in gradient.
[2026-02-21 16:00:45,030] tensorflow - Level 1 - Registering TensorArrayConcatV3 (<function _TensorArrayConcatGrad at 0x0000024B97B86340>) in gradient.
[2026-02-21 16:00:45,030] tensorflow - Level 1 - Registering TensorArrayConcatV2 (<function _TensorArrayConcatGrad at 0x0000024B97B86340>) in gradient.
[2026-02-21 16:00:45,031] tensorflow - Level 1 - Registering TensorArrayConcat (<function _TensorArrayConcatGrad at 0x0000024B97B86340>) in gradient.
[2026-02-21 16:00:45,031] tensorflow - Level 1 - Registering TensorArraySplitV3 (<function _TensorArraySplitGrad at 0x0000024B97B863E0>) in gradient.
[2026-02-21 16:00:45,032] tensorflow - Level 1 - Registering TensorArraySplitV2 (<function _TensorArraySplitGrad at 0x0000024B97B863E0>) in gradient.
[2026-02-21 16:00:45,032] tensorflow - Level 1 - Registering TensorArraySplit (<function _TensorArraySplitGrad at 0x0000024B97B863E0>) in gradient.
[2026-02-21 16:00:45,054] tensorflow - Level 1 - Registering DenseToCSRSparseMatrix (<function _DenseToCSRSparseMatrixGrad at 0x0000024B97B86660>) in gradient.
[2026-02-21 16:00:45,057] tensorflow - Level 1 - Registering CSRSparseMatrixToDense (<function _CSRSparseMatrixToDenseGrad at 0x0000024B97B867A0>) in gradient.
[2026-02-21 16:00:45,058] tensorflow - Level 1 - Registering SparseTensorToCSRSparseMatrix (<function _SparseTensorToCSRSparseMatrixGrad at 0x0000024B97BC31A0>) in gradient.
[2026-02-21 16:00:45,058] tensorflow - Level 1 - Registering CSRSparseMatrixToSparseTensor (<function _CSRSparseMatrixToSparseTensorGrad at 0x0000024B97BC3100>) in gradient.
[2026-02-21 16:00:45,058] tensorflow - Level 1 - Registering SparseMatrixNNZ (None) in gradient.
[2026-02-21 16:00:45,058] tensorflow - Level 1 - Registering SparseMatrixZeros (None) in gradient.
[2026-02-21 16:00:45,059] tensorflow - Level 1 - Registering SparseMatrixAdd (<function _SparseMatrixAddGrad at 0x0000024B97BC3380>) in gradient.
[2026-02-21 16:00:45,059] tensorflow - Level 1 - Registering SparseMatrixTranspose (<function _SparseMatrixTransposeGrad at 0x0000024B97BC34C0>) in gradient.
[2026-02-21 16:00:45,059] tensorflow - Level 1 - Registering SparseMatrixSoftmax (<function _SparseMatrixSoftmaxGrad at 0x0000024B97BC3560>) in gradient.
[2026-02-21 16:00:45,060] tensorflow - Level 1 - Registering SparseMatrixMatMul (<function _SparseMatrixMatMulGrad at 0x0000024B97BC3600>) in gradient.
[2026-02-21 16:00:45,060] tensorflow - Level 1 - Registering SparseMatrixSparseMatMul (<function _SparseMatrixSparseMatMulGrad at 0x0000024B97BC36A0>) in gradient.
[2026-02-21 16:00:45,060] tensorflow - Level 1 - Registering SparseMatrixMul (<function _SparseMatrixMulGrad at 0x0000024B97BC3740>) in gradient.
[2026-02-21 16:00:45,081] tensorflow - Level 1 - Registering FFT (<function _fft_grad at 0x0000024B97C09260>) in gradient.
[2026-02-21 16:00:45,083] tensorflow - Level 1 - Registering IFFT (<function _ifft_grad at 0x0000024B97C09300>) in gradient.
[2026-02-21 16:00:45,084] tensorflow - Level 1 - Registering FFT2D (<function _fft2d_grad at 0x0000024B97C093A0>) in gradient.
[2026-02-21 16:00:45,084] tensorflow - Level 1 - Registering IFFT2D (<function _ifft2d_grad at 0x0000024B97C094E0>) in gradient.
[2026-02-21 16:00:45,084] tensorflow - Level 1 - Registering FFT3D (<function _fft3d_grad at 0x0000024B97C09580>) in gradient.
[2026-02-21 16:00:45,085] tensorflow - Level 1 - Registering IFFT3D (<function _ifft3d_grad at 0x0000024B97C09620>) in gradient.
[2026-02-21 16:00:45,086] tensorflow - Level 1 - Registering RFFT (<function _rfft_grad_helper.<locals>._grad at 0x0000024B97C09A80>) in gradient.
[2026-02-21 16:00:45,086] tensorflow - Level 1 - Registering IRFFT (<function _irfft_grad_helper.<locals>._grad at 0x0000024B97C09C60>) in gradient.
[2026-02-21 16:00:45,086] tensorflow - Level 1 - Registering RFFT2D (<function _rfft_grad_helper.<locals>._grad at 0x0000024B97C09D00>) in gradient.
[2026-02-21 16:00:45,086] tensorflow - Level 1 - Registering IRFFT2D (<function _irfft_grad_helper.<locals>._grad at 0x0000024B97C09DA0>) in gradient.
[2026-02-21 16:00:45,092] tensorflow - Level 1 - Registering GenerateVocabRemapping (None) in gradient.
[2026-02-21 16:00:45,095] tensorflow - Level 1 - Registering LoadAndRemapMatrix (None) in gradient.
[2026-02-21 16:00:45,136] tensorflow - Level 1 - Registering XlaVariadicReduce (None) in gradient.
[2026-02-21 16:00:45,136] tensorflow - Level 1 - Registering XlaSharding (<function _sharding_grad at 0x0000024B97CBC7C0>) in gradient.
[2026-02-21 16:00:45,136] tensorflow - Level 1 - Registering XlaSpmdFullToShardShape (<function _spmd_full_to_shard_shape_grad at 0x0000024B97CBC860>) in gradient.
[2026-02-21 16:00:45,136] tensorflow - Level 1 - Registering XlaSpmdShardToFullShape (<function _spmd_shard_to_full_shape_grad at 0x0000024B97CBC900>) in gradient.
[2026-02-21 16:00:45,173] tensorflow - Level 1 - Registering CTCLoss (<function _CTCLossGrad at 0x0000024B97F18D60>) in gradient.
[2026-02-21 16:00:45,176] tensorflow - Level 1 - Registering CTCLossV2 (<function _CTCLossV2Grad at 0x0000024B97F18E00>) in gradient.
[2026-02-21 16:00:45,178] tensorflow - Level 1 - Registering CTCGreedyDecoder (None) in gradient.
[2026-02-21 16:00:45,178] tensorflow - Level 1 - Registering CTCBeamSearchDecoder (None) in gradient.
[2026-02-21 16:00:45,182] tensorflow - Level 1 - Registering FusedBatchNormGrad (<function _FusedBatchNormGradGrad at 0x0000024B97F1A840>) in gradient.
[2026-02-21 16:00:45,184] tensorflow - Level 1 - Registering FusedBatchNormGradV2 (<function _FusedBatchNormGradGradV2 at 0x0000024B97F1A8E0>) in gradient.
[2026-02-21 16:00:45,184] tensorflow - Level 1 - Registering FusedBatchNormGradV3 (<function _FusedBatchNormGradGradV3 at 0x0000024B97F1AAC0>) in gradient.
[2026-02-21 16:00:45,200] tensorflow - Level 1 - Registering variables ((<class 'tensorflow.core.framework.variable_pb2.VariableDef'>, <function _to_proto_fn at 0x0000024B97F5AC00>, <function _from_proto_fn at 0x0000024B97F5AE80>)) in proto functions.
[2026-02-21 16:00:45,203] tensorflow - Level 1 - Registering trainable_variables ((<class 'tensorflow.core.framework.variable_pb2.VariableDef'>, <function _to_proto_fn at 0x0000024B97F5AC00>, <function _from_proto_fn at 0x0000024B97F5AE80>)) in proto functions.
[2026-02-21 16:00:45,204] tensorflow - Level 1 - Registering moving_average_variables ((<class 'tensorflow.core.framework.variable_pb2.VariableDef'>, <function _to_proto_fn at 0x0000024B97F5AC00>, <function _from_proto_fn at 0x0000024B97F5AE80>)) in proto functions.
[2026-02-21 16:00:45,204] tensorflow - Level 1 - Registering local_variables ((<class 'tensorflow.core.framework.variable_pb2.VariableDef'>, <function _to_proto_fn at 0x0000024B97F5AC00>, <function _from_proto_fn at 0x0000024B97F5AE80>)) in proto functions.
[2026-02-21 16:00:45,204] tensorflow - Level 1 - Registering model_variables ((<class 'tensorflow.core.framework.variable_pb2.VariableDef'>, <function _to_proto_fn at 0x0000024B97F5AC00>, <function _from_proto_fn at 0x0000024B97F5AE80>)) in proto functions.
[2026-02-21 16:00:45,204] tensorflow - Level 1 - Registering global_step ((<class 'tensorflow.core.framework.variable_pb2.VariableDef'>, <function _to_proto_fn at 0x0000024B97F5AC00>, <function _from_proto_fn at 0x0000024B97F5AE80>)) in proto functions.
[2026-02-21 16:00:45,205] tensorflow - Level 1 - Registering metric_variables ((<class 'tensorflow.core.framework.variable_pb2.VariableDef'>, <function _to_proto_fn at 0x0000024B97F5AC00>, <function _from_proto_fn at 0x0000024B97F5AE80>)) in proto functions.
[2026-02-21 16:00:45,207] tensorflow - Level 1 - Registering RandomCrop (None) in gradient.
[2026-02-21 16:00:45,212] tensorflow - Level 1 - Registering HSVToRGB (None) in gradient.
[2026-02-21 16:00:45,213] tensorflow - Level 1 - Registering DrawBoundingBoxes (None) in gradient.
[2026-02-21 16:00:45,213] tensorflow - Level 1 - Registering SampleDistortedBoundingBox (None) in gradient.
[2026-02-21 16:00:45,213] tensorflow - Level 1 - Registering SampleDistortedBoundingBoxV2 (None) in gradient.
[2026-02-21 16:00:45,214] tensorflow - Level 1 - Registering ExtractGlimpse (None) in gradient.
[2026-02-21 16:00:45,214] tensorflow - Level 1 - Registering NonMaxSuppression (None) in gradient.
[2026-02-21 16:00:45,214] tensorflow - Level 1 - Registering NonMaxSuppressionV2 (None) in gradient.
[2026-02-21 16:00:45,214] tensorflow - Level 1 - Registering NonMaxSuppressionWithOverlaps (None) in gradient.
[2026-02-21 16:00:45,215] tensorflow - Level 1 - Registering GenerateBoundingBoxProposals (None) in gradient.
[2026-02-21 16:00:45,232] tensorflow - Level 1 - Registering ImageProjectiveTransformV2 (<function _image_projective_transform_grad at 0x0000024B98037880>) in gradient.
[2026-02-21 16:00:45,232] tensorflow - Level 1 - Registering ImageProjectiveTransformV3 (<function _image_projective_transform_v3_grad at 0x0000024B98037A60>) in gradient.
[2026-02-21 16:00:45,510] tensorflow - Level 1 - Registering savers ((<class 'tensorflow.core.protobuf.saver_pb2.SaverDef'>, <function Saver.to_proto at 0x0000024B9830EDE0>, <function Saver.from_proto at 0x0000024B9830EE80>)) in proto functions.
[2026-02-21 16:00:45,535] tensorflow - Level 1 - Registering EagerPyFunc (<function _EagerPyFuncGrad at 0x0000024B9833BA60>) in gradient.
[2026-02-21 16:00:45,540] tensorflow - Level 1 - Registering PyFunc (None) in gradient.
[2026-02-21 16:00:45,540] tensorflow - Level 1 - Registering PyFuncStateless (None) in gradient.
[2026-02-21 16:00:45,561] tensorflow - Level 1 - Registering ReduceDataset (None) in gradient.
[2026-02-21 16:00:45,577] tensorflow - Level 1 - Registering tensorflow.python.data.ops.dataset_ops (<function _tf2_callback at 0x0000024B98391EE0>) in data_v2_callbacks.
[2026-02-21 16:00:45,593] tensorflow - Level 1 - Registering _resource_resolver (<function _resource_resolver at 0x0000024B9841AB60>) in acd_resource_resolvers.
[2026-02-21 16:00:45,624] tensorflow - Level 1 - Registering tensorflow.python.data.experimental.ops.counter (<function _tf2_callback at 0x0000024B98432480>) in data_v2_callbacks.
[2026-02-21 16:00:45,666] tensorflow - Level 1 - Registering tensorflow.python.data.ops.readers (<function _tf2_callback at 0x0000024B9841B740>) in data_v2_callbacks.
[2026-02-21 16:00:45,671] tensorflow - Level 1 - Registering tensorflow.python.data.experimental.ops.interleave_ops (<function _tf2_callback at 0x0000024B984337E0>) in data_v2_callbacks.
[2026-02-21 16:00:45,735] tensorflow - Level 1 - Registering tensorflow.python.data.experimental.ops.random_ops (<function _tf2_callback at 0x0000024B984D6C00>) in data_v2_callbacks.
[2026-02-21 16:00:45,744] tensorflow - Level 1 - Registering tensorflow.python.data.experimental.ops.readers (<function _tf2_callback at 0x0000024B984F4540>) in data_v2_callbacks.
[2026-02-21 16:00:46,095] tensorflow - Level 1 - Registering tpu_replicated_input_resolver (<function tpu_replicated_input_resolver at 0x0000024B98764540>) in acd_resource_resolvers.
[2026-02-21 16:00:46,105] tensorflow - DEBUG - Falling back to TensorFlow client; we recommended you install the Cloud TPU client directly with pip install cloud-tpu-client.
[2026-02-21 16:00:46,374] tensorflow - Level 1 - Registering queue_runners ((<class 'tensorflow.core.protobuf.queue_runner_pb2.QueueRunnerDef'>, <function QueueRunner.to_proto at 0x0000024B9897EF20>, <function QueueRunner.from_proto at 0x0000024B9897EFC0>)) in proto functions.
[2026-02-21 16:00:47,258] h5py._conv - DEBUG - Creating converter from 7 to 5
[2026-02-21 16:00:47,258] h5py._conv - DEBUG - Creating converter from 5 to 7
[2026-02-21 16:00:47,259] h5py._conv - DEBUG - Creating converter from 7 to 5
[2026-02-21 16:00:47,259] h5py._conv - DEBUG - Creating converter from 5 to 7
[2026-02-21 16:00:47,685] tensorflow - Level 1 - Registering DebugGradientIdentity (<function _identify_gradient_grad at 0x0000024B9A44B920>) in gradient.
[2026-02-21 16:00:47,685] tensorflow - Level 1 - Registering DebugGradientRefIdentity (<function _identify_gradient_grad_ref at 0x0000024B9A44B9C0>) in gradient.
[2026-02-21 16:00:47,774] tensorflow - Level 1 - Registering DebugIdentityV2 (<function _debug_identity_v2_grad at 0x0000024B9A4C6D40>) in gradient.
[2026-02-21 16:00:48,329] tensorflow - Level 1 - Registering AudioMicrofrontend (None) in gradient.
[2026-02-21 16:00:48,522] tensorflow - Level 1 - Registering Reciprocal,flops (<function _reciprocal_flops at 0x0000024B9AAC0680>) in statistical functions.
[2026-02-21 16:00:48,526] tensorflow - Level 1 - Registering Square,flops (<function _square_flops at 0x0000024B9AAC0720>) in statistical functions.
[2026-02-21 16:00:48,526] tensorflow - Level 1 - Registering Rsqrt,flops (<function _rsqrt_flops at 0x0000024B9AAC0860>) in statistical functions.
[2026-02-21 16:00:48,526] tensorflow - Level 1 - Registering Log,flops (<function _log_flops at 0x0000024B9AAC07C0>) in statistical functions.
[2026-02-21 16:00:48,526] tensorflow - Level 1 - Registering Neg,flops (<function _neg_flops at 0x0000024B9AAC0900>) in statistical functions.
[2026-02-21 16:00:48,526] tensorflow - Level 1 - Registering AssignSub,flops (<function _assign_sub_flops at 0x0000024B9AAC09A0>) in statistical functions.
[2026-02-21 16:00:48,526] tensorflow - Level 1 - Registering AssignAdd,flops (<function _assign_add_flops at 0x0000024B9AAC0A40>) in statistical functions.
[2026-02-21 16:00:48,530] tensorflow - Level 1 - Registering L2Loss,flops (<function _l2_loss_flops at 0x0000024B9AAC0AE0>) in statistical functions.
[2026-02-21 16:00:48,530] tensorflow - Level 1 - Registering Softmax,flops (<function _softmax_flops at 0x0000024B9AAC0B80>) in statistical functions.
[2026-02-21 16:00:48,530] tensorflow - Level 1 - Registering AddV2,flops (<function _add_flops at 0x0000024B9AAC0CC0>) in statistical functions.
[2026-02-21 16:00:48,530] tensorflow - Level 1 - Registering Add,flops (<function _add_flops at 0x0000024B9AAC0CC0>) in statistical functions.
[2026-02-21 16:00:48,530] tensorflow - Level 1 - Registering Sub,flops (<function _sub_flops at 0x0000024B9AAC0D60>) in statistical functions.
[2026-02-21 16:00:48,530] tensorflow - Level 1 - Registering Mul,flops (<function _mul_flops at 0x0000024B9AAC0E00>) in statistical functions.
[2026-02-21 16:00:48,530] tensorflow - Level 1 - Registering RealDiv,flops (<function _real_div_flops at 0x0000024B9AAC0EA0>) in statistical functions.
[2026-02-21 16:00:48,530] tensorflow - Level 1 - Registering Maximum,flops (<function _maximum_flops at 0x0000024B9AAC0F40>) in statistical functions.
[2026-02-21 16:00:48,530] tensorflow - Level 1 - Registering Minimum,flops (<function _minimum_flops at 0x0000024B9AAC0FE0>) in statistical functions.
[2026-02-21 16:00:48,530] tensorflow - Level 1 - Registering Pow,flops (<function _pow_flops at 0x0000024B9AAC1080>) in statistical functions.
[2026-02-21 16:00:48,530] tensorflow - Level 1 - Registering RsqrtGrad,flops (<function _rsqrt_grad_flops at 0x0000024B9AAC1120>) in statistical functions.
[2026-02-21 16:00:48,530] tensorflow - Level 1 - Registering GreaterEqual,flops (<function _greater_equal_flops at 0x0000024B9AAC11C0>) in statistical functions.
[2026-02-21 16:00:48,530] tensorflow - Level 1 - Registering Greater,flops (<function _greater_flops at 0x0000024B9AAC1260>) in statistical functions.
[2026-02-21 16:00:48,530] tensorflow - Level 1 - Registering LessEqual,flops (<function _less_equal_flops at 0x0000024B9AAC1300>) in statistical functions.
[2026-02-21 16:00:48,530] tensorflow - Level 1 - Registering Less,flops (<function _less_flops at 0x0000024B9AAC13A0>) in statistical functions.
[2026-02-21 16:00:48,530] tensorflow - Level 1 - Registering Equal,flops (<function _equal_flops at 0x0000024B9AAC1440>) in statistical functions.
[2026-02-21 16:00:48,530] tensorflow - Level 1 - Registering NotEqual,flops (<function _not_equal_flops at 0x0000024B9AAC14E0>) in statistical functions.
[2026-02-21 16:00:48,530] tensorflow - Level 1 - Registering SquaredDifference,flops (<function _squared_difference_flops at 0x0000024B9AAC1580>) in statistical functions.
[2026-02-21 16:00:48,530] tensorflow - Level 1 - Registering Mean,flops (<function _mean_flops at 0x0000024B9AAC16C0>) in statistical functions.
[2026-02-21 16:00:48,530] tensorflow - Level 1 - Registering Sum,flops (<function _sum_flops at 0x0000024B9AAC1760>) in statistical functions.
[2026-02-21 16:00:48,530] tensorflow - Level 1 - Registering ArgMax,flops (<function _arg_max_flops at 0x0000024B9AAC1800>) in statistical functions.
[2026-02-21 16:00:48,530] tensorflow - Level 1 - Registering ArgMin,flops (<function _arg_min_flops at 0x0000024B9AAC18A0>) in statistical functions.
[2026-02-21 16:00:48,530] tensorflow - Level 1 - Registering BiasAddGrad,flops (<function _bias_add_grad_flops at 0x0000024B9AAC1940>) in statistical functions.
[2026-02-21 16:00:48,530] tensorflow - Level 1 - Registering AvgPool,flops (<function _avg_pool_flops at 0x0000024B9AAC1B20>) in statistical functions.
[2026-02-21 16:00:48,530] tensorflow - Level 1 - Registering MaxPool,flops (<function _max_pool_flops at 0x0000024B9AAC1BC0>) in statistical functions.
[2026-02-21 16:00:48,530] tensorflow - Level 1 - Registering AvgPoolGrad,flops (<function _avg_pool_grad_flops at 0x0000024B9AAC1C60>) in statistical functions.
[2026-02-21 16:00:48,530] tensorflow - Level 1 - Registering MaxPoolGrad,flops (<function _max_pool_grad_flops at 0x0000024B9AAC1D00>) in statistical functions.
[2026-02-21 16:00:48,530] tensorflow - Level 1 - Registering Conv2DBackpropInput,flops (<function _conv_2d_backprop_input_flops at 0x0000024B9AAC1DA0>) in statistical functions.
[2026-02-21 16:00:48,530] tensorflow - Level 1 - Registering Conv2DBackpropFilter,flops (<function _conv_2d_backprop_filter_flops at 0x0000024B9AAC1E40>) in statistical functions.
[2026-02-21 16:00:48,530] tensorflow - Level 1 - Registering AddN,flops (<function _add_n_flops at 0x0000024B9AAC1EE0>) in statistical functions.
[2026-02-21 16:00:48,530] tensorflow - Level 1 - Registering MatMul,flops (<function _calc_mat_mul_flops at 0x0000024B9AAC1F80>) in statistical functions.
[2026-02-21 16:00:48,530] tensorflow - Level 1 - Registering BatchMatMulV3,flops (<function _calc_batch_mat_mul_flops at 0x0000024B9AAC2020>) in statistical functions.
[2026-02-21 16:00:48,530] tensorflow - Level 1 - Registering BatchMatMulV2,flops (<function _calc_batch_mat_mul_flops at 0x0000024B9AAC2020>) in statistical functions.
[2026-02-21 16:00:48,530] tensorflow - Level 1 - Registering BatchMatMul,flops (<function _calc_batch_mat_mul_flops at 0x0000024B9AAC2020>) in statistical functions.
[2026-02-21 16:00:50,114] tensorflow - Level 1 - Enabling eager execution
[2026-02-21 16:00:50,114] tensorflow - Level 1 - Enabling v2 tensorshape
[2026-02-21 16:00:50,114] tensorflow - Level 1 - Enabling resource variables
[2026-02-21 16:00:50,114] tensorflow - Level 1 - Enabling tensor equality
[2026-02-21 16:00:50,114] tensorflow - Level 1 - Enabling control flow v2
[2026-02-21 16:00:51,551] matplotlib - DEBUG - matplotlib data path: C:\Users\BS\anaconda3\Lib\site-packages\matplotlib\mpl-data
[2026-02-21 16:00:51,567] matplotlib - DEBUG - CONFIGDIR=C:\Users\BS\.matplotlib
[2026-02-21 16:00:51,570] matplotlib - DEBUG - interactive is False
[2026-02-21 16:00:51,571] matplotlib - DEBUG - platform is win32
[2026-02-21 16:00:51,710] matplotlib - DEBUG - CACHEDIR=C:\Users\BS\.matplotlib
[2026-02-21 16:00:51,714] matplotlib.font_manager - DEBUG - Using fontManager instance from C:\Users\BS\.matplotlib\fontlist-v390.json
[2026-02-21 16:01:04,762] tensorflow - WARNING - From C:\Users\BS\anaconda3\Lib\site-packages\tf_keras\src\losses.py:2976: The name tf.losses.sparse_softmax_cross_entropy is deprecated. Please use tf.compat.v1.losses.sparse_softmax_cross_entropy instead.

